25/2990 correct=4 acc=0.160
50/2990 correct=8 acc=0.160
75/2990 correct=21 acc=0.280
100/2990 correct=32 acc=0.320
125/2990 correct=32 acc=0.256
150/2990 correct=33 acc=0.220
175/2990 correct=47 acc=0.269
200/2990 correct=54 acc=0.270
225/2990 correct=54 acc=0.240
250/2990 correct=54 acc=0.216
275/2990 correct=55 acc=0.200
300/2990 correct=55 acc=0.183
325/2990 correct=56 acc=0.172
350/2990 correct=61 acc=0.174
375/2990 correct=81 acc=0.216
400/2990 correct=98 acc=0.245
425/2990 correct=98 acc=0.231
450/2990 correct=99 acc=0.220
475/2990 correct=99 acc=0.208
500/2990 correct=101 acc=0.202
525/2990 correct=104 acc=0.198
550/2990 correct=104 acc=0.189
575/2990 correct=104 acc=0.181
600/2990 correct=104 acc=0.173
625/2990 correct=104 acc=0.166
650/2990 correct=106 acc=0.163
675/2990 correct=120 acc=0.178
700/2990 correct=129 acc=0.184
725/2990 correct=129 acc=0.178
750/2990 correct=130 acc=0.173
775/2990 correct=132 acc=0.170
800/2990 correct=136 acc=0.170
825/2990 correct=142 acc=0.172
850/2990 correct=150 acc=0.176
875/2990 correct=157 acc=0.179
900/2990 correct=162 acc=0.180
925/2990 correct=172 acc=0.186
950/2990 correct=188 acc=0.198
975/2990 correct=204 acc=0.209
1000/2990 correct=213 acc=0.213
1025/2990 correct=215 acc=0.210
1050/2990 correct=215 acc=0.205
1075/2990 correct=215 acc=0.200
1100/2990 correct=215 acc=0.195
1125/2990 correct=215 acc=0.191
1150/2990 correct=215 acc=0.187
1175/2990 correct=215 acc=0.183
1200/2990 correct=215 acc=0.179
1225/2990 correct=215 acc=0.176
1250/2990 correct=215 acc=0.172
1275/2990 correct=215 acc=0.169
1300/2990 correct=215 acc=0.165
1325/2990 correct=215 acc=0.162
1350/2990 correct=215 acc=0.159
1375/2990 correct=215 acc=0.156
1400/2990 correct=217 acc=0.155
1425/2990 correct=219 acc=0.154
1450/2990 correct=222 acc=0.153
1475/2990 correct=222 acc=0.151
1500/2990 correct=224 acc=0.149
1525/2990 correct=235 acc=0.154
1550/2990 correct=243 acc=0.157
1575/2990 correct=245 acc=0.156
1600/2990 correct=245 acc=0.153
1625/2990 correct=245 acc=0.151
1650/2990 correct=245 acc=0.148
1675/2990 correct=245 acc=0.146
1700/2990 correct=245 acc=0.144
1725/2990 correct=245 acc=0.142
1750/2990 correct=245 acc=0.140
1775/2990 correct=245 acc=0.138
1800/2990 correct=248 acc=0.138
1825/2990 correct=254 acc=0.139
1850/2990 correct=260 acc=0.141
1875/2990 correct=260 acc=0.139
1900/2990 correct=260 acc=0.137
1925/2990 correct=261 acc=0.136
1950/2990 correct=262 acc=0.134
1975/2990 correct=262 acc=0.133
2000/2990 correct=262 acc=0.131
2025/2990 correct=262 acc=0.129
2050/2990 correct=262 acc=0.128
2075/2990 correct=265 acc=0.128
2100/2990 correct=271 acc=0.129
2125/2990 correct=272 acc=0.128
2150/2990 correct=272 acc=0.127
2175/2990 correct=272 acc=0.125
2200/2990 correct=273 acc=0.124
2225/2990 correct=274 acc=0.123
2250/2990 correct=277 acc=0.123
2275/2990 correct=277 acc=0.122
2300/2990 correct=277 acc=0.120
2325/2990 correct=277 acc=0.119
2350/2990 correct=277 acc=0.118
2375/2990 correct=277 acc=0.117
2400/2990 correct=278 acc=0.116
2425/2990 correct=279 acc=0.115
2450/2990 correct=283 acc=0.116
2475/2990 correct=289 acc=0.117
2500/2990 correct=292 acc=0.117
2525/2990 correct=293 acc=0.116
2550/2990 correct=300 acc=0.118
2575/2990 correct=309 acc=0.120
2600/2990 correct=310 acc=0.119
2625/2990 correct=310 acc=0.118
2650/2990 correct=310 acc=0.117
2675/2990 correct=310 acc=0.116
2700/2990 correct=311 acc=0.115
2725/2990 correct=315 acc=0.116
2750/2990 correct=317 acc=0.115
2775/2990 correct=319 acc=0.115
2800/2990 correct=320 acc=0.114
2825/2990 correct=321 acc=0.114
2850/2990 correct=322 acc=0.113
2875/2990 correct=323 acc=0.112
2900/2990 correct=323 acc=0.111
2925/2990 correct=324 acc=0.111
2950/2990 correct=325 acc=0.110
2975/2990 correct=327 acc=0.110
2990/2990 correct=327 acc=0.109
{
  "started_at": "2026-07-10T04:22:15.820617+00:00",
  "finished_at": "2026-07-10T04:29:54.991630+00:00",
  "base_url": "http://127.0.0.1:8889/v1",
  "model": "SubTokenLLM-E2B",
  "prompt_strategy": "draft_verify",
  "prompt_strategy_description": "Use a terse private draft followed by one targeted check.",
  "prompt_template": "{input}\n\nMake a very short private scratch draft using keywords, symbols, or equations rather than prose. Check the resulting answer once against the exact question, then output only the final answer. Do not show the draft or verification.",
  "self_consistency_k": 1,
  "response_selection": "majority_vote",
  "selection_max_tokens": 64,
  "system_messages_sent": 0,
  "request_message_shape": [
    {
      "role": "user",
      "content": "<benchmark prompt>"
    }
  ],
  "limit_per_task": 50,
  "skip_per_task": 0,
  "parallel": 8,
  "max_tokens": 128,
  "temperature": 0.0,
  "seed": 20260709,
  "benchmarks": [
    {
      "benchmark": "bbeh",
      "correct": 77,
      "total": 1150,
      "micro_accuracy": 0.06695652173913043,
      "macro_accuracy": 0.06695652173913043,
      "harmonic_task_accuracy": 0.0,
      "tasks": 23
    },
    {
      "benchmark": "bbh",
      "correct": 215,
      "total": 1350,
      "micro_accuracy": 0.15925925925925927,
      "macro_accuracy": 0.15925925925925927,
      "harmonic_task_accuracy": 0.0,
      "tasks": 27
    },
    {
      "benchmark": "usr",
      "correct": 35,
      "total": 490,
      "micro_accuracy": 0.07142857142857142,
      "macro_accuracy": 0.07100000000000001,
      "harmonic_task_accuracy": 0.0,
      "tasks": 10
    }
  ],
  "tasks": [
    {
      "benchmark": "bbeh",
      "task": "bbeh_boardgame_qa",
      "correct": 2,
      "total": 50,
      "accuracy": 0.04
    },
    {
      "benchmark": "bbeh",
      "task": "bbeh_boolean_expressions",
      "correct": 5,
      "total": 50,
      "accuracy": 0.1
    },
    {
      "benchmark": "bbeh",
      "task": "bbeh_buggy_tables",
      "correct": 0,
      "total": 50,
      "accuracy": 0.0
    },
    {
      "benchmark": "bbeh",
      "task": "bbeh_causal_understanding",
      "correct": 21,
      "total": 50,
      "accuracy": 0.42
    },
    {
      "benchmark": "bbeh",
      "task": "bbeh_disambiguation_qa",
      "correct": 2,
      "total": 50,
      "accuracy": 0.04
    },
    {
      "benchmark": "bbeh",
      "task": "bbeh_dyck_languages",
      "correct": 0,
      "total": 50,
      "accuracy": 0.0
    },
    {
      "benchmark": "bbeh",
      "task": "bbeh_geometric_shapes",
      "correct": 0,
      "total": 50,
      "accuracy": 0.0
    },
    {
      "benchmark": "bbeh",
      "task": "bbeh_hyperbaton",
      "correct": 0,
      "total": 50,
      "accuracy": 0.0
    },
    {
      "benchmark": "bbeh",
      "task": "bbeh_linguini",
      "correct": 0,
      "total": 50,
      "accuracy": 0.0
    },
    {
      "benchmark": "bbeh",
      "task": "bbeh_movie_recommendation",
      "correct": 15,
      "total": 50,
      "accuracy": 0.3
    },
    {
      "benchmark": "bbeh",
      "task": "bbeh_multistep_arithmetic",
      "correct": 0,
      "total": 50,
      "accuracy": 0.0
    },
    {
      "benchmark": "bbeh",
      "task": "bbeh_nycc",
      "correct": 2,
      "total": 50,
      "accuracy": 0.04
    },
    {
      "benchmark": "bbeh",
      "task": "bbeh_object_counting",
      "correct": 0,
      "total": 50,
      "accuracy": 0.0
    },
    {
      "benchmark": "bbeh",
      "task": "bbeh_object_properties",
      "correct": 0,
      "total": 50,
      "accuracy": 0.0
    },
    {
      "benchmark": "bbeh",
      "task": "bbeh_sarc_triples",
      "correct": 9,
      "total": 50,
      "accuracy": 0.18
    },
    {
      "benchmark": "bbeh",
      "task": "bbeh_shuffled_objects",
      "correct": 1,
      "total": 50,
      "accuracy": 0.02
    },
    {
      "benchmark": "bbeh",
      "task": "bbeh_spatial_reasoning",
      "correct": 0,
      "total": 50,
      "accuracy": 0.0
    },
    {
      "benchmark": "bbeh",
      "task": "bbeh_sportqa",
      "correct": 5,
      "total": 50,
      "accuracy": 0.1
    },
    {
      "benchmark": "bbeh",
      "task": "bbeh_temporal_sequence",
      "correct": 0,
      "total": 50,
      "accuracy": 0.0
    },
    {
      "benchmark": "bbeh",
      "task": "bbeh_time_arithmetic",
      "correct": 0,
      "total": 50,
      "accuracy": 0.0
    },
    {
      "benchmark": "bbeh",
      "task": "bbeh_web_of_lies",
      "correct": 0,
      "total": 50,
      "accuracy": 0.0
    },
    {
      "benchmark": "bbeh",
      "task": "bbeh_word_sorting",
      "correct": 4,
      "total": 50,
      "accuracy": 0.08
    },
    {
      "benchmark": "bbeh",
      "task": "bbeh_zebra_puzzles",
      "correct": 11,
      "total": 50,
      "accuracy": 0.22
    },
    {
      "benchmark": "bbh",
      "task": "boolean_expressions",
      "correct": 5,
      "total": 50,
      "accuracy": 0.1
    },
    {
      "benchmark": "bbh",
      "task": "causal_judgement",
      "correct": 27,
      "total": 50,
      "accuracy": 0.54
    },
    {
      "benchmark": "bbh",
      "task": "date_understanding",
      "correct": 0,
      "total": 50,
      "accuracy": 0.0
    },
    {
      "benchmark": "bbh",
      "task": "disambiguation_qa",
      "correct": 22,
      "total": 50,
      "accuracy": 0.44
    },
    {
      "benchmark": "bbh",
      "task": "dyck_languages",
      "correct": 0,
      "total": 50,
      "accuracy": 0.0
    },
    {
      "benchmark": "bbh",
      "task": "formal_fallacies",
      "correct": 1,
      "total": 50,
      "accuracy": 0.02
    },
    {
      "benchmark": "bbh",
      "task": "geometric_shapes",
      "correct": 3,
      "total": 50,
      "accuracy": 0.06
    },
    {
      "benchmark": "bbh",
      "task": "hyperbaton",
      "correct": 40,
      "total": 50,
      "accuracy": 0.8
    },
    {
      "benchmark": "bbh",
      "task": "logical_deduction_five_objects",
      "correct": 0,
      "total": 50,
      "accuracy": 0.0
    },
    {
      "benchmark": "bbh",
      "task": "logical_deduction_seven_objects",
      "correct": 2,
      "total": 50,
      "accuracy": 0.04
    },
    {
      "benchmark": "bbh",
      "task": "logical_deduction_three_objects",
      "correct": 4,
      "total": 50,
      "accuracy": 0.08
    },
    {
      "benchmark": "bbh",
      "task": "movie_recommendation",
      "correct": 0,
      "total": 50,
      "accuracy": 0.0
    },
    {
      "benchmark": "bbh",
      "task": "multistep_arithmetic_two",
      "correct": 0,
      "total": 50,
      "accuracy": 0.0
    },
    {
      "benchmark": "bbh",
      "task": "navigate",
      "correct": 24,
      "total": 50,
      "accuracy": 0.48
    },
    {
      "benchmark": "bbh",
      "task": "object_counting",
      "correct": 2,
      "total": 50,
      "accuracy": 0.04
    },
    {
      "benchmark": "bbh",
      "task": "penguins_in_a_table",
      "correct": 5,
      "total": 50,
      "accuracy": 0.1
    },
    {
      "benchmark": "bbh",
      "task": "reasoning_about_colored_objects",
      "correct": 14,
      "total": 50,
      "accuracy": 0.28
    },
    {
      "benchmark": "bbh",
      "task": "ruin_names",
      "correct": 12,
      "total": 50,
      "accuracy": 0.24
    },
    {
      "benchmark": "bbh",
      "task": "salient_translation_error_detection",
      "correct": 26,
      "total": 50,
      "accuracy": 0.52
    },
    {
      "benchmark": "bbh",
      "task": "snarks",
      "correct": 26,
      "total": 50,
      "accuracy": 0.52
    },
    {
      "benchmark": "bbh",
      "task": "sports_understanding",
      "correct": 2,
      "total": 50,
      "accuracy": 0.04
    },
    {
      "benchmark": "bbh",
      "task": "temporal_sequences",
      "correct": 0,
      "total": 50,
      "accuracy": 0.0
    },
    {
      "benchmark": "bbh",
      "task": "tracking_shuffled_objects_five_objects",
      "correct": 0,
      "total": 50,
      "accuracy": 0.0
    },
    {
      "benchmark": "bbh",
      "task": "tracking_shuffled_objects_seven_objects",
      "correct": 0,
      "total": 50,
      "accuracy": 0.0
    },
    {
      "benchmark": "bbh",
      "task": "tracking_shuffled_objects_three_objects",
      "correct": 0,
      "total": 50,
      "accuracy": 0.0
    },
    {
      "benchmark": "bbh",
      "task": "web_of_lies",
      "correct": 0,
      "total": 50,
      "accuracy": 0.0
    },
    {
      "benchmark": "bbh",
      "task": "word_sorting",
      "correct": 0,
      "total": 50,
      "accuracy": 0.0
    },
    {
      "benchmark": "usr",
      "task": "shifted_unpuzzles/original",
      "correct": 1,
      "total": 50,
      "accuracy": 0.02
    },
    {
      "benchmark": "usr",
      "task": "shifted_unpuzzles/shifted",
      "correct": 2,
      "total": 50,
      "accuracy": 0.04
    },
    {
      "benchmark": "usr",
      "task": "shifted_unpuzzles/unpuzzle",
      "correct": 2,
      "total": 50,
      "accuracy": 0.04
    },
    {
      "benchmark": "usr",
      "task": "simple_reasoning/char_ct",
      "correct": 2,
      "total": 40,
      "accuracy": 0.05
    },
    {
      "benchmark": "usr",
      "task": "simple_reasoning/logic_ev",
      "correct": 0,
      "total": 50,
      "accuracy": 0.0
    },
    {
      "benchmark": "usr",
      "task": "simple_reasoning/logic_neg",
      "correct": 0,
      "total": 50,
      "accuracy": 0.0
    },
    {
      "benchmark": "usr",
      "task": "simple_reasoning/mathgap",
      "correct": 7,
      "total": 50,
      "accuracy": 0.14
    },
    {
      "benchmark": "usr",
      "task": "simple_reasoning/word_ct",
      "correct": 16,
      "total": 50,
      "accuracy": 0.32
    },
    {
      "benchmark": "usr",
      "task": "unpuzzles/original",
      "correct": 2,
      "total": 50,
      "accuracy": 0.04
    },
    {
      "benchmark": "usr",
      "task": "unpuzzles/unpuzzle",
      "correct": 3,
      "total": 50,
      "accuracy": 0.06
    }
  ]
}
