25/2990 correct=16 acc=0.640
50/2990 correct=34 acc=0.680
75/2990 correct=46 acc=0.613
100/2990 correct=62 acc=0.620
125/2990 correct=62 acc=0.496
150/2990 correct=62 acc=0.413
175/2990 correct=68 acc=0.389
200/2990 correct=72 acc=0.360
225/2990 correct=72 acc=0.320
250/2990 correct=72 acc=0.288
275/2990 correct=73 acc=0.265
300/2990 correct=73 acc=0.243
325/2990 correct=73 acc=0.225
350/2990 correct=74 acc=0.211
375/2990 correct=74 acc=0.197
400/2990 correct=74 acc=0.185
425/2990 correct=74 acc=0.174
450/2990 correct=74 acc=0.164
475/2990 correct=74 acc=0.156
500/2990 correct=74 acc=0.148
525/2990 correct=74 acc=0.141
550/2990 correct=74 acc=0.135
575/2990 correct=76 acc=0.132
600/2990 correct=81 acc=0.135
625/2990 correct=81 acc=0.130
650/2990 correct=83 acc=0.128
675/2990 correct=95 acc=0.141
700/2990 correct=103 acc=0.147
725/2990 correct=118 acc=0.163
750/2990 correct=133 acc=0.177
775/2990 correct=136 acc=0.175
800/2990 correct=137 acc=0.171
825/2990 correct=137 acc=0.166
850/2990 correct=137 acc=0.161
875/2990 correct=137 acc=0.157
900/2990 correct=138 acc=0.153
925/2990 correct=151 acc=0.163
950/2990 correct=164 acc=0.173
975/2990 correct=168 acc=0.172
1000/2990 correct=171 acc=0.171
1025/2990 correct=171 acc=0.167
1050/2990 correct=171 acc=0.163
1075/2990 correct=177 acc=0.165
1100/2990 correct=186 acc=0.169
1125/2990 correct=186 acc=0.165
1150/2990 correct=186 acc=0.162
1175/2990 correct=186 acc=0.158
1200/2990 correct=186 acc=0.155
1225/2990 correct=186 acc=0.152
1250/2990 correct=186 acc=0.149
1275/2990 correct=186 acc=0.146
1300/2990 correct=186 acc=0.143
1325/2990 correct=186 acc=0.140
1350/2990 correct=186 acc=0.138
1375/2990 correct=186 acc=0.135
1400/2990 correct=186 acc=0.133
1425/2990 correct=186 acc=0.131
1450/2990 correct=186 acc=0.128
1475/2990 correct=186 acc=0.126
1500/2990 correct=187 acc=0.125
1525/2990 correct=199 acc=0.130
1550/2990 correct=206 acc=0.133
1575/2990 correct=209 acc=0.133
1600/2990 correct=210 acc=0.131
1625/2990 correct=210 acc=0.129
1650/2990 correct=211 acc=0.128
1675/2990 correct=211 acc=0.126
1700/2990 correct=211 acc=0.124
1725/2990 correct=211 acc=0.122
1750/2990 correct=212 acc=0.121
1775/2990 correct=212 acc=0.119
1800/2990 correct=213 acc=0.118
1825/2990 correct=217 acc=0.119
1850/2990 correct=224 acc=0.121
1875/2990 correct=224 acc=0.119
1900/2990 correct=224 acc=0.118
1925/2990 correct=224 acc=0.116
1950/2990 correct=225 acc=0.115
1975/2990 correct=225 acc=0.114
2000/2990 correct=225 acc=0.113
2025/2990 correct=225 acc=0.111
2050/2990 correct=225 acc=0.110
2075/2990 correct=229 acc=0.110
2100/2990 correct=234 acc=0.111
2125/2990 correct=234 acc=0.110
2150/2990 correct=234 acc=0.109
2175/2990 correct=234 acc=0.108
2200/2990 correct=235 acc=0.107
2225/2990 correct=236 acc=0.106
2250/2990 correct=239 acc=0.106
2275/2990 correct=239 acc=0.105
2300/2990 correct=239 acc=0.104
2325/2990 correct=239 acc=0.103
2350/2990 correct=239 acc=0.102
2375/2990 correct=239 acc=0.101
2400/2990 correct=239 acc=0.100
2425/2990 correct=239 acc=0.099
2450/2990 correct=239 acc=0.098
2475/2990 correct=239 acc=0.097
2500/2990 correct=239 acc=0.096
2525/2990 correct=239 acc=0.095
2550/2990 correct=239 acc=0.094
2575/2990 correct=240 acc=0.093
2600/2990 correct=240 acc=0.092
2625/2990 correct=240 acc=0.091
2650/2990 correct=240 acc=0.091
2675/2990 correct=240 acc=0.090
2700/2990 correct=240 acc=0.089
2725/2990 correct=240 acc=0.088
2750/2990 correct=240 acc=0.087
2775/2990 correct=241 acc=0.087
2800/2990 correct=241 acc=0.086
2825/2990 correct=241 acc=0.085
2850/2990 correct=242 acc=0.085
2875/2990 correct=243 acc=0.085
2900/2990 correct=243 acc=0.084
2925/2990 correct=243 acc=0.083
2950/2990 correct=243 acc=0.082
2975/2990 correct=245 acc=0.082
2990/2990 correct=245 acc=0.082
{
  "started_at": "2026-07-10T03:37:41.191113+00:00",
  "finished_at": "2026-07-10T03:44:40.745318+00:00",
  "base_url": "http://127.0.0.1:8889/v1",
  "model": "SubTokenLLM-E2B",
  "prompt_strategy": "strict_json",
  "prompt_strategy_description": "Strict JSON answer object.",
  "prompt_template": "{input}\n\nReturn a valid JSON object only, exactly matching this schema: {{\"answer\": \"<final answer>\"}}",
  "self_consistency_k": 1,
  "response_selection": "majority_vote",
  "selection_max_tokens": 64,
  "system_messages_sent": 0,
  "request_message_shape": [
    {
      "role": "user",
      "content": "<benchmark prompt>"
    }
  ],
  "limit_per_task": 50,
  "skip_per_task": 0,
  "parallel": 8,
  "max_tokens": 96,
  "temperature": 0.0,
  "seed": 20260709,
  "benchmarks": [
    {
      "benchmark": "bbeh",
      "correct": 53,
      "total": 1150,
      "micro_accuracy": 0.04608695652173913,
      "macro_accuracy": 0.04608695652173913,
      "harmonic_task_accuracy": 0.0,
      "tasks": 23
    },
    {
      "benchmark": "bbh",
      "correct": 186,
      "total": 1350,
      "micro_accuracy": 0.13777777777777778,
      "macro_accuracy": 0.13777777777777778,
      "harmonic_task_accuracy": 0.0,
      "tasks": 27
    },
    {
      "benchmark": "usr",
      "correct": 6,
      "total": 490,
      "micro_accuracy": 0.012244897959183673,
      "macro_accuracy": 0.012,
      "harmonic_task_accuracy": 0.0,
      "tasks": 10
    }
  ],
  "tasks": [
    {
      "benchmark": "bbeh",
      "task": "bbeh_boardgame_qa",
      "correct": 0,
      "total": 50,
      "accuracy": 0.0
    },
    {
      "benchmark": "bbeh",
      "task": "bbeh_boolean_expressions",
      "correct": 0,
      "total": 50,
      "accuracy": 0.0
    },
    {
      "benchmark": "bbeh",
      "task": "bbeh_buggy_tables",
      "correct": 0,
      "total": 50,
      "accuracy": 0.0
    },
    {
      "benchmark": "bbeh",
      "task": "bbeh_causal_understanding",
      "correct": 21,
      "total": 50,
      "accuracy": 0.42
    },
    {
      "benchmark": "bbeh",
      "task": "bbeh_disambiguation_qa",
      "correct": 3,
      "total": 50,
      "accuracy": 0.06
    },
    {
      "benchmark": "bbeh",
      "task": "bbeh_dyck_languages",
      "correct": 1,
      "total": 50,
      "accuracy": 0.02
    },
    {
      "benchmark": "bbeh",
      "task": "bbeh_geometric_shapes",
      "correct": 0,
      "total": 50,
      "accuracy": 0.0
    },
    {
      "benchmark": "bbeh",
      "task": "bbeh_hyperbaton",
      "correct": 0,
      "total": 50,
      "accuracy": 0.0
    },
    {
      "benchmark": "bbeh",
      "task": "bbeh_linguini",
      "correct": 1,
      "total": 50,
      "accuracy": 0.02
    },
    {
      "benchmark": "bbeh",
      "task": "bbeh_movie_recommendation",
      "correct": 12,
      "total": 50,
      "accuracy": 0.24
    },
    {
      "benchmark": "bbeh",
      "task": "bbeh_multistep_arithmetic",
      "correct": 0,
      "total": 50,
      "accuracy": 0.0
    },
    {
      "benchmark": "bbeh",
      "task": "bbeh_nycc",
      "correct": 1,
      "total": 50,
      "accuracy": 0.02
    },
    {
      "benchmark": "bbeh",
      "task": "bbeh_object_counting",
      "correct": 0,
      "total": 50,
      "accuracy": 0.0
    },
    {
      "benchmark": "bbeh",
      "task": "bbeh_object_properties",
      "correct": 0,
      "total": 50,
      "accuracy": 0.0
    },
    {
      "benchmark": "bbeh",
      "task": "bbeh_sarc_triples",
      "correct": 9,
      "total": 50,
      "accuracy": 0.18
    },
    {
      "benchmark": "bbeh",
      "task": "bbeh_shuffled_objects",
      "correct": 0,
      "total": 50,
      "accuracy": 0.0
    },
    {
      "benchmark": "bbeh",
      "task": "bbeh_spatial_reasoning",
      "correct": 0,
      "total": 50,
      "accuracy": 0.0
    },
    {
      "benchmark": "bbeh",
      "task": "bbeh_sportqa",
      "correct": 5,
      "total": 50,
      "accuracy": 0.1
    },
    {
      "benchmark": "bbeh",
      "task": "bbeh_temporal_sequence",
      "correct": 0,
      "total": 50,
      "accuracy": 0.0
    },
    {
      "benchmark": "bbeh",
      "task": "bbeh_time_arithmetic",
      "correct": 0,
      "total": 50,
      "accuracy": 0.0
    },
    {
      "benchmark": "bbeh",
      "task": "bbeh_web_of_lies",
      "correct": 0,
      "total": 50,
      "accuracy": 0.0
    },
    {
      "benchmark": "bbeh",
      "task": "bbeh_word_sorting",
      "correct": 0,
      "total": 50,
      "accuracy": 0.0
    },
    {
      "benchmark": "bbeh",
      "task": "bbeh_zebra_puzzles",
      "correct": 0,
      "total": 50,
      "accuracy": 0.0
    },
    {
      "benchmark": "bbh",
      "task": "boolean_expressions",
      "correct": 34,
      "total": 50,
      "accuracy": 0.68
    },
    {
      "benchmark": "bbh",
      "task": "causal_judgement",
      "correct": 28,
      "total": 50,
      "accuracy": 0.56
    },
    {
      "benchmark": "bbh",
      "task": "date_understanding",
      "correct": 0,
      "total": 50,
      "accuracy": 0.0
    },
    {
      "benchmark": "bbh",
      "task": "disambiguation_qa",
      "correct": 10,
      "total": 50,
      "accuracy": 0.2
    },
    {
      "benchmark": "bbh",
      "task": "dyck_languages",
      "correct": 0,
      "total": 50,
      "accuracy": 0.0
    },
    {
      "benchmark": "bbh",
      "task": "formal_fallacies",
      "correct": 1,
      "total": 50,
      "accuracy": 0.02
    },
    {
      "benchmark": "bbh",
      "task": "geometric_shapes",
      "correct": 1,
      "total": 50,
      "accuracy": 0.02
    },
    {
      "benchmark": "bbh",
      "task": "hyperbaton",
      "correct": 0,
      "total": 50,
      "accuracy": 0.0
    },
    {
      "benchmark": "bbh",
      "task": "logical_deduction_five_objects",
      "correct": 0,
      "total": 50,
      "accuracy": 0.0
    },
    {
      "benchmark": "bbh",
      "task": "logical_deduction_seven_objects",
      "correct": 0,
      "total": 50,
      "accuracy": 0.0
    },
    {
      "benchmark": "bbh",
      "task": "logical_deduction_three_objects",
      "correct": 0,
      "total": 50,
      "accuracy": 0.0
    },
    {
      "benchmark": "bbh",
      "task": "movie_recommendation",
      "correct": 7,
      "total": 50,
      "accuracy": 0.14
    },
    {
      "benchmark": "bbh",
      "task": "multistep_arithmetic_two",
      "correct": 0,
      "total": 50,
      "accuracy": 0.0
    },
    {
      "benchmark": "bbh",
      "task": "navigate",
      "correct": 22,
      "total": 50,
      "accuracy": 0.44
    },
    {
      "benchmark": "bbh",
      "task": "object_counting",
      "correct": 30,
      "total": 50,
      "accuracy": 0.6
    },
    {
      "benchmark": "bbh",
      "task": "penguins_in_a_table",
      "correct": 4,
      "total": 50,
      "accuracy": 0.08
    },
    {
      "benchmark": "bbh",
      "task": "reasoning_about_colored_objects",
      "correct": 0,
      "total": 50,
      "accuracy": 0.0
    },
    {
      "benchmark": "bbh",
      "task": "ruin_names",
      "correct": 0,
      "total": 50,
      "accuracy": 0.0
    },
    {
      "benchmark": "bbh",
      "task": "salient_translation_error_detection",
      "correct": 26,
      "total": 50,
      "accuracy": 0.52
    },
    {
      "benchmark": "bbh",
      "task": "snarks",
      "correct": 8,
      "total": 50,
      "accuracy": 0.16
    },
    {
      "benchmark": "bbh",
      "task": "sports_understanding",
      "correct": 0,
      "total": 50,
      "accuracy": 0.0
    },
    {
      "benchmark": "bbh",
      "task": "temporal_sequences",
      "correct": 15,
      "total": 50,
      "accuracy": 0.3
    },
    {
      "benchmark": "bbh",
      "task": "tracking_shuffled_objects_five_objects",
      "correct": 0,
      "total": 50,
      "accuracy": 0.0
    },
    {
      "benchmark": "bbh",
      "task": "tracking_shuffled_objects_seven_objects",
      "correct": 0,
      "total": 50,
      "accuracy": 0.0
    },
    {
      "benchmark": "bbh",
      "task": "tracking_shuffled_objects_three_objects",
      "correct": 0,
      "total": 50,
      "accuracy": 0.0
    },
    {
      "benchmark": "bbh",
      "task": "web_of_lies",
      "correct": 0,
      "total": 50,
      "accuracy": 0.0
    },
    {
      "benchmark": "bbh",
      "task": "word_sorting",
      "correct": 0,
      "total": 50,
      "accuracy": 0.0
    },
    {
      "benchmark": "usr",
      "task": "shifted_unpuzzles/original",
      "correct": 1,
      "total": 50,
      "accuracy": 0.02
    },
    {
      "benchmark": "usr",
      "task": "shifted_unpuzzles/shifted",
      "correct": 1,
      "total": 50,
      "accuracy": 0.02
    },
    {
      "benchmark": "usr",
      "task": "shifted_unpuzzles/unpuzzle",
      "correct": 1,
      "total": 50,
      "accuracy": 0.02
    },
    {
      "benchmark": "usr",
      "task": "simple_reasoning/char_ct",
      "correct": 0,
      "total": 40,
      "accuracy": 0.0
    },
    {
      "benchmark": "usr",
      "task": "simple_reasoning/logic_ev",
      "correct": 0,
      "total": 50,
      "accuracy": 0.0
    },
    {
      "benchmark": "usr",
      "task": "simple_reasoning/logic_neg",
      "correct": 0,
      "total": 50,
      "accuracy": 0.0
    },
    {
      "benchmark": "usr",
      "task": "simple_reasoning/mathgap",
      "correct": 0,
      "total": 50,
      "accuracy": 0.0
    },
    {
      "benchmark": "usr",
      "task": "simple_reasoning/word_ct",
      "correct": 1,
      "total": 50,
      "accuracy": 0.02
    },
    {
      "benchmark": "usr",
      "task": "unpuzzles/original",
      "correct": 1,
      "total": 50,
      "accuracy": 0.02
    },
    {
      "benchmark": "usr",
      "task": "unpuzzles/unpuzzle",
      "correct": 1,
      "total": 50,
      "accuracy": 0.02
    }
  ]
}
