25/2990 correct=18 acc=0.720
50/2990 correct=37 acc=0.740
75/2990 correct=53 acc=0.707
100/2990 correct=69 acc=0.690
125/2990 correct=87 acc=0.696
150/2990 correct=100 acc=0.667
175/2990 correct=114 acc=0.651
200/2990 correct=124 acc=0.620
225/2990 correct=126 acc=0.560
250/2990 correct=131 acc=0.524
275/2990 correct=142 acc=0.516
300/2990 correct=157 acc=0.523
325/2990 correct=162 acc=0.498
350/2990 correct=173 acc=0.494
375/2990 correct=194 acc=0.517
400/2990 correct=218 acc=0.545
425/2990 correct=233 acc=0.548
450/2990 correct=254 acc=0.564
475/2990 correct=272 acc=0.573
500/2990 correct=286 acc=0.572
525/2990 correct=308 acc=0.587
550/2990 correct=329 acc=0.598
575/2990 correct=348 acc=0.605
600/2990 correct=361 acc=0.602
625/2990 correct=363 acc=0.581
650/2990 correct=365 acc=0.562
675/2990 correct=380 acc=0.563
700/2990 correct=395 acc=0.564
725/2990 correct=407 acc=0.561
750/2990 correct=419 acc=0.559
775/2990 correct=434 acc=0.560
800/2990 correct=453 acc=0.566
825/2990 correct=471 acc=0.571
850/2990 correct=491 acc=0.578
875/2990 correct=505 acc=0.577
900/2990 correct=522 acc=0.580
925/2990 correct=538 acc=0.582
950/2990 correct=553 acc=0.582
975/2990 correct=571 acc=0.586
1000/2990 correct=586 acc=0.586
1025/2990 correct=591 acc=0.577
1050/2990 correct=599 acc=0.570
1075/2990 correct=624 acc=0.580
1100/2990 correct=649 acc=0.590
1125/2990 correct=655 acc=0.582
1150/2990 correct=658 acc=0.572
1175/2990 correct=661 acc=0.563
1200/2990 correct=665 acc=0.554
1225/2990 correct=673 acc=0.549
1250/2990 correct=686 acc=0.549
1275/2990 correct=687 acc=0.539
1300/2990 correct=691 acc=0.532
1325/2990 correct=698 acc=0.527
1350/2990 correct=708 acc=0.524
1375/2990 correct=708 acc=0.515
1400/2990 correct=712 acc=0.509
1425/2990 correct=720 acc=0.505
1450/2990 correct=725 acc=0.500
1475/2990 correct=725 acc=0.492
1500/2990 correct=726 acc=0.484
1525/2990 correct=736 acc=0.483
1550/2990 correct=748 acc=0.483
1575/2990 correct=757 acc=0.481
1600/2990 correct=763 acc=0.477
1625/2990 correct=764 acc=0.470
1650/2990 correct=764 acc=0.463
1675/2990 correct=774 acc=0.462
1700/2990 correct=782 acc=0.460
1725/2990 correct=782 acc=0.453
1750/2990 correct=782 acc=0.447
1775/2990 correct=782 acc=0.441
1800/2990 correct=784 acc=0.436
1825/2990 correct=794 acc=0.435
1850/2990 correct=804 acc=0.435
1875/2990 correct=804 acc=0.429
1900/2990 correct=805 acc=0.424
1925/2990 correct=808 acc=0.420
1950/2990 correct=809 acc=0.415
1975/2990 correct=809 acc=0.410
2000/2990 correct=809 acc=0.405
2025/2990 correct=809 acc=0.400
2050/2990 correct=809 acc=0.395
2075/2990 correct=812 acc=0.391
2100/2990 correct=821 acc=0.391
2125/2990 correct=822 acc=0.387
2150/2990 correct=827 acc=0.385
2175/2990 correct=827 acc=0.380
2200/2990 correct=827 acc=0.376
2225/2990 correct=828 acc=0.372
2250/2990 correct=836 acc=0.372
2275/2990 correct=836 acc=0.367
2300/2990 correct=836 acc=0.363
2325/2990 correct=837 acc=0.360
2350/2990 correct=839 acc=0.357
2375/2990 correct=841 acc=0.354
2400/2990 correct=844 acc=0.352
2425/2990 correct=845 acc=0.348
2450/2990 correct=849 acc=0.347
2475/2990 correct=851 acc=0.344
2500/2990 correct=854 acc=0.342
2525/2990 correct=855 acc=0.339
2550/2990 correct=862 acc=0.338
2575/2990 correct=875 acc=0.340
2600/2990 correct=878 acc=0.338
2625/2990 correct=878 acc=0.334
2650/2990 correct=878 acc=0.331
2675/2990 correct=878 acc=0.328
2700/2990 correct=879 acc=0.326
2725/2990 correct=880 acc=0.323
2750/2990 correct=881 acc=0.320
2775/2990 correct=889 acc=0.320
2800/2990 correct=898 acc=0.321
2825/2990 correct=905 acc=0.320
2850/2990 correct=909 acc=0.319
2875/2990 correct=914 acc=0.318
2900/2990 correct=922 acc=0.318
2925/2990 correct=927 acc=0.317
2950/2990 correct=937 acc=0.318
2975/2990 correct=944 acc=0.317
2990/2990 correct=949 acc=0.317
{
  "started_at": "2026-07-10T04:24:24.898388+00:00",
  "finished_at": "2026-07-10T04:29:48.577494+00:00",
  "base_url": "http://127.0.0.1:8888/v1",
  "model": "SubTokenLLM",
  "prompt_strategy": "compare_then_commit",
  "prompt_strategy_description": "Contrast the two strongest candidates privately before committing.",
  "prompt_template": "{input}\n\nPrivately identify the two most plausible answers. Compare both against the exact question and its constraints, reject the weaker candidate, and commit to one answer. Output only the final answer, with no reasoning or extra text.",
  "self_consistency_k": 1,
  "response_selection": "majority_vote",
  "selection_max_tokens": 64,
  "system_messages_sent": 0,
  "request_message_shape": [
    {
      "role": "user",
      "content": "<benchmark prompt>"
    }
  ],
  "limit_per_task": 50,
  "skip_per_task": 0,
  "parallel": 8,
  "max_tokens": 128,
  "temperature": 0.0,
  "seed": 20260709,
  "benchmarks": [
    {
      "benchmark": "bbeh",
      "correct": 146,
      "total": 1150,
      "micro_accuracy": 0.12695652173913044,
      "macro_accuracy": 0.12695652173913044,
      "harmonic_task_accuracy": 0.0,
      "tasks": 23
    },
    {
      "benchmark": "bbh",
      "correct": 708,
      "total": 1350,
      "micro_accuracy": 0.5244444444444445,
      "macro_accuracy": 0.5244444444444445,
      "harmonic_task_accuracy": 0.26032473587992055,
      "tasks": 27
    },
    {
      "benchmark": "usr",
      "correct": 95,
      "total": 490,
      "micro_accuracy": 0.19387755102040816,
      "macro_accuracy": 0.1905,
      "harmonic_task_accuracy": 0.0,
      "tasks": 10
    }
  ],
  "tasks": [
    {
      "benchmark": "bbeh",
      "task": "bbeh_boardgame_qa",
      "correct": 4,
      "total": 50,
      "accuracy": 0.08
    },
    {
      "benchmark": "bbeh",
      "task": "bbeh_boolean_expressions",
      "correct": 13,
      "total": 50,
      "accuracy": 0.26
    },
    {
      "benchmark": "bbeh",
      "task": "bbeh_buggy_tables",
      "correct": 1,
      "total": 50,
      "accuracy": 0.02
    },
    {
      "benchmark": "bbeh",
      "task": "bbeh_causal_understanding",
      "correct": 22,
      "total": 50,
      "accuracy": 0.44
    },
    {
      "benchmark": "bbeh",
      "task": "bbeh_disambiguation_qa",
      "correct": 16,
      "total": 50,
      "accuracy": 0.32
    },
    {
      "benchmark": "bbeh",
      "task": "bbeh_dyck_languages",
      "correct": 0,
      "total": 50,
      "accuracy": 0.0
    },
    {
      "benchmark": "bbeh",
      "task": "bbeh_geometric_shapes",
      "correct": 18,
      "total": 50,
      "accuracy": 0.36
    },
    {
      "benchmark": "bbeh",
      "task": "bbeh_hyperbaton",
      "correct": 0,
      "total": 50,
      "accuracy": 0.0
    },
    {
      "benchmark": "bbeh",
      "task": "bbeh_linguini",
      "correct": 1,
      "total": 50,
      "accuracy": 0.02
    },
    {
      "benchmark": "bbeh",
      "task": "bbeh_movie_recommendation",
      "correct": 21,
      "total": 50,
      "accuracy": 0.42
    },
    {
      "benchmark": "bbeh",
      "task": "bbeh_multistep_arithmetic",
      "correct": 0,
      "total": 50,
      "accuracy": 0.0
    },
    {
      "benchmark": "bbeh",
      "task": "bbeh_nycc",
      "correct": 5,
      "total": 50,
      "accuracy": 0.1
    },
    {
      "benchmark": "bbeh",
      "task": "bbeh_object_counting",
      "correct": 0,
      "total": 50,
      "accuracy": 0.0
    },
    {
      "benchmark": "bbeh",
      "task": "bbeh_object_properties",
      "correct": 0,
      "total": 50,
      "accuracy": 0.0
    },
    {
      "benchmark": "bbeh",
      "task": "bbeh_sarc_triples",
      "correct": 12,
      "total": 50,
      "accuracy": 0.24
    },
    {
      "benchmark": "bbeh",
      "task": "bbeh_shuffled_objects",
      "correct": 6,
      "total": 50,
      "accuracy": 0.12
    },
    {
      "benchmark": "bbeh",
      "task": "bbeh_spatial_reasoning",
      "correct": 0,
      "total": 50,
      "accuracy": 0.0
    },
    {
      "benchmark": "bbeh",
      "task": "bbeh_sportqa",
      "correct": 9,
      "total": 50,
      "accuracy": 0.18
    },
    {
      "benchmark": "bbeh",
      "task": "bbeh_temporal_sequence",
      "correct": 0,
      "total": 50,
      "accuracy": 0.0
    },
    {
      "benchmark": "bbeh",
      "task": "bbeh_time_arithmetic",
      "correct": 3,
      "total": 50,
      "accuracy": 0.06
    },
    {
      "benchmark": "bbeh",
      "task": "bbeh_web_of_lies",
      "correct": 5,
      "total": 50,
      "accuracy": 0.1
    },
    {
      "benchmark": "bbeh",
      "task": "bbeh_word_sorting",
      "correct": 3,
      "total": 50,
      "accuracy": 0.06
    },
    {
      "benchmark": "bbeh",
      "task": "bbeh_zebra_puzzles",
      "correct": 7,
      "total": 50,
      "accuracy": 0.14
    },
    {
      "benchmark": "bbh",
      "task": "boolean_expressions",
      "correct": 39,
      "total": 50,
      "accuracy": 0.78
    },
    {
      "benchmark": "bbh",
      "task": "causal_judgement",
      "correct": 30,
      "total": 50,
      "accuracy": 0.6
    },
    {
      "benchmark": "bbh",
      "task": "date_understanding",
      "correct": 30,
      "total": 50,
      "accuracy": 0.6
    },
    {
      "benchmark": "bbh",
      "task": "disambiguation_qa",
      "correct": 25,
      "total": 50,
      "accuracy": 0.5
    },
    {
      "benchmark": "bbh",
      "task": "dyck_languages",
      "correct": 3,
      "total": 50,
      "accuracy": 0.06
    },
    {
      "benchmark": "bbh",
      "task": "formal_fallacies",
      "correct": 27,
      "total": 50,
      "accuracy": 0.54
    },
    {
      "benchmark": "bbh",
      "task": "geometric_shapes",
      "correct": 18,
      "total": 50,
      "accuracy": 0.36
    },
    {
      "benchmark": "bbh",
      "task": "hyperbaton",
      "correct": 46,
      "total": 50,
      "accuracy": 0.92
    },
    {
      "benchmark": "bbh",
      "task": "logical_deduction_five_objects",
      "correct": 37,
      "total": 50,
      "accuracy": 0.74
    },
    {
      "benchmark": "bbh",
      "task": "logical_deduction_seven_objects",
      "correct": 31,
      "total": 50,
      "accuracy": 0.62
    },
    {
      "benchmark": "bbh",
      "task": "logical_deduction_three_objects",
      "correct": 44,
      "total": 50,
      "accuracy": 0.88
    },
    {
      "benchmark": "bbh",
      "task": "movie_recommendation",
      "correct": 32,
      "total": 50,
      "accuracy": 0.64
    },
    {
      "benchmark": "bbh",
      "task": "multistep_arithmetic_two",
      "correct": 2,
      "total": 50,
      "accuracy": 0.04
    },
    {
      "benchmark": "bbh",
      "task": "navigate",
      "correct": 30,
      "total": 50,
      "accuracy": 0.6
    },
    {
      "benchmark": "bbh",
      "task": "object_counting",
      "correct": 25,
      "total": 50,
      "accuracy": 0.5
    },
    {
      "benchmark": "bbh",
      "task": "penguins_in_a_table",
      "correct": 33,
      "total": 50,
      "accuracy": 0.66
    },
    {
      "benchmark": "bbh",
      "task": "reasoning_about_colored_objects",
      "correct": 38,
      "total": 50,
      "accuracy": 0.76
    },
    {
      "benchmark": "bbh",
      "task": "ruin_names",
      "correct": 31,
      "total": 50,
      "accuracy": 0.62
    },
    {
      "benchmark": "bbh",
      "task": "salient_translation_error_detection",
      "correct": 32,
      "total": 50,
      "accuracy": 0.64
    },
    {
      "benchmark": "bbh",
      "task": "snarks",
      "correct": 33,
      "total": 50,
      "accuracy": 0.66
    },
    {
      "benchmark": "bbh",
      "task": "sports_understanding",
      "correct": 13,
      "total": 50,
      "accuracy": 0.26
    },
    {
      "benchmark": "bbh",
      "task": "temporal_sequences",
      "correct": 50,
      "total": 50,
      "accuracy": 1.0
    },
    {
      "benchmark": "bbh",
      "task": "tracking_shuffled_objects_five_objects",
      "correct": 9,
      "total": 50,
      "accuracy": 0.18
    },
    {
      "benchmark": "bbh",
      "task": "tracking_shuffled_objects_seven_objects",
      "correct": 7,
      "total": 50,
      "accuracy": 0.14
    },
    {
      "benchmark": "bbh",
      "task": "tracking_shuffled_objects_three_objects",
      "correct": 21,
      "total": 50,
      "accuracy": 0.42
    },
    {
      "benchmark": "bbh",
      "task": "web_of_lies",
      "correct": 5,
      "total": 50,
      "accuracy": 0.1
    },
    {
      "benchmark": "bbh",
      "task": "word_sorting",
      "correct": 17,
      "total": 50,
      "accuracy": 0.34
    },
    {
      "benchmark": "usr",
      "task": "shifted_unpuzzles/original",
      "correct": 18,
      "total": 50,
      "accuracy": 0.36
    },
    {
      "benchmark": "usr",
      "task": "shifted_unpuzzles/shifted",
      "correct": 14,
      "total": 50,
      "accuracy": 0.28
    },
    {
      "benchmark": "usr",
      "task": "shifted_unpuzzles/unpuzzle",
      "correct": 10,
      "total": 50,
      "accuracy": 0.2
    },
    {
      "benchmark": "usr",
      "task": "simple_reasoning/char_ct",
      "correct": 1,
      "total": 40,
      "accuracy": 0.025
    },
    {
      "benchmark": "usr",
      "task": "simple_reasoning/logic_ev",
      "correct": 0,
      "total": 50,
      "accuracy": 0.0
    },
    {
      "benchmark": "usr",
      "task": "simple_reasoning/logic_neg",
      "correct": 0,
      "total": 50,
      "accuracy": 0.0
    },
    {
      "benchmark": "usr",
      "task": "simple_reasoning/mathgap",
      "correct": 2,
      "total": 50,
      "accuracy": 0.04
    },
    {
      "benchmark": "usr",
      "task": "simple_reasoning/word_ct",
      "correct": 23,
      "total": 50,
      "accuracy": 0.46
    },
    {
      "benchmark": "usr",
      "task": "unpuzzles/original",
      "correct": 17,
      "total": 50,
      "accuracy": 0.34
    },
    {
      "benchmark": "usr",
      "task": "unpuzzles/unpuzzle",
      "correct": 10,
      "total": 50,
      "accuracy": 0.2
    }
  ]
}
