25/1500 correct=18 acc=0.720
50/1500 correct=33 acc=0.660
75/1500 correct=49 acc=0.653
100/1500 correct=62 acc=0.620
125/1500 correct=63 acc=0.504
150/1500 correct=77 acc=0.513
175/1500 correct=84 acc=0.480
200/1500 correct=106 acc=0.530
225/1500 correct=122 acc=0.542
250/1500 correct=138 acc=0.552
275/1500 correct=160 acc=0.582
300/1500 correct=178 acc=0.593
325/1500 correct=179 acc=0.551
350/1500 correct=194 acc=0.554
375/1500 correct=209 acc=0.557
400/1500 correct=221 acc=0.552
425/1500 correct=239 acc=0.562
450/1500 correct=254 acc=0.564
475/1500 correct=268 acc=0.564
500/1500 correct=287 acc=0.574
525/1500 correct=295 acc=0.562
550/1500 correct=319 acc=0.580
575/1500 correct=324 acc=0.563
600/1500 correct=326 acc=0.543
625/1500 correct=332 acc=0.531
650/1500 correct=342 acc=0.526
675/1500 correct=356 acc=0.527
700/1500 correct=357 acc=0.510
725/1500 correct=364 acc=0.502
750/1500 correct=364 acc=0.485
775/1500 correct=375 acc=0.484
800/1500 correct=384 acc=0.480
825/1500 correct=384 acc=0.465
850/1500 correct=392 acc=0.461
875/1500 correct=392 acc=0.448
900/1500 correct=393 acc=0.437
925/1500 correct=405 acc=0.438
950/1500 correct=405 acc=0.426
975/1500 correct=408 acc=0.418
1000/1500 correct=408 acc=0.408
1025/1500 correct=408 acc=0.398
1050/1500 correct=412 acc=0.392
1075/1500 correct=413 acc=0.384
1100/1500 correct=413 acc=0.375
1125/1500 correct=414 acc=0.368
1150/1500 correct=414 acc=0.360
1175/1500 correct=414 acc=0.352
1200/1500 correct=415 acc=0.346
1225/1500 correct=416 acc=0.340
1250/1500 correct=419 acc=0.335
1275/1500 correct=420 acc=0.329
1300/1500 correct=436 acc=0.335
1325/1500 correct=446 acc=0.337
1350/1500 correct=447 acc=0.331
1375/1500 correct=448 acc=0.326
1400/1500 correct=454 acc=0.324
1425/1500 correct=464 acc=0.326
1450/1500 correct=469 acc=0.323
1475/1500 correct=478 acc=0.324
1500/1500 correct=483 acc=0.322
{
  "started_at": "2026-07-09T16:14:54.156436+00:00",
  "finished_at": "2026-07-09T16:17:55.827289+00:00",
  "base_url": "http://127.0.0.1:8888/v1",
  "model": "SubTokenLLM",
  "prompt_strategy": "private_verify",
  "prompt_strategy_description": "Solve and verify privately, then emit only the final answer.",
  "prompt_template": "{input}\n\nSolve the problem privately, check the answer once for mistakes, and then output only the final answer. Do not show reasoning, notes, or verification.",
  "self_consistency_k": 1,
  "system_messages_sent": 0,
  "request_message_shape": [
    {
      "role": "user",
      "content": "<benchmark prompt>"
    }
  ],
  "limit_per_task": 25,
  "parallel": 2,
  "max_tokens": 96,
  "temperature": 0.0,
  "benchmarks": [
    {
      "benchmark": "bbeh",
      "correct": 63,
      "total": 575,
      "micro_accuracy": 0.10956521739130434,
      "macro_accuracy": 0.10956521739130434,
      "harmonic_task_accuracy": 0.0,
      "tasks": 23
    },
    {
      "benchmark": "bbh",
      "correct": 356,
      "total": 675,
      "micro_accuracy": 0.5274074074074074,
      "macro_accuracy": 0.5274074074074074,
      "harmonic_task_accuracy": 0.0,
      "tasks": 27
    },
    {
      "benchmark": "usr",
      "correct": 64,
      "total": 250,
      "micro_accuracy": 0.256,
      "macro_accuracy": 0.256,
      "harmonic_task_accuracy": 0.0,
      "tasks": 10
    }
  ],
  "tasks": [
    {
      "benchmark": "bbeh",
      "task": "bbeh_boardgame_qa",
      "correct": 1,
      "total": 25,
      "accuracy": 0.04
    },
    {
      "benchmark": "bbeh",
      "task": "bbeh_boolean_expressions",
      "correct": 7,
      "total": 25,
      "accuracy": 0.28
    },
    {
      "benchmark": "bbeh",
      "task": "bbeh_buggy_tables",
      "correct": 0,
      "total": 25,
      "accuracy": 0.0
    },
    {
      "benchmark": "bbeh",
      "task": "bbeh_causal_understanding",
      "correct": 11,
      "total": 25,
      "accuracy": 0.44
    },
    {
      "benchmark": "bbeh",
      "task": "bbeh_disambiguation_qa",
      "correct": 9,
      "total": 25,
      "accuracy": 0.36
    },
    {
      "benchmark": "bbeh",
      "task": "bbeh_dyck_languages",
      "correct": 0,
      "total": 25,
      "accuracy": 0.0
    },
    {
      "benchmark": "bbeh",
      "task": "bbeh_geometric_shapes",
      "correct": 8,
      "total": 25,
      "accuracy": 0.32
    },
    {
      "benchmark": "bbeh",
      "task": "bbeh_hyperbaton",
      "correct": 0,
      "total": 25,
      "accuracy": 0.0
    },
    {
      "benchmark": "bbeh",
      "task": "bbeh_linguini",
      "correct": 1,
      "total": 25,
      "accuracy": 0.04
    },
    {
      "benchmark": "bbeh",
      "task": "bbeh_movie_recommendation",
      "correct": 12,
      "total": 25,
      "accuracy": 0.48
    },
    {
      "benchmark": "bbeh",
      "task": "bbeh_multistep_arithmetic",
      "correct": 0,
      "total": 25,
      "accuracy": 0.0
    },
    {
      "benchmark": "bbeh",
      "task": "bbeh_nycc",
      "correct": 3,
      "total": 25,
      "accuracy": 0.12
    },
    {
      "benchmark": "bbeh",
      "task": "bbeh_object_counting",
      "correct": 0,
      "total": 25,
      "accuracy": 0.0
    },
    {
      "benchmark": "bbeh",
      "task": "bbeh_object_properties",
      "correct": 0,
      "total": 25,
      "accuracy": 0.0
    },
    {
      "benchmark": "bbeh",
      "task": "bbeh_sarc_triples",
      "correct": 4,
      "total": 25,
      "accuracy": 0.16
    },
    {
      "benchmark": "bbeh",
      "task": "bbeh_shuffled_objects",
      "correct": 1,
      "total": 25,
      "accuracy": 0.04
    },
    {
      "benchmark": "bbeh",
      "task": "bbeh_spatial_reasoning",
      "correct": 0,
      "total": 25,
      "accuracy": 0.0
    },
    {
      "benchmark": "bbeh",
      "task": "bbeh_sportqa",
      "correct": 1,
      "total": 25,
      "accuracy": 0.04
    },
    {
      "benchmark": "bbeh",
      "task": "bbeh_temporal_sequence",
      "correct": 0,
      "total": 25,
      "accuracy": 0.0
    },
    {
      "benchmark": "bbeh",
      "task": "bbeh_time_arithmetic",
      "correct": 0,
      "total": 25,
      "accuracy": 0.0
    },
    {
      "benchmark": "bbeh",
      "task": "bbeh_web_of_lies",
      "correct": 1,
      "total": 25,
      "accuracy": 0.04
    },
    {
      "benchmark": "bbeh",
      "task": "bbeh_word_sorting",
      "correct": 1,
      "total": 25,
      "accuracy": 0.04
    },
    {
      "benchmark": "bbeh",
      "task": "bbeh_zebra_puzzles",
      "correct": 3,
      "total": 25,
      "accuracy": 0.12
    },
    {
      "benchmark": "bbh",
      "task": "boolean_expressions",
      "correct": 18,
      "total": 25,
      "accuracy": 0.72
    },
    {
      "benchmark": "bbh",
      "task": "causal_judgement",
      "correct": 15,
      "total": 25,
      "accuracy": 0.6
    },
    {
      "benchmark": "bbh",
      "task": "date_understanding",
      "correct": 15,
      "total": 25,
      "accuracy": 0.6
    },
    {
      "benchmark": "bbh",
      "task": "disambiguation_qa",
      "correct": 14,
      "total": 25,
      "accuracy": 0.56
    },
    {
      "benchmark": "bbh",
      "task": "dyck_languages",
      "correct": 1,
      "total": 25,
      "accuracy": 0.04
    },
    {
      "benchmark": "bbh",
      "task": "formal_fallacies",
      "correct": 14,
      "total": 25,
      "accuracy": 0.56
    },
    {
      "benchmark": "bbh",
      "task": "geometric_shapes",
      "correct": 7,
      "total": 25,
      "accuracy": 0.28
    },
    {
      "benchmark": "bbh",
      "task": "hyperbaton",
      "correct": 22,
      "total": 25,
      "accuracy": 0.88
    },
    {
      "benchmark": "bbh",
      "task": "logical_deduction_five_objects",
      "correct": 16,
      "total": 25,
      "accuracy": 0.64
    },
    {
      "benchmark": "bbh",
      "task": "logical_deduction_seven_objects",
      "correct": 16,
      "total": 25,
      "accuracy": 0.64
    },
    {
      "benchmark": "bbh",
      "task": "logical_deduction_three_objects",
      "correct": 22,
      "total": 25,
      "accuracy": 0.88
    },
    {
      "benchmark": "bbh",
      "task": "movie_recommendation",
      "correct": 18,
      "total": 25,
      "accuracy": 0.72
    },
    {
      "benchmark": "bbh",
      "task": "multistep_arithmetic_two",
      "correct": 0,
      "total": 25,
      "accuracy": 0.0
    },
    {
      "benchmark": "bbh",
      "task": "navigate",
      "correct": 16,
      "total": 25,
      "accuracy": 0.64
    },
    {
      "benchmark": "bbh",
      "task": "object_counting",
      "correct": 15,
      "total": 25,
      "accuracy": 0.6
    },
    {
      "benchmark": "bbh",
      "task": "penguins_in_a_table",
      "correct": 12,
      "total": 25,
      "accuracy": 0.48
    },
    {
      "benchmark": "bbh",
      "task": "reasoning_about_colored_objects",
      "correct": 18,
      "total": 25,
      "accuracy": 0.72
    },
    {
      "benchmark": "bbh",
      "task": "ruin_names",
      "correct": 15,
      "total": 25,
      "accuracy": 0.6
    },
    {
      "benchmark": "bbh",
      "task": "salient_translation_error_detection",
      "correct": 14,
      "total": 25,
      "accuracy": 0.56
    },
    {
      "benchmark": "bbh",
      "task": "snarks",
      "correct": 19,
      "total": 25,
      "accuracy": 0.76
    },
    {
      "benchmark": "bbh",
      "task": "sports_understanding",
      "correct": 8,
      "total": 25,
      "accuracy": 0.32
    },
    {
      "benchmark": "bbh",
      "task": "temporal_sequences",
      "correct": 25,
      "total": 25,
      "accuracy": 1.0
    },
    {
      "benchmark": "bbh",
      "task": "tracking_shuffled_objects_five_objects",
      "correct": 4,
      "total": 25,
      "accuracy": 0.16
    },
    {
      "benchmark": "bbh",
      "task": "tracking_shuffled_objects_seven_objects",
      "correct": 2,
      "total": 25,
      "accuracy": 0.08
    },
    {
      "benchmark": "bbh",
      "task": "tracking_shuffled_objects_three_objects",
      "correct": 6,
      "total": 25,
      "accuracy": 0.24
    },
    {
      "benchmark": "bbh",
      "task": "web_of_lies",
      "correct": 10,
      "total": 25,
      "accuracy": 0.4
    },
    {
      "benchmark": "bbh",
      "task": "word_sorting",
      "correct": 14,
      "total": 25,
      "accuracy": 0.56
    },
    {
      "benchmark": "usr",
      "task": "shifted_unpuzzles/original",
      "correct": 11,
      "total": 25,
      "accuracy": 0.44
    },
    {
      "benchmark": "usr",
      "task": "shifted_unpuzzles/shifted",
      "correct": 7,
      "total": 25,
      "accuracy": 0.28
    },
    {
      "benchmark": "usr",
      "task": "shifted_unpuzzles/unpuzzle",
      "correct": 2,
      "total": 25,
      "accuracy": 0.08
    },
    {
      "benchmark": "usr",
      "task": "simple_reasoning/char_ct",
      "correct": 0,
      "total": 25,
      "accuracy": 0.0
    },
    {
      "benchmark": "usr",
      "task": "simple_reasoning/logic_ev",
      "correct": 10,
      "total": 25,
      "accuracy": 0.4
    },
    {
      "benchmark": "usr",
      "task": "simple_reasoning/logic_neg",
      "correct": 0,
      "total": 25,
      "accuracy": 0.0
    },
    {
      "benchmark": "usr",
      "task": "simple_reasoning/mathgap",
      "correct": 1,
      "total": 25,
      "accuracy": 0.04
    },
    {
      "benchmark": "usr",
      "task": "simple_reasoning/word_ct",
      "correct": 17,
      "total": 25,
      "accuracy": 0.68
    },
    {
      "benchmark": "usr",
      "task": "unpuzzles/original",
      "correct": 11,
      "total": 25,
      "accuracy": 0.44
    },
    {
      "benchmark": "usr",
      "task": "unpuzzles/unpuzzle",
      "correct": 5,
      "total": 25,
      "accuracy": 0.2
    }
  ]
}
