25/2990 correct=12 acc=0.480
50/2990 correct=23 acc=0.460
75/2990 correct=35 acc=0.467
100/2990 correct=48 acc=0.480
125/2990 correct=51 acc=0.408
150/2990 correct=56 acc=0.373
175/2990 correct=66 acc=0.377
200/2990 correct=73 acc=0.365
225/2990 correct=73 acc=0.324
250/2990 correct=76 acc=0.304
275/2990 correct=88 acc=0.320
300/2990 correct=96 acc=0.320
325/2990 correct=98 acc=0.302
350/2990 correct=105 acc=0.300
375/2990 correct=127 acc=0.339
400/2990 correct=147 acc=0.367
425/2990 correct=154 acc=0.362
450/2990 correct=158 acc=0.351
475/2990 correct=159 acc=0.335
500/2990 correct=163 acc=0.326
525/2990 correct=172 acc=0.328
550/2990 correct=182 acc=0.331
575/2990 correct=182 acc=0.317
600/2990 correct=188 acc=0.313
625/2990 correct=188 acc=0.301
650/2990 correct=189 acc=0.291
675/2990 correct=203 acc=0.301
700/2990 correct=215 acc=0.307
725/2990 correct=230 acc=0.317
750/2990 correct=243 acc=0.324
775/2990 correct=247 acc=0.319
800/2990 correct=252 acc=0.315
825/2990 correct=262 acc=0.318
850/2990 correct=274 acc=0.322
875/2990 correct=284 acc=0.325
900/2990 correct=292 acc=0.324
925/2990 correct=306 acc=0.331
950/2990 correct=320 acc=0.337
975/2990 correct=337 acc=0.346
1000/2990 correct=355 acc=0.355
1025/2990 correct=360 acc=0.351
1050/2990 correct=367 acc=0.350
1075/2990 correct=384 acc=0.357
1100/2990 correct=398 acc=0.362
1125/2990 correct=401 acc=0.356
1150/2990 correct=404 acc=0.351
1175/2990 correct=405 acc=0.345
1200/2990 correct=406 acc=0.338
1225/2990 correct=412 acc=0.336
1250/2990 correct=418 acc=0.334
1275/2990 correct=418 acc=0.328
1300/2990 correct=418 acc=0.322
1325/2990 correct=423 acc=0.319
1350/2990 correct=430 acc=0.319
1375/2990 correct=430 acc=0.313
1400/2990 correct=434 acc=0.310
1425/2990 correct=434 acc=0.305
1450/2990 correct=434 acc=0.299
1475/2990 correct=434 acc=0.294
1500/2990 correct=435 acc=0.290
1525/2990 correct=443 acc=0.290
1550/2990 correct=453 acc=0.292
1575/2990 correct=455 acc=0.289
1600/2990 correct=456 acc=0.285
1625/2990 correct=456 acc=0.281
1650/2990 correct=456 acc=0.276
1675/2990 correct=456 acc=0.272
1700/2990 correct=456 acc=0.268
1725/2990 correct=456 acc=0.264
1750/2990 correct=457 acc=0.261
1775/2990 correct=458 acc=0.258
1800/2990 correct=459 acc=0.255
1825/2990 correct=460 acc=0.252
1850/2990 correct=463 acc=0.250
1875/2990 correct=463 acc=0.247
1900/2990 correct=463 acc=0.244
1925/2990 correct=466 acc=0.242
1950/2990 correct=467 acc=0.239
1975/2990 correct=467 acc=0.236
2000/2990 correct=467 acc=0.234
2025/2990 correct=467 acc=0.231
2050/2990 correct=467 acc=0.228
2075/2990 correct=471 acc=0.227
2100/2990 correct=474 acc=0.226
2125/2990 correct=477 acc=0.224
2150/2990 correct=480 acc=0.223
2175/2990 correct=480 acc=0.221
2200/2990 correct=480 acc=0.218
2225/2990 correct=481 acc=0.216
2250/2990 correct=482 acc=0.214
2275/2990 correct=482 acc=0.212
2300/2990 correct=482 acc=0.210
2325/2990 correct=482 acc=0.207
2350/2990 correct=482 acc=0.205
2375/2990 correct=482 acc=0.203
2400/2990 correct=482 acc=0.201
2425/2990 correct=482 acc=0.199
2450/2990 correct=485 acc=0.198
2475/2990 correct=490 acc=0.198
2500/2990 correct=495 acc=0.198
2525/2990 correct=496 acc=0.196
2550/2990 correct=501 acc=0.196
2575/2990 correct=510 acc=0.198
2600/2990 correct=511 acc=0.197
2625/2990 correct=511 acc=0.195
2650/2990 correct=511 acc=0.193
2675/2990 correct=511 acc=0.191
2700/2990 correct=511 acc=0.189
2725/2990 correct=511 acc=0.188
2750/2990 correct=514 acc=0.187
2775/2990 correct=518 acc=0.187
2800/2990 correct=522 acc=0.186
2825/2990 correct=529 acc=0.187
2850/2990 correct=537 acc=0.188
2875/2990 correct=545 acc=0.190
2900/2990 correct=550 acc=0.190
2925/2990 correct=556 acc=0.190
2950/2990 correct=561 acc=0.190
2975/2990 correct=571 acc=0.192
2990/2990 correct=573 acc=0.192
{
  "started_at": "2026-07-10T09:55:59.156357+00:00",
  "finished_at": "2026-07-10T10:01:52.004763+00:00",
  "base_url": "http://127.0.0.1:8889/v1",
  "model": "SubTokenLLM-E2B",
  "prompt_strategy": "direct_answer",
  "prompt_strategy_description": "Direct answer baseline; final answer only.",
  "prompt_template": "{input}\n\nReturn only the final answer. Do not include reasoning, explanation, or extra text.",
  "self_consistency_k": 1,
  "response_selection": "key_condition_refine",
  "selection_max_tokens": 64,
  "system_messages_sent": 0,
  "request_message_shape": [
    {
      "role": "user",
      "content": "<benchmark prompt>"
    }
  ],
  "limit_per_task": 50,
  "skip_per_task": 0,
  "parallel": 8,
  "max_tokens": 64,
  "temperature": 0.0,
  "seed": 20260709,
  "benchmarks": [
    {
      "benchmark": "bbeh",
      "correct": 65,
      "total": 1150,
      "micro_accuracy": 0.05652173913043478,
      "macro_accuracy": 0.05652173913043478,
      "harmonic_task_accuracy": 0.0,
      "tasks": 23
    },
    {
      "benchmark": "bbh",
      "correct": 430,
      "total": 1350,
      "micro_accuracy": 0.31851851851851853,
      "macro_accuracy": 0.31851851851851853,
      "harmonic_task_accuracy": 0.0,
      "tasks": 27
    },
    {
      "benchmark": "usr",
      "correct": 78,
      "total": 490,
      "micro_accuracy": 0.15918367346938775,
      "macro_accuracy": 0.1565,
      "harmonic_task_accuracy": 0.0,
      "tasks": 10
    }
  ],
  "tasks": [
    {
      "benchmark": "bbeh",
      "task": "bbeh_boardgame_qa",
      "correct": 4,
      "total": 50,
      "accuracy": 0.08
    },
    {
      "benchmark": "bbeh",
      "task": "bbeh_boolean_expressions",
      "correct": 0,
      "total": 50,
      "accuracy": 0.0
    },
    {
      "benchmark": "bbeh",
      "task": "bbeh_buggy_tables",
      "correct": 0,
      "total": 50,
      "accuracy": 0.0
    },
    {
      "benchmark": "bbeh",
      "task": "bbeh_causal_understanding",
      "correct": 19,
      "total": 50,
      "accuracy": 0.38
    },
    {
      "benchmark": "bbeh",
      "task": "bbeh_disambiguation_qa",
      "correct": 3,
      "total": 50,
      "accuracy": 0.06
    },
    {
      "benchmark": "bbeh",
      "task": "bbeh_dyck_languages",
      "correct": 0,
      "total": 50,
      "accuracy": 0.0
    },
    {
      "benchmark": "bbeh",
      "task": "bbeh_geometric_shapes",
      "correct": 0,
      "total": 50,
      "accuracy": 0.0
    },
    {
      "benchmark": "bbeh",
      "task": "bbeh_hyperbaton",
      "correct": 0,
      "total": 50,
      "accuracy": 0.0
    },
    {
      "benchmark": "bbeh",
      "task": "bbeh_linguini",
      "correct": 2,
      "total": 50,
      "accuracy": 0.04
    },
    {
      "benchmark": "bbeh",
      "task": "bbeh_movie_recommendation",
      "correct": 5,
      "total": 50,
      "accuracy": 0.1
    },
    {
      "benchmark": "bbeh",
      "task": "bbeh_multistep_arithmetic",
      "correct": 0,
      "total": 50,
      "accuracy": 0.0
    },
    {
      "benchmark": "bbeh",
      "task": "bbeh_nycc",
      "correct": 4,
      "total": 50,
      "accuracy": 0.08
    },
    {
      "benchmark": "bbeh",
      "task": "bbeh_object_counting",
      "correct": 0,
      "total": 50,
      "accuracy": 0.0
    },
    {
      "benchmark": "bbeh",
      "task": "bbeh_object_properties",
      "correct": 0,
      "total": 50,
      "accuracy": 0.0
    },
    {
      "benchmark": "bbeh",
      "task": "bbeh_sarc_triples",
      "correct": 7,
      "total": 50,
      "accuracy": 0.14
    },
    {
      "benchmark": "bbeh",
      "task": "bbeh_shuffled_objects",
      "correct": 6,
      "total": 50,
      "accuracy": 0.12
    },
    {
      "benchmark": "bbeh",
      "task": "bbeh_spatial_reasoning",
      "correct": 0,
      "total": 50,
      "accuracy": 0.0
    },
    {
      "benchmark": "bbeh",
      "task": "bbeh_sportqa",
      "correct": 2,
      "total": 50,
      "accuracy": 0.04
    },
    {
      "benchmark": "bbeh",
      "task": "bbeh_temporal_sequence",
      "correct": 0,
      "total": 50,
      "accuracy": 0.0
    },
    {
      "benchmark": "bbeh",
      "task": "bbeh_time_arithmetic",
      "correct": 0,
      "total": 50,
      "accuracy": 0.0
    },
    {
      "benchmark": "bbeh",
      "task": "bbeh_web_of_lies",
      "correct": 0,
      "total": 50,
      "accuracy": 0.0
    },
    {
      "benchmark": "bbeh",
      "task": "bbeh_word_sorting",
      "correct": 0,
      "total": 50,
      "accuracy": 0.0
    },
    {
      "benchmark": "bbeh",
      "task": "bbeh_zebra_puzzles",
      "correct": 13,
      "total": 50,
      "accuracy": 0.26
    },
    {
      "benchmark": "bbh",
      "task": "boolean_expressions",
      "correct": 23,
      "total": 50,
      "accuracy": 0.46
    },
    {
      "benchmark": "bbh",
      "task": "causal_judgement",
      "correct": 25,
      "total": 50,
      "accuracy": 0.5
    },
    {
      "benchmark": "bbh",
      "task": "date_understanding",
      "correct": 5,
      "total": 50,
      "accuracy": 0.1
    },
    {
      "benchmark": "bbh",
      "task": "disambiguation_qa",
      "correct": 20,
      "total": 50,
      "accuracy": 0.4
    },
    {
      "benchmark": "bbh",
      "task": "dyck_languages",
      "correct": 0,
      "total": 50,
      "accuracy": 0.0
    },
    {
      "benchmark": "bbh",
      "task": "formal_fallacies",
      "correct": 23,
      "total": 50,
      "accuracy": 0.46
    },
    {
      "benchmark": "bbh",
      "task": "geometric_shapes",
      "correct": 8,
      "total": 50,
      "accuracy": 0.16
    },
    {
      "benchmark": "bbh",
      "task": "hyperbaton",
      "correct": 43,
      "total": 50,
      "accuracy": 0.86
    },
    {
      "benchmark": "bbh",
      "task": "logical_deduction_five_objects",
      "correct": 11,
      "total": 50,
      "accuracy": 0.22
    },
    {
      "benchmark": "bbh",
      "task": "logical_deduction_seven_objects",
      "correct": 3,
      "total": 50,
      "accuracy": 0.06
    },
    {
      "benchmark": "bbh",
      "task": "logical_deduction_three_objects",
      "correct": 20,
      "total": 50,
      "accuracy": 0.4
    },
    {
      "benchmark": "bbh",
      "task": "movie_recommendation",
      "correct": 7,
      "total": 50,
      "accuracy": 0.14
    },
    {
      "benchmark": "bbh",
      "task": "multistep_arithmetic_two",
      "correct": 0,
      "total": 50,
      "accuracy": 0.0
    },
    {
      "benchmark": "bbh",
      "task": "navigate",
      "correct": 26,
      "total": 50,
      "accuracy": 0.52
    },
    {
      "benchmark": "bbh",
      "task": "object_counting",
      "correct": 29,
      "total": 50,
      "accuracy": 0.58
    },
    {
      "benchmark": "bbh",
      "task": "penguins_in_a_table",
      "correct": 8,
      "total": 50,
      "accuracy": 0.16
    },
    {
      "benchmark": "bbh",
      "task": "reasoning_about_colored_objects",
      "correct": 22,
      "total": 50,
      "accuracy": 0.44
    },
    {
      "benchmark": "bbh",
      "task": "ruin_names",
      "correct": 19,
      "total": 50,
      "accuracy": 0.38
    },
    {
      "benchmark": "bbh",
      "task": "salient_translation_error_detection",
      "correct": 28,
      "total": 50,
      "accuracy": 0.56
    },
    {
      "benchmark": "bbh",
      "task": "snarks",
      "correct": 35,
      "total": 50,
      "accuracy": 0.7
    },
    {
      "benchmark": "bbh",
      "task": "sports_understanding",
      "correct": 12,
      "total": 50,
      "accuracy": 0.24
    },
    {
      "benchmark": "bbh",
      "task": "temporal_sequences",
      "correct": 32,
      "total": 50,
      "accuracy": 0.64
    },
    {
      "benchmark": "bbh",
      "task": "tracking_shuffled_objects_five_objects",
      "correct": 5,
      "total": 50,
      "accuracy": 0.1
    },
    {
      "benchmark": "bbh",
      "task": "tracking_shuffled_objects_seven_objects",
      "correct": 2,
      "total": 50,
      "accuracy": 0.04
    },
    {
      "benchmark": "bbh",
      "task": "tracking_shuffled_objects_three_objects",
      "correct": 12,
      "total": 50,
      "accuracy": 0.24
    },
    {
      "benchmark": "bbh",
      "task": "web_of_lies",
      "correct": 0,
      "total": 50,
      "accuracy": 0.0
    },
    {
      "benchmark": "bbh",
      "task": "word_sorting",
      "correct": 12,
      "total": 50,
      "accuracy": 0.24
    },
    {
      "benchmark": "usr",
      "task": "shifted_unpuzzles/original",
      "correct": 14,
      "total": 50,
      "accuracy": 0.28
    },
    {
      "benchmark": "usr",
      "task": "shifted_unpuzzles/shifted",
      "correct": 12,
      "total": 50,
      "accuracy": 0.24
    },
    {
      "benchmark": "usr",
      "task": "shifted_unpuzzles/unpuzzle",
      "correct": 13,
      "total": 50,
      "accuracy": 0.26
    },
    {
      "benchmark": "usr",
      "task": "simple_reasoning/char_ct",
      "correct": 1,
      "total": 40,
      "accuracy": 0.025
    },
    {
      "benchmark": "usr",
      "task": "simple_reasoning/logic_ev",
      "correct": 0,
      "total": 50,
      "accuracy": 0.0
    },
    {
      "benchmark": "usr",
      "task": "simple_reasoning/logic_neg",
      "correct": 0,
      "total": 50,
      "accuracy": 0.0
    },
    {
      "benchmark": "usr",
      "task": "simple_reasoning/mathgap",
      "correct": 0,
      "total": 50,
      "accuracy": 0.0
    },
    {
      "benchmark": "usr",
      "task": "simple_reasoning/word_ct",
      "correct": 15,
      "total": 50,
      "accuracy": 0.3
    },
    {
      "benchmark": "usr",
      "task": "unpuzzles/original",
      "correct": 15,
      "total": 50,
      "accuracy": 0.3
    },
    {
      "benchmark": "usr",
      "task": "unpuzzles/unpuzzle",
      "correct": 8,
      "total": 50,
      "accuracy": 0.16
    }
  ]
}
