25/1509 correct=0 acc=0.000
50/1509 correct=0 acc=0.000
75/1509 correct=0 acc=0.000
100/1509 correct=0 acc=0.000
125/1509 correct=0 acc=0.000
150/1509 correct=0 acc=0.000
175/1509 correct=0 acc=0.000
200/1509 correct=0 acc=0.000
225/1509 correct=0 acc=0.000
250/1509 correct=0 acc=0.000
275/1509 correct=0 acc=0.000
300/1509 correct=0 acc=0.000
325/1509 correct=0 acc=0.000
350/1509 correct=0 acc=0.000
375/1509 correct=0 acc=0.000
400/1509 correct=0 acc=0.000
425/1509 correct=0 acc=0.000
450/1509 correct=0 acc=0.000
475/1509 correct=0 acc=0.000
500/1509 correct=0 acc=0.000
525/1509 correct=0 acc=0.000
550/1509 correct=0 acc=0.000
575/1509 correct=0 acc=0.000
600/1509 correct=0 acc=0.000
625/1509 correct=0 acc=0.000
650/1509 correct=0 acc=0.000
675/1509 correct=0 acc=0.000
700/1509 correct=0 acc=0.000
725/1509 correct=0 acc=0.000
750/1509 correct=0 acc=0.000
775/1509 correct=0 acc=0.000
800/1509 correct=0 acc=0.000
825/1509 correct=0 acc=0.000
850/1509 correct=0 acc=0.000
875/1509 correct=0 acc=0.000
900/1509 correct=0 acc=0.000
925/1509 correct=0 acc=0.000
950/1509 correct=0 acc=0.000
975/1509 correct=0 acc=0.000
1000/1509 correct=0 acc=0.000
1025/1509 correct=0 acc=0.000
1050/1509 correct=0 acc=0.000
1075/1509 correct=0 acc=0.000
1100/1509 correct=0 acc=0.000
1125/1509 correct=0 acc=0.000
1150/1509 correct=0 acc=0.000
1175/1509 correct=1 acc=0.001
1200/1509 correct=4 acc=0.003
1225/1509 correct=5 acc=0.004
1250/1509 correct=6 acc=0.005
1275/1509 correct=8 acc=0.006
1300/1509 correct=9 acc=0.007
1325/1509 correct=11 acc=0.008
1350/1509 correct=11 acc=0.008
1375/1509 correct=15 acc=0.011
1400/1509 correct=17 acc=0.012
1425/1509 correct=20 acc=0.014
1450/1509 correct=23 acc=0.016
1475/1509 correct=24 acc=0.016
1500/1509 correct=27 acc=0.018
1509/1509 correct=27 acc=0.018
{
  "started_at": "2026-07-08T14:25:39.064365+00:00",
  "finished_at": "2026-07-08T14:52:18.562995+00:00",
  "base_url": "http://127.0.0.1:8888/v1",
  "model": "SubTokenLLM",
  "prompt_strategy": "strict_json",
  "prompt_strategy_description": "Strict JSON answer object.",
  "prompt_template": "{input}\n\nReturn a valid JSON object only, exactly matching this schema: {{\"answer\": \"<final answer>\"}}",
  "self_consistency_k": 1,
  "system_messages_sent": 0,
  "request_message_shape": [
    {
      "role": "user",
      "content": "<benchmark prompt>"
    }
  ],
  "limit_per_task": null,
  "parallel": 2,
  "max_tokens": 96,
  "temperature": 0.0,
  "benchmarks": [
    {
      "benchmark": "usr",
      "correct": 27,
      "total": 1509,
      "micro_accuracy": 0.017892644135188866,
      "macro_accuracy": 0.03936987704918033,
      "harmonic_task_accuracy": 0.0,
      "tasks": 10
    }
  ],
  "tasks": [
    {
      "benchmark": "usr",
      "task": "shifted_unpuzzles/original",
      "correct": 4,
      "total": 61,
      "accuracy": 0.06557377049180328
    },
    {
      "benchmark": "usr",
      "task": "shifted_unpuzzles/shifted",
      "correct": 8,
      "total": 64,
      "accuracy": 0.125
    },
    {
      "benchmark": "usr",
      "task": "shifted_unpuzzles/unpuzzle",
      "correct": 5,
      "total": 64,
      "accuracy": 0.078125
    },
    {
      "benchmark": "usr",
      "task": "simple_reasoning/char_ct",
      "correct": 0,
      "total": 40,
      "accuracy": 0.0
    },
    {
      "benchmark": "usr",
      "task": "simple_reasoning/logic_ev",
      "correct": 0,
      "total": 360,
      "accuracy": 0.0
    },
    {
      "benchmark": "usr",
      "task": "simple_reasoning/logic_neg",
      "correct": 0,
      "total": 360,
      "accuracy": 0.0
    },
    {
      "benchmark": "usr",
      "task": "simple_reasoning/mathgap",
      "correct": 0,
      "total": 280,
      "accuracy": 0.0
    },
    {
      "benchmark": "usr",
      "task": "simple_reasoning/word_ct",
      "correct": 0,
      "total": 120,
      "accuracy": 0.0
    },
    {
      "benchmark": "usr",
      "task": "unpuzzles/original",
      "correct": 5,
      "total": 80,
      "accuracy": 0.0625
    },
    {
      "benchmark": "usr",
      "task": "unpuzzles/unpuzzle",
      "correct": 5,
      "total": 80,
      "accuracy": 0.0625
    }
  ]
}
