25/1500 correct=16 acc=0.640
50/1500 correct=30 acc=0.600
75/1500 correct=45 acc=0.600
100/1500 correct=58 acc=0.580
125/1500 correct=63 acc=0.504
150/1500 correct=78 acc=0.520
175/1500 correct=86 acc=0.491
200/1500 correct=108 acc=0.540
225/1500 correct=123 acc=0.547
250/1500 correct=138 acc=0.552
275/1500 correct=159 acc=0.578
300/1500 correct=177 acc=0.590
325/1500 correct=178 acc=0.548
350/1500 correct=193 acc=0.551
375/1500 correct=201 acc=0.536
400/1500 correct=215 acc=0.537
425/1500 correct=233 acc=0.548
450/1500 correct=248 acc=0.551
475/1500 correct=263 acc=0.554
500/1500 correct=282 acc=0.564
525/1500 correct=294 acc=0.560
550/1500 correct=319 acc=0.580
575/1500 correct=322 acc=0.560
600/1500 correct=322 acc=0.537
625/1500 correct=329 acc=0.526
650/1500 correct=332 acc=0.511
675/1500 correct=337 acc=0.499
700/1500 correct=338 acc=0.483
725/1500 correct=343 acc=0.473
750/1500 correct=344 acc=0.459
775/1500 correct=352 acc=0.454
800/1500 correct=358 acc=0.448
825/1500 correct=359 acc=0.435
850/1500 correct=360 acc=0.424
875/1500 correct=360 acc=0.411
900/1500 correct=360 acc=0.400
925/1500 correct=373 acc=0.403
950/1500 correct=373 acc=0.393
975/1500 correct=377 acc=0.387
1000/1500 correct=377 acc=0.377
1025/1500 correct=377 acc=0.368
1050/1500 correct=380 acc=0.362
1075/1500 correct=381 acc=0.354
1100/1500 correct=381 acc=0.346
1125/1500 correct=383 acc=0.340
1150/1500 correct=383 acc=0.333
1175/1500 correct=383 acc=0.326
1200/1500 correct=384 acc=0.320
1225/1500 correct=385 acc=0.314
1250/1500 correct=389 acc=0.311
1275/1500 correct=389 acc=0.305
1300/1500 correct=404 acc=0.311
1325/1500 correct=404 acc=0.305
1350/1500 correct=404 acc=0.299
1375/1500 correct=405 acc=0.295
1400/1500 correct=410 acc=0.293
1425/1500 correct=419 acc=0.294
1450/1500 correct=424 acc=0.292
1475/1500 correct=429 acc=0.291
1500/1500 correct=435 acc=0.290
{
  "started_at": "2026-07-09T16:17:56.007326+00:00",
  "finished_at": "2026-07-09T16:23:40.316776+00:00",
  "base_url": "http://127.0.0.1:8888/v1",
  "model": "SubTokenLLM",
  "prompt_strategy": "option_elimination",
  "prompt_strategy_description": "Multiple-choice elimination done privately with answer-only output.",
  "prompt_template": "{input}\n\nIf answer choices are provided, compare the choices privately and eliminate wrong ones before deciding. Output only the final option label. If there are no choices, output only the shortest final answer. No explanation.",
  "self_consistency_k": 1,
  "system_messages_sent": 0,
  "request_message_shape": [
    {
      "role": "user",
      "content": "<benchmark prompt>"
    }
  ],
  "limit_per_task": 25,
  "parallel": 2,
  "max_tokens": 96,
  "temperature": 0.0,
  "benchmarks": [
    {
      "benchmark": "bbeh",
      "correct": 52,
      "total": 575,
      "micro_accuracy": 0.09043478260869565,
      "macro_accuracy": 0.09043478260869565,
      "harmonic_task_accuracy": 0.0,
      "tasks": 23
    },
    {
      "benchmark": "bbh",
      "correct": 337,
      "total": 675,
      "micro_accuracy": 0.49925925925925924,
      "macro_accuracy": 0.49925925925925924,
      "harmonic_task_accuracy": 0.0,
      "tasks": 27
    },
    {
      "benchmark": "usr",
      "correct": 46,
      "total": 250,
      "micro_accuracy": 0.184,
      "macro_accuracy": 0.184,
      "harmonic_task_accuracy": 0.0,
      "tasks": 10
    }
  ],
  "tasks": [
    {
      "benchmark": "bbeh",
      "task": "bbeh_boardgame_qa",
      "correct": 1,
      "total": 25,
      "accuracy": 0.04
    },
    {
      "benchmark": "bbeh",
      "task": "bbeh_boolean_expressions",
      "correct": 5,
      "total": 25,
      "accuracy": 0.2
    },
    {
      "benchmark": "bbeh",
      "task": "bbeh_buggy_tables",
      "correct": 0,
      "total": 25,
      "accuracy": 0.0
    },
    {
      "benchmark": "bbeh",
      "task": "bbeh_causal_understanding",
      "correct": 9,
      "total": 25,
      "accuracy": 0.36
    },
    {
      "benchmark": "bbeh",
      "task": "bbeh_disambiguation_qa",
      "correct": 7,
      "total": 25,
      "accuracy": 0.28
    },
    {
      "benchmark": "bbeh",
      "task": "bbeh_dyck_languages",
      "correct": 0,
      "total": 25,
      "accuracy": 0.0
    },
    {
      "benchmark": "bbeh",
      "task": "bbeh_geometric_shapes",
      "correct": 1,
      "total": 25,
      "accuracy": 0.04
    },
    {
      "benchmark": "bbeh",
      "task": "bbeh_hyperbaton",
      "correct": 0,
      "total": 25,
      "accuracy": 0.0
    },
    {
      "benchmark": "bbeh",
      "task": "bbeh_linguini",
      "correct": 0,
      "total": 25,
      "accuracy": 0.0
    },
    {
      "benchmark": "bbeh",
      "task": "bbeh_movie_recommendation",
      "correct": 13,
      "total": 25,
      "accuracy": 0.52
    },
    {
      "benchmark": "bbeh",
      "task": "bbeh_multistep_arithmetic",
      "correct": 0,
      "total": 25,
      "accuracy": 0.0
    },
    {
      "benchmark": "bbeh",
      "task": "bbeh_nycc",
      "correct": 4,
      "total": 25,
      "accuracy": 0.16
    },
    {
      "benchmark": "bbeh",
      "task": "bbeh_object_counting",
      "correct": 0,
      "total": 25,
      "accuracy": 0.0
    },
    {
      "benchmark": "bbeh",
      "task": "bbeh_object_properties",
      "correct": 0,
      "total": 25,
      "accuracy": 0.0
    },
    {
      "benchmark": "bbeh",
      "task": "bbeh_sarc_triples",
      "correct": 3,
      "total": 25,
      "accuracy": 0.12
    },
    {
      "benchmark": "bbeh",
      "task": "bbeh_shuffled_objects",
      "correct": 1,
      "total": 25,
      "accuracy": 0.04
    },
    {
      "benchmark": "bbeh",
      "task": "bbeh_spatial_reasoning",
      "correct": 0,
      "total": 25,
      "accuracy": 0.0
    },
    {
      "benchmark": "bbeh",
      "task": "bbeh_sportqa",
      "correct": 2,
      "total": 25,
      "accuracy": 0.08
    },
    {
      "benchmark": "bbeh",
      "task": "bbeh_temporal_sequence",
      "correct": 0,
      "total": 25,
      "accuracy": 0.0
    },
    {
      "benchmark": "bbeh",
      "task": "bbeh_time_arithmetic",
      "correct": 0,
      "total": 25,
      "accuracy": 0.0
    },
    {
      "benchmark": "bbeh",
      "task": "bbeh_web_of_lies",
      "correct": 1,
      "total": 25,
      "accuracy": 0.04
    },
    {
      "benchmark": "bbeh",
      "task": "bbeh_word_sorting",
      "correct": 0,
      "total": 25,
      "accuracy": 0.0
    },
    {
      "benchmark": "bbeh",
      "task": "bbeh_zebra_puzzles",
      "correct": 5,
      "total": 25,
      "accuracy": 0.2
    },
    {
      "benchmark": "bbh",
      "task": "boolean_expressions",
      "correct": 16,
      "total": 25,
      "accuracy": 0.64
    },
    {
      "benchmark": "bbh",
      "task": "causal_judgement",
      "correct": 14,
      "total": 25,
      "accuracy": 0.56
    },
    {
      "benchmark": "bbh",
      "task": "date_understanding",
      "correct": 15,
      "total": 25,
      "accuracy": 0.6
    },
    {
      "benchmark": "bbh",
      "task": "disambiguation_qa",
      "correct": 13,
      "total": 25,
      "accuracy": 0.52
    },
    {
      "benchmark": "bbh",
      "task": "dyck_languages",
      "correct": 5,
      "total": 25,
      "accuracy": 0.2
    },
    {
      "benchmark": "bbh",
      "task": "formal_fallacies",
      "correct": 15,
      "total": 25,
      "accuracy": 0.6
    },
    {
      "benchmark": "bbh",
      "task": "geometric_shapes",
      "correct": 8,
      "total": 25,
      "accuracy": 0.32
    },
    {
      "benchmark": "bbh",
      "task": "hyperbaton",
      "correct": 22,
      "total": 25,
      "accuracy": 0.88
    },
    {
      "benchmark": "bbh",
      "task": "logical_deduction_five_objects",
      "correct": 15,
      "total": 25,
      "accuracy": 0.6
    },
    {
      "benchmark": "bbh",
      "task": "logical_deduction_seven_objects",
      "correct": 14,
      "total": 25,
      "accuracy": 0.56
    },
    {
      "benchmark": "bbh",
      "task": "logical_deduction_three_objects",
      "correct": 22,
      "total": 25,
      "accuracy": 0.88
    },
    {
      "benchmark": "bbh",
      "task": "movie_recommendation",
      "correct": 18,
      "total": 25,
      "accuracy": 0.72
    },
    {
      "benchmark": "bbh",
      "task": "multistep_arithmetic_two",
      "correct": 0,
      "total": 25,
      "accuracy": 0.0
    },
    {
      "benchmark": "bbh",
      "task": "navigate",
      "correct": 16,
      "total": 25,
      "accuracy": 0.64
    },
    {
      "benchmark": "bbh",
      "task": "object_counting",
      "correct": 8,
      "total": 25,
      "accuracy": 0.32
    },
    {
      "benchmark": "bbh",
      "task": "penguins_in_a_table",
      "correct": 14,
      "total": 25,
      "accuracy": 0.56
    },
    {
      "benchmark": "bbh",
      "task": "reasoning_about_colored_objects",
      "correct": 18,
      "total": 25,
      "accuracy": 0.72
    },
    {
      "benchmark": "bbh",
      "task": "ruin_names",
      "correct": 15,
      "total": 25,
      "accuracy": 0.6
    },
    {
      "benchmark": "bbh",
      "task": "salient_translation_error_detection",
      "correct": 15,
      "total": 25,
      "accuracy": 0.6
    },
    {
      "benchmark": "bbh",
      "task": "snarks",
      "correct": 19,
      "total": 25,
      "accuracy": 0.76
    },
    {
      "benchmark": "bbh",
      "task": "sports_understanding",
      "correct": 12,
      "total": 25,
      "accuracy": 0.48
    },
    {
      "benchmark": "bbh",
      "task": "temporal_sequences",
      "correct": 25,
      "total": 25,
      "accuracy": 1.0
    },
    {
      "benchmark": "bbh",
      "task": "tracking_shuffled_objects_five_objects",
      "correct": 3,
      "total": 25,
      "accuracy": 0.12
    },
    {
      "benchmark": "bbh",
      "task": "tracking_shuffled_objects_seven_objects",
      "correct": 0,
      "total": 25,
      "accuracy": 0.0
    },
    {
      "benchmark": "bbh",
      "task": "tracking_shuffled_objects_three_objects",
      "correct": 7,
      "total": 25,
      "accuracy": 0.28
    },
    {
      "benchmark": "bbh",
      "task": "web_of_lies",
      "correct": 2,
      "total": 25,
      "accuracy": 0.08
    },
    {
      "benchmark": "bbh",
      "task": "word_sorting",
      "correct": 6,
      "total": 25,
      "accuracy": 0.24
    },
    {
      "benchmark": "usr",
      "task": "shifted_unpuzzles/original",
      "correct": 11,
      "total": 25,
      "accuracy": 0.44
    },
    {
      "benchmark": "usr",
      "task": "shifted_unpuzzles/shifted",
      "correct": 5,
      "total": 25,
      "accuracy": 0.2
    },
    {
      "benchmark": "usr",
      "task": "shifted_unpuzzles/unpuzzle",
      "correct": 1,
      "total": 25,
      "accuracy": 0.04
    },
    {
      "benchmark": "usr",
      "task": "simple_reasoning/char_ct",
      "correct": 0,
      "total": 25,
      "accuracy": 0.0
    },
    {
      "benchmark": "usr",
      "task": "simple_reasoning/logic_ev",
      "correct": 0,
      "total": 25,
      "accuracy": 0.0
    },
    {
      "benchmark": "usr",
      "task": "simple_reasoning/logic_neg",
      "correct": 0,
      "total": 25,
      "accuracy": 0.0
    },
    {
      "benchmark": "usr",
      "task": "simple_reasoning/mathgap",
      "correct": 0,
      "total": 25,
      "accuracy": 0.0
    },
    {
      "benchmark": "usr",
      "task": "simple_reasoning/word_ct",
      "correct": 15,
      "total": 25,
      "accuracy": 0.6
    },
    {
      "benchmark": "usr",
      "task": "unpuzzles/original",
      "correct": 10,
      "total": 25,
      "accuracy": 0.4
    },
    {
      "benchmark": "usr",
      "task": "unpuzzles/unpuzzle",
      "correct": 4,
      "total": 25,
      "accuracy": 0.16
    }
  ]
}
