25/2990 correct=13 acc=0.520
50/2990 correct=27 acc=0.540
75/2990 correct=27 acc=0.360
100/2990 correct=28 acc=0.280
125/2990 correct=28 acc=0.224
150/2990 correct=29 acc=0.193
175/2990 correct=31 acc=0.177
200/2990 correct=33 acc=0.165
225/2990 correct=33 acc=0.147
250/2990 correct=33 acc=0.132
275/2990 correct=33 acc=0.120
300/2990 correct=33 acc=0.110
325/2990 correct=33 acc=0.102
350/2990 correct=33 acc=0.094
375/2990 correct=33 acc=0.088
400/2990 correct=33 acc=0.083
425/2990 correct=33 acc=0.078
450/2990 correct=33 acc=0.073
475/2990 correct=33 acc=0.069
500/2990 correct=33 acc=0.066
525/2990 correct=34 acc=0.065
550/2990 correct=34 acc=0.062
575/2990 correct=34 acc=0.059
600/2990 correct=34 acc=0.057
625/2990 correct=34 acc=0.054
650/2990 correct=34 acc=0.052
675/2990 correct=35 acc=0.052
700/2990 correct=38 acc=0.054
725/2990 correct=52 acc=0.072
750/2990 correct=68 acc=0.091
775/2990 correct=72 acc=0.093
800/2990 correct=73 acc=0.091
825/2990 correct=78 acc=0.095
850/2990 correct=88 acc=0.104
875/2990 correct=88 acc=0.101
900/2990 correct=88 acc=0.098
925/2990 correct=88 acc=0.095
950/2990 correct=88 acc=0.093
975/2990 correct=88 acc=0.090
1000/2990 correct=88 acc=0.088
1025/2990 correct=88 acc=0.086
1050/2990 correct=90 acc=0.086
1075/2990 correct=90 acc=0.084
1100/2990 correct=90 acc=0.082
1125/2990 correct=90 acc=0.080
1150/2990 correct=90 acc=0.078
1175/2990 correct=90 acc=0.077
1200/2990 correct=90 acc=0.075
1225/2990 correct=91 acc=0.074
1250/2990 correct=91 acc=0.073
1275/2990 correct=91 acc=0.071
1300/2990 correct=91 acc=0.070
1325/2990 correct=94 acc=0.071
1350/2990 correct=98 acc=0.073
1375/2990 correct=98 acc=0.071
1400/2990 correct=98 acc=0.070
1425/2990 correct=98 acc=0.069
1450/2990 correct=98 acc=0.068
1475/2990 correct=98 acc=0.066
1500/2990 correct=98 acc=0.065
1525/2990 correct=98 acc=0.064
1550/2990 correct=98 acc=0.063
1575/2990 correct=98 acc=0.062
1600/2990 correct=98 acc=0.061
1625/2990 correct=98 acc=0.060
1650/2990 correct=98 acc=0.059
1675/2990 correct=98 acc=0.059
1700/2990 correct=98 acc=0.058
1725/2990 correct=98 acc=0.057
1750/2990 correct=98 acc=0.056
1775/2990 correct=98 acc=0.055
1800/2990 correct=98 acc=0.054
1825/2990 correct=98 acc=0.054
1850/2990 correct=98 acc=0.053
1875/2990 correct=98 acc=0.052
1900/2990 correct=98 acc=0.052
1925/2990 correct=98 acc=0.051
1950/2990 correct=98 acc=0.050
1975/2990 correct=98 acc=0.050
2000/2990 correct=98 acc=0.049
2025/2990 correct=98 acc=0.048
2050/2990 correct=98 acc=0.048
2075/2990 correct=98 acc=0.047
2100/2990 correct=98 acc=0.047
2125/2990 correct=98 acc=0.046
2150/2990 correct=98 acc=0.046
2175/2990 correct=98 acc=0.045
2200/2990 correct=98 acc=0.045
2225/2990 correct=98 acc=0.044
2250/2990 correct=98 acc=0.044
2275/2990 correct=98 acc=0.043
2300/2990 correct=98 acc=0.043
2325/2990 correct=98 acc=0.042
2350/2990 correct=98 acc=0.042
2375/2990 correct=98 acc=0.041
2400/2990 correct=98 acc=0.041
2425/2990 correct=98 acc=0.040
2450/2990 correct=98 acc=0.040
2475/2990 correct=98 acc=0.040
2500/2990 correct=99 acc=0.040
2525/2990 correct=99 acc=0.039
2550/2990 correct=100 acc=0.039
2575/2990 correct=100 acc=0.039
2600/2990 correct=100 acc=0.038
2625/2990 correct=100 acc=0.038
2650/2990 correct=100 acc=0.038
2675/2990 correct=100 acc=0.037
2700/2990 correct=100 acc=0.037
2725/2990 correct=100 acc=0.037
2750/2990 correct=100 acc=0.036
2775/2990 correct=102 acc=0.037
2800/2990 correct=102 acc=0.036
2825/2990 correct=103 acc=0.036
2850/2990 correct=103 acc=0.036
2875/2990 correct=103 acc=0.036
2900/2990 correct=105 acc=0.036
2925/2990 correct=107 acc=0.037
2950/2990 correct=107 acc=0.036
2975/2990 correct=107 acc=0.036
2990/2990 correct=107 acc=0.036
{
  "started_at": "2026-07-10T08:39:27.087453+00:00",
  "finished_at": "2026-07-10T09:10:17.028658+00:00",
  "base_url": "http://127.0.0.1:8888/v1",
  "model": "SubTokenLLM",
  "prompt_strategy": "least_to_most",
  "prompt_strategy_description": "Decompose into simpler subproblems and solve them in dependency order.",
  "prompt_template": "{input}\n\nBreak the problem into the smallest useful subproblems. Solve them from simplest to hardest, carrying each result forward exactly once.\nEnd with exactly one line in this format: The final answer is: <answer>",
  "self_consistency_k": 1,
  "response_selection": "majority_vote",
  "selection_max_tokens": 64,
  "system_messages_sent": 0,
  "request_message_shape": [
    {
      "role": "user",
      "content": "<benchmark prompt>"
    }
  ],
  "limit_per_task": 50,
  "skip_per_task": 0,
  "parallel": 8,
  "max_tokens": 256,
  "temperature": 0.0,
  "seed": 20260709,
  "benchmarks": [
    {
      "benchmark": "bbeh",
      "correct": 1,
      "total": 1150,
      "micro_accuracy": 0.0008695652173913044,
      "macro_accuracy": 0.0008695652173913044,
      "harmonic_task_accuracy": 0.0,
      "tasks": 23
    },
    {
      "benchmark": "bbh",
      "correct": 98,
      "total": 1350,
      "micro_accuracy": 0.0725925925925926,
      "macro_accuracy": 0.0725925925925926,
      "harmonic_task_accuracy": 0.0,
      "tasks": 27
    },
    {
      "benchmark": "usr",
      "correct": 8,
      "total": 490,
      "micro_accuracy": 0.0163265306122449,
      "macro_accuracy": 0.016,
      "harmonic_task_accuracy": 0.0,
      "tasks": 10
    }
  ],
  "tasks": [
    {
      "benchmark": "bbeh",
      "task": "bbeh_boardgame_qa",
      "correct": 0,
      "total": 50,
      "accuracy": 0.0
    },
    {
      "benchmark": "bbeh",
      "task": "bbeh_boolean_expressions",
      "correct": 0,
      "total": 50,
      "accuracy": 0.0
    },
    {
      "benchmark": "bbeh",
      "task": "bbeh_buggy_tables",
      "correct": 0,
      "total": 50,
      "accuracy": 0.0
    },
    {
      "benchmark": "bbeh",
      "task": "bbeh_causal_understanding",
      "correct": 0,
      "total": 50,
      "accuracy": 0.0
    },
    {
      "benchmark": "bbeh",
      "task": "bbeh_disambiguation_qa",
      "correct": 0,
      "total": 50,
      "accuracy": 0.0
    },
    {
      "benchmark": "bbeh",
      "task": "bbeh_dyck_languages",
      "correct": 0,
      "total": 50,
      "accuracy": 0.0
    },
    {
      "benchmark": "bbeh",
      "task": "bbeh_geometric_shapes",
      "correct": 0,
      "total": 50,
      "accuracy": 0.0
    },
    {
      "benchmark": "bbeh",
      "task": "bbeh_hyperbaton",
      "correct": 0,
      "total": 50,
      "accuracy": 0.0
    },
    {
      "benchmark": "bbeh",
      "task": "bbeh_linguini",
      "correct": 0,
      "total": 50,
      "accuracy": 0.0
    },
    {
      "benchmark": "bbeh",
      "task": "bbeh_movie_recommendation",
      "correct": 0,
      "total": 50,
      "accuracy": 0.0
    },
    {
      "benchmark": "bbeh",
      "task": "bbeh_multistep_arithmetic",
      "correct": 0,
      "total": 50,
      "accuracy": 0.0
    },
    {
      "benchmark": "bbeh",
      "task": "bbeh_nycc",
      "correct": 0,
      "total": 50,
      "accuracy": 0.0
    },
    {
      "benchmark": "bbeh",
      "task": "bbeh_object_counting",
      "correct": 0,
      "total": 50,
      "accuracy": 0.0
    },
    {
      "benchmark": "bbeh",
      "task": "bbeh_object_properties",
      "correct": 0,
      "total": 50,
      "accuracy": 0.0
    },
    {
      "benchmark": "bbeh",
      "task": "bbeh_sarc_triples",
      "correct": 0,
      "total": 50,
      "accuracy": 0.0
    },
    {
      "benchmark": "bbeh",
      "task": "bbeh_shuffled_objects",
      "correct": 0,
      "total": 50,
      "accuracy": 0.0
    },
    {
      "benchmark": "bbeh",
      "task": "bbeh_spatial_reasoning",
      "correct": 0,
      "total": 50,
      "accuracy": 0.0
    },
    {
      "benchmark": "bbeh",
      "task": "bbeh_sportqa",
      "correct": 0,
      "total": 50,
      "accuracy": 0.0
    },
    {
      "benchmark": "bbeh",
      "task": "bbeh_temporal_sequence",
      "correct": 0,
      "total": 50,
      "accuracy": 0.0
    },
    {
      "benchmark": "bbeh",
      "task": "bbeh_time_arithmetic",
      "correct": 0,
      "total": 50,
      "accuracy": 0.0
    },
    {
      "benchmark": "bbeh",
      "task": "bbeh_web_of_lies",
      "correct": 0,
      "total": 50,
      "accuracy": 0.0
    },
    {
      "benchmark": "bbeh",
      "task": "bbeh_word_sorting",
      "correct": 0,
      "total": 50,
      "accuracy": 0.0
    },
    {
      "benchmark": "bbeh",
      "task": "bbeh_zebra_puzzles",
      "correct": 1,
      "total": 50,
      "accuracy": 0.02
    },
    {
      "benchmark": "bbh",
      "task": "boolean_expressions",
      "correct": 27,
      "total": 50,
      "accuracy": 0.54
    },
    {
      "benchmark": "bbh",
      "task": "causal_judgement",
      "correct": 1,
      "total": 50,
      "accuracy": 0.02
    },
    {
      "benchmark": "bbh",
      "task": "date_understanding",
      "correct": 0,
      "total": 50,
      "accuracy": 0.0
    },
    {
      "benchmark": "bbh",
      "task": "disambiguation_qa",
      "correct": 5,
      "total": 50,
      "accuracy": 0.1
    },
    {
      "benchmark": "bbh",
      "task": "dyck_languages",
      "correct": 0,
      "total": 50,
      "accuracy": 0.0
    },
    {
      "benchmark": "bbh",
      "task": "formal_fallacies",
      "correct": 0,
      "total": 50,
      "accuracy": 0.0
    },
    {
      "benchmark": "bbh",
      "task": "geometric_shapes",
      "correct": 0,
      "total": 50,
      "accuracy": 0.0
    },
    {
      "benchmark": "bbh",
      "task": "hyperbaton",
      "correct": 0,
      "total": 50,
      "accuracy": 0.0
    },
    {
      "benchmark": "bbh",
      "task": "logical_deduction_five_objects",
      "correct": 0,
      "total": 50,
      "accuracy": 0.0
    },
    {
      "benchmark": "bbh",
      "task": "logical_deduction_seven_objects",
      "correct": 0,
      "total": 50,
      "accuracy": 0.0
    },
    {
      "benchmark": "bbh",
      "task": "logical_deduction_three_objects",
      "correct": 1,
      "total": 50,
      "accuracy": 0.02
    },
    {
      "benchmark": "bbh",
      "task": "movie_recommendation",
      "correct": 0,
      "total": 50,
      "accuracy": 0.0
    },
    {
      "benchmark": "bbh",
      "task": "multistep_arithmetic_two",
      "correct": 0,
      "total": 50,
      "accuracy": 0.0
    },
    {
      "benchmark": "bbh",
      "task": "navigate",
      "correct": 2,
      "total": 50,
      "accuracy": 0.04
    },
    {
      "benchmark": "bbh",
      "task": "object_counting",
      "correct": 32,
      "total": 50,
      "accuracy": 0.64
    },
    {
      "benchmark": "bbh",
      "task": "penguins_in_a_table",
      "correct": 5,
      "total": 50,
      "accuracy": 0.1
    },
    {
      "benchmark": "bbh",
      "task": "reasoning_about_colored_objects",
      "correct": 15,
      "total": 50,
      "accuracy": 0.3
    },
    {
      "benchmark": "bbh",
      "task": "ruin_names",
      "correct": 0,
      "total": 50,
      "accuracy": 0.0
    },
    {
      "benchmark": "bbh",
      "task": "salient_translation_error_detection",
      "correct": 0,
      "total": 50,
      "accuracy": 0.0
    },
    {
      "benchmark": "bbh",
      "task": "snarks",
      "correct": 0,
      "total": 50,
      "accuracy": 0.0
    },
    {
      "benchmark": "bbh",
      "task": "sports_understanding",
      "correct": 2,
      "total": 50,
      "accuracy": 0.04
    },
    {
      "benchmark": "bbh",
      "task": "temporal_sequences",
      "correct": 0,
      "total": 50,
      "accuracy": 0.0
    },
    {
      "benchmark": "bbh",
      "task": "tracking_shuffled_objects_five_objects",
      "correct": 0,
      "total": 50,
      "accuracy": 0.0
    },
    {
      "benchmark": "bbh",
      "task": "tracking_shuffled_objects_seven_objects",
      "correct": 0,
      "total": 50,
      "accuracy": 0.0
    },
    {
      "benchmark": "bbh",
      "task": "tracking_shuffled_objects_three_objects",
      "correct": 1,
      "total": 50,
      "accuracy": 0.02
    },
    {
      "benchmark": "bbh",
      "task": "web_of_lies",
      "correct": 0,
      "total": 50,
      "accuracy": 0.0
    },
    {
      "benchmark": "bbh",
      "task": "word_sorting",
      "correct": 7,
      "total": 50,
      "accuracy": 0.14
    },
    {
      "benchmark": "usr",
      "task": "shifted_unpuzzles/original",
      "correct": 1,
      "total": 50,
      "accuracy": 0.02
    },
    {
      "benchmark": "usr",
      "task": "shifted_unpuzzles/shifted",
      "correct": 1,
      "total": 50,
      "accuracy": 0.02
    },
    {
      "benchmark": "usr",
      "task": "shifted_unpuzzles/unpuzzle",
      "correct": 2,
      "total": 50,
      "accuracy": 0.04
    },
    {
      "benchmark": "usr",
      "task": "simple_reasoning/char_ct",
      "correct": 0,
      "total": 40,
      "accuracy": 0.0
    },
    {
      "benchmark": "usr",
      "task": "simple_reasoning/logic_ev",
      "correct": 0,
      "total": 50,
      "accuracy": 0.0
    },
    {
      "benchmark": "usr",
      "task": "simple_reasoning/logic_neg",
      "correct": 0,
      "total": 50,
      "accuracy": 0.0
    },
    {
      "benchmark": "usr",
      "task": "simple_reasoning/mathgap",
      "correct": 0,
      "total": 50,
      "accuracy": 0.0
    },
    {
      "benchmark": "usr",
      "task": "simple_reasoning/word_ct",
      "correct": 1,
      "total": 50,
      "accuracy": 0.02
    },
    {
      "benchmark": "usr",
      "task": "unpuzzles/original",
      "correct": 1,
      "total": 50,
      "accuracy": 0.02
    },
    {
      "benchmark": "usr",
      "task": "unpuzzles/unpuzzle",
      "correct": 2,
      "total": 50,
      "accuracy": 0.04
    }
  ]
}
