25/2990 correct=11 acc=0.440
50/2990 correct=23 acc=0.460
75/2990 correct=26 acc=0.347
100/2990 correct=27 acc=0.270
125/2990 correct=30 acc=0.240
150/2990 correct=33 acc=0.220
175/2990 correct=38 acc=0.217
200/2990 correct=42 acc=0.210
225/2990 correct=42 acc=0.187
250/2990 correct=42 acc=0.168
275/2990 correct=42 acc=0.153
300/2990 correct=43 acc=0.143
325/2990 correct=43 acc=0.132
350/2990 correct=44 acc=0.126
375/2990 correct=48 acc=0.128
400/2990 correct=51 acc=0.128
425/2990 correct=51 acc=0.120
450/2990 correct=51 acc=0.113
475/2990 correct=51 acc=0.107
500/2990 correct=51 acc=0.102
525/2990 correct=56 acc=0.107
550/2990 correct=60 acc=0.109
575/2990 correct=60 acc=0.104
600/2990 correct=60 acc=0.100
625/2990 correct=60 acc=0.096
650/2990 correct=60 acc=0.092
675/2990 correct=62 acc=0.092
700/2990 correct=70 acc=0.100
725/2990 correct=92 acc=0.127
750/2990 correct=114 acc=0.152
775/2990 correct=122 acc=0.157
800/2990 correct=138 acc=0.172
825/2990 correct=156 acc=0.189
850/2990 correct=176 acc=0.207
875/2990 correct=177 acc=0.202
900/2990 correct=179 acc=0.199
925/2990 correct=182 acc=0.197
950/2990 correct=184 acc=0.194
975/2990 correct=192 acc=0.197
1000/2990 correct=199 acc=0.199
1025/2990 correct=202 acc=0.197
1050/2990 correct=204 acc=0.194
1075/2990 correct=204 acc=0.190
1100/2990 correct=204 acc=0.185
1125/2990 correct=204 acc=0.181
1150/2990 correct=205 acc=0.178
1175/2990 correct=205 acc=0.174
1200/2990 correct=205 acc=0.171
1225/2990 correct=210 acc=0.171
1250/2990 correct=223 acc=0.178
1275/2990 correct=225 acc=0.176
1300/2990 correct=226 acc=0.174
1325/2990 correct=234 acc=0.177
1350/2990 correct=240 acc=0.178
1375/2990 correct=240 acc=0.175
1400/2990 correct=240 acc=0.171
1425/2990 correct=240 acc=0.168
1450/2990 correct=240 acc=0.166
1475/2990 correct=240 acc=0.163
1500/2990 correct=240 acc=0.160
1525/2990 correct=240 acc=0.157
1550/2990 correct=241 acc=0.155
1575/2990 correct=241 acc=0.153
1600/2990 correct=241 acc=0.151
1625/2990 correct=241 acc=0.148
1650/2990 correct=241 acc=0.146
1675/2990 correct=241 acc=0.144
1700/2990 correct=241 acc=0.142
1725/2990 correct=241 acc=0.140
1750/2990 correct=241 acc=0.138
1775/2990 correct=241 acc=0.136
1800/2990 correct=241 acc=0.134
1825/2990 correct=241 acc=0.132
1850/2990 correct=241 acc=0.130
1875/2990 correct=241 acc=0.129
1900/2990 correct=241 acc=0.127
1925/2990 correct=241 acc=0.125
1950/2990 correct=241 acc=0.124
1975/2990 correct=241 acc=0.122
2000/2990 correct=241 acc=0.120
2025/2990 correct=241 acc=0.119
2050/2990 correct=241 acc=0.118
2075/2990 correct=241 acc=0.116
2100/2990 correct=241 acc=0.115
2125/2990 correct=241 acc=0.113
2150/2990 correct=241 acc=0.112
2175/2990 correct=241 acc=0.111
2200/2990 correct=241 acc=0.110
2225/2990 correct=241 acc=0.108
2250/2990 correct=241 acc=0.107
2275/2990 correct=241 acc=0.106
2300/2990 correct=241 acc=0.105
2325/2990 correct=241 acc=0.104
2350/2990 correct=241 acc=0.103
2375/2990 correct=241 acc=0.101
2400/2990 correct=241 acc=0.100
2425/2990 correct=241 acc=0.099
2450/2990 correct=241 acc=0.098
2475/2990 correct=242 acc=0.098
2500/2990 correct=242 acc=0.097
2525/2990 correct=242 acc=0.096
2550/2990 correct=243 acc=0.095
2575/2990 correct=244 acc=0.095
2600/2990 correct=244 acc=0.094
2625/2990 correct=244 acc=0.093
2650/2990 correct=244 acc=0.092
2675/2990 correct=244 acc=0.091
2700/2990 correct=244 acc=0.090
2725/2990 correct=244 acc=0.090
2750/2990 correct=244 acc=0.089
2775/2990 correct=246 acc=0.089
2800/2990 correct=246 acc=0.088
2825/2990 correct=247 acc=0.087
2850/2990 correct=247 acc=0.087
2875/2990 correct=247 acc=0.086
2900/2990 correct=250 acc=0.086
2925/2990 correct=253 acc=0.086
2950/2990 correct=254 acc=0.086
2975/2990 correct=254 acc=0.085
2990/2990 correct=254 acc=0.085
{
  "started_at": "2026-07-10T06:39:00.912679+00:00",
  "finished_at": "2026-07-10T07:09:24.526894+00:00",
  "base_url": "http://127.0.0.1:8888/v1",
  "model": "SubTokenLLM",
  "prompt_strategy": "step_back",
  "prompt_strategy_description": "Step-back prompting: identify the general rule/principle, then answer.",
  "prompt_template": "{input}\n\nStep back and identify the general rule, pattern, or principle needed. Then apply it to this specific problem.\nEnd with exactly one line in this format: The final answer is: <answer>",
  "self_consistency_k": 1,
  "response_selection": "majority_vote",
  "selection_max_tokens": 64,
  "system_messages_sent": 0,
  "request_message_shape": [
    {
      "role": "user",
      "content": "<benchmark prompt>"
    }
  ],
  "limit_per_task": 50,
  "skip_per_task": 0,
  "parallel": 8,
  "max_tokens": 256,
  "temperature": 0.0,
  "seed": 20260709,
  "benchmarks": [
    {
      "benchmark": "bbeh",
      "correct": 2,
      "total": 1150,
      "micro_accuracy": 0.0017391304347826088,
      "macro_accuracy": 0.0017391304347826088,
      "harmonic_task_accuracy": 0.0,
      "tasks": 23
    },
    {
      "benchmark": "bbh",
      "correct": 240,
      "total": 1350,
      "micro_accuracy": 0.17777777777777778,
      "macro_accuracy": 0.17777777777777778,
      "harmonic_task_accuracy": 0.0,
      "tasks": 27
    },
    {
      "benchmark": "usr",
      "correct": 12,
      "total": 490,
      "micro_accuracy": 0.024489795918367346,
      "macro_accuracy": 0.024,
      "harmonic_task_accuracy": 0.0,
      "tasks": 10
    }
  ],
  "tasks": [
    {
      "benchmark": "bbeh",
      "task": "bbeh_boardgame_qa",
      "correct": 0,
      "total": 50,
      "accuracy": 0.0
    },
    {
      "benchmark": "bbeh",
      "task": "bbeh_boolean_expressions",
      "correct": 0,
      "total": 50,
      "accuracy": 0.0
    },
    {
      "benchmark": "bbeh",
      "task": "bbeh_buggy_tables",
      "correct": 0,
      "total": 50,
      "accuracy": 0.0
    },
    {
      "benchmark": "bbeh",
      "task": "bbeh_causal_understanding",
      "correct": 1,
      "total": 50,
      "accuracy": 0.02
    },
    {
      "benchmark": "bbeh",
      "task": "bbeh_disambiguation_qa",
      "correct": 0,
      "total": 50,
      "accuracy": 0.0
    },
    {
      "benchmark": "bbeh",
      "task": "bbeh_dyck_languages",
      "correct": 0,
      "total": 50,
      "accuracy": 0.0
    },
    {
      "benchmark": "bbeh",
      "task": "bbeh_geometric_shapes",
      "correct": 0,
      "total": 50,
      "accuracy": 0.0
    },
    {
      "benchmark": "bbeh",
      "task": "bbeh_hyperbaton",
      "correct": 0,
      "total": 50,
      "accuracy": 0.0
    },
    {
      "benchmark": "bbeh",
      "task": "bbeh_linguini",
      "correct": 0,
      "total": 50,
      "accuracy": 0.0
    },
    {
      "benchmark": "bbeh",
      "task": "bbeh_movie_recommendation",
      "correct": 0,
      "total": 50,
      "accuracy": 0.0
    },
    {
      "benchmark": "bbeh",
      "task": "bbeh_multistep_arithmetic",
      "correct": 0,
      "total": 50,
      "accuracy": 0.0
    },
    {
      "benchmark": "bbeh",
      "task": "bbeh_nycc",
      "correct": 0,
      "total": 50,
      "accuracy": 0.0
    },
    {
      "benchmark": "bbeh",
      "task": "bbeh_object_counting",
      "correct": 0,
      "total": 50,
      "accuracy": 0.0
    },
    {
      "benchmark": "bbeh",
      "task": "bbeh_object_properties",
      "correct": 0,
      "total": 50,
      "accuracy": 0.0
    },
    {
      "benchmark": "bbeh",
      "task": "bbeh_sarc_triples",
      "correct": 0,
      "total": 50,
      "accuracy": 0.0
    },
    {
      "benchmark": "bbeh",
      "task": "bbeh_shuffled_objects",
      "correct": 0,
      "total": 50,
      "accuracy": 0.0
    },
    {
      "benchmark": "bbeh",
      "task": "bbeh_spatial_reasoning",
      "correct": 0,
      "total": 50,
      "accuracy": 0.0
    },
    {
      "benchmark": "bbeh",
      "task": "bbeh_sportqa",
      "correct": 0,
      "total": 50,
      "accuracy": 0.0
    },
    {
      "benchmark": "bbeh",
      "task": "bbeh_temporal_sequence",
      "correct": 0,
      "total": 50,
      "accuracy": 0.0
    },
    {
      "benchmark": "bbeh",
      "task": "bbeh_time_arithmetic",
      "correct": 0,
      "total": 50,
      "accuracy": 0.0
    },
    {
      "benchmark": "bbeh",
      "task": "bbeh_web_of_lies",
      "correct": 0,
      "total": 50,
      "accuracy": 0.0
    },
    {
      "benchmark": "bbeh",
      "task": "bbeh_word_sorting",
      "correct": 0,
      "total": 50,
      "accuracy": 0.0
    },
    {
      "benchmark": "bbeh",
      "task": "bbeh_zebra_puzzles",
      "correct": 1,
      "total": 50,
      "accuracy": 0.02
    },
    {
      "benchmark": "bbh",
      "task": "boolean_expressions",
      "correct": 23,
      "total": 50,
      "accuracy": 0.46
    },
    {
      "benchmark": "bbh",
      "task": "causal_judgement",
      "correct": 4,
      "total": 50,
      "accuracy": 0.08
    },
    {
      "benchmark": "bbh",
      "task": "date_understanding",
      "correct": 5,
      "total": 50,
      "accuracy": 0.1
    },
    {
      "benchmark": "bbh",
      "task": "disambiguation_qa",
      "correct": 10,
      "total": 50,
      "accuracy": 0.2
    },
    {
      "benchmark": "bbh",
      "task": "dyck_languages",
      "correct": 0,
      "total": 50,
      "accuracy": 0.0
    },
    {
      "benchmark": "bbh",
      "task": "formal_fallacies",
      "correct": 1,
      "total": 50,
      "accuracy": 0.02
    },
    {
      "benchmark": "bbh",
      "task": "geometric_shapes",
      "correct": 0,
      "total": 50,
      "accuracy": 0.0
    },
    {
      "benchmark": "bbh",
      "task": "hyperbaton",
      "correct": 8,
      "total": 50,
      "accuracy": 0.16
    },
    {
      "benchmark": "bbh",
      "task": "logical_deduction_five_objects",
      "correct": 0,
      "total": 50,
      "accuracy": 0.0
    },
    {
      "benchmark": "bbh",
      "task": "logical_deduction_seven_objects",
      "correct": 0,
      "total": 50,
      "accuracy": 0.0
    },
    {
      "benchmark": "bbh",
      "task": "logical_deduction_three_objects",
      "correct": 9,
      "total": 50,
      "accuracy": 0.18
    },
    {
      "benchmark": "bbh",
      "task": "movie_recommendation",
      "correct": 0,
      "total": 50,
      "accuracy": 0.0
    },
    {
      "benchmark": "bbh",
      "task": "multistep_arithmetic_two",
      "correct": 0,
      "total": 50,
      "accuracy": 0.0
    },
    {
      "benchmark": "bbh",
      "task": "navigate",
      "correct": 7,
      "total": 50,
      "accuracy": 0.14
    },
    {
      "benchmark": "bbh",
      "task": "object_counting",
      "correct": 47,
      "total": 50,
      "accuracy": 0.94
    },
    {
      "benchmark": "bbh",
      "task": "penguins_in_a_table",
      "correct": 24,
      "total": 50,
      "accuracy": 0.48
    },
    {
      "benchmark": "bbh",
      "task": "reasoning_about_colored_objects",
      "correct": 37,
      "total": 50,
      "accuracy": 0.74
    },
    {
      "benchmark": "bbh",
      "task": "ruin_names",
      "correct": 4,
      "total": 50,
      "accuracy": 0.08
    },
    {
      "benchmark": "bbh",
      "task": "salient_translation_error_detection",
      "correct": 5,
      "total": 50,
      "accuracy": 0.1
    },
    {
      "benchmark": "bbh",
      "task": "snarks",
      "correct": 15,
      "total": 50,
      "accuracy": 0.3
    },
    {
      "benchmark": "bbh",
      "task": "sports_understanding",
      "correct": 5,
      "total": 50,
      "accuracy": 0.1
    },
    {
      "benchmark": "bbh",
      "task": "temporal_sequences",
      "correct": 0,
      "total": 50,
      "accuracy": 0.0
    },
    {
      "benchmark": "bbh",
      "task": "tracking_shuffled_objects_five_objects",
      "correct": 1,
      "total": 50,
      "accuracy": 0.02
    },
    {
      "benchmark": "bbh",
      "task": "tracking_shuffled_objects_seven_objects",
      "correct": 0,
      "total": 50,
      "accuracy": 0.0
    },
    {
      "benchmark": "bbh",
      "task": "tracking_shuffled_objects_three_objects",
      "correct": 18,
      "total": 50,
      "accuracy": 0.36
    },
    {
      "benchmark": "bbh",
      "task": "web_of_lies",
      "correct": 2,
      "total": 50,
      "accuracy": 0.04
    },
    {
      "benchmark": "bbh",
      "task": "word_sorting",
      "correct": 15,
      "total": 50,
      "accuracy": 0.3
    },
    {
      "benchmark": "usr",
      "task": "shifted_unpuzzles/original",
      "correct": 1,
      "total": 50,
      "accuracy": 0.02
    },
    {
      "benchmark": "usr",
      "task": "shifted_unpuzzles/shifted",
      "correct": 4,
      "total": 50,
      "accuracy": 0.08
    },
    {
      "benchmark": "usr",
      "task": "shifted_unpuzzles/unpuzzle",
      "correct": 2,
      "total": 50,
      "accuracy": 0.04
    },
    {
      "benchmark": "usr",
      "task": "simple_reasoning/char_ct",
      "correct": 0,
      "total": 40,
      "accuracy": 0.0
    },
    {
      "benchmark": "usr",
      "task": "simple_reasoning/logic_ev",
      "correct": 0,
      "total": 50,
      "accuracy": 0.0
    },
    {
      "benchmark": "usr",
      "task": "simple_reasoning/logic_neg",
      "correct": 0,
      "total": 50,
      "accuracy": 0.0
    },
    {
      "benchmark": "usr",
      "task": "simple_reasoning/mathgap",
      "correct": 0,
      "total": 50,
      "accuracy": 0.0
    },
    {
      "benchmark": "usr",
      "task": "simple_reasoning/word_ct",
      "correct": 2,
      "total": 50,
      "accuracy": 0.04
    },
    {
      "benchmark": "usr",
      "task": "unpuzzles/original",
      "correct": 1,
      "total": 50,
      "accuracy": 0.02
    },
    {
      "benchmark": "usr",
      "task": "unpuzzles/unpuzzle",
      "correct": 2,
      "total": 50,
      "accuracy": 0.04
    }
  ]
}
