[2026-07-09T23:14:25-04:00] START screening/raw
[2026-07-09T23:35:14-04:00] DONE screening/raw
[2026-07-09T23:35:14-04:00] START screening/direct_answer
[2026-07-09T23:37:41-04:00] DONE screening/direct_answer
[2026-07-09T23:37:41-04:00] START screening/strict_json
[2026-07-09T23:44:40-04:00] DONE screening/strict_json
[2026-07-09T23:44:40-04:00] START screening/native_format
[2026-07-09T23:48:40-04:00] DONE screening/native_format
[2026-07-09T23:48:40-04:00] START screening/canonical_short
[2026-07-09T23:51:47-04:00] DONE screening/canonical_short
[2026-07-09T23:51:47-04:00] START screening/private_verify
[2026-07-09T23:54:45-04:00] DONE screening/private_verify
[2026-07-09T23:54:45-04:00] START screening/selective_verify
[2026-07-09T23:58:36-04:00] DONE screening/selective_verify
[2026-07-09T23:58:36-04:00] START screening/compare_then_commit
[2026-07-10T00:01:48-04:00] DONE screening/compare_then_commit
[2026-07-10T00:01:48-04:00] START screening/fast_slow_gate
[2026-07-10T00:10:48-04:00] DONE screening/fast_slow_gate
[2026-07-10T00:10:48-04:00] START screening/constraint_guard
[2026-07-10T00:13:48-04:00] DONE screening/constraint_guard
[2026-07-10T00:13:48-04:00] START screening/negation_label_guard
[2026-07-10T00:22:15-04:00] DONE screening/negation_label_guard
[2026-07-10T00:22:15-04:00] START screening/draft_verify
[2026-07-10T00:29:55-04:00] DONE screening/draft_verify
[2026-07-10T00:29:55-04:00] START screening/option_elimination
[2026-07-10T00:33:21-04:00] DONE screening/option_elimination
[2026-07-10T00:33:21-04:00] START screening/answer_type_router
[2026-07-10T00:36:17-04:00] DONE screening/answer_type_router
[2026-07-10T00:36:17-04:00] START screening/careful_direct
[2026-07-10T00:40:48-04:00] DONE screening/careful_direct
[2026-07-10T00:40:48-04:00] START screening/concise_cot
[2026-07-10T01:01:41-04:00] DONE screening/concise_cot
[2026-07-10T01:01:41-04:00] START screening/chain_of_draft
[2026-07-10T01:17:39-04:00] DONE screening/chain_of_draft
[2026-07-10T01:17:39-04:00] START screening/plan_and_solve
[2026-07-10T01:40:51-04:00] DONE screening/plan_and_solve
[2026-07-10T01:40:51-04:00] START screening/step_back
[2026-07-10T02:03:55-04:00] DONE screening/step_back
[2026-07-10T02:03:55-04:00] START screening/premise_conclusion
[2026-07-10T02:25:15-04:00] DONE screening/premise_conclusion
[2026-07-10T02:25:15-04:00] START screening/symbolic_proof
[2026-07-10T02:48:34-04:00] DONE screening/symbolic_proof
[2026-07-10T02:48:34-04:00] START screening/plan_and_solve_plus
[2026-07-10T03:11:57-04:00] DONE screening/plan_and_solve_plus
[2026-07-10T03:11:57-04:00] START screening/least_to_most
[2026-07-10T03:35:20-04:00] DONE screening/least_to_most
[2026-07-10T03:35:20-04:00] START screening/condition_reconstruction
[2026-07-10T03:38:19-04:00] DONE screening/condition_reconstruction
[2026-07-10T03:38:19-04:00] START screening/counterexample_guard
[2026-07-10T03:41:46-04:00] DONE screening/counterexample_guard
[2026-07-10T03:41:46-04:00] START screening/rank_two_paths
[2026-07-10T03:44:31-04:00] DONE screening/rank_two_paths
[2026-07-10T03:44:31-04:00] START screening/concise_cot_sc_k3
[2026-07-10T04:48:36-04:00] DONE screening/concise_cot_sc_k3
[2026-07-10T04:48:36-04:00] START screening/concise_cot_self_rank_k3
[2026-07-10T05:55:59-04:00] DONE screening/concise_cot_self_rank_k3
[2026-07-10T05:55:59-04:00] START screening/direct_key_condition_refine
[2026-07-10T06:01:52-04:00] DONE screening/direct_key_condition_refine
selection.json: OK
[2026-07-10T06:01:55-04:00] START test/seed-20260709/direct_answer
[2026-07-10T06:13:33-04:00] DONE test/seed-20260709/direct_answer
[2026-07-10T06:13:33-04:00] START test/seed-20260709/private_verify
[2026-07-10T06:26:51-04:00] DONE test/seed-20260709/private_verify
[2026-07-10T06:26:51-04:00] START test/seed-20260709/condition_reconstruction
[2026-07-10T06:40:28-04:00] DONE test/seed-20260709/condition_reconstruction
[2026-07-10T06:40:28-04:00] START test/seed-20260709/validation_winner__concise_cot_self_rank_k3
[2026-07-10T10:23:59-04:00] DONE test/seed-20260709/validation_winner__concise_cot_self_rank_k3
[2026-07-10T10:23:59-04:00] START test/seed-20260709/cbrr_policy
[2026-07-10T10:49:36-04:00] DONE test/seed-20260709/cbrr_policy
[2026-07-10T10:49:36-04:00] START test/seed-20260709/e4b_policy_transfer
[2026-07-10T11:04:06-04:00] DONE test/seed-20260709/e4b_policy_transfer
[2026-07-10T11:04:06-04:00] START robustness/seed-20260710/direct_answer
[2026-07-10T11:15:35-04:00] DONE robustness/seed-20260710/direct_answer
[2026-07-10T11:15:35-04:00] START robustness/seed-20260710/cbrr_policy
[2026-07-10T11:41:03-04:00] DONE robustness/seed-20260710/cbrr_policy
[2026-07-10T11:41:03-04:00] START robustness/seed-20260711/direct_answer
[2026-07-10T11:52:30-04:00] DONE robustness/seed-20260711/direct_answer
[2026-07-10T11:52:30-04:00] START robustness/seed-20260711/cbrr_policy
[2026-07-10T12:17:58-04:00] DONE robustness/seed-20260711/cbrr_policy
[2026-07-10T12:17:59-04:00] FAILED rc=1
