25/2990 correct=20 acc=0.800
50/2990 correct=35 acc=0.700
75/2990 correct=46 acc=0.613
100/2990 correct=55 acc=0.550
125/2990 correct=63 acc=0.504
150/2990 correct=72 acc=0.480
175/2990 correct=89 acc=0.509
200/2990 correct=99 acc=0.495
225/2990 correct=100 acc=0.444
250/2990 correct=101 acc=0.404
275/2990 correct=102 acc=0.371
300/2990 correct=104 acc=0.347
325/2990 correct=104 acc=0.320
350/2990 correct=106 acc=0.303
375/2990 correct=117 acc=0.312
400/2990 correct=128 acc=0.320
425/2990 correct=128 acc=0.301
450/2990 correct=128 acc=0.284
475/2990 correct=128 acc=0.269
500/2990 correct=129 acc=0.258
525/2990 correct=143 acc=0.272
550/2990 correct=155 acc=0.282
575/2990 correct=155 acc=0.270
600/2990 correct=159 acc=0.265
625/2990 correct=175 acc=0.280
650/2990 correct=192 acc=0.295
675/2990 correct=206 acc=0.305
700/2990 correct=219 acc=0.313
725/2990 correct=239 acc=0.330
750/2990 correct=260 acc=0.347
775/2990 correct=276 acc=0.356
800/2990 correct=294 acc=0.367
825/2990 correct=313 acc=0.379
850/2990 correct=333 acc=0.392
875/2990 correct=346 acc=0.395
900/2990 correct=355 acc=0.394
925/2990 correct=358 acc=0.387
950/2990 correct=361 acc=0.380
975/2990 correct=374 acc=0.384
1000/2990 correct=384 acc=0.384
1025/2990 correct=388 acc=0.379
1050/2990 correct=397 acc=0.378
1075/2990 correct=403 acc=0.375
1100/2990 correct=407 acc=0.370
1125/2990 correct=409 acc=0.364
1150/2990 correct=411 acc=0.357
1175/2990 correct=411 acc=0.350
1200/2990 correct=412 acc=0.343
1225/2990 correct=433 acc=0.353
1250/2990 correct=458 acc=0.366
1275/2990 correct=460 acc=0.361
1300/2990 correct=463 acc=0.356
1325/2990 correct=465 acc=0.351
1350/2990 correct=469 acc=0.347
1375/2990 correct=469 acc=0.341
1400/2990 correct=469 acc=0.335
1425/2990 correct=469 acc=0.329
1450/2990 correct=469 acc=0.323
1475/2990 correct=469 acc=0.318
1500/2990 correct=470 acc=0.313
1525/2990 correct=477 acc=0.313
1550/2990 correct=485 acc=0.313
1575/2990 correct=485 acc=0.308
1600/2990 correct=485 acc=0.303
1625/2990 correct=485 acc=0.298
1650/2990 correct=485 acc=0.294
1675/2990 correct=485 acc=0.290
1700/2990 correct=485 acc=0.285
1725/2990 correct=485 acc=0.281
1750/2990 correct=485 acc=0.277
1775/2990 correct=485 acc=0.273
1800/2990 correct=485 acc=0.269
1825/2990 correct=485 acc=0.266
1850/2990 correct=485 acc=0.262
1875/2990 correct=485 acc=0.259
1900/2990 correct=485 acc=0.255
1925/2990 correct=485 acc=0.252
1950/2990 correct=485 acc=0.249
1975/2990 correct=485 acc=0.246
2000/2990 correct=485 acc=0.242
2025/2990 correct=485 acc=0.240
2050/2990 correct=485 acc=0.237
2075/2990 correct=486 acc=0.234
2100/2990 correct=492 acc=0.234
2125/2990 correct=492 acc=0.232
2150/2990 correct=492 acc=0.229
2175/2990 correct=492 acc=0.226
2200/2990 correct=492 acc=0.224
2225/2990 correct=493 acc=0.222
2250/2990 correct=494 acc=0.220
2275/2990 correct=494 acc=0.217
2300/2990 correct=494 acc=0.215
2325/2990 correct=494 acc=0.212
2350/2990 correct=494 acc=0.210
2375/2990 correct=494 acc=0.208
2400/2990 correct=494 acc=0.206
2425/2990 correct=494 acc=0.204
2450/2990 correct=494 acc=0.202
2475/2990 correct=494 acc=0.200
2500/2990 correct=494 acc=0.198
2525/2990 correct=494 acc=0.196
2550/2990 correct=497 acc=0.195
2575/2990 correct=509 acc=0.198
2600/2990 correct=513 acc=0.197
2625/2990 correct=513 acc=0.195
2650/2990 correct=513 acc=0.194
2675/2990 correct=513 acc=0.192
2700/2990 correct=516 acc=0.191
2725/2990 correct=524 acc=0.192
2750/2990 correct=528 acc=0.192
2775/2990 correct=531 acc=0.191
2800/2990 correct=535 acc=0.191
2825/2990 correct=535 acc=0.189
2850/2990 correct=537 acc=0.188
2875/2990 correct=539 acc=0.187
2900/2990 correct=547 acc=0.189
2925/2990 correct=550 acc=0.188
2950/2990 correct=550 acc=0.186
2975/2990 correct=551 acc=0.185
2990/2990 correct=551 acc=0.184
{
  "started_at": "2026-07-10T05:01:41.944781+00:00",
  "finished_at": "2026-07-10T05:17:39.418963+00:00",
  "base_url": "http://127.0.0.1:8889/v1",
  "model": "SubTokenLLM-E2B",
  "prompt_strategy": "chain_of_draft",
  "prompt_strategy_description": "Chain-of-Draft: very short scratch reasoning before final answer.",
  "prompt_template": "{input}\n\nUse Chain-of-Draft: write only terse intermediate notes, no full sentences, then give the answer.\nEnd with exactly one line in this format: The final answer is: <answer>",
  "self_consistency_k": 1,
  "response_selection": "majority_vote",
  "selection_max_tokens": 64,
  "system_messages_sent": 0,
  "request_message_shape": [
    {
      "role": "user",
      "content": "<benchmark prompt>"
    }
  ],
  "limit_per_task": 50,
  "skip_per_task": 0,
  "parallel": 8,
  "max_tokens": 192,
  "temperature": 0.0,
  "seed": 20260709,
  "benchmarks": [
    {
      "benchmark": "bbeh",
      "correct": 25,
      "total": 1150,
      "micro_accuracy": 0.021739130434782608,
      "macro_accuracy": 0.021739130434782608,
      "harmonic_task_accuracy": 0.0,
      "tasks": 23
    },
    {
      "benchmark": "bbh",
      "correct": 469,
      "total": 1350,
      "micro_accuracy": 0.3474074074074074,
      "macro_accuracy": 0.3474074074074074,
      "harmonic_task_accuracy": 0.0,
      "tasks": 27
    },
    {
      "benchmark": "usr",
      "correct": 57,
      "total": 490,
      "micro_accuracy": 0.11632653061224489,
      "macro_accuracy": 0.114,
      "harmonic_task_accuracy": 0.0,
      "tasks": 10
    }
  ],
  "tasks": [
    {
      "benchmark": "bbeh",
      "task": "bbeh_boardgame_qa",
      "correct": 0,
      "total": 50,
      "accuracy": 0.0
    },
    {
      "benchmark": "bbeh",
      "task": "bbeh_boolean_expressions",
      "correct": 0,
      "total": 50,
      "accuracy": 0.0
    },
    {
      "benchmark": "bbeh",
      "task": "bbeh_buggy_tables",
      "correct": 0,
      "total": 50,
      "accuracy": 0.0
    },
    {
      "benchmark": "bbeh",
      "task": "bbeh_causal_understanding",
      "correct": 16,
      "total": 50,
      "accuracy": 0.32
    },
    {
      "benchmark": "bbeh",
      "task": "bbeh_disambiguation_qa",
      "correct": 0,
      "total": 50,
      "accuracy": 0.0
    },
    {
      "benchmark": "bbeh",
      "task": "bbeh_dyck_languages",
      "correct": 0,
      "total": 50,
      "accuracy": 0.0
    },
    {
      "benchmark": "bbeh",
      "task": "bbeh_geometric_shapes",
      "correct": 0,
      "total": 50,
      "accuracy": 0.0
    },
    {
      "benchmark": "bbeh",
      "task": "bbeh_hyperbaton",
      "correct": 0,
      "total": 50,
      "accuracy": 0.0
    },
    {
      "benchmark": "bbeh",
      "task": "bbeh_linguini",
      "correct": 0,
      "total": 50,
      "accuracy": 0.0
    },
    {
      "benchmark": "bbeh",
      "task": "bbeh_movie_recommendation",
      "correct": 0,
      "total": 50,
      "accuracy": 0.0
    },
    {
      "benchmark": "bbeh",
      "task": "bbeh_multistep_arithmetic",
      "correct": 0,
      "total": 50,
      "accuracy": 0.0
    },
    {
      "benchmark": "bbeh",
      "task": "bbeh_nycc",
      "correct": 0,
      "total": 50,
      "accuracy": 0.0
    },
    {
      "benchmark": "bbeh",
      "task": "bbeh_object_counting",
      "correct": 0,
      "total": 50,
      "accuracy": 0.0
    },
    {
      "benchmark": "bbeh",
      "task": "bbeh_object_properties",
      "correct": 0,
      "total": 50,
      "accuracy": 0.0
    },
    {
      "benchmark": "bbeh",
      "task": "bbeh_sarc_triples",
      "correct": 7,
      "total": 50,
      "accuracy": 0.14
    },
    {
      "benchmark": "bbeh",
      "task": "bbeh_shuffled_objects",
      "correct": 0,
      "total": 50,
      "accuracy": 0.0
    },
    {
      "benchmark": "bbeh",
      "task": "bbeh_spatial_reasoning",
      "correct": 0,
      "total": 50,
      "accuracy": 0.0
    },
    {
      "benchmark": "bbeh",
      "task": "bbeh_sportqa",
      "correct": 2,
      "total": 50,
      "accuracy": 0.04
    },
    {
      "benchmark": "bbeh",
      "task": "bbeh_temporal_sequence",
      "correct": 0,
      "total": 50,
      "accuracy": 0.0
    },
    {
      "benchmark": "bbeh",
      "task": "bbeh_time_arithmetic",
      "correct": 0,
      "total": 50,
      "accuracy": 0.0
    },
    {
      "benchmark": "bbeh",
      "task": "bbeh_web_of_lies",
      "correct": 0,
      "total": 50,
      "accuracy": 0.0
    },
    {
      "benchmark": "bbeh",
      "task": "bbeh_word_sorting",
      "correct": 0,
      "total": 50,
      "accuracy": 0.0
    },
    {
      "benchmark": "bbeh",
      "task": "bbeh_zebra_puzzles",
      "correct": 0,
      "total": 50,
      "accuracy": 0.0
    },
    {
      "benchmark": "bbh",
      "task": "boolean_expressions",
      "correct": 35,
      "total": 50,
      "accuracy": 0.7
    },
    {
      "benchmark": "bbh",
      "task": "causal_judgement",
      "correct": 19,
      "total": 50,
      "accuracy": 0.38
    },
    {
      "benchmark": "bbh",
      "task": "date_understanding",
      "correct": 17,
      "total": 50,
      "accuracy": 0.34
    },
    {
      "benchmark": "bbh",
      "task": "disambiguation_qa",
      "correct": 29,
      "total": 50,
      "accuracy": 0.58
    },
    {
      "benchmark": "bbh",
      "task": "dyck_languages",
      "correct": 0,
      "total": 50,
      "accuracy": 0.0
    },
    {
      "benchmark": "bbh",
      "task": "formal_fallacies",
      "correct": 4,
      "total": 50,
      "accuracy": 0.08
    },
    {
      "benchmark": "bbh",
      "task": "geometric_shapes",
      "correct": 2,
      "total": 50,
      "accuracy": 0.04
    },
    {
      "benchmark": "bbh",
      "task": "hyperbaton",
      "correct": 22,
      "total": 50,
      "accuracy": 0.44
    },
    {
      "benchmark": "bbh",
      "task": "logical_deduction_five_objects",
      "correct": 0,
      "total": 50,
      "accuracy": 0.0
    },
    {
      "benchmark": "bbh",
      "task": "logical_deduction_seven_objects",
      "correct": 0,
      "total": 50,
      "accuracy": 0.0
    },
    {
      "benchmark": "bbh",
      "task": "logical_deduction_three_objects",
      "correct": 27,
      "total": 50,
      "accuracy": 0.54
    },
    {
      "benchmark": "bbh",
      "task": "movie_recommendation",
      "correct": 2,
      "total": 50,
      "accuracy": 0.04
    },
    {
      "benchmark": "bbh",
      "task": "multistep_arithmetic_two",
      "correct": 35,
      "total": 50,
      "accuracy": 0.7
    },
    {
      "benchmark": "bbh",
      "task": "navigate",
      "correct": 24,
      "total": 50,
      "accuracy": 0.48
    },
    {
      "benchmark": "bbh",
      "task": "object_counting",
      "correct": 44,
      "total": 50,
      "accuracy": 0.88
    },
    {
      "benchmark": "bbh",
      "task": "penguins_in_a_table",
      "correct": 34,
      "total": 50,
      "accuracy": 0.68
    },
    {
      "benchmark": "bbh",
      "task": "reasoning_about_colored_objects",
      "correct": 39,
      "total": 50,
      "accuracy": 0.78
    },
    {
      "benchmark": "bbh",
      "task": "ruin_names",
      "correct": 22,
      "total": 50,
      "accuracy": 0.44
    },
    {
      "benchmark": "bbh",
      "task": "salient_translation_error_detection",
      "correct": 5,
      "total": 50,
      "accuracy": 0.1
    },
    {
      "benchmark": "bbh",
      "task": "snarks",
      "correct": 23,
      "total": 50,
      "accuracy": 0.46
    },
    {
      "benchmark": "bbh",
      "task": "sports_understanding",
      "correct": 14,
      "total": 50,
      "accuracy": 0.28
    },
    {
      "benchmark": "bbh",
      "task": "temporal_sequences",
      "correct": 10,
      "total": 50,
      "accuracy": 0.2
    },
    {
      "benchmark": "bbh",
      "task": "tracking_shuffled_objects_five_objects",
      "correct": 4,
      "total": 50,
      "accuracy": 0.08
    },
    {
      "benchmark": "bbh",
      "task": "tracking_shuffled_objects_seven_objects",
      "correct": 0,
      "total": 50,
      "accuracy": 0.0
    },
    {
      "benchmark": "bbh",
      "task": "tracking_shuffled_objects_three_objects",
      "correct": 47,
      "total": 50,
      "accuracy": 0.94
    },
    {
      "benchmark": "bbh",
      "task": "web_of_lies",
      "correct": 5,
      "total": 50,
      "accuracy": 0.1
    },
    {
      "benchmark": "bbh",
      "task": "word_sorting",
      "correct": 6,
      "total": 50,
      "accuracy": 0.12
    },
    {
      "benchmark": "usr",
      "task": "shifted_unpuzzles/original",
      "correct": 3,
      "total": 50,
      "accuracy": 0.06
    },
    {
      "benchmark": "usr",
      "task": "shifted_unpuzzles/shifted",
      "correct": 7,
      "total": 50,
      "accuracy": 0.14
    },
    {
      "benchmark": "usr",
      "task": "shifted_unpuzzles/unpuzzle",
      "correct": 5,
      "total": 50,
      "accuracy": 0.1
    },
    {
      "benchmark": "usr",
      "task": "simple_reasoning/char_ct",
      "correct": 0,
      "total": 40,
      "accuracy": 0.0
    },
    {
      "benchmark": "usr",
      "task": "simple_reasoning/logic_ev",
      "correct": 1,
      "total": 50,
      "accuracy": 0.02
    },
    {
      "benchmark": "usr",
      "task": "simple_reasoning/logic_neg",
      "correct": 0,
      "total": 50,
      "accuracy": 0.0
    },
    {
      "benchmark": "usr",
      "task": "simple_reasoning/mathgap",
      "correct": 12,
      "total": 50,
      "accuracy": 0.24
    },
    {
      "benchmark": "usr",
      "task": "simple_reasoning/word_ct",
      "correct": 18,
      "total": 50,
      "accuracy": 0.36
    },
    {
      "benchmark": "usr",
      "task": "unpuzzles/original",
      "correct": 5,
      "total": 50,
      "accuracy": 0.1
    },
    {
      "benchmark": "usr",
      "task": "unpuzzles/unpuzzle",
      "correct": 6,
      "total": 50,
      "accuracy": 0.12
    }
  ]
}
