25/2990 correct=16 acc=0.640
50/2990 correct=38 acc=0.760
75/2990 correct=53 acc=0.707
100/2990 correct=68 acc=0.680
125/2990 correct=86 acc=0.688
150/2990 correct=96 acc=0.640
175/2990 correct=108 acc=0.617
200/2990 correct=120 acc=0.600
225/2990 correct=124 acc=0.551
250/2990 correct=130 acc=0.520
275/2990 correct=143 acc=0.520
300/2990 correct=158 acc=0.527
325/2990 correct=164 acc=0.505
350/2990 correct=175 acc=0.500
375/2990 correct=196 acc=0.523
400/2990 correct=219 acc=0.547
425/2990 correct=234 acc=0.551
450/2990 correct=251 acc=0.558
475/2990 correct=265 acc=0.558
500/2990 correct=282 acc=0.564
525/2990 correct=304 acc=0.579
550/2990 correct=320 acc=0.582
575/2990 correct=337 acc=0.586
600/2990 correct=350 acc=0.583
625/2990 correct=351 acc=0.562
650/2990 correct=352 acc=0.542
675/2990 correct=366 acc=0.542
700/2990 correct=382 acc=0.546
725/2990 correct=393 acc=0.542
750/2990 correct=403 acc=0.537
775/2990 correct=417 acc=0.538
800/2990 correct=435 acc=0.544
825/2990 correct=454 acc=0.550
850/2990 correct=473 acc=0.556
875/2990 correct=487 acc=0.557
900/2990 correct=504 acc=0.560
925/2990 correct=521 acc=0.563
950/2990 correct=536 acc=0.564
975/2990 correct=555 acc=0.569
1000/2990 correct=572 acc=0.572
1025/2990 correct=585 acc=0.571
1050/2990 correct=601 acc=0.572
1075/2990 correct=626 acc=0.582
1100/2990 correct=650 acc=0.591
1125/2990 correct=654 acc=0.581
1150/2990 correct=657 acc=0.571
1175/2990 correct=657 acc=0.559
1200/2990 correct=658 acc=0.548
1225/2990 correct=667 acc=0.544
1250/2990 correct=678 acc=0.542
1275/2990 correct=680 acc=0.533
1300/2990 correct=683 acc=0.525
1325/2990 correct=687 acc=0.518
1350/2990 correct=691 acc=0.512
1375/2990 correct=692 acc=0.503
1400/2990 correct=695 acc=0.496
1425/2990 correct=699 acc=0.491
1450/2990 correct=703 acc=0.485
1475/2990 correct=703 acc=0.477
1500/2990 correct=704 acc=0.469
1525/2990 correct=713 acc=0.468
1550/2990 correct=724 acc=0.467
1575/2990 correct=732 acc=0.465
1600/2990 correct=736 acc=0.460
1625/2990 correct=737 acc=0.454
1650/2990 correct=738 acc=0.447
1675/2990 correct=741 acc=0.442
1700/2990 correct=744 acc=0.438
1725/2990 correct=744 acc=0.431
1750/2990 correct=744 acc=0.425
1775/2990 correct=744 acc=0.419
1800/2990 correct=745 acc=0.414
1825/2990 correct=757 acc=0.415
1850/2990 correct=767 acc=0.415
1875/2990 correct=767 acc=0.409
1900/2990 correct=768 acc=0.404
1925/2990 correct=771 acc=0.401
1950/2990 correct=772 acc=0.396
1975/2990 correct=772 acc=0.391
2000/2990 correct=772 acc=0.386
2025/2990 correct=772 acc=0.381
2050/2990 correct=772 acc=0.377
2075/2990 correct=775 acc=0.373
2100/2990 correct=781 acc=0.372
2125/2990 correct=783 acc=0.368
2150/2990 correct=787 acc=0.366
2175/2990 correct=788 acc=0.362
2200/2990 correct=788 acc=0.358
2225/2990 correct=790 acc=0.355
2250/2990 correct=798 acc=0.355
2275/2990 correct=798 acc=0.351
2300/2990 correct=798 acc=0.347
2325/2990 correct=798 acc=0.343
2350/2990 correct=798 acc=0.340
2375/2990 correct=799 acc=0.336
2400/2990 correct=801 acc=0.334
2425/2990 correct=802 acc=0.331
2450/2990 correct=806 acc=0.329
2475/2990 correct=809 acc=0.327
2500/2990 correct=809 acc=0.324
2525/2990 correct=809 acc=0.320
2550/2990 correct=819 acc=0.321
2575/2990 correct=829 acc=0.322
2600/2990 correct=831 acc=0.320
2625/2990 correct=831 acc=0.317
2650/2990 correct=831 acc=0.314
2675/2990 correct=831 acc=0.311
2700/2990 correct=831 acc=0.308
2725/2990 correct=831 acc=0.305
2750/2990 correct=836 acc=0.304
2775/2990 correct=841 acc=0.303
2800/2990 correct=849 acc=0.303
2825/2990 correct=858 acc=0.304
2850/2990 correct=865 acc=0.304
2875/2990 correct=869 acc=0.302
2900/2990 correct=876 acc=0.302
2925/2990 correct=882 acc=0.302
2950/2990 correct=888 acc=0.301
2975/2990 correct=895 acc=0.301
2990/2990 correct=901 acc=0.301
{
  "started_at": "2026-07-10T05:03:57.398258+00:00",
  "finished_at": "2026-07-10T05:10:29.447269+00:00",
  "base_url": "http://127.0.0.1:8888/v1",
  "model": "SubTokenLLM",
  "prompt_strategy": "option_elimination",
  "prompt_strategy_description": "Multiple-choice elimination done privately with answer-only output.",
  "prompt_template": "{input}\n\nIf answer choices are provided, compare the choices privately and eliminate wrong ones before deciding. Output only the final option label. If there are no choices, output only the shortest final answer. No explanation.",
  "self_consistency_k": 1,
  "response_selection": "majority_vote",
  "selection_max_tokens": 64,
  "system_messages_sent": 0,
  "request_message_shape": [
    {
      "role": "user",
      "content": "<benchmark prompt>"
    }
  ],
  "limit_per_task": 50,
  "skip_per_task": 0,
  "parallel": 8,
  "max_tokens": 128,
  "temperature": 0.0,
  "seed": 20260709,
  "benchmarks": [
    {
      "benchmark": "bbeh",
      "correct": 118,
      "total": 1150,
      "micro_accuracy": 0.10260869565217391,
      "macro_accuracy": 0.10260869565217391,
      "harmonic_task_accuracy": 0.0,
      "tasks": 23
    },
    {
      "benchmark": "bbh",
      "correct": 691,
      "total": 1350,
      "micro_accuracy": 0.5118518518518519,
      "macro_accuracy": 0.5118518518518519,
      "harmonic_task_accuracy": 0.15971071981907967,
      "tasks": 27
    },
    {
      "benchmark": "usr",
      "correct": 92,
      "total": 490,
      "micro_accuracy": 0.18775510204081633,
      "macro_accuracy": 0.185,
      "harmonic_task_accuracy": 0.0,
      "tasks": 10
    }
  ],
  "tasks": [
    {
      "benchmark": "bbeh",
      "task": "bbeh_boardgame_qa",
      "correct": 3,
      "total": 50,
      "accuracy": 0.06
    },
    {
      "benchmark": "bbeh",
      "task": "bbeh_boolean_expressions",
      "correct": 9,
      "total": 50,
      "accuracy": 0.18
    },
    {
      "benchmark": "bbeh",
      "task": "bbeh_buggy_tables",
      "correct": 0,
      "total": 50,
      "accuracy": 0.0
    },
    {
      "benchmark": "bbeh",
      "task": "bbeh_causal_understanding",
      "correct": 21,
      "total": 50,
      "accuracy": 0.42
    },
    {
      "benchmark": "bbeh",
      "task": "bbeh_disambiguation_qa",
      "correct": 13,
      "total": 50,
      "accuracy": 0.26
    },
    {
      "benchmark": "bbeh",
      "task": "bbeh_dyck_languages",
      "correct": 1,
      "total": 50,
      "accuracy": 0.02
    },
    {
      "benchmark": "bbeh",
      "task": "bbeh_geometric_shapes",
      "correct": 6,
      "total": 50,
      "accuracy": 0.12
    },
    {
      "benchmark": "bbeh",
      "task": "bbeh_hyperbaton",
      "correct": 0,
      "total": 50,
      "accuracy": 0.0
    },
    {
      "benchmark": "bbeh",
      "task": "bbeh_linguini",
      "correct": 0,
      "total": 50,
      "accuracy": 0.0
    },
    {
      "benchmark": "bbeh",
      "task": "bbeh_movie_recommendation",
      "correct": 23,
      "total": 50,
      "accuracy": 0.46
    },
    {
      "benchmark": "bbeh",
      "task": "bbeh_multistep_arithmetic",
      "correct": 0,
      "total": 50,
      "accuracy": 0.0
    },
    {
      "benchmark": "bbeh",
      "task": "bbeh_nycc",
      "correct": 5,
      "total": 50,
      "accuracy": 0.1
    },
    {
      "benchmark": "bbeh",
      "task": "bbeh_object_counting",
      "correct": 0,
      "total": 50,
      "accuracy": 0.0
    },
    {
      "benchmark": "bbeh",
      "task": "bbeh_object_properties",
      "correct": 0,
      "total": 50,
      "accuracy": 0.0
    },
    {
      "benchmark": "bbeh",
      "task": "bbeh_sarc_triples",
      "correct": 10,
      "total": 50,
      "accuracy": 0.2
    },
    {
      "benchmark": "bbeh",
      "task": "bbeh_shuffled_objects",
      "correct": 6,
      "total": 50,
      "accuracy": 0.12
    },
    {
      "benchmark": "bbeh",
      "task": "bbeh_spatial_reasoning",
      "correct": 0,
      "total": 50,
      "accuracy": 0.0
    },
    {
      "benchmark": "bbeh",
      "task": "bbeh_sportqa",
      "correct": 10,
      "total": 50,
      "accuracy": 0.2
    },
    {
      "benchmark": "bbeh",
      "task": "bbeh_temporal_sequence",
      "correct": 0,
      "total": 50,
      "accuracy": 0.0
    },
    {
      "benchmark": "bbeh",
      "task": "bbeh_time_arithmetic",
      "correct": 0,
      "total": 50,
      "accuracy": 0.0
    },
    {
      "benchmark": "bbeh",
      "task": "bbeh_web_of_lies",
      "correct": 3,
      "total": 50,
      "accuracy": 0.06
    },
    {
      "benchmark": "bbeh",
      "task": "bbeh_word_sorting",
      "correct": 2,
      "total": 50,
      "accuracy": 0.04
    },
    {
      "benchmark": "bbeh",
      "task": "bbeh_zebra_puzzles",
      "correct": 6,
      "total": 50,
      "accuracy": 0.12
    },
    {
      "benchmark": "bbh",
      "task": "boolean_expressions",
      "correct": 38,
      "total": 50,
      "accuracy": 0.76
    },
    {
      "benchmark": "bbh",
      "task": "causal_judgement",
      "correct": 30,
      "total": 50,
      "accuracy": 0.6
    },
    {
      "benchmark": "bbh",
      "task": "date_understanding",
      "correct": 27,
      "total": 50,
      "accuracy": 0.54
    },
    {
      "benchmark": "bbh",
      "task": "disambiguation_qa",
      "correct": 24,
      "total": 50,
      "accuracy": 0.48
    },
    {
      "benchmark": "bbh",
      "task": "dyck_languages",
      "correct": 7,
      "total": 50,
      "accuracy": 0.14
    },
    {
      "benchmark": "bbh",
      "task": "formal_fallacies",
      "correct": 30,
      "total": 50,
      "accuracy": 0.6
    },
    {
      "benchmark": "bbh",
      "task": "geometric_shapes",
      "correct": 17,
      "total": 50,
      "accuracy": 0.34
    },
    {
      "benchmark": "bbh",
      "task": "hyperbaton",
      "correct": 46,
      "total": 50,
      "accuracy": 0.92
    },
    {
      "benchmark": "bbh",
      "task": "logical_deduction_five_objects",
      "correct": 32,
      "total": 50,
      "accuracy": 0.64
    },
    {
      "benchmark": "bbh",
      "task": "logical_deduction_seven_objects",
      "correct": 27,
      "total": 50,
      "accuracy": 0.54
    },
    {
      "benchmark": "bbh",
      "task": "logical_deduction_three_objects",
      "correct": 40,
      "total": 50,
      "accuracy": 0.8
    },
    {
      "benchmark": "bbh",
      "task": "movie_recommendation",
      "correct": 32,
      "total": 50,
      "accuracy": 0.64
    },
    {
      "benchmark": "bbh",
      "task": "multistep_arithmetic_two",
      "correct": 1,
      "total": 50,
      "accuracy": 0.02
    },
    {
      "benchmark": "bbh",
      "task": "navigate",
      "correct": 31,
      "total": 50,
      "accuracy": 0.62
    },
    {
      "benchmark": "bbh",
      "task": "object_counting",
      "correct": 21,
      "total": 50,
      "accuracy": 0.42
    },
    {
      "benchmark": "bbh",
      "task": "penguins_in_a_table",
      "correct": 32,
      "total": 50,
      "accuracy": 0.64
    },
    {
      "benchmark": "bbh",
      "task": "reasoning_about_colored_objects",
      "correct": 38,
      "total": 50,
      "accuracy": 0.76
    },
    {
      "benchmark": "bbh",
      "task": "ruin_names",
      "correct": 32,
      "total": 50,
      "accuracy": 0.64
    },
    {
      "benchmark": "bbh",
      "task": "salient_translation_error_detection",
      "correct": 31,
      "total": 50,
      "accuracy": 0.62
    },
    {
      "benchmark": "bbh",
      "task": "snarks",
      "correct": 37,
      "total": 50,
      "accuracy": 0.74
    },
    {
      "benchmark": "bbh",
      "task": "sports_understanding",
      "correct": 28,
      "total": 50,
      "accuracy": 0.56
    },
    {
      "benchmark": "bbh",
      "task": "temporal_sequences",
      "correct": 50,
      "total": 50,
      "accuracy": 1.0
    },
    {
      "benchmark": "bbh",
      "task": "tracking_shuffled_objects_five_objects",
      "correct": 6,
      "total": 50,
      "accuracy": 0.12
    },
    {
      "benchmark": "bbh",
      "task": "tracking_shuffled_objects_seven_objects",
      "correct": 1,
      "total": 50,
      "accuracy": 0.02
    },
    {
      "benchmark": "bbh",
      "task": "tracking_shuffled_objects_three_objects",
      "correct": 20,
      "total": 50,
      "accuracy": 0.4
    },
    {
      "benchmark": "bbh",
      "task": "web_of_lies",
      "correct": 4,
      "total": 50,
      "accuracy": 0.08
    },
    {
      "benchmark": "bbh",
      "task": "word_sorting",
      "correct": 9,
      "total": 50,
      "accuracy": 0.18
    },
    {
      "benchmark": "usr",
      "task": "shifted_unpuzzles/original",
      "correct": 19,
      "total": 50,
      "accuracy": 0.38
    },
    {
      "benchmark": "usr",
      "task": "shifted_unpuzzles/shifted",
      "correct": 11,
      "total": 50,
      "accuracy": 0.22
    },
    {
      "benchmark": "usr",
      "task": "shifted_unpuzzles/unpuzzle",
      "correct": 10,
      "total": 50,
      "accuracy": 0.2
    },
    {
      "benchmark": "usr",
      "task": "simple_reasoning/char_ct",
      "correct": 2,
      "total": 40,
      "accuracy": 0.05
    },
    {
      "benchmark": "usr",
      "task": "simple_reasoning/logic_ev",
      "correct": 0,
      "total": 50,
      "accuracy": 0.0
    },
    {
      "benchmark": "usr",
      "task": "simple_reasoning/logic_neg",
      "correct": 0,
      "total": 50,
      "accuracy": 0.0
    },
    {
      "benchmark": "usr",
      "task": "simple_reasoning/mathgap",
      "correct": 1,
      "total": 50,
      "accuracy": 0.02
    },
    {
      "benchmark": "usr",
      "task": "simple_reasoning/word_ct",
      "correct": 20,
      "total": 50,
      "accuracy": 0.4
    },
    {
      "benchmark": "usr",
      "task": "unpuzzles/original",
      "correct": 16,
      "total": 50,
      "accuracy": 0.32
    },
    {
      "benchmark": "usr",
      "task": "unpuzzles/unpuzzle",
      "correct": 13,
      "total": 50,
      "accuracy": 0.26
    }
  ]
}
