25/2990 correct=15 acc=0.600
50/2990 correct=28 acc=0.560
75/2990 correct=42 acc=0.560
100/2990 correct=55 acc=0.550
125/2990 correct=66 acc=0.528
150/2990 correct=74 acc=0.493
175/2990 correct=88 acc=0.503
200/2990 correct=100 acc=0.500
225/2990 correct=100 acc=0.444
250/2990 correct=104 acc=0.416
275/2990 correct=118 acc=0.429
300/2990 correct=130 acc=0.433
325/2990 correct=131 acc=0.403
350/2990 correct=136 acc=0.389
375/2990 correct=154 acc=0.411
400/2990 correct=176 acc=0.440
425/2990 correct=187 acc=0.440
450/2990 correct=199 acc=0.442
475/2990 correct=214 acc=0.451
500/2990 correct=225 acc=0.450
525/2990 correct=241 acc=0.459
550/2990 correct=255 acc=0.464
575/2990 correct=255 acc=0.443
600/2990 correct=260 acc=0.433
625/2990 correct=260 acc=0.416
650/2990 correct=263 acc=0.405
675/2990 correct=276 acc=0.409
700/2990 correct=288 acc=0.411
725/2990 correct=303 acc=0.418
750/2990 correct=317 acc=0.423
775/2990 correct=321 acc=0.414
800/2990 correct=326 acc=0.407
825/2990 correct=340 acc=0.412
850/2990 correct=356 acc=0.419
875/2990 correct=363 acc=0.415
900/2990 correct=368 acc=0.409
925/2990 correct=381 acc=0.412
950/2990 correct=396 acc=0.417
975/2990 correct=412 acc=0.423
1000/2990 correct=428 acc=0.428
1025/2990 correct=433 acc=0.422
1050/2990 correct=435 acc=0.414
1075/2990 correct=450 acc=0.419
1100/2990 correct=465 acc=0.423
1125/2990 correct=470 acc=0.418
1150/2990 correct=473 acc=0.411
1175/2990 correct=476 acc=0.405
1200/2990 correct=478 acc=0.398
1225/2990 correct=484 acc=0.395
1250/2990 correct=489 acc=0.391
1275/2990 correct=489 acc=0.384
1300/2990 correct=490 acc=0.377
1325/2990 correct=497 acc=0.375
1350/2990 correct=500 acc=0.370
1375/2990 correct=503 acc=0.366
1400/2990 correct=512 acc=0.366
1425/2990 correct=514 acc=0.361
1450/2990 correct=514 acc=0.354
1475/2990 correct=514 acc=0.348
1500/2990 correct=514 acc=0.343
1525/2990 correct=526 acc=0.345
1550/2990 correct=538 acc=0.347
1575/2990 correct=544 acc=0.345
1600/2990 correct=548 acc=0.343
1625/2990 correct=548 acc=0.337
1650/2990 correct=548 acc=0.332
1675/2990 correct=548 acc=0.327
1700/2990 correct=548 acc=0.322
1725/2990 correct=548 acc=0.318
1750/2990 correct=550 acc=0.314
1775/2990 correct=550 acc=0.310
1800/2990 correct=551 acc=0.306
1825/2990 correct=558 acc=0.306
1850/2990 correct=564 acc=0.305
1875/2990 correct=564 acc=0.301
1900/2990 correct=564 acc=0.297
1925/2990 correct=566 acc=0.294
1950/2990 correct=567 acc=0.291
1975/2990 correct=567 acc=0.287
2000/2990 correct=567 acc=0.283
2025/2990 correct=568 acc=0.280
2050/2990 correct=568 acc=0.277
2075/2990 correct=572 acc=0.276
2100/2990 correct=577 acc=0.275
2125/2990 correct=577 acc=0.272
2150/2990 correct=578 acc=0.269
2175/2990 correct=579 acc=0.266
2200/2990 correct=581 acc=0.264
2225/2990 correct=581 acc=0.261
2250/2990 correct=584 acc=0.260
2275/2990 correct=584 acc=0.257
2300/2990 correct=587 acc=0.255
2325/2990 correct=587 acc=0.252
2350/2990 correct=589 acc=0.251
2375/2990 correct=590 acc=0.248
2400/2990 correct=590 acc=0.246
2425/2990 correct=590 acc=0.243
2450/2990 correct=591 acc=0.241
2475/2990 correct=593 acc=0.240
2500/2990 correct=598 acc=0.239
2525/2990 correct=599 acc=0.237
2550/2990 correct=606 acc=0.238
2575/2990 correct=614 acc=0.238
2600/2990 correct=616 acc=0.237
2625/2990 correct=616 acc=0.235
2650/2990 correct=616 acc=0.232
2675/2990 correct=616 acc=0.230
2700/2990 correct=616 acc=0.228
2725/2990 correct=616 acc=0.226
2750/2990 correct=620 acc=0.225
2775/2990 correct=623 acc=0.225
2800/2990 correct=628 acc=0.224
2825/2990 correct=633 acc=0.224
2850/2990 correct=640 acc=0.225
2875/2990 correct=642 acc=0.223
2900/2990 correct=651 acc=0.224
2925/2990 correct=658 acc=0.225
2950/2990 correct=664 acc=0.225
2975/2990 correct=672 acc=0.226
2990/2990 correct=674 acc=0.225
{
  "started_at": "2026-07-10T07:38:19.182473+00:00",
  "finished_at": "2026-07-10T07:41:46.075516+00:00",
  "base_url": "http://127.0.0.1:8889/v1",
  "model": "SubTokenLLM-E2B",
  "prompt_strategy": "counterexample_guard",
  "prompt_strategy_description": "Try one targeted counterexample or violated constraint before committing.",
  "prompt_template": "{input}\n\nSolve directly, then privately try to disprove the candidate with one targeted counterexample or violated constraint. Change it only if that check succeeds. Output only the final answer, with no reasoning or extra text.",
  "self_consistency_k": 1,
  "response_selection": "majority_vote",
  "selection_max_tokens": 64,
  "system_messages_sent": 0,
  "request_message_shape": [
    {
      "role": "user",
      "content": "<benchmark prompt>"
    }
  ],
  "limit_per_task": 50,
  "skip_per_task": 0,
  "parallel": 8,
  "max_tokens": 128,
  "temperature": 0.0,
  "seed": 20260709,
  "benchmarks": [
    {
      "benchmark": "bbeh",
      "correct": 98,
      "total": 1150,
      "micro_accuracy": 0.08521739130434783,
      "macro_accuracy": 0.08521739130434783,
      "harmonic_task_accuracy": 0.0,
      "tasks": 23
    },
    {
      "benchmark": "bbh",
      "correct": 500,
      "total": 1350,
      "micro_accuracy": 0.37037037037037035,
      "macro_accuracy": 0.37037037037037035,
      "harmonic_task_accuracy": 0.0,
      "tasks": 27
    },
    {
      "benchmark": "usr",
      "correct": 76,
      "total": 490,
      "micro_accuracy": 0.15510204081632653,
      "macro_accuracy": 0.1525,
      "harmonic_task_accuracy": 0.0,
      "tasks": 10
    }
  ],
  "tasks": [
    {
      "benchmark": "bbeh",
      "task": "bbeh_boardgame_qa",
      "correct": 12,
      "total": 50,
      "accuracy": 0.24
    },
    {
      "benchmark": "bbeh",
      "task": "bbeh_boolean_expressions",
      "correct": 2,
      "total": 50,
      "accuracy": 0.04
    },
    {
      "benchmark": "bbeh",
      "task": "bbeh_buggy_tables",
      "correct": 0,
      "total": 50,
      "accuracy": 0.0
    },
    {
      "benchmark": "bbeh",
      "task": "bbeh_causal_understanding",
      "correct": 23,
      "total": 50,
      "accuracy": 0.46
    },
    {
      "benchmark": "bbeh",
      "task": "bbeh_disambiguation_qa",
      "correct": 11,
      "total": 50,
      "accuracy": 0.22
    },
    {
      "benchmark": "bbeh",
      "task": "bbeh_dyck_languages",
      "correct": 0,
      "total": 50,
      "accuracy": 0.0
    },
    {
      "benchmark": "bbeh",
      "task": "bbeh_geometric_shapes",
      "correct": 0,
      "total": 50,
      "accuracy": 0.0
    },
    {
      "benchmark": "bbeh",
      "task": "bbeh_hyperbaton",
      "correct": 0,
      "total": 50,
      "accuracy": 0.0
    },
    {
      "benchmark": "bbeh",
      "task": "bbeh_linguini",
      "correct": 2,
      "total": 50,
      "accuracy": 0.04
    },
    {
      "benchmark": "bbeh",
      "task": "bbeh_movie_recommendation",
      "correct": 14,
      "total": 50,
      "accuracy": 0.28
    },
    {
      "benchmark": "bbeh",
      "task": "bbeh_multistep_arithmetic",
      "correct": 0,
      "total": 50,
      "accuracy": 0.0
    },
    {
      "benchmark": "bbeh",
      "task": "bbeh_nycc",
      "correct": 3,
      "total": 50,
      "accuracy": 0.06
    },
    {
      "benchmark": "bbeh",
      "task": "bbeh_object_counting",
      "correct": 0,
      "total": 50,
      "accuracy": 0.0
    },
    {
      "benchmark": "bbeh",
      "task": "bbeh_object_properties",
      "correct": 1,
      "total": 50,
      "accuracy": 0.02
    },
    {
      "benchmark": "bbeh",
      "task": "bbeh_sarc_triples",
      "correct": 9,
      "total": 50,
      "accuracy": 0.18
    },
    {
      "benchmark": "bbeh",
      "task": "bbeh_shuffled_objects",
      "correct": 1,
      "total": 50,
      "accuracy": 0.02
    },
    {
      "benchmark": "bbeh",
      "task": "bbeh_spatial_reasoning",
      "correct": 3,
      "total": 50,
      "accuracy": 0.06
    },
    {
      "benchmark": "bbeh",
      "task": "bbeh_sportqa",
      "correct": 3,
      "total": 50,
      "accuracy": 0.06
    },
    {
      "benchmark": "bbeh",
      "task": "bbeh_temporal_sequence",
      "correct": 3,
      "total": 50,
      "accuracy": 0.06
    },
    {
      "benchmark": "bbeh",
      "task": "bbeh_time_arithmetic",
      "correct": 0,
      "total": 50,
      "accuracy": 0.0
    },
    {
      "benchmark": "bbeh",
      "task": "bbeh_web_of_lies",
      "correct": 3,
      "total": 50,
      "accuracy": 0.06
    },
    {
      "benchmark": "bbeh",
      "task": "bbeh_word_sorting",
      "correct": 0,
      "total": 50,
      "accuracy": 0.0
    },
    {
      "benchmark": "bbeh",
      "task": "bbeh_zebra_puzzles",
      "correct": 8,
      "total": 50,
      "accuracy": 0.16
    },
    {
      "benchmark": "bbh",
      "task": "boolean_expressions",
      "correct": 29,
      "total": 50,
      "accuracy": 0.58
    },
    {
      "benchmark": "bbh",
      "task": "causal_judgement",
      "correct": 26,
      "total": 50,
      "accuracy": 0.52
    },
    {
      "benchmark": "bbh",
      "task": "date_understanding",
      "correct": 17,
      "total": 50,
      "accuracy": 0.34
    },
    {
      "benchmark": "bbh",
      "task": "disambiguation_qa",
      "correct": 28,
      "total": 50,
      "accuracy": 0.56
    },
    {
      "benchmark": "bbh",
      "task": "dyck_languages",
      "correct": 0,
      "total": 50,
      "accuracy": 0.0
    },
    {
      "benchmark": "bbh",
      "task": "formal_fallacies",
      "correct": 30,
      "total": 50,
      "accuracy": 0.6
    },
    {
      "benchmark": "bbh",
      "task": "geometric_shapes",
      "correct": 5,
      "total": 50,
      "accuracy": 0.1
    },
    {
      "benchmark": "bbh",
      "task": "hyperbaton",
      "correct": 40,
      "total": 50,
      "accuracy": 0.8
    },
    {
      "benchmark": "bbh",
      "task": "logical_deduction_five_objects",
      "correct": 24,
      "total": 50,
      "accuracy": 0.48
    },
    {
      "benchmark": "bbh",
      "task": "logical_deduction_seven_objects",
      "correct": 25,
      "total": 50,
      "accuracy": 0.5
    },
    {
      "benchmark": "bbh",
      "task": "logical_deduction_three_objects",
      "correct": 31,
      "total": 50,
      "accuracy": 0.62
    },
    {
      "benchmark": "bbh",
      "task": "movie_recommendation",
      "correct": 5,
      "total": 50,
      "accuracy": 0.1
    },
    {
      "benchmark": "bbh",
      "task": "multistep_arithmetic_two",
      "correct": 1,
      "total": 50,
      "accuracy": 0.02
    },
    {
      "benchmark": "bbh",
      "task": "navigate",
      "correct": 27,
      "total": 50,
      "accuracy": 0.54
    },
    {
      "benchmark": "bbh",
      "task": "object_counting",
      "correct": 29,
      "total": 50,
      "accuracy": 0.58
    },
    {
      "benchmark": "bbh",
      "task": "penguins_in_a_table",
      "correct": 9,
      "total": 50,
      "accuracy": 0.18
    },
    {
      "benchmark": "bbh",
      "task": "reasoning_about_colored_objects",
      "correct": 30,
      "total": 50,
      "accuracy": 0.6
    },
    {
      "benchmark": "bbh",
      "task": "ruin_names",
      "correct": 12,
      "total": 50,
      "accuracy": 0.24
    },
    {
      "benchmark": "bbh",
      "task": "salient_translation_error_detection",
      "correct": 27,
      "total": 50,
      "accuracy": 0.54
    },
    {
      "benchmark": "bbh",
      "task": "snarks",
      "correct": 33,
      "total": 50,
      "accuracy": 0.66
    },
    {
      "benchmark": "bbh",
      "task": "sports_understanding",
      "correct": 7,
      "total": 50,
      "accuracy": 0.14
    },
    {
      "benchmark": "bbh",
      "task": "temporal_sequences",
      "correct": 30,
      "total": 50,
      "accuracy": 0.6
    },
    {
      "benchmark": "bbh",
      "task": "tracking_shuffled_objects_five_objects",
      "correct": 7,
      "total": 50,
      "accuracy": 0.14
    },
    {
      "benchmark": "bbh",
      "task": "tracking_shuffled_objects_seven_objects",
      "correct": 6,
      "total": 50,
      "accuracy": 0.12
    },
    {
      "benchmark": "bbh",
      "task": "tracking_shuffled_objects_three_objects",
      "correct": 10,
      "total": 50,
      "accuracy": 0.2
    },
    {
      "benchmark": "bbh",
      "task": "web_of_lies",
      "correct": 2,
      "total": 50,
      "accuracy": 0.04
    },
    {
      "benchmark": "bbh",
      "task": "word_sorting",
      "correct": 10,
      "total": 50,
      "accuracy": 0.2
    },
    {
      "benchmark": "usr",
      "task": "shifted_unpuzzles/original",
      "correct": 13,
      "total": 50,
      "accuracy": 0.26
    },
    {
      "benchmark": "usr",
      "task": "shifted_unpuzzles/shifted",
      "correct": 13,
      "total": 50,
      "accuracy": 0.26
    },
    {
      "benchmark": "usr",
      "task": "shifted_unpuzzles/unpuzzle",
      "correct": 12,
      "total": 50,
      "accuracy": 0.24
    },
    {
      "benchmark": "usr",
      "task": "simple_reasoning/char_ct",
      "correct": 1,
      "total": 40,
      "accuracy": 0.025
    },
    {
      "benchmark": "usr",
      "task": "simple_reasoning/logic_ev",
      "correct": 0,
      "total": 50,
      "accuracy": 0.0
    },
    {
      "benchmark": "usr",
      "task": "simple_reasoning/logic_neg",
      "correct": 0,
      "total": 50,
      "accuracy": 0.0
    },
    {
      "benchmark": "usr",
      "task": "simple_reasoning/mathgap",
      "correct": 0,
      "total": 50,
      "accuracy": 0.0
    },
    {
      "benchmark": "usr",
      "task": "simple_reasoning/word_ct",
      "correct": 17,
      "total": 50,
      "accuracy": 0.34
    },
    {
      "benchmark": "usr",
      "task": "unpuzzles/original",
      "correct": 9,
      "total": 50,
      "accuracy": 0.18
    },
    {
      "benchmark": "usr",
      "task": "unpuzzles/unpuzzle",
      "correct": 11,
      "total": 50,
      "accuracy": 0.22
    }
  ]
}
