25/2990 correct=18 acc=0.720
50/2990 correct=37 acc=0.740
75/2990 correct=55 acc=0.733
100/2990 correct=70 acc=0.700
125/2990 correct=74 acc=0.592
150/2990 correct=77 acc=0.513
175/2990 correct=81 acc=0.463
200/2990 correct=83 acc=0.415
225/2990 correct=84 acc=0.373
250/2990 correct=86 acc=0.344
275/2990 correct=90 acc=0.327
300/2990 correct=94 acc=0.313
325/2990 correct=95 acc=0.292
350/2990 correct=103 acc=0.294
375/2990 correct=122 acc=0.325
400/2990 correct=142 acc=0.355
425/2990 correct=142 acc=0.334
450/2990 correct=142 acc=0.316
475/2990 correct=142 acc=0.299
500/2990 correct=146 acc=0.292
525/2990 correct=154 acc=0.293
550/2990 correct=159 acc=0.289
575/2990 correct=173 acc=0.301
600/2990 correct=180 acc=0.300
625/2990 correct=180 acc=0.288
650/2990 correct=184 acc=0.283
675/2990 correct=199 acc=0.295
700/2990 correct=211 acc=0.301
725/2990 correct=228 acc=0.314
750/2990 correct=235 acc=0.313
775/2990 correct=241 acc=0.311
800/2990 correct=244 acc=0.305
825/2990 correct=249 acc=0.302
850/2990 correct=257 acc=0.302
875/2990 correct=270 acc=0.309
900/2990 correct=285 acc=0.317
925/2990 correct=286 acc=0.309
950/2990 correct=289 acc=0.304
975/2990 correct=308 acc=0.316
1000/2990 correct=321 acc=0.321
1025/2990 correct=326 acc=0.318
1050/2990 correct=335 acc=0.319
1075/2990 correct=347 acc=0.323
1100/2990 correct=358 acc=0.325
1125/2990 correct=358 acc=0.318
1150/2990 correct=358 acc=0.311
1175/2990 correct=358 acc=0.305
1200/2990 correct=358 acc=0.298
1225/2990 correct=358 acc=0.292
1250/2990 correct=358 acc=0.286
1275/2990 correct=359 acc=0.282
1300/2990 correct=363 acc=0.279
1325/2990 correct=375 acc=0.283
1350/2990 correct=388 acc=0.287
1375/2990 correct=388 acc=0.282
1400/2990 correct=388 acc=0.277
1425/2990 correct=388 acc=0.272
1450/2990 correct=388 acc=0.268
1475/2990 correct=388 acc=0.263
1500/2990 correct=389 acc=0.259
1525/2990 correct=402 acc=0.264
1550/2990 correct=414 acc=0.267
1575/2990 correct=422 acc=0.268
1600/2990 correct=425 acc=0.266
1625/2990 correct=425 acc=0.262
1650/2990 correct=426 acc=0.258
1675/2990 correct=426 acc=0.254
1700/2990 correct=426 acc=0.251
1725/2990 correct=426 acc=0.247
1750/2990 correct=427 acc=0.244
1775/2990 correct=427 acc=0.241
1800/2990 correct=430 acc=0.239
1825/2990 correct=438 acc=0.240
1850/2990 correct=444 acc=0.240
1875/2990 correct=444 acc=0.237
1900/2990 correct=445 acc=0.234
1925/2990 correct=448 acc=0.233
1950/2990 correct=449 acc=0.230
1975/2990 correct=449 acc=0.227
2000/2990 correct=449 acc=0.225
2025/2990 correct=449 acc=0.222
2050/2990 correct=450 acc=0.220
2075/2990 correct=453 acc=0.218
2100/2990 correct=461 acc=0.220
2125/2990 correct=461 acc=0.217
2150/2990 correct=461 acc=0.214
2175/2990 correct=461 acc=0.212
2200/2990 correct=464 acc=0.211
2225/2990 correct=467 acc=0.210
2250/2990 correct=473 acc=0.210
2275/2990 correct=473 acc=0.208
2300/2990 correct=473 acc=0.206
2325/2990 correct=473 acc=0.203
2350/2990 correct=473 acc=0.201
2375/2990 correct=473 acc=0.199
2400/2990 correct=473 acc=0.197
2425/2990 correct=475 acc=0.196
2450/2990 correct=477 acc=0.195
2475/2990 correct=484 acc=0.196
2500/2990 correct=486 acc=0.194
2525/2990 correct=487 acc=0.193
2550/2990 correct=495 acc=0.194
2575/2990 correct=503 acc=0.195
2600/2990 correct=506 acc=0.195
2625/2990 correct=506 acc=0.193
2650/2990 correct=506 acc=0.191
2675/2990 correct=506 acc=0.189
2700/2990 correct=506 acc=0.187
2725/2990 correct=506 acc=0.186
2750/2990 correct=510 acc=0.185
2775/2990 correct=517 acc=0.186
2800/2990 correct=524 acc=0.187
2825/2990 correct=533 acc=0.189
2850/2990 correct=538 acc=0.189
2875/2990 correct=541 acc=0.188
2900/2990 correct=549 acc=0.189
2925/2990 correct=554 acc=0.189
2950/2990 correct=561 acc=0.190
2975/2990 correct=570 acc=0.192
2990/2990 correct=572 acc=0.191
{
  "started_at": "2026-07-10T04:29:48.699842+00:00",
  "finished_at": "2026-07-10T04:40:43.744953+00:00",
  "base_url": "http://127.0.0.1:8888/v1",
  "model": "SubTokenLLM",
  "prompt_strategy": "fast_slow_gate",
  "prompt_strategy_description": "Use a direct answer unless uncertainty warrants one verification pass.",
  "prompt_template": "{input}\n\nSolve once directly. If the answer is clear, keep it. Only if two answers remain plausible or a condition may have been missed, take one brief private verification pass and then commit. Output only the final answer.",
  "self_consistency_k": 1,
  "response_selection": "majority_vote",
  "selection_max_tokens": 64,
  "system_messages_sent": 0,
  "request_message_shape": [
    {
      "role": "user",
      "content": "<benchmark prompt>"
    }
  ],
  "limit_per_task": 50,
  "skip_per_task": 0,
  "parallel": 8,
  "max_tokens": 128,
  "temperature": 0.0,
  "seed": 20260709,
  "benchmarks": [
    {
      "benchmark": "bbeh",
      "correct": 98,
      "total": 1150,
      "micro_accuracy": 0.08521739130434783,
      "macro_accuracy": 0.08521739130434783,
      "harmonic_task_accuracy": 0.0,
      "tasks": 23
    },
    {
      "benchmark": "bbh",
      "correct": 388,
      "total": 1350,
      "micro_accuracy": 0.2874074074074074,
      "macro_accuracy": 0.2874074074074074,
      "harmonic_task_accuracy": 0.0,
      "tasks": 27
    },
    {
      "benchmark": "usr",
      "correct": 86,
      "total": 490,
      "micro_accuracy": 0.17551020408163265,
      "macro_accuracy": 0.17250000000000001,
      "harmonic_task_accuracy": 0.0,
      "tasks": 10
    }
  ],
  "tasks": [
    {
      "benchmark": "bbeh",
      "task": "bbeh_boardgame_qa",
      "correct": 0,
      "total": 50,
      "accuracy": 0.0
    },
    {
      "benchmark": "bbeh",
      "task": "bbeh_boolean_expressions",
      "correct": 0,
      "total": 50,
      "accuracy": 0.0
    },
    {
      "benchmark": "bbeh",
      "task": "bbeh_buggy_tables",
      "correct": 0,
      "total": 50,
      "accuracy": 0.0
    },
    {
      "benchmark": "bbeh",
      "task": "bbeh_causal_understanding",
      "correct": 25,
      "total": 50,
      "accuracy": 0.5
    },
    {
      "benchmark": "bbeh",
      "task": "bbeh_disambiguation_qa",
      "correct": 12,
      "total": 50,
      "accuracy": 0.24
    },
    {
      "benchmark": "bbeh",
      "task": "bbeh_dyck_languages",
      "correct": 1,
      "total": 50,
      "accuracy": 0.02
    },
    {
      "benchmark": "bbeh",
      "task": "bbeh_geometric_shapes",
      "correct": 0,
      "total": 50,
      "accuracy": 0.0
    },
    {
      "benchmark": "bbeh",
      "task": "bbeh_hyperbaton",
      "correct": 0,
      "total": 50,
      "accuracy": 0.0
    },
    {
      "benchmark": "bbeh",
      "task": "bbeh_linguini",
      "correct": 2,
      "total": 50,
      "accuracy": 0.04
    },
    {
      "benchmark": "bbeh",
      "task": "bbeh_movie_recommendation",
      "correct": 16,
      "total": 50,
      "accuracy": 0.32
    },
    {
      "benchmark": "bbeh",
      "task": "bbeh_multistep_arithmetic",
      "correct": 0,
      "total": 50,
      "accuracy": 0.0
    },
    {
      "benchmark": "bbeh",
      "task": "bbeh_nycc",
      "correct": 5,
      "total": 50,
      "accuracy": 0.1
    },
    {
      "benchmark": "bbeh",
      "task": "bbeh_object_counting",
      "correct": 0,
      "total": 50,
      "accuracy": 0.0
    },
    {
      "benchmark": "bbeh",
      "task": "bbeh_object_properties",
      "correct": 0,
      "total": 50,
      "accuracy": 0.0
    },
    {
      "benchmark": "bbeh",
      "task": "bbeh_sarc_triples",
      "correct": 12,
      "total": 50,
      "accuracy": 0.24
    },
    {
      "benchmark": "bbeh",
      "task": "bbeh_shuffled_objects",
      "correct": 0,
      "total": 50,
      "accuracy": 0.0
    },
    {
      "benchmark": "bbeh",
      "task": "bbeh_spatial_reasoning",
      "correct": 1,
      "total": 50,
      "accuracy": 0.02
    },
    {
      "benchmark": "bbeh",
      "task": "bbeh_sportqa",
      "correct": 11,
      "total": 50,
      "accuracy": 0.22
    },
    {
      "benchmark": "bbeh",
      "task": "bbeh_temporal_sequence",
      "correct": 0,
      "total": 50,
      "accuracy": 0.0
    },
    {
      "benchmark": "bbeh",
      "task": "bbeh_time_arithmetic",
      "correct": 0,
      "total": 50,
      "accuracy": 0.0
    },
    {
      "benchmark": "bbeh",
      "task": "bbeh_web_of_lies",
      "correct": 0,
      "total": 50,
      "accuracy": 0.0
    },
    {
      "benchmark": "bbeh",
      "task": "bbeh_word_sorting",
      "correct": 3,
      "total": 50,
      "accuracy": 0.06
    },
    {
      "benchmark": "bbeh",
      "task": "bbeh_zebra_puzzles",
      "correct": 10,
      "total": 50,
      "accuracy": 0.2
    },
    {
      "benchmark": "bbh",
      "task": "boolean_expressions",
      "correct": 38,
      "total": 50,
      "accuracy": 0.76
    },
    {
      "benchmark": "bbh",
      "task": "causal_judgement",
      "correct": 32,
      "total": 50,
      "accuracy": 0.64
    },
    {
      "benchmark": "bbh",
      "task": "date_understanding",
      "correct": 6,
      "total": 50,
      "accuracy": 0.12
    },
    {
      "benchmark": "bbh",
      "task": "disambiguation_qa",
      "correct": 7,
      "total": 50,
      "accuracy": 0.14
    },
    {
      "benchmark": "bbh",
      "task": "dyck_languages",
      "correct": 2,
      "total": 50,
      "accuracy": 0.04
    },
    {
      "benchmark": "bbh",
      "task": "formal_fallacies",
      "correct": 8,
      "total": 50,
      "accuracy": 0.16
    },
    {
      "benchmark": "bbh",
      "task": "geometric_shapes",
      "correct": 4,
      "total": 50,
      "accuracy": 0.08
    },
    {
      "benchmark": "bbh",
      "task": "hyperbaton",
      "correct": 45,
      "total": 50,
      "accuracy": 0.9
    },
    {
      "benchmark": "bbh",
      "task": "logical_deduction_five_objects",
      "correct": 0,
      "total": 50,
      "accuracy": 0.0
    },
    {
      "benchmark": "bbh",
      "task": "logical_deduction_seven_objects",
      "correct": 2,
      "total": 50,
      "accuracy": 0.04
    },
    {
      "benchmark": "bbh",
      "task": "logical_deduction_three_objects",
      "correct": 14,
      "total": 50,
      "accuracy": 0.28
    },
    {
      "benchmark": "bbh",
      "task": "movie_recommendation",
      "correct": 22,
      "total": 50,
      "accuracy": 0.44
    },
    {
      "benchmark": "bbh",
      "task": "multistep_arithmetic_two",
      "correct": 0,
      "total": 50,
      "accuracy": 0.0
    },
    {
      "benchmark": "bbh",
      "task": "navigate",
      "correct": 29,
      "total": 50,
      "accuracy": 0.58
    },
    {
      "benchmark": "bbh",
      "task": "object_counting",
      "correct": 26,
      "total": 50,
      "accuracy": 0.52
    },
    {
      "benchmark": "bbh",
      "task": "penguins_in_a_table",
      "correct": 8,
      "total": 50,
      "accuracy": 0.16
    },
    {
      "benchmark": "bbh",
      "task": "reasoning_about_colored_objects",
      "correct": 12,
      "total": 50,
      "accuracy": 0.24
    },
    {
      "benchmark": "bbh",
      "task": "ruin_names",
      "correct": 30,
      "total": 50,
      "accuracy": 0.6
    },
    {
      "benchmark": "bbh",
      "task": "salient_translation_error_detection",
      "correct": 1,
      "total": 50,
      "accuracy": 0.02
    },
    {
      "benchmark": "bbh",
      "task": "snarks",
      "correct": 35,
      "total": 50,
      "accuracy": 0.7
    },
    {
      "benchmark": "bbh",
      "task": "sports_understanding",
      "correct": 13,
      "total": 50,
      "accuracy": 0.26
    },
    {
      "benchmark": "bbh",
      "task": "temporal_sequences",
      "correct": 24,
      "total": 50,
      "accuracy": 0.48
    },
    {
      "benchmark": "bbh",
      "task": "tracking_shuffled_objects_five_objects",
      "correct": 0,
      "total": 50,
      "accuracy": 0.0
    },
    {
      "benchmark": "bbh",
      "task": "tracking_shuffled_objects_seven_objects",
      "correct": 0,
      "total": 50,
      "accuracy": 0.0
    },
    {
      "benchmark": "bbh",
      "task": "tracking_shuffled_objects_three_objects",
      "correct": 0,
      "total": 50,
      "accuracy": 0.0
    },
    {
      "benchmark": "bbh",
      "task": "web_of_lies",
      "correct": 2,
      "total": 50,
      "accuracy": 0.04
    },
    {
      "benchmark": "bbh",
      "task": "word_sorting",
      "correct": 28,
      "total": 50,
      "accuracy": 0.56
    },
    {
      "benchmark": "usr",
      "task": "shifted_unpuzzles/original",
      "correct": 13,
      "total": 50,
      "accuracy": 0.26
    },
    {
      "benchmark": "usr",
      "task": "shifted_unpuzzles/shifted",
      "correct": 13,
      "total": 50,
      "accuracy": 0.26
    },
    {
      "benchmark": "usr",
      "task": "shifted_unpuzzles/unpuzzle",
      "correct": 11,
      "total": 50,
      "accuracy": 0.22
    },
    {
      "benchmark": "usr",
      "task": "simple_reasoning/char_ct",
      "correct": 1,
      "total": 40,
      "accuracy": 0.025
    },
    {
      "benchmark": "usr",
      "task": "simple_reasoning/logic_ev",
      "correct": 0,
      "total": 50,
      "accuracy": 0.0
    },
    {
      "benchmark": "usr",
      "task": "simple_reasoning/logic_neg",
      "correct": 0,
      "total": 50,
      "accuracy": 0.0
    },
    {
      "benchmark": "usr",
      "task": "simple_reasoning/mathgap",
      "correct": 0,
      "total": 50,
      "accuracy": 0.0
    },
    {
      "benchmark": "usr",
      "task": "simple_reasoning/word_ct",
      "correct": 19,
      "total": 50,
      "accuracy": 0.38
    },
    {
      "benchmark": "usr",
      "task": "unpuzzles/original",
      "correct": 15,
      "total": 50,
      "accuracy": 0.3
    },
    {
      "benchmark": "usr",
      "task": "unpuzzles/unpuzzle",
      "correct": 14,
      "total": 50,
      "accuracy": 0.28
    }
  ]
}
