25/2990 correct=19 acc=0.760
50/2990 correct=40 acc=0.800
75/2990 correct=55 acc=0.733
100/2990 correct=71 acc=0.710
125/2990 correct=78 acc=0.624
150/2990 correct=84 acc=0.560
175/2990 correct=95 acc=0.543
200/2990 correct=106 acc=0.530
225/2990 correct=106 acc=0.471
250/2990 correct=110 acc=0.440
275/2990 correct=122 acc=0.444
300/2990 correct=135 acc=0.450
325/2990 correct=140 acc=0.431
350/2990 correct=151 acc=0.431
375/2990 correct=172 acc=0.459
400/2990 correct=196 acc=0.490
425/2990 correct=211 acc=0.496
450/2990 correct=229 acc=0.509
475/2990 correct=242 acc=0.509
500/2990 correct=261 acc=0.522
525/2990 correct=284 acc=0.541
550/2990 correct=304 acc=0.553
575/2990 correct=322 acc=0.560
600/2990 correct=337 acc=0.562
625/2990 correct=338 acc=0.541
650/2990 correct=339 acc=0.522
675/2990 correct=355 acc=0.526
700/2990 correct=369 acc=0.527
725/2990 correct=384 acc=0.530
750/2990 correct=398 acc=0.531
775/2990 correct=410 acc=0.529
800/2990 correct=426 acc=0.532
825/2990 correct=442 acc=0.536
850/2990 correct=461 acc=0.542
875/2990 correct=477 acc=0.545
900/2990 correct=495 acc=0.550
925/2990 correct=509 acc=0.550
950/2990 correct=526 acc=0.554
975/2990 correct=543 acc=0.557
1000/2990 correct=560 acc=0.560
1025/2990 correct=565 acc=0.551
1050/2990 correct=575 acc=0.548
1075/2990 correct=600 acc=0.558
1100/2990 correct=624 acc=0.567
1125/2990 correct=628 acc=0.558
1150/2990 correct=632 acc=0.550
1175/2990 correct=634 acc=0.540
1200/2990 correct=637 acc=0.531
1225/2990 correct=644 acc=0.526
1250/2990 correct=656 acc=0.525
1275/2990 correct=657 acc=0.515
1300/2990 correct=659 acc=0.507
1325/2990 correct=673 acc=0.508
1350/2990 correct=683 acc=0.506
1375/2990 correct=684 acc=0.497
1400/2990 correct=689 acc=0.492
1425/2990 correct=695 acc=0.488
1450/2990 correct=700 acc=0.483
1475/2990 correct=700 acc=0.475
1500/2990 correct=702 acc=0.468
1525/2990 correct=711 acc=0.466
1550/2990 correct=724 acc=0.467
1575/2990 correct=732 acc=0.465
1600/2990 correct=736 acc=0.460
1625/2990 correct=736 acc=0.453
1650/2990 correct=737 acc=0.447
1675/2990 correct=745 acc=0.445
1700/2990 correct=753 acc=0.443
1725/2990 correct=753 acc=0.437
1750/2990 correct=753 acc=0.430
1775/2990 correct=754 acc=0.425
1800/2990 correct=756 acc=0.420
1825/2990 correct=769 acc=0.421
1850/2990 correct=779 acc=0.421
1875/2990 correct=779 acc=0.415
1900/2990 correct=780 acc=0.411
1925/2990 correct=783 acc=0.407
1950/2990 correct=783 acc=0.402
1975/2990 correct=783 acc=0.396
2000/2990 correct=783 acc=0.392
2025/2990 correct=783 acc=0.387
2050/2990 correct=783 acc=0.382
2075/2990 correct=786 acc=0.379
2100/2990 correct=793 acc=0.378
2125/2990 correct=795 acc=0.374
2150/2990 correct=800 acc=0.372
2175/2990 correct=800 acc=0.368
2200/2990 correct=800 acc=0.364
2225/2990 correct=802 acc=0.360
2250/2990 correct=810 acc=0.360
2275/2990 correct=812 acc=0.357
2300/2990 correct=814 acc=0.354
2325/2990 correct=815 acc=0.351
2350/2990 correct=817 acc=0.348
2375/2990 correct=818 acc=0.344
2400/2990 correct=822 acc=0.343
2425/2990 correct=824 acc=0.340
2450/2990 correct=826 acc=0.337
2475/2990 correct=830 acc=0.335
2500/2990 correct=835 acc=0.334
2525/2990 correct=835 acc=0.331
2550/2990 correct=843 acc=0.331
2575/2990 correct=856 acc=0.332
2600/2990 correct=859 acc=0.330
2625/2990 correct=859 acc=0.327
2650/2990 correct=859 acc=0.324
2675/2990 correct=859 acc=0.321
2700/2990 correct=859 acc=0.318
2725/2990 correct=859 acc=0.315
2750/2990 correct=864 acc=0.314
2775/2990 correct=873 acc=0.315
2800/2990 correct=882 acc=0.315
2825/2990 correct=888 acc=0.314
2850/2990 correct=893 acc=0.313
2875/2990 correct=900 acc=0.313
2900/2990 correct=909 acc=0.313
2925/2990 correct=915 acc=0.313
2950/2990 correct=924 acc=0.313
2975/2990 correct=931 acc=0.313
2990/2990 correct=936 acc=0.313
{
  "started_at": "2026-07-10T09:15:55.285272+00:00",
  "finished_at": "2026-07-10T09:21:06.231623+00:00",
  "base_url": "http://127.0.0.1:8888/v1",
  "model": "SubTokenLLM",
  "prompt_strategy": "counterexample_guard",
  "prompt_strategy_description": "Try one targeted counterexample or violated constraint before committing.",
  "prompt_template": "{input}\n\nSolve directly, then privately try to disprove the candidate with one targeted counterexample or violated constraint. Change it only if that check succeeds. Output only the final answer, with no reasoning or extra text.",
  "self_consistency_k": 1,
  "response_selection": "majority_vote",
  "selection_max_tokens": 64,
  "system_messages_sent": 0,
  "request_message_shape": [
    {
      "role": "user",
      "content": "<benchmark prompt>"
    }
  ],
  "limit_per_task": 50,
  "skip_per_task": 0,
  "parallel": 8,
  "max_tokens": 128,
  "temperature": 0.0,
  "seed": 20260709,
  "benchmarks": [
    {
      "benchmark": "bbeh",
      "correct": 149,
      "total": 1150,
      "micro_accuracy": 0.12956521739130436,
      "macro_accuracy": 0.12956521739130436,
      "harmonic_task_accuracy": 0.0,
      "tasks": 23
    },
    {
      "benchmark": "bbh",
      "correct": 685,
      "total": 1350,
      "micro_accuracy": 0.5074074074074074,
      "macro_accuracy": 0.5074074074074074,
      "harmonic_task_accuracy": 0.0,
      "tasks": 27
    },
    {
      "benchmark": "usr",
      "correct": 102,
      "total": 490,
      "micro_accuracy": 0.20816326530612245,
      "macro_accuracy": 0.2045,
      "harmonic_task_accuracy": 0.0,
      "tasks": 10
    }
  ],
  "tasks": [
    {
      "benchmark": "bbeh",
      "task": "bbeh_boardgame_qa",
      "correct": 4,
      "total": 50,
      "accuracy": 0.08
    },
    {
      "benchmark": "bbeh",
      "task": "bbeh_boolean_expressions",
      "correct": 11,
      "total": 50,
      "accuracy": 0.22
    },
    {
      "benchmark": "bbeh",
      "task": "bbeh_buggy_tables",
      "correct": 1,
      "total": 50,
      "accuracy": 0.02
    },
    {
      "benchmark": "bbeh",
      "task": "bbeh_causal_understanding",
      "correct": 22,
      "total": 50,
      "accuracy": 0.44
    },
    {
      "benchmark": "bbeh",
      "task": "bbeh_disambiguation_qa",
      "correct": 13,
      "total": 50,
      "accuracy": 0.26
    },
    {
      "benchmark": "bbeh",
      "task": "bbeh_dyck_languages",
      "correct": 0,
      "total": 50,
      "accuracy": 0.0
    },
    {
      "benchmark": "bbeh",
      "task": "bbeh_geometric_shapes",
      "correct": 17,
      "total": 50,
      "accuracy": 0.34
    },
    {
      "benchmark": "bbeh",
      "task": "bbeh_hyperbaton",
      "correct": 0,
      "total": 50,
      "accuracy": 0.0
    },
    {
      "benchmark": "bbeh",
      "task": "bbeh_linguini",
      "correct": 2,
      "total": 50,
      "accuracy": 0.04
    },
    {
      "benchmark": "bbeh",
      "task": "bbeh_movie_recommendation",
      "correct": 24,
      "total": 50,
      "accuracy": 0.48
    },
    {
      "benchmark": "bbeh",
      "task": "bbeh_multistep_arithmetic",
      "correct": 0,
      "total": 50,
      "accuracy": 0.0
    },
    {
      "benchmark": "bbeh",
      "task": "bbeh_nycc",
      "correct": 4,
      "total": 50,
      "accuracy": 0.08
    },
    {
      "benchmark": "bbeh",
      "task": "bbeh_object_counting",
      "correct": 0,
      "total": 50,
      "accuracy": 0.0
    },
    {
      "benchmark": "bbeh",
      "task": "bbeh_object_properties",
      "correct": 0,
      "total": 50,
      "accuracy": 0.0
    },
    {
      "benchmark": "bbeh",
      "task": "bbeh_sarc_triples",
      "correct": 11,
      "total": 50,
      "accuracy": 0.22
    },
    {
      "benchmark": "bbeh",
      "task": "bbeh_shuffled_objects",
      "correct": 6,
      "total": 50,
      "accuracy": 0.12
    },
    {
      "benchmark": "bbeh",
      "task": "bbeh_spatial_reasoning",
      "correct": 0,
      "total": 50,
      "accuracy": 0.0
    },
    {
      "benchmark": "bbeh",
      "task": "bbeh_sportqa",
      "correct": 10,
      "total": 50,
      "accuracy": 0.2
    },
    {
      "benchmark": "bbeh",
      "task": "bbeh_temporal_sequence",
      "correct": 4,
      "total": 50,
      "accuracy": 0.08
    },
    {
      "benchmark": "bbeh",
      "task": "bbeh_time_arithmetic",
      "correct": 2,
      "total": 50,
      "accuracy": 0.04
    },
    {
      "benchmark": "bbeh",
      "task": "bbeh_web_of_lies",
      "correct": 6,
      "total": 50,
      "accuracy": 0.12
    },
    {
      "benchmark": "bbeh",
      "task": "bbeh_word_sorting",
      "correct": 4,
      "total": 50,
      "accuracy": 0.08
    },
    {
      "benchmark": "bbeh",
      "task": "bbeh_zebra_puzzles",
      "correct": 8,
      "total": 50,
      "accuracy": 0.16
    },
    {
      "benchmark": "bbh",
      "task": "boolean_expressions",
      "correct": 41,
      "total": 50,
      "accuracy": 0.82
    },
    {
      "benchmark": "bbh",
      "task": "causal_judgement",
      "correct": 30,
      "total": 50,
      "accuracy": 0.6
    },
    {
      "benchmark": "bbh",
      "task": "date_understanding",
      "correct": 11,
      "total": 50,
      "accuracy": 0.22
    },
    {
      "benchmark": "bbh",
      "task": "disambiguation_qa",
      "correct": 24,
      "total": 50,
      "accuracy": 0.48
    },
    {
      "benchmark": "bbh",
      "task": "dyck_languages",
      "correct": 0,
      "total": 50,
      "accuracy": 0.0
    },
    {
      "benchmark": "bbh",
      "task": "formal_fallacies",
      "correct": 27,
      "total": 50,
      "accuracy": 0.54
    },
    {
      "benchmark": "bbh",
      "task": "geometric_shapes",
      "correct": 17,
      "total": 50,
      "accuracy": 0.34
    },
    {
      "benchmark": "bbh",
      "task": "hyperbaton",
      "correct": 46,
      "total": 50,
      "accuracy": 0.92
    },
    {
      "benchmark": "bbh",
      "task": "logical_deduction_five_objects",
      "correct": 33,
      "total": 50,
      "accuracy": 0.66
    },
    {
      "benchmark": "bbh",
      "task": "logical_deduction_seven_objects",
      "correct": 31,
      "total": 50,
      "accuracy": 0.62
    },
    {
      "benchmark": "bbh",
      "task": "logical_deduction_three_objects",
      "correct": 45,
      "total": 50,
      "accuracy": 0.9
    },
    {
      "benchmark": "bbh",
      "task": "movie_recommendation",
      "correct": 32,
      "total": 50,
      "accuracy": 0.64
    },
    {
      "benchmark": "bbh",
      "task": "multistep_arithmetic_two",
      "correct": 1,
      "total": 50,
      "accuracy": 0.02
    },
    {
      "benchmark": "bbh",
      "task": "navigate",
      "correct": 30,
      "total": 50,
      "accuracy": 0.6
    },
    {
      "benchmark": "bbh",
      "task": "object_counting",
      "correct": 30,
      "total": 50,
      "accuracy": 0.6
    },
    {
      "benchmark": "bbh",
      "task": "penguins_in_a_table",
      "correct": 29,
      "total": 50,
      "accuracy": 0.58
    },
    {
      "benchmark": "bbh",
      "task": "reasoning_about_colored_objects",
      "correct": 33,
      "total": 50,
      "accuracy": 0.66
    },
    {
      "benchmark": "bbh",
      "task": "ruin_names",
      "correct": 35,
      "total": 50,
      "accuracy": 0.7
    },
    {
      "benchmark": "bbh",
      "task": "salient_translation_error_detection",
      "correct": 29,
      "total": 50,
      "accuracy": 0.58
    },
    {
      "benchmark": "bbh",
      "task": "snarks",
      "correct": 36,
      "total": 50,
      "accuracy": 0.72
    },
    {
      "benchmark": "bbh",
      "task": "sports_understanding",
      "correct": 15,
      "total": 50,
      "accuracy": 0.3
    },
    {
      "benchmark": "bbh",
      "task": "temporal_sequences",
      "correct": 50,
      "total": 50,
      "accuracy": 1.0
    },
    {
      "benchmark": "bbh",
      "task": "tracking_shuffled_objects_five_objects",
      "correct": 7,
      "total": 50,
      "accuracy": 0.14
    },
    {
      "benchmark": "bbh",
      "task": "tracking_shuffled_objects_seven_objects",
      "correct": 6,
      "total": 50,
      "accuracy": 0.12
    },
    {
      "benchmark": "bbh",
      "task": "tracking_shuffled_objects_three_objects",
      "correct": 18,
      "total": 50,
      "accuracy": 0.36
    },
    {
      "benchmark": "bbh",
      "task": "web_of_lies",
      "correct": 3,
      "total": 50,
      "accuracy": 0.06
    },
    {
      "benchmark": "bbh",
      "task": "word_sorting",
      "correct": 26,
      "total": 50,
      "accuracy": 0.52
    },
    {
      "benchmark": "usr",
      "task": "shifted_unpuzzles/original",
      "correct": 20,
      "total": 50,
      "accuracy": 0.4
    },
    {
      "benchmark": "usr",
      "task": "shifted_unpuzzles/shifted",
      "correct": 15,
      "total": 50,
      "accuracy": 0.3
    },
    {
      "benchmark": "usr",
      "task": "shifted_unpuzzles/unpuzzle",
      "correct": 12,
      "total": 50,
      "accuracy": 0.24
    },
    {
      "benchmark": "usr",
      "task": "simple_reasoning/char_ct",
      "correct": 1,
      "total": 40,
      "accuracy": 0.025
    },
    {
      "benchmark": "usr",
      "task": "simple_reasoning/logic_ev",
      "correct": 0,
      "total": 50,
      "accuracy": 0.0
    },
    {
      "benchmark": "usr",
      "task": "simple_reasoning/logic_neg",
      "correct": 0,
      "total": 50,
      "accuracy": 0.0
    },
    {
      "benchmark": "usr",
      "task": "simple_reasoning/mathgap",
      "correct": 2,
      "total": 50,
      "accuracy": 0.04
    },
    {
      "benchmark": "usr",
      "task": "simple_reasoning/word_ct",
      "correct": 24,
      "total": 50,
      "accuracy": 0.48
    },
    {
      "benchmark": "usr",
      "task": "unpuzzles/original",
      "correct": 18,
      "total": 50,
      "accuracy": 0.36
    },
    {
      "benchmark": "usr",
      "task": "unpuzzles/unpuzzle",
      "correct": 10,
      "total": 50,
      "accuracy": 0.2
    }
  ]
}
