25/2990 correct=13 acc=0.520
50/2990 correct=27 acc=0.540
75/2990 correct=39 acc=0.520
100/2990 correct=52 acc=0.520
125/2990 correct=58 acc=0.464
150/2990 correct=64 acc=0.427
175/2990 correct=73 acc=0.417
200/2990 correct=84 acc=0.420
225/2990 correct=84 acc=0.373
250/2990 correct=89 acc=0.356
275/2990 correct=101 acc=0.367
300/2990 correct=112 acc=0.373
325/2990 correct=112 acc=0.345
350/2990 correct=115 acc=0.329
375/2990 correct=129 acc=0.344
400/2990 correct=140 acc=0.350
425/2990 correct=153 acc=0.360
450/2990 correct=164 acc=0.364
475/2990 correct=178 acc=0.375
500/2990 correct=188 acc=0.376
525/2990 correct=204 acc=0.389
550/2990 correct=215 acc=0.391
575/2990 correct=216 acc=0.376
600/2990 correct=218 acc=0.363
625/2990 correct=218 acc=0.349
650/2990 correct=221 acc=0.340
675/2990 correct=233 acc=0.345
700/2990 correct=245 acc=0.350
725/2990 correct=260 acc=0.359
750/2990 correct=273 acc=0.364
775/2990 correct=283 acc=0.365
800/2990 correct=291 acc=0.364
825/2990 correct=306 acc=0.371
850/2990 correct=323 acc=0.380
875/2990 correct=328 acc=0.375
900/2990 correct=333 acc=0.370
925/2990 correct=344 acc=0.372
950/2990 correct=358 acc=0.377
975/2990 correct=375 acc=0.385
1000/2990 correct=389 acc=0.389
1025/2990 correct=390 acc=0.380
1050/2990 correct=390 acc=0.371
1075/2990 correct=403 acc=0.375
1100/2990 correct=416 acc=0.378
1125/2990 correct=420 acc=0.373
1150/2990 correct=423 acc=0.368
1175/2990 correct=426 acc=0.363
1200/2990 correct=428 acc=0.357
1225/2990 correct=430 acc=0.351
1250/2990 correct=436 acc=0.349
1275/2990 correct=444 acc=0.348
1300/2990 correct=451 acc=0.347
1325/2990 correct=457 acc=0.345
1350/2990 correct=460 acc=0.341
1375/2990 correct=463 acc=0.337
1400/2990 correct=472 acc=0.337
1425/2990 correct=477 acc=0.335
1450/2990 correct=483 acc=0.333
1475/2990 correct=483 acc=0.327
1500/2990 correct=485 acc=0.323
1525/2990 correct=495 acc=0.325
1550/2990 correct=501 acc=0.323
1575/2990 correct=506 acc=0.321
1600/2990 correct=509 acc=0.318
1625/2990 correct=510 acc=0.314
1650/2990 correct=510 acc=0.309
1675/2990 correct=511 acc=0.305
1700/2990 correct=513 acc=0.302
1725/2990 correct=513 acc=0.297
1750/2990 correct=514 acc=0.294
1775/2990 correct=514 acc=0.290
1800/2990 correct=517 acc=0.287
1825/2990 correct=521 acc=0.285
1850/2990 correct=528 acc=0.285
1875/2990 correct=529 acc=0.282
1900/2990 correct=530 acc=0.279
1925/2990 correct=533 acc=0.277
1950/2990 correct=536 acc=0.275
1975/2990 correct=536 acc=0.271
2000/2990 correct=536 acc=0.268
2025/2990 correct=537 acc=0.265
2050/2990 correct=538 acc=0.262
2075/2990 correct=540 acc=0.260
2100/2990 correct=545 acc=0.260
2125/2990 correct=545 acc=0.256
2150/2990 correct=546 acc=0.254
2175/2990 correct=547 acc=0.251
2200/2990 correct=549 acc=0.250
2225/2990 correct=552 acc=0.248
2250/2990 correct=555 acc=0.247
2275/2990 correct=555 acc=0.244
2300/2990 correct=556 acc=0.242
2325/2990 correct=556 acc=0.239
2350/2990 correct=557 acc=0.237
2375/2990 correct=560 acc=0.236
2400/2990 correct=560 acc=0.233
2425/2990 correct=560 acc=0.231
2450/2990 correct=562 acc=0.229
2475/2990 correct=565 acc=0.228
2500/2990 correct=571 acc=0.228
2525/2990 correct=571 acc=0.226
2550/2990 correct=576 acc=0.226
2575/2990 correct=584 acc=0.227
2600/2990 correct=586 acc=0.225
2625/2990 correct=586 acc=0.223
2650/2990 correct=586 acc=0.221
2675/2990 correct=586 acc=0.219
2700/2990 correct=587 acc=0.217
2725/2990 correct=587 acc=0.215
2750/2990 correct=590 acc=0.215
2775/2990 correct=593 acc=0.214
2800/2990 correct=594 acc=0.212
2825/2990 correct=600 acc=0.212
2850/2990 correct=604 acc=0.212
2875/2990 correct=606 acc=0.211
2900/2990 correct=610 acc=0.210
2925/2990 correct=616 acc=0.211
2950/2990 correct=621 acc=0.211
2975/2990 correct=629 acc=0.211
2990/2990 correct=630 acc=0.211
{
  "started_at": "2026-07-10T07:35:20.513212+00:00",
  "finished_at": "2026-07-10T07:38:19.063457+00:00",
  "base_url": "http://127.0.0.1:8889/v1",
  "model": "SubTokenLLM-E2B",
  "prompt_strategy": "condition_reconstruction",
  "prompt_strategy_description": "Novel single-pass adaptation of key-condition verification.",
  "prompt_template": "{input}\n\nPrivately derive a candidate answer. Identify the one condition most capable of making that candidate wrong, temporarily hide that condition, and reconstruct what it must be from the candidate. Compare the reconstruction with the actual condition and correct the candidate if they conflict. Output only the final answer, with no explanation.",
  "self_consistency_k": 1,
  "response_selection": "majority_vote",
  "selection_max_tokens": 64,
  "system_messages_sent": 0,
  "request_message_shape": [
    {
      "role": "user",
      "content": "<benchmark prompt>"
    }
  ],
  "limit_per_task": 50,
  "skip_per_task": 0,
  "parallel": 8,
  "max_tokens": 128,
  "temperature": 0.0,
  "seed": 20260709,
  "benchmarks": [
    {
      "benchmark": "bbeh",
      "correct": 111,
      "total": 1150,
      "micro_accuracy": 0.09652173913043478,
      "macro_accuracy": 0.09652173913043478,
      "harmonic_task_accuracy": 0.0,
      "tasks": 23
    },
    {
      "benchmark": "bbh",
      "correct": 460,
      "total": 1350,
      "micro_accuracy": 0.34074074074074073,
      "macro_accuracy": 0.34074074074074073,
      "harmonic_task_accuracy": 0.0,
      "tasks": 27
    },
    {
      "benchmark": "usr",
      "correct": 59,
      "total": 490,
      "micro_accuracy": 0.12040816326530612,
      "macro_accuracy": 0.11850000000000001,
      "harmonic_task_accuracy": 0.0,
      "tasks": 10
    }
  ],
  "tasks": [
    {
      "benchmark": "bbeh",
      "task": "bbeh_boardgame_qa",
      "correct": 12,
      "total": 50,
      "accuracy": 0.24
    },
    {
      "benchmark": "bbeh",
      "task": "bbeh_boolean_expressions",
      "correct": 11,
      "total": 50,
      "accuracy": 0.22
    },
    {
      "benchmark": "bbeh",
      "task": "bbeh_buggy_tables",
      "correct": 0,
      "total": 50,
      "accuracy": 0.0
    },
    {
      "benchmark": "bbeh",
      "task": "bbeh_causal_understanding",
      "correct": 18,
      "total": 50,
      "accuracy": 0.36
    },
    {
      "benchmark": "bbeh",
      "task": "bbeh_disambiguation_qa",
      "correct": 9,
      "total": 50,
      "accuracy": 0.18
    },
    {
      "benchmark": "bbeh",
      "task": "bbeh_dyck_languages",
      "correct": 0,
      "total": 50,
      "accuracy": 0.0
    },
    {
      "benchmark": "bbeh",
      "task": "bbeh_geometric_shapes",
      "correct": 3,
      "total": 50,
      "accuracy": 0.06
    },
    {
      "benchmark": "bbeh",
      "task": "bbeh_hyperbaton",
      "correct": 0,
      "total": 50,
      "accuracy": 0.0
    },
    {
      "benchmark": "bbeh",
      "task": "bbeh_linguini",
      "correct": 1,
      "total": 50,
      "accuracy": 0.02
    },
    {
      "benchmark": "bbeh",
      "task": "bbeh_movie_recommendation",
      "correct": 15,
      "total": 50,
      "accuracy": 0.3
    },
    {
      "benchmark": "bbeh",
      "task": "bbeh_multistep_arithmetic",
      "correct": 0,
      "total": 50,
      "accuracy": 0.0
    },
    {
      "benchmark": "bbeh",
      "task": "bbeh_nycc",
      "correct": 7,
      "total": 50,
      "accuracy": 0.14
    },
    {
      "benchmark": "bbeh",
      "task": "bbeh_object_counting",
      "correct": 0,
      "total": 50,
      "accuracy": 0.0
    },
    {
      "benchmark": "bbeh",
      "task": "bbeh_object_properties",
      "correct": 2,
      "total": 50,
      "accuracy": 0.04
    },
    {
      "benchmark": "bbeh",
      "task": "bbeh_sarc_triples",
      "correct": 7,
      "total": 50,
      "accuracy": 0.14
    },
    {
      "benchmark": "bbeh",
      "task": "bbeh_shuffled_objects",
      "correct": 1,
      "total": 50,
      "accuracy": 0.02
    },
    {
      "benchmark": "bbeh",
      "task": "bbeh_spatial_reasoning",
      "correct": 3,
      "total": 50,
      "accuracy": 0.06
    },
    {
      "benchmark": "bbeh",
      "task": "bbeh_sportqa",
      "correct": 6,
      "total": 50,
      "accuracy": 0.12
    },
    {
      "benchmark": "bbeh",
      "task": "bbeh_temporal_sequence",
      "correct": 1,
      "total": 50,
      "accuracy": 0.02
    },
    {
      "benchmark": "bbeh",
      "task": "bbeh_time_arithmetic",
      "correct": 0,
      "total": 50,
      "accuracy": 0.0
    },
    {
      "benchmark": "bbeh",
      "task": "bbeh_web_of_lies",
      "correct": 4,
      "total": 50,
      "accuracy": 0.08
    },
    {
      "benchmark": "bbeh",
      "task": "bbeh_word_sorting",
      "correct": 0,
      "total": 50,
      "accuracy": 0.0
    },
    {
      "benchmark": "bbeh",
      "task": "bbeh_zebra_puzzles",
      "correct": 11,
      "total": 50,
      "accuracy": 0.22
    },
    {
      "benchmark": "bbh",
      "task": "boolean_expressions",
      "correct": 27,
      "total": 50,
      "accuracy": 0.54
    },
    {
      "benchmark": "bbh",
      "task": "causal_judgement",
      "correct": 25,
      "total": 50,
      "accuracy": 0.5
    },
    {
      "benchmark": "bbh",
      "task": "date_understanding",
      "correct": 11,
      "total": 50,
      "accuracy": 0.22
    },
    {
      "benchmark": "bbh",
      "task": "disambiguation_qa",
      "correct": 21,
      "total": 50,
      "accuracy": 0.42
    },
    {
      "benchmark": "bbh",
      "task": "dyck_languages",
      "correct": 0,
      "total": 50,
      "accuracy": 0.0
    },
    {
      "benchmark": "bbh",
      "task": "formal_fallacies",
      "correct": 28,
      "total": 50,
      "accuracy": 0.56
    },
    {
      "benchmark": "bbh",
      "task": "geometric_shapes",
      "correct": 2,
      "total": 50,
      "accuracy": 0.04
    },
    {
      "benchmark": "bbh",
      "task": "hyperbaton",
      "correct": 26,
      "total": 50,
      "accuracy": 0.52
    },
    {
      "benchmark": "bbh",
      "task": "logical_deduction_five_objects",
      "correct": 24,
      "total": 50,
      "accuracy": 0.48
    },
    {
      "benchmark": "bbh",
      "task": "logical_deduction_seven_objects",
      "correct": 24,
      "total": 50,
      "accuracy": 0.48
    },
    {
      "benchmark": "bbh",
      "task": "logical_deduction_three_objects",
      "correct": 28,
      "total": 50,
      "accuracy": 0.56
    },
    {
      "benchmark": "bbh",
      "task": "movie_recommendation",
      "correct": 2,
      "total": 50,
      "accuracy": 0.04
    },
    {
      "benchmark": "bbh",
      "task": "multistep_arithmetic_two",
      "correct": 0,
      "total": 50,
      "accuracy": 0.0
    },
    {
      "benchmark": "bbh",
      "task": "navigate",
      "correct": 27,
      "total": 50,
      "accuracy": 0.54
    },
    {
      "benchmark": "bbh",
      "task": "object_counting",
      "correct": 28,
      "total": 50,
      "accuracy": 0.56
    },
    {
      "benchmark": "bbh",
      "task": "penguins_in_a_table",
      "correct": 18,
      "total": 50,
      "accuracy": 0.36
    },
    {
      "benchmark": "bbh",
      "task": "reasoning_about_colored_objects",
      "correct": 31,
      "total": 50,
      "accuracy": 0.62
    },
    {
      "benchmark": "bbh",
      "task": "ruin_names",
      "correct": 10,
      "total": 50,
      "accuracy": 0.2
    },
    {
      "benchmark": "bbh",
      "task": "salient_translation_error_detection",
      "correct": 26,
      "total": 50,
      "accuracy": 0.52
    },
    {
      "benchmark": "bbh",
      "task": "snarks",
      "correct": 32,
      "total": 50,
      "accuracy": 0.64
    },
    {
      "benchmark": "bbh",
      "task": "sports_understanding",
      "correct": 0,
      "total": 50,
      "accuracy": 0.0
    },
    {
      "benchmark": "bbh",
      "task": "temporal_sequences",
      "correct": 26,
      "total": 50,
      "accuracy": 0.52
    },
    {
      "benchmark": "bbh",
      "task": "tracking_shuffled_objects_five_objects",
      "correct": 7,
      "total": 50,
      "accuracy": 0.14
    },
    {
      "benchmark": "bbh",
      "task": "tracking_shuffled_objects_seven_objects",
      "correct": 5,
      "total": 50,
      "accuracy": 0.1
    },
    {
      "benchmark": "bbh",
      "task": "tracking_shuffled_objects_three_objects",
      "correct": 4,
      "total": 50,
      "accuracy": 0.08
    },
    {
      "benchmark": "bbh",
      "task": "web_of_lies",
      "correct": 19,
      "total": 50,
      "accuracy": 0.38
    },
    {
      "benchmark": "bbh",
      "task": "word_sorting",
      "correct": 9,
      "total": 50,
      "accuracy": 0.18
    },
    {
      "benchmark": "usr",
      "task": "shifted_unpuzzles/original",
      "correct": 13,
      "total": 50,
      "accuracy": 0.26
    },
    {
      "benchmark": "usr",
      "task": "shifted_unpuzzles/shifted",
      "correct": 9,
      "total": 50,
      "accuracy": 0.18
    },
    {
      "benchmark": "usr",
      "task": "shifted_unpuzzles/unpuzzle",
      "correct": 6,
      "total": 50,
      "accuracy": 0.12
    },
    {
      "benchmark": "usr",
      "task": "simple_reasoning/char_ct",
      "correct": 1,
      "total": 40,
      "accuracy": 0.025
    },
    {
      "benchmark": "usr",
      "task": "simple_reasoning/logic_ev",
      "correct": 0,
      "total": 50,
      "accuracy": 0.0
    },
    {
      "benchmark": "usr",
      "task": "simple_reasoning/logic_neg",
      "correct": 0,
      "total": 50,
      "accuracy": 0.0
    },
    {
      "benchmark": "usr",
      "task": "simple_reasoning/mathgap",
      "correct": 2,
      "total": 50,
      "accuracy": 0.04
    },
    {
      "benchmark": "usr",
      "task": "simple_reasoning/word_ct",
      "correct": 14,
      "total": 50,
      "accuracy": 0.28
    },
    {
      "benchmark": "usr",
      "task": "unpuzzles/original",
      "correct": 10,
      "total": 50,
      "accuracy": 0.2
    },
    {
      "benchmark": "usr",
      "task": "unpuzzles/unpuzzle",
      "correct": 4,
      "total": 50,
      "accuracy": 0.08
    }
  ]
}
