25/2990 correct=14 acc=0.560
50/2990 correct=32 acc=0.640
75/2990 correct=45 acc=0.600
100/2990 correct=59 acc=0.590
125/2990 correct=64 acc=0.512
150/2990 correct=67 acc=0.447
175/2990 correct=77 acc=0.440
200/2990 correct=84 acc=0.420
225/2990 correct=84 acc=0.373
250/2990 correct=87 acc=0.348
275/2990 correct=99 acc=0.360
300/2990 correct=111 acc=0.370
325/2990 correct=111 acc=0.342
350/2990 correct=111 acc=0.317
375/2990 correct=111 acc=0.296
400/2990 correct=113 acc=0.282
425/2990 correct=121 acc=0.285
450/2990 correct=134 acc=0.298
475/2990 correct=146 acc=0.307
500/2990 correct=157 acc=0.314
525/2990 correct=173 acc=0.330
550/2990 correct=186 acc=0.338
575/2990 correct=186 acc=0.323
600/2990 correct=186 acc=0.310
625/2990 correct=186 acc=0.298
650/2990 correct=189 acc=0.291
675/2990 correct=202 acc=0.299
700/2990 correct=214 acc=0.306
725/2990 correct=231 acc=0.319
750/2990 correct=246 acc=0.328
775/2990 correct=250 acc=0.323
800/2990 correct=252 acc=0.315
825/2990 correct=265 acc=0.321
850/2990 correct=279 acc=0.328
875/2990 correct=282 acc=0.322
900/2990 correct=284 acc=0.316
925/2990 correct=287 acc=0.310
950/2990 correct=298 acc=0.314
975/2990 correct=315 acc=0.323
1000/2990 correct=327 acc=0.327
1025/2990 correct=333 acc=0.325
1050/2990 correct=337 acc=0.321
1075/2990 correct=352 acc=0.327
1100/2990 correct=362 acc=0.329
1125/2990 correct=364 acc=0.324
1150/2990 correct=367 acc=0.319
1175/2990 correct=370 acc=0.315
1200/2990 correct=373 acc=0.311
1225/2990 correct=376 acc=0.307
1250/2990 correct=382 acc=0.306
1275/2990 correct=394 acc=0.309
1300/2990 correct=400 acc=0.308
1325/2990 correct=406 acc=0.306
1350/2990 correct=411 acc=0.304
1375/2990 correct=415 acc=0.302
1400/2990 correct=430 acc=0.307
1425/2990 correct=434 acc=0.305
1450/2990 correct=436 acc=0.301
1475/2990 correct=437 acc=0.296
1500/2990 correct=438 acc=0.292
1525/2990 correct=447 acc=0.293
1550/2990 correct=458 acc=0.295
1575/2990 correct=462 acc=0.293
1600/2990 correct=466 acc=0.291
1625/2990 correct=466 acc=0.287
1650/2990 correct=466 acc=0.282
1675/2990 correct=466 acc=0.278
1700/2990 correct=467 acc=0.275
1725/2990 correct=467 acc=0.271
1750/2990 correct=468 acc=0.267
1775/2990 correct=468 acc=0.264
1800/2990 correct=469 acc=0.261
1825/2990 correct=476 acc=0.261
1850/2990 correct=482 acc=0.261
1875/2990 correct=482 acc=0.257
1900/2990 correct=482 acc=0.254
1925/2990 correct=482 acc=0.250
1950/2990 correct=482 acc=0.247
1975/2990 correct=482 acc=0.244
2000/2990 correct=482 acc=0.241
2025/2990 correct=482 acc=0.238
2050/2990 correct=482 acc=0.235
2075/2990 correct=486 acc=0.234
2100/2990 correct=491 acc=0.234
2125/2990 correct=492 acc=0.232
2150/2990 correct=493 acc=0.229
2175/2990 correct=495 acc=0.228
2200/2990 correct=497 acc=0.226
2225/2990 correct=502 acc=0.226
2250/2990 correct=505 acc=0.224
2275/2990 correct=505 acc=0.222
2300/2990 correct=505 acc=0.220
2325/2990 correct=505 acc=0.217
2350/2990 correct=506 acc=0.215
2375/2990 correct=510 acc=0.215
2400/2990 correct=510 acc=0.212
2425/2990 correct=510 acc=0.210
2450/2990 correct=512 acc=0.209
2475/2990 correct=514 acc=0.208
2500/2990 correct=518 acc=0.207
2525/2990 correct=519 acc=0.206
2550/2990 correct=527 acc=0.207
2575/2990 correct=534 acc=0.207
2600/2990 correct=536 acc=0.206
2625/2990 correct=537 acc=0.205
2650/2990 correct=537 acc=0.203
2675/2990 correct=537 acc=0.201
2700/2990 correct=538 acc=0.199
2725/2990 correct=539 acc=0.198
2750/2990 correct=541 acc=0.197
2775/2990 correct=547 acc=0.197
2800/2990 correct=551 acc=0.197
2825/2990 correct=555 acc=0.196
2850/2990 correct=560 acc=0.196
2875/2990 correct=565 acc=0.197
2900/2990 correct=574 acc=0.198
2925/2990 correct=579 acc=0.198
2950/2990 correct=583 acc=0.198
2975/2990 correct=590 acc=0.198
2990/2990 correct=592 acc=0.198
{
  "started_at": "2026-07-10T03:51:47.908700+00:00",
  "finished_at": "2026-07-10T03:54:45.390223+00:00",
  "base_url": "http://127.0.0.1:8889/v1",
  "model": "SubTokenLLM-E2B",
  "prompt_strategy": "private_verify",
  "prompt_strategy_description": "Solve and verify privately, then emit only the final answer.",
  "prompt_template": "{input}\n\nSolve the problem privately, check the answer once for mistakes, and then output only the final answer. Do not show reasoning, notes, or verification.",
  "self_consistency_k": 1,
  "response_selection": "majority_vote",
  "selection_max_tokens": 64,
  "system_messages_sent": 0,
  "request_message_shape": [
    {
      "role": "user",
      "content": "<benchmark prompt>"
    }
  ],
  "limit_per_task": 50,
  "skip_per_task": 0,
  "parallel": 8,
  "max_tokens": 128,
  "temperature": 0.0,
  "seed": 20260709,
  "benchmarks": [
    {
      "benchmark": "bbeh",
      "correct": 107,
      "total": 1150,
      "micro_accuracy": 0.09304347826086956,
      "macro_accuracy": 0.09304347826086956,
      "harmonic_task_accuracy": 0.0,
      "tasks": 23
    },
    {
      "benchmark": "bbh",
      "correct": 411,
      "total": 1350,
      "micro_accuracy": 0.30444444444444446,
      "macro_accuracy": 0.30444444444444446,
      "harmonic_task_accuracy": 0.0,
      "tasks": 27
    },
    {
      "benchmark": "usr",
      "correct": 74,
      "total": 490,
      "micro_accuracy": 0.1510204081632653,
      "macro_accuracy": 0.149,
      "harmonic_task_accuracy": 0.0,
      "tasks": 10
    }
  ],
  "tasks": [
    {
      "benchmark": "bbeh",
      "task": "bbeh_boardgame_qa",
      "correct": 19,
      "total": 50,
      "accuracy": 0.38
    },
    {
      "benchmark": "bbeh",
      "task": "bbeh_boolean_expressions",
      "correct": 7,
      "total": 50,
      "accuracy": 0.14
    },
    {
      "benchmark": "bbeh",
      "task": "bbeh_buggy_tables",
      "correct": 0,
      "total": 50,
      "accuracy": 0.0
    },
    {
      "benchmark": "bbeh",
      "task": "bbeh_causal_understanding",
      "correct": 21,
      "total": 50,
      "accuracy": 0.42
    },
    {
      "benchmark": "bbeh",
      "task": "bbeh_disambiguation_qa",
      "correct": 8,
      "total": 50,
      "accuracy": 0.16
    },
    {
      "benchmark": "bbeh",
      "task": "bbeh_dyck_languages",
      "correct": 0,
      "total": 50,
      "accuracy": 0.0
    },
    {
      "benchmark": "bbeh",
      "task": "bbeh_geometric_shapes",
      "correct": 1,
      "total": 50,
      "accuracy": 0.02
    },
    {
      "benchmark": "bbeh",
      "task": "bbeh_hyperbaton",
      "correct": 0,
      "total": 50,
      "accuracy": 0.0
    },
    {
      "benchmark": "bbeh",
      "task": "bbeh_linguini",
      "correct": 1,
      "total": 50,
      "accuracy": 0.02
    },
    {
      "benchmark": "bbeh",
      "task": "bbeh_movie_recommendation",
      "correct": 14,
      "total": 50,
      "accuracy": 0.28
    },
    {
      "benchmark": "bbeh",
      "task": "bbeh_multistep_arithmetic",
      "correct": 0,
      "total": 50,
      "accuracy": 0.0
    },
    {
      "benchmark": "bbeh",
      "task": "bbeh_nycc",
      "correct": 0,
      "total": 50,
      "accuracy": 0.0
    },
    {
      "benchmark": "bbeh",
      "task": "bbeh_object_counting",
      "correct": 0,
      "total": 50,
      "accuracy": 0.0
    },
    {
      "benchmark": "bbeh",
      "task": "bbeh_object_properties",
      "correct": 0,
      "total": 50,
      "accuracy": 0.0
    },
    {
      "benchmark": "bbeh",
      "task": "bbeh_sarc_triples",
      "correct": 10,
      "total": 50,
      "accuracy": 0.2
    },
    {
      "benchmark": "bbeh",
      "task": "bbeh_shuffled_objects",
      "correct": 1,
      "total": 50,
      "accuracy": 0.02
    },
    {
      "benchmark": "bbeh",
      "task": "bbeh_spatial_reasoning",
      "correct": 4,
      "total": 50,
      "accuracy": 0.08
    },
    {
      "benchmark": "bbeh",
      "task": "bbeh_sportqa",
      "correct": 8,
      "total": 50,
      "accuracy": 0.16
    },
    {
      "benchmark": "bbeh",
      "task": "bbeh_temporal_sequence",
      "correct": 0,
      "total": 50,
      "accuracy": 0.0
    },
    {
      "benchmark": "bbeh",
      "task": "bbeh_time_arithmetic",
      "correct": 0,
      "total": 50,
      "accuracy": 0.0
    },
    {
      "benchmark": "bbeh",
      "task": "bbeh_web_of_lies",
      "correct": 5,
      "total": 50,
      "accuracy": 0.1
    },
    {
      "benchmark": "bbeh",
      "task": "bbeh_word_sorting",
      "correct": 0,
      "total": 50,
      "accuracy": 0.0
    },
    {
      "benchmark": "bbeh",
      "task": "bbeh_zebra_puzzles",
      "correct": 8,
      "total": 50,
      "accuracy": 0.16
    },
    {
      "benchmark": "bbh",
      "task": "boolean_expressions",
      "correct": 32,
      "total": 50,
      "accuracy": 0.64
    },
    {
      "benchmark": "bbh",
      "task": "causal_judgement",
      "correct": 27,
      "total": 50,
      "accuracy": 0.54
    },
    {
      "benchmark": "bbh",
      "task": "date_understanding",
      "correct": 7,
      "total": 50,
      "accuracy": 0.14
    },
    {
      "benchmark": "bbh",
      "task": "disambiguation_qa",
      "correct": 18,
      "total": 50,
      "accuracy": 0.36
    },
    {
      "benchmark": "bbh",
      "task": "dyck_languages",
      "correct": 0,
      "total": 50,
      "accuracy": 0.0
    },
    {
      "benchmark": "bbh",
      "task": "formal_fallacies",
      "correct": 27,
      "total": 50,
      "accuracy": 0.54
    },
    {
      "benchmark": "bbh",
      "task": "geometric_shapes",
      "correct": 0,
      "total": 50,
      "accuracy": 0.0
    },
    {
      "benchmark": "bbh",
      "task": "hyperbaton",
      "correct": 0,
      "total": 50,
      "accuracy": 0.0
    },
    {
      "benchmark": "bbh",
      "task": "logical_deduction_five_objects",
      "correct": 24,
      "total": 50,
      "accuracy": 0.48
    },
    {
      "benchmark": "bbh",
      "task": "logical_deduction_seven_objects",
      "correct": 21,
      "total": 50,
      "accuracy": 0.42
    },
    {
      "benchmark": "bbh",
      "task": "logical_deduction_three_objects",
      "correct": 30,
      "total": 50,
      "accuracy": 0.6
    },
    {
      "benchmark": "bbh",
      "task": "movie_recommendation",
      "correct": 0,
      "total": 50,
      "accuracy": 0.0
    },
    {
      "benchmark": "bbh",
      "task": "multistep_arithmetic_two",
      "correct": 1,
      "total": 50,
      "accuracy": 0.02
    },
    {
      "benchmark": "bbh",
      "task": "navigate",
      "correct": 27,
      "total": 50,
      "accuracy": 0.54
    },
    {
      "benchmark": "bbh",
      "task": "object_counting",
      "correct": 32,
      "total": 50,
      "accuracy": 0.64
    },
    {
      "benchmark": "bbh",
      "task": "penguins_in_a_table",
      "correct": 6,
      "total": 50,
      "accuracy": 0.12
    },
    {
      "benchmark": "bbh",
      "task": "reasoning_about_colored_objects",
      "correct": 27,
      "total": 50,
      "accuracy": 0.54
    },
    {
      "benchmark": "bbh",
      "task": "ruin_names",
      "correct": 4,
      "total": 50,
      "accuracy": 0.08
    },
    {
      "benchmark": "bbh",
      "task": "salient_translation_error_detection",
      "correct": 14,
      "total": 50,
      "accuracy": 0.28
    },
    {
      "benchmark": "bbh",
      "task": "snarks",
      "correct": 32,
      "total": 50,
      "accuracy": 0.64
    },
    {
      "benchmark": "bbh",
      "task": "sports_understanding",
      "correct": 8,
      "total": 50,
      "accuracy": 0.16
    },
    {
      "benchmark": "bbh",
      "task": "temporal_sequences",
      "correct": 25,
      "total": 50,
      "accuracy": 0.5
    },
    {
      "benchmark": "bbh",
      "task": "tracking_shuffled_objects_five_objects",
      "correct": 5,
      "total": 50,
      "accuracy": 0.1
    },
    {
      "benchmark": "bbh",
      "task": "tracking_shuffled_objects_seven_objects",
      "correct": 5,
      "total": 50,
      "accuracy": 0.1
    },
    {
      "benchmark": "bbh",
      "task": "tracking_shuffled_objects_three_objects",
      "correct": 8,
      "total": 50,
      "accuracy": 0.16
    },
    {
      "benchmark": "bbh",
      "task": "web_of_lies",
      "correct": 20,
      "total": 50,
      "accuracy": 0.4
    },
    {
      "benchmark": "bbh",
      "task": "word_sorting",
      "correct": 11,
      "total": 50,
      "accuracy": 0.22
    },
    {
      "benchmark": "usr",
      "task": "shifted_unpuzzles/original",
      "correct": 16,
      "total": 50,
      "accuracy": 0.32
    },
    {
      "benchmark": "usr",
      "task": "shifted_unpuzzles/shifted",
      "correct": 11,
      "total": 50,
      "accuracy": 0.22
    },
    {
      "benchmark": "usr",
      "task": "shifted_unpuzzles/unpuzzle",
      "correct": 8,
      "total": 50,
      "accuracy": 0.16
    },
    {
      "benchmark": "usr",
      "task": "simple_reasoning/char_ct",
      "correct": 2,
      "total": 40,
      "accuracy": 0.05
    },
    {
      "benchmark": "usr",
      "task": "simple_reasoning/logic_ev",
      "correct": 1,
      "total": 50,
      "accuracy": 0.02
    },
    {
      "benchmark": "usr",
      "task": "simple_reasoning/logic_neg",
      "correct": 0,
      "total": 50,
      "accuracy": 0.0
    },
    {
      "benchmark": "usr",
      "task": "simple_reasoning/mathgap",
      "correct": 2,
      "total": 50,
      "accuracy": 0.04
    },
    {
      "benchmark": "usr",
      "task": "simple_reasoning/word_ct",
      "correct": 16,
      "total": 50,
      "accuracy": 0.32
    },
    {
      "benchmark": "usr",
      "task": "unpuzzles/original",
      "correct": 9,
      "total": 50,
      "accuracy": 0.18
    },
    {
      "benchmark": "usr",
      "task": "unpuzzles/unpuzzle",
      "correct": 9,
      "total": 50,
      "accuracy": 0.18
    }
  ]
}
