25/2990 correct=14 acc=0.560
50/2990 correct=27 acc=0.540
75/2990 correct=41 acc=0.547
100/2990 correct=55 acc=0.550
125/2990 correct=74 acc=0.592
150/2990 correct=85 acc=0.567
175/2990 correct=98 acc=0.560
200/2990 correct=106 acc=0.530
225/2990 correct=106 acc=0.471
250/2990 correct=110 acc=0.440
275/2990 correct=122 acc=0.444
300/2990 correct=134 acc=0.447
325/2990 correct=142 acc=0.437
350/2990 correct=151 acc=0.431
375/2990 correct=173 acc=0.461
400/2990 correct=196 acc=0.490
425/2990 correct=208 acc=0.489
450/2990 correct=218 acc=0.484
475/2990 correct=231 acc=0.486
500/2990 correct=244 acc=0.488
525/2990 correct=249 acc=0.474
550/2990 correct=253 acc=0.460
575/2990 correct=268 acc=0.466
600/2990 correct=280 acc=0.467
625/2990 correct=281 acc=0.450
650/2990 correct=284 acc=0.437
675/2990 correct=299 acc=0.443
700/2990 correct=312 acc=0.446
725/2990 correct=328 acc=0.452
750/2990 correct=343 acc=0.457
775/2990 correct=359 acc=0.463
800/2990 correct=376 acc=0.470
825/2990 correct=394 acc=0.478
850/2990 correct=413 acc=0.486
875/2990 correct=426 acc=0.487
900/2990 correct=443 acc=0.492
925/2990 correct=458 acc=0.495
950/2990 correct=475 acc=0.500
975/2990 correct=493 acc=0.506
1000/2990 correct=509 acc=0.509
1025/2990 correct=519 acc=0.506
1050/2990 correct=530 acc=0.505
1075/2990 correct=549 acc=0.511
1100/2990 correct=563 acc=0.512
1125/2990 correct=568 acc=0.505
1150/2990 correct=570 acc=0.496
1175/2990 correct=572 acc=0.487
1200/2990 correct=573 acc=0.477
1225/2990 correct=574 acc=0.469
1250/2990 correct=575 acc=0.460
1275/2990 correct=575 acc=0.451
1300/2990 correct=575 acc=0.442
1325/2990 correct=581 acc=0.438
1350/2990 correct=586 acc=0.434
1375/2990 correct=589 acc=0.428
1400/2990 correct=593 acc=0.424
1425/2990 correct=598 acc=0.420
1450/2990 correct=604 acc=0.417
1475/2990 correct=605 acc=0.410
1500/2990 correct=606 acc=0.404
1525/2990 correct=618 acc=0.405
1550/2990 correct=629 acc=0.406
1575/2990 correct=638 acc=0.405
1600/2990 correct=643 acc=0.402
1625/2990 correct=643 acc=0.396
1650/2990 correct=644 acc=0.390
1675/2990 correct=650 acc=0.388
1700/2990 correct=660 acc=0.388
1725/2990 correct=660 acc=0.383
1750/2990 correct=660 acc=0.377
1775/2990 correct=660 acc=0.372
1800/2990 correct=663 acc=0.368
1825/2990 correct=677 acc=0.371
1850/2990 correct=686 acc=0.371
1875/2990 correct=686 acc=0.366
1900/2990 correct=687 acc=0.362
1925/2990 correct=690 acc=0.358
1950/2990 correct=691 acc=0.354
1975/2990 correct=691 acc=0.350
2000/2990 correct=691 acc=0.345
2025/2990 correct=691 acc=0.341
2050/2990 correct=692 acc=0.338
2075/2990 correct=696 acc=0.335
2100/2990 correct=702 acc=0.334
2125/2990 correct=705 acc=0.332
2150/2990 correct=711 acc=0.331
2175/2990 correct=711 acc=0.327
2200/2990 correct=711 acc=0.323
2225/2990 correct=714 acc=0.321
2250/2990 correct=721 acc=0.320
2275/2990 correct=721 acc=0.317
2300/2990 correct=721 acc=0.313
2325/2990 correct=721 acc=0.310
2350/2990 correct=722 acc=0.307
2375/2990 correct=722 acc=0.304
2400/2990 correct=724 acc=0.302
2425/2990 correct=725 acc=0.299
2450/2990 correct=728 acc=0.297
2475/2990 correct=730 acc=0.295
2500/2990 correct=733 acc=0.293
2525/2990 correct=733 acc=0.290
2550/2990 correct=741 acc=0.291
2575/2990 correct=751 acc=0.292
2600/2990 correct=754 acc=0.290
2625/2990 correct=754 acc=0.287
2650/2990 correct=754 acc=0.285
2675/2990 correct=754 acc=0.282
2700/2990 correct=754 acc=0.279
2725/2990 correct=756 acc=0.277
2750/2990 correct=759 acc=0.276
2775/2990 correct=763 acc=0.275
2800/2990 correct=771 acc=0.275
2825/2990 correct=779 acc=0.276
2850/2990 correct=784 acc=0.275
2875/2990 correct=788 acc=0.274
2900/2990 correct=794 acc=0.274
2925/2990 correct=800 acc=0.274
2950/2990 correct=806 acc=0.273
2975/2990 correct=811 acc=0.273
2990/2990 correct=816 acc=0.273
{
  "started_at": "2026-07-10T04:57:30.268229+00:00",
  "finished_at": "2026-07-10T05:03:57.278732+00:00",
  "base_url": "http://127.0.0.1:8888/v1",
  "model": "SubTokenLLM",
  "prompt_strategy": "draft_verify",
  "prompt_strategy_description": "Use a terse private draft followed by one targeted check.",
  "prompt_template": "{input}\n\nMake a very short private scratch draft using keywords, symbols, or equations rather than prose. Check the resulting answer once against the exact question, then output only the final answer. Do not show the draft or verification.",
  "self_consistency_k": 1,
  "response_selection": "majority_vote",
  "selection_max_tokens": 64,
  "system_messages_sent": 0,
  "request_message_shape": [
    {
      "role": "user",
      "content": "<benchmark prompt>"
    }
  ],
  "limit_per_task": 50,
  "skip_per_task": 0,
  "parallel": 8,
  "max_tokens": 128,
  "temperature": 0.0,
  "seed": 20260709,
  "benchmarks": [
    {
      "benchmark": "bbeh",
      "correct": 144,
      "total": 1150,
      "micro_accuracy": 0.12521739130434784,
      "macro_accuracy": 0.12521739130434784,
      "harmonic_task_accuracy": 0.0,
      "tasks": 23
    },
    {
      "benchmark": "bbh",
      "correct": 588,
      "total": 1350,
      "micro_accuracy": 0.43555555555555553,
      "macro_accuracy": 0.43555555555555553,
      "harmonic_task_accuracy": 0.0,
      "tasks": 27
    },
    {
      "benchmark": "usr",
      "correct": 84,
      "total": 490,
      "micro_accuracy": 0.17142857142857143,
      "macro_accuracy": 0.1685,
      "harmonic_task_accuracy": 0.0,
      "tasks": 10
    }
  ],
  "tasks": [
    {
      "benchmark": "bbeh",
      "task": "bbeh_boardgame_qa",
      "correct": 5,
      "total": 50,
      "accuracy": 0.1
    },
    {
      "benchmark": "bbeh",
      "task": "bbeh_boolean_expressions",
      "correct": 11,
      "total": 50,
      "accuracy": 0.22
    },
    {
      "benchmark": "bbeh",
      "task": "bbeh_buggy_tables",
      "correct": 1,
      "total": 50,
      "accuracy": 0.02
    },
    {
      "benchmark": "bbeh",
      "task": "bbeh_causal_understanding",
      "correct": 24,
      "total": 50,
      "accuracy": 0.48
    },
    {
      "benchmark": "bbeh",
      "task": "bbeh_disambiguation_qa",
      "correct": 14,
      "total": 50,
      "accuracy": 0.28
    },
    {
      "benchmark": "bbeh",
      "task": "bbeh_dyck_languages",
      "correct": 0,
      "total": 50,
      "accuracy": 0.0
    },
    {
      "benchmark": "bbeh",
      "task": "bbeh_geometric_shapes",
      "correct": 17,
      "total": 50,
      "accuracy": 0.34
    },
    {
      "benchmark": "bbeh",
      "task": "bbeh_hyperbaton",
      "correct": 0,
      "total": 50,
      "accuracy": 0.0
    },
    {
      "benchmark": "bbeh",
      "task": "bbeh_linguini",
      "correct": 1,
      "total": 50,
      "accuracy": 0.02
    },
    {
      "benchmark": "bbeh",
      "task": "bbeh_movie_recommendation",
      "correct": 25,
      "total": 50,
      "accuracy": 0.5
    },
    {
      "benchmark": "bbeh",
      "task": "bbeh_multistep_arithmetic",
      "correct": 0,
      "total": 50,
      "accuracy": 0.0
    },
    {
      "benchmark": "bbeh",
      "task": "bbeh_nycc",
      "correct": 5,
      "total": 50,
      "accuracy": 0.1
    },
    {
      "benchmark": "bbeh",
      "task": "bbeh_object_counting",
      "correct": 0,
      "total": 50,
      "accuracy": 0.0
    },
    {
      "benchmark": "bbeh",
      "task": "bbeh_object_properties",
      "correct": 0,
      "total": 50,
      "accuracy": 0.0
    },
    {
      "benchmark": "bbeh",
      "task": "bbeh_sarc_triples",
      "correct": 13,
      "total": 50,
      "accuracy": 0.26
    },
    {
      "benchmark": "bbeh",
      "task": "bbeh_shuffled_objects",
      "correct": 7,
      "total": 50,
      "accuracy": 0.14
    },
    {
      "benchmark": "bbeh",
      "task": "bbeh_spatial_reasoning",
      "correct": 0,
      "total": 50,
      "accuracy": 0.0
    },
    {
      "benchmark": "bbeh",
      "task": "bbeh_sportqa",
      "correct": 10,
      "total": 50,
      "accuracy": 0.2
    },
    {
      "benchmark": "bbeh",
      "task": "bbeh_temporal_sequence",
      "correct": 0,
      "total": 50,
      "accuracy": 0.0
    },
    {
      "benchmark": "bbeh",
      "task": "bbeh_time_arithmetic",
      "correct": 0,
      "total": 50,
      "accuracy": 0.0
    },
    {
      "benchmark": "bbeh",
      "task": "bbeh_web_of_lies",
      "correct": 3,
      "total": 50,
      "accuracy": 0.06
    },
    {
      "benchmark": "bbeh",
      "task": "bbeh_word_sorting",
      "correct": 2,
      "total": 50,
      "accuracy": 0.04
    },
    {
      "benchmark": "bbeh",
      "task": "bbeh_zebra_puzzles",
      "correct": 6,
      "total": 50,
      "accuracy": 0.12
    },
    {
      "benchmark": "bbh",
      "task": "boolean_expressions",
      "correct": 26,
      "total": 50,
      "accuracy": 0.52
    },
    {
      "benchmark": "bbh",
      "task": "causal_judgement",
      "correct": 29,
      "total": 50,
      "accuracy": 0.58
    },
    {
      "benchmark": "bbh",
      "task": "date_understanding",
      "correct": 29,
      "total": 50,
      "accuracy": 0.58
    },
    {
      "benchmark": "bbh",
      "task": "disambiguation_qa",
      "correct": 22,
      "total": 50,
      "accuracy": 0.44
    },
    {
      "benchmark": "bbh",
      "task": "dyck_languages",
      "correct": 0,
      "total": 50,
      "accuracy": 0.0
    },
    {
      "benchmark": "bbh",
      "task": "formal_fallacies",
      "correct": 28,
      "total": 50,
      "accuracy": 0.56
    },
    {
      "benchmark": "bbh",
      "task": "geometric_shapes",
      "correct": 16,
      "total": 50,
      "accuracy": 0.32
    },
    {
      "benchmark": "bbh",
      "task": "hyperbaton",
      "correct": 47,
      "total": 50,
      "accuracy": 0.94
    },
    {
      "benchmark": "bbh",
      "task": "logical_deduction_five_objects",
      "correct": 18,
      "total": 50,
      "accuracy": 0.36
    },
    {
      "benchmark": "bbh",
      "task": "logical_deduction_seven_objects",
      "correct": 29,
      "total": 50,
      "accuracy": 0.58
    },
    {
      "benchmark": "bbh",
      "task": "logical_deduction_three_objects",
      "correct": 6,
      "total": 50,
      "accuracy": 0.12
    },
    {
      "benchmark": "bbh",
      "task": "movie_recommendation",
      "correct": 30,
      "total": 50,
      "accuracy": 0.6
    },
    {
      "benchmark": "bbh",
      "task": "multistep_arithmetic_two",
      "correct": 1,
      "total": 50,
      "accuracy": 0.02
    },
    {
      "benchmark": "bbh",
      "task": "navigate",
      "correct": 29,
      "total": 50,
      "accuracy": 0.58
    },
    {
      "benchmark": "bbh",
      "task": "object_counting",
      "correct": 32,
      "total": 50,
      "accuracy": 0.64
    },
    {
      "benchmark": "bbh",
      "task": "penguins_in_a_table",
      "correct": 34,
      "total": 50,
      "accuracy": 0.68
    },
    {
      "benchmark": "bbh",
      "task": "reasoning_about_colored_objects",
      "correct": 36,
      "total": 50,
      "accuracy": 0.72
    },
    {
      "benchmark": "bbh",
      "task": "ruin_names",
      "correct": 32,
      "total": 50,
      "accuracy": 0.64
    },
    {
      "benchmark": "bbh",
      "task": "salient_translation_error_detection",
      "correct": 30,
      "total": 50,
      "accuracy": 0.6
    },
    {
      "benchmark": "bbh",
      "task": "snarks",
      "correct": 35,
      "total": 50,
      "accuracy": 0.7
    },
    {
      "benchmark": "bbh",
      "task": "sports_understanding",
      "correct": 20,
      "total": 50,
      "accuracy": 0.4
    },
    {
      "benchmark": "bbh",
      "task": "temporal_sequences",
      "correct": 33,
      "total": 50,
      "accuracy": 0.66
    },
    {
      "benchmark": "bbh",
      "task": "tracking_shuffled_objects_five_objects",
      "correct": 8,
      "total": 50,
      "accuracy": 0.16
    },
    {
      "benchmark": "bbh",
      "task": "tracking_shuffled_objects_seven_objects",
      "correct": 3,
      "total": 50,
      "accuracy": 0.06
    },
    {
      "benchmark": "bbh",
      "task": "tracking_shuffled_objects_three_objects",
      "correct": 2,
      "total": 50,
      "accuracy": 0.04
    },
    {
      "benchmark": "bbh",
      "task": "web_of_lies",
      "correct": 0,
      "total": 50,
      "accuracy": 0.0
    },
    {
      "benchmark": "bbh",
      "task": "word_sorting",
      "correct": 13,
      "total": 50,
      "accuracy": 0.26
    },
    {
      "benchmark": "usr",
      "task": "shifted_unpuzzles/original",
      "correct": 16,
      "total": 50,
      "accuracy": 0.32
    },
    {
      "benchmark": "usr",
      "task": "shifted_unpuzzles/shifted",
      "correct": 12,
      "total": 50,
      "accuracy": 0.24
    },
    {
      "benchmark": "usr",
      "task": "shifted_unpuzzles/unpuzzle",
      "correct": 7,
      "total": 50,
      "accuracy": 0.14
    },
    {
      "benchmark": "usr",
      "task": "simple_reasoning/char_ct",
      "correct": 1,
      "total": 40,
      "accuracy": 0.025
    },
    {
      "benchmark": "usr",
      "task": "simple_reasoning/logic_ev",
      "correct": 0,
      "total": 50,
      "accuracy": 0.0
    },
    {
      "benchmark": "usr",
      "task": "simple_reasoning/logic_neg",
      "correct": 0,
      "total": 50,
      "accuracy": 0.0
    },
    {
      "benchmark": "usr",
      "task": "simple_reasoning/mathgap",
      "correct": 2,
      "total": 50,
      "accuracy": 0.04
    },
    {
      "benchmark": "usr",
      "task": "simple_reasoning/word_ct",
      "correct": 21,
      "total": 50,
      "accuracy": 0.42
    },
    {
      "benchmark": "usr",
      "task": "unpuzzles/original",
      "correct": 14,
      "total": 50,
      "accuracy": 0.28
    },
    {
      "benchmark": "usr",
      "task": "unpuzzles/unpuzzle",
      "correct": 11,
      "total": 50,
      "accuracy": 0.22
    }
  ]
}
