25/1500 correct=16 acc=0.640
50/1500 correct=29 acc=0.580
75/1500 correct=45 acc=0.600
100/1500 correct=58 acc=0.580
125/1500 correct=59 acc=0.472
150/1500 correct=74 acc=0.493
175/1500 correct=82 acc=0.469
200/1500 correct=104 acc=0.520
225/1500 correct=120 acc=0.533
250/1500 correct=132 acc=0.528
275/1500 correct=150 acc=0.545
300/1500 correct=168 acc=0.560
325/1500 correct=169 acc=0.520
350/1500 correct=183 acc=0.523
375/1500 correct=198 acc=0.528
400/1500 correct=210 acc=0.525
425/1500 correct=227 acc=0.534
450/1500 correct=241 acc=0.536
475/1500 correct=252 acc=0.531
500/1500 correct=272 acc=0.544
525/1500 correct=273 acc=0.520
550/1500 correct=298 acc=0.542
575/1500 correct=299 acc=0.520
600/1500 correct=299 acc=0.498
625/1500 correct=305 acc=0.488
650/1500 correct=317 acc=0.488
675/1500 correct=320 acc=0.474
700/1500 correct=321 acc=0.459
725/1500 correct=329 acc=0.454
750/1500 correct=330 acc=0.440
775/1500 correct=340 acc=0.439
800/1500 correct=348 acc=0.435
825/1500 correct=348 acc=0.422
850/1500 correct=349 acc=0.411
875/1500 correct=349 acc=0.399
900/1500 correct=349 acc=0.388
925/1500 correct=360 acc=0.389
950/1500 correct=360 acc=0.379
975/1500 correct=364 acc=0.373
1000/1500 correct=364 acc=0.364
1025/1500 correct=364 acc=0.355
1050/1500 correct=370 acc=0.352
1075/1500 correct=371 acc=0.345
1100/1500 correct=371 acc=0.337
1125/1500 correct=373 acc=0.332
1150/1500 correct=373 acc=0.324
1175/1500 correct=373 acc=0.317
1200/1500 correct=375 acc=0.312
1225/1500 correct=376 acc=0.307
1250/1500 correct=380 acc=0.304
1275/1500 correct=383 acc=0.300
1300/1500 correct=399 acc=0.307
1325/1500 correct=399 acc=0.301
1350/1500 correct=399 acc=0.296
1375/1500 correct=400 acc=0.291
1400/1500 correct=408 acc=0.291
1425/1500 correct=417 acc=0.293
1450/1500 correct=427 acc=0.294
1475/1500 correct=437 acc=0.296
1500/1500 correct=441 acc=0.294
{
  "started_at": "2026-07-09T16:03:47.455293+00:00",
  "finished_at": "2026-07-09T16:10:22.381522+00:00",
  "base_url": "http://127.0.0.1:8888/v1",
  "model": "SubTokenLLM",
  "prompt_strategy": "native_format",
  "prompt_strategy_description": "Direct answer while preserving the format requested by the benchmark item.",
  "prompt_template": "{input}\n\nAnswer in exactly the format requested by the question. If the question asks for <answer> tags, use those tags. If it asks for a sentence such as 'The word appears # times.', use that sentence. If it gives options, output only the option label. Do not include reasoning or extra text.",
  "self_consistency_k": 1,
  "system_messages_sent": 0,
  "request_message_shape": [
    {
      "role": "user",
      "content": "<benchmark prompt>"
    }
  ],
  "limit_per_task": 25,
  "parallel": 2,
  "max_tokens": 96,
  "temperature": 0.0,
  "benchmarks": [
    {
      "benchmark": "bbeh",
      "correct": 60,
      "total": 575,
      "micro_accuracy": 0.10434782608695652,
      "macro_accuracy": 0.10434782608695652,
      "harmonic_task_accuracy": 0.0,
      "tasks": 23
    },
    {
      "benchmark": "bbh",
      "correct": 320,
      "total": 675,
      "micro_accuracy": 0.4740740740740741,
      "macro_accuracy": 0.4740740740740741,
      "harmonic_task_accuracy": 0.0,
      "tasks": 27
    },
    {
      "benchmark": "usr",
      "correct": 61,
      "total": 250,
      "micro_accuracy": 0.244,
      "macro_accuracy": 0.244,
      "harmonic_task_accuracy": 0.0,
      "tasks": 10
    }
  ],
  "tasks": [
    {
      "benchmark": "bbeh",
      "task": "bbeh_boardgame_qa",
      "correct": 1,
      "total": 25,
      "accuracy": 0.04
    },
    {
      "benchmark": "bbeh",
      "task": "bbeh_boolean_expressions",
      "correct": 8,
      "total": 25,
      "accuracy": 0.32
    },
    {
      "benchmark": "bbeh",
      "task": "bbeh_buggy_tables",
      "correct": 0,
      "total": 25,
      "accuracy": 0.0
    },
    {
      "benchmark": "bbeh",
      "task": "bbeh_causal_understanding",
      "correct": 11,
      "total": 25,
      "accuracy": 0.44
    },
    {
      "benchmark": "bbeh",
      "task": "bbeh_disambiguation_qa",
      "correct": 8,
      "total": 25,
      "accuracy": 0.32
    },
    {
      "benchmark": "bbeh",
      "task": "bbeh_dyck_languages",
      "correct": 0,
      "total": 25,
      "accuracy": 0.0
    },
    {
      "benchmark": "bbeh",
      "task": "bbeh_geometric_shapes",
      "correct": 1,
      "total": 25,
      "accuracy": 0.04
    },
    {
      "benchmark": "bbeh",
      "task": "bbeh_hyperbaton",
      "correct": 0,
      "total": 25,
      "accuracy": 0.0
    },
    {
      "benchmark": "bbeh",
      "task": "bbeh_linguini",
      "correct": 0,
      "total": 25,
      "accuracy": 0.0
    },
    {
      "benchmark": "bbeh",
      "task": "bbeh_movie_recommendation",
      "correct": 11,
      "total": 25,
      "accuracy": 0.44
    },
    {
      "benchmark": "bbeh",
      "task": "bbeh_multistep_arithmetic",
      "correct": 0,
      "total": 25,
      "accuracy": 0.0
    },
    {
      "benchmark": "bbeh",
      "task": "bbeh_nycc",
      "correct": 4,
      "total": 25,
      "accuracy": 0.16
    },
    {
      "benchmark": "bbeh",
      "task": "bbeh_object_counting",
      "correct": 0,
      "total": 25,
      "accuracy": 0.0
    },
    {
      "benchmark": "bbeh",
      "task": "bbeh_object_properties",
      "correct": 0,
      "total": 25,
      "accuracy": 0.0
    },
    {
      "benchmark": "bbeh",
      "task": "bbeh_sarc_triples",
      "correct": 6,
      "total": 25,
      "accuracy": 0.24
    },
    {
      "benchmark": "bbeh",
      "task": "bbeh_shuffled_objects",
      "correct": 1,
      "total": 25,
      "accuracy": 0.04
    },
    {
      "benchmark": "bbeh",
      "task": "bbeh_spatial_reasoning",
      "correct": 0,
      "total": 25,
      "accuracy": 0.0
    },
    {
      "benchmark": "bbeh",
      "task": "bbeh_sportqa",
      "correct": 2,
      "total": 25,
      "accuracy": 0.08
    },
    {
      "benchmark": "bbeh",
      "task": "bbeh_temporal_sequence",
      "correct": 0,
      "total": 25,
      "accuracy": 0.0
    },
    {
      "benchmark": "bbeh",
      "task": "bbeh_time_arithmetic",
      "correct": 0,
      "total": 25,
      "accuracy": 0.0
    },
    {
      "benchmark": "bbeh",
      "task": "bbeh_web_of_lies",
      "correct": 2,
      "total": 25,
      "accuracy": 0.08
    },
    {
      "benchmark": "bbeh",
      "task": "bbeh_word_sorting",
      "correct": 1,
      "total": 25,
      "accuracy": 0.04
    },
    {
      "benchmark": "bbeh",
      "task": "bbeh_zebra_puzzles",
      "correct": 4,
      "total": 25,
      "accuracy": 0.16
    },
    {
      "benchmark": "bbh",
      "task": "boolean_expressions",
      "correct": 16,
      "total": 25,
      "accuracy": 0.64
    },
    {
      "benchmark": "bbh",
      "task": "causal_judgement",
      "correct": 13,
      "total": 25,
      "accuracy": 0.52
    },
    {
      "benchmark": "bbh",
      "task": "date_understanding",
      "correct": 16,
      "total": 25,
      "accuracy": 0.64
    },
    {
      "benchmark": "bbh",
      "task": "disambiguation_qa",
      "correct": 13,
      "total": 25,
      "accuracy": 0.52
    },
    {
      "benchmark": "bbh",
      "task": "dyck_languages",
      "correct": 1,
      "total": 25,
      "accuracy": 0.04
    },
    {
      "benchmark": "bbh",
      "task": "formal_fallacies",
      "correct": 15,
      "total": 25,
      "accuracy": 0.6
    },
    {
      "benchmark": "bbh",
      "task": "geometric_shapes",
      "correct": 8,
      "total": 25,
      "accuracy": 0.32
    },
    {
      "benchmark": "bbh",
      "task": "hyperbaton",
      "correct": 22,
      "total": 25,
      "accuracy": 0.88
    },
    {
      "benchmark": "bbh",
      "task": "logical_deduction_five_objects",
      "correct": 16,
      "total": 25,
      "accuracy": 0.64
    },
    {
      "benchmark": "bbh",
      "task": "logical_deduction_seven_objects",
      "correct": 11,
      "total": 25,
      "accuracy": 0.44
    },
    {
      "benchmark": "bbh",
      "task": "logical_deduction_three_objects",
      "correct": 20,
      "total": 25,
      "accuracy": 0.8
    },
    {
      "benchmark": "bbh",
      "task": "movie_recommendation",
      "correct": 17,
      "total": 25,
      "accuracy": 0.68
    },
    {
      "benchmark": "bbh",
      "task": "multistep_arithmetic_two",
      "correct": 0,
      "total": 25,
      "accuracy": 0.0
    },
    {
      "benchmark": "bbh",
      "task": "navigate",
      "correct": 15,
      "total": 25,
      "accuracy": 0.6
    },
    {
      "benchmark": "bbh",
      "task": "object_counting",
      "correct": 15,
      "total": 25,
      "accuracy": 0.6
    },
    {
      "benchmark": "bbh",
      "task": "penguins_in_a_table",
      "correct": 12,
      "total": 25,
      "accuracy": 0.48
    },
    {
      "benchmark": "bbh",
      "task": "reasoning_about_colored_objects",
      "correct": 17,
      "total": 25,
      "accuracy": 0.68
    },
    {
      "benchmark": "bbh",
      "task": "ruin_names",
      "correct": 14,
      "total": 25,
      "accuracy": 0.56
    },
    {
      "benchmark": "bbh",
      "task": "salient_translation_error_detection",
      "correct": 11,
      "total": 25,
      "accuracy": 0.44
    },
    {
      "benchmark": "bbh",
      "task": "snarks",
      "correct": 20,
      "total": 25,
      "accuracy": 0.8
    },
    {
      "benchmark": "bbh",
      "task": "sports_understanding",
      "correct": 1,
      "total": 25,
      "accuracy": 0.04
    },
    {
      "benchmark": "bbh",
      "task": "temporal_sequences",
      "correct": 25,
      "total": 25,
      "accuracy": 1.0
    },
    {
      "benchmark": "bbh",
      "task": "tracking_shuffled_objects_five_objects",
      "correct": 1,
      "total": 25,
      "accuracy": 0.04
    },
    {
      "benchmark": "bbh",
      "task": "tracking_shuffled_objects_seven_objects",
      "correct": 0,
      "total": 25,
      "accuracy": 0.0
    },
    {
      "benchmark": "bbh",
      "task": "tracking_shuffled_objects_three_objects",
      "correct": 6,
      "total": 25,
      "accuracy": 0.24
    },
    {
      "benchmark": "bbh",
      "task": "web_of_lies",
      "correct": 12,
      "total": 25,
      "accuracy": 0.48
    },
    {
      "benchmark": "bbh",
      "task": "word_sorting",
      "correct": 3,
      "total": 25,
      "accuracy": 0.12
    },
    {
      "benchmark": "usr",
      "task": "shifted_unpuzzles/original",
      "correct": 12,
      "total": 25,
      "accuracy": 0.48
    },
    {
      "benchmark": "usr",
      "task": "shifted_unpuzzles/shifted",
      "correct": 8,
      "total": 25,
      "accuracy": 0.32
    },
    {
      "benchmark": "usr",
      "task": "shifted_unpuzzles/unpuzzle",
      "correct": 4,
      "total": 25,
      "accuracy": 0.16
    },
    {
      "benchmark": "usr",
      "task": "simple_reasoning/char_ct",
      "correct": 3,
      "total": 25,
      "accuracy": 0.12
    },
    {
      "benchmark": "usr",
      "task": "simple_reasoning/logic_ev",
      "correct": 0,
      "total": 25,
      "accuracy": 0.0
    },
    {
      "benchmark": "usr",
      "task": "simple_reasoning/logic_neg",
      "correct": 0,
      "total": 25,
      "accuracy": 0.0
    },
    {
      "benchmark": "usr",
      "task": "simple_reasoning/mathgap",
      "correct": 0,
      "total": 25,
      "accuracy": 0.0
    },
    {
      "benchmark": "usr",
      "task": "simple_reasoning/word_ct",
      "correct": 16,
      "total": 25,
      "accuracy": 0.64
    },
    {
      "benchmark": "usr",
      "task": "unpuzzles/original",
      "correct": 12,
      "total": 25,
      "accuracy": 0.48
    },
    {
      "benchmark": "usr",
      "task": "unpuzzles/unpuzzle",
      "correct": 6,
      "total": 25,
      "accuracy": 0.24
    }
  ]
}
