25/2990 correct=17 acc=0.680
50/2990 correct=31 acc=0.620
75/2990 correct=46 acc=0.613
100/2990 correct=59 acc=0.590
125/2990 correct=67 acc=0.536
150/2990 correct=75 acc=0.500
175/2990 correct=90 acc=0.514
200/2990 correct=100 acc=0.500
225/2990 correct=100 acc=0.444
250/2990 correct=104 acc=0.416
275/2990 correct=115 acc=0.418
300/2990 correct=130 acc=0.433
325/2990 correct=135 acc=0.415
350/2990 correct=142 acc=0.406
375/2990 correct=161 acc=0.429
400/2990 correct=183 acc=0.458
425/2990 correct=196 acc=0.461
450/2990 correct=206 acc=0.458
475/2990 correct=220 acc=0.463
500/2990 correct=231 acc=0.462
525/2990 correct=249 acc=0.474
550/2990 correct=261 acc=0.475
575/2990 correct=261 acc=0.454
600/2990 correct=266 acc=0.443
625/2990 correct=266 acc=0.426
650/2990 correct=269 acc=0.414
675/2990 correct=281 acc=0.416
700/2990 correct=294 acc=0.420
725/2990 correct=308 acc=0.425
750/2990 correct=323 acc=0.431
775/2990 correct=331 acc=0.427
800/2990 correct=338 acc=0.422
825/2990 correct=349 acc=0.423
850/2990 correct=365 acc=0.429
875/2990 correct=374 acc=0.427
900/2990 correct=382 acc=0.424
925/2990 correct=393 acc=0.425
950/2990 correct=408 acc=0.429
975/2990 correct=425 acc=0.436
1000/2990 correct=440 acc=0.440
1025/2990 correct=443 acc=0.432
1050/2990 correct=443 acc=0.422
1075/2990 correct=459 acc=0.427
1100/2990 correct=474 acc=0.431
1125/2990 correct=475 acc=0.422
1150/2990 correct=476 acc=0.414
1175/2990 correct=478 acc=0.407
1200/2990 correct=484 acc=0.403
1225/2990 correct=493 acc=0.402
1250/2990 correct=498 acc=0.398
1275/2990 correct=503 acc=0.395
1300/2990 correct=508 acc=0.391
1325/2990 correct=514 acc=0.388
1350/2990 correct=518 acc=0.384
1375/2990 correct=520 acc=0.378
1400/2990 correct=525 acc=0.375
1425/2990 correct=525 acc=0.368
1450/2990 correct=525 acc=0.362
1475/2990 correct=525 acc=0.356
1500/2990 correct=526 acc=0.351
1525/2990 correct=537 acc=0.352
1550/2990 correct=547 acc=0.353
1575/2990 correct=553 acc=0.351
1600/2990 correct=557 acc=0.348
1625/2990 correct=557 acc=0.343
1650/2990 correct=557 acc=0.338
1675/2990 correct=557 acc=0.333
1700/2990 correct=557 acc=0.328
1725/2990 correct=557 acc=0.323
1750/2990 correct=557 acc=0.318
1775/2990 correct=558 acc=0.314
1800/2990 correct=559 acc=0.311
1825/2990 correct=564 acc=0.309
1850/2990 correct=571 acc=0.309
1875/2990 correct=571 acc=0.305
1900/2990 correct=571 acc=0.301
1925/2990 correct=574 acc=0.298
1950/2990 correct=575 acc=0.295
1975/2990 correct=575 acc=0.291
2000/2990 correct=576 acc=0.288
2025/2990 correct=576 acc=0.284
2050/2990 correct=577 acc=0.281
2075/2990 correct=584 acc=0.281
2100/2990 correct=590 acc=0.281
2125/2990 correct=591 acc=0.278
2150/2990 correct=592 acc=0.275
2175/2990 correct=593 acc=0.273
2200/2990 correct=595 acc=0.270
2225/2990 correct=596 acc=0.268
2250/2990 correct=598 acc=0.266
2275/2990 correct=598 acc=0.263
2300/2990 correct=598 acc=0.260
2325/2990 correct=598 acc=0.257
2350/2990 correct=599 acc=0.255
2375/2990 correct=600 acc=0.253
2400/2990 correct=600 acc=0.250
2425/2990 correct=600 acc=0.247
2450/2990 correct=602 acc=0.246
2475/2990 correct=605 acc=0.244
2500/2990 correct=612 acc=0.245
2525/2990 correct=612 acc=0.242
2550/2990 correct=618 acc=0.242
2575/2990 correct=627 acc=0.243
2600/2990 correct=628 acc=0.242
2625/2990 correct=628 acc=0.239
2650/2990 correct=628 acc=0.237
2675/2990 correct=628 acc=0.235
2700/2990 correct=628 acc=0.233
2725/2990 correct=628 acc=0.230
2750/2990 correct=631 acc=0.229
2775/2990 correct=636 acc=0.229
2800/2990 correct=642 acc=0.229
2825/2990 correct=648 acc=0.229
2850/2990 correct=655 acc=0.230
2875/2990 correct=659 acc=0.229
2900/2990 correct=668 acc=0.230
2925/2990 correct=678 acc=0.232
2950/2990 correct=680 acc=0.231
2975/2990 correct=691 acc=0.232
2990/2990 correct=693 acc=0.232
{
  "started_at": "2026-07-10T03:54:45.509218+00:00",
  "finished_at": "2026-07-10T03:58:36.353072+00:00",
  "base_url": "http://127.0.0.1:8889/v1",
  "model": "SubTokenLLM-E2B",
  "prompt_strategy": "selective_verify",
  "prompt_strategy_description": "Verify only concrete failure modes and otherwise preserve the first answer.",
  "prompt_template": "{input}\n\nSolve directly. Before answering, look for one concrete contradiction caused by a missed negation, ignored constraint, arithmetic or sign error, or option-label mismatch. Keep the first answer unless that check finds a specific error. Output only the final answer, with no reasoning or extra text.",
  "self_consistency_k": 1,
  "response_selection": "majority_vote",
  "selection_max_tokens": 64,
  "system_messages_sent": 0,
  "request_message_shape": [
    {
      "role": "user",
      "content": "<benchmark prompt>"
    }
  ],
  "limit_per_task": 50,
  "skip_per_task": 0,
  "parallel": 8,
  "max_tokens": 128,
  "temperature": 0.0,
  "seed": 20260709,
  "benchmarks": [
    {
      "benchmark": "bbeh",
      "correct": 94,
      "total": 1150,
      "micro_accuracy": 0.0817391304347826,
      "macro_accuracy": 0.0817391304347826,
      "harmonic_task_accuracy": 0.0,
      "tasks": 23
    },
    {
      "benchmark": "bbh",
      "correct": 518,
      "total": 1350,
      "micro_accuracy": 0.3837037037037037,
      "macro_accuracy": 0.3837037037037037,
      "harmonic_task_accuracy": 0.0,
      "tasks": 27
    },
    {
      "benchmark": "usr",
      "correct": 81,
      "total": 490,
      "micro_accuracy": 0.1653061224489796,
      "macro_accuracy": 0.162,
      "harmonic_task_accuracy": 0.0,
      "tasks": 10
    }
  ],
  "tasks": [
    {
      "benchmark": "bbeh",
      "task": "bbeh_boardgame_qa",
      "correct": 7,
      "total": 50,
      "accuracy": 0.14
    },
    {
      "benchmark": "bbeh",
      "task": "bbeh_boolean_expressions",
      "correct": 0,
      "total": 50,
      "accuracy": 0.0
    },
    {
      "benchmark": "bbeh",
      "task": "bbeh_buggy_tables",
      "correct": 0,
      "total": 50,
      "accuracy": 0.0
    },
    {
      "benchmark": "bbeh",
      "task": "bbeh_causal_understanding",
      "correct": 22,
      "total": 50,
      "accuracy": 0.44
    },
    {
      "benchmark": "bbeh",
      "task": "bbeh_disambiguation_qa",
      "correct": 10,
      "total": 50,
      "accuracy": 0.2
    },
    {
      "benchmark": "bbeh",
      "task": "bbeh_dyck_languages",
      "correct": 0,
      "total": 50,
      "accuracy": 0.0
    },
    {
      "benchmark": "bbeh",
      "task": "bbeh_geometric_shapes",
      "correct": 0,
      "total": 50,
      "accuracy": 0.0
    },
    {
      "benchmark": "bbeh",
      "task": "bbeh_hyperbaton",
      "correct": 0,
      "total": 50,
      "accuracy": 0.0
    },
    {
      "benchmark": "bbeh",
      "task": "bbeh_linguini",
      "correct": 1,
      "total": 50,
      "accuracy": 0.02
    },
    {
      "benchmark": "bbeh",
      "task": "bbeh_movie_recommendation",
      "correct": 13,
      "total": 50,
      "accuracy": 0.26
    },
    {
      "benchmark": "bbeh",
      "task": "bbeh_multistep_arithmetic",
      "correct": 0,
      "total": 50,
      "accuracy": 0.0
    },
    {
      "benchmark": "bbeh",
      "task": "bbeh_nycc",
      "correct": 4,
      "total": 50,
      "accuracy": 0.08
    },
    {
      "benchmark": "bbeh",
      "task": "bbeh_object_counting",
      "correct": 0,
      "total": 50,
      "accuracy": 0.0
    },
    {
      "benchmark": "bbeh",
      "task": "bbeh_object_properties",
      "correct": 1,
      "total": 50,
      "accuracy": 0.02
    },
    {
      "benchmark": "bbeh",
      "task": "bbeh_sarc_triples",
      "correct": 14,
      "total": 50,
      "accuracy": 0.28
    },
    {
      "benchmark": "bbeh",
      "task": "bbeh_shuffled_objects",
      "correct": 2,
      "total": 50,
      "accuracy": 0.04
    },
    {
      "benchmark": "bbeh",
      "task": "bbeh_spatial_reasoning",
      "correct": 3,
      "total": 50,
      "accuracy": 0.06
    },
    {
      "benchmark": "bbeh",
      "task": "bbeh_sportqa",
      "correct": 3,
      "total": 50,
      "accuracy": 0.06
    },
    {
      "benchmark": "bbeh",
      "task": "bbeh_temporal_sequence",
      "correct": 0,
      "total": 50,
      "accuracy": 0.0
    },
    {
      "benchmark": "bbeh",
      "task": "bbeh_time_arithmetic",
      "correct": 0,
      "total": 50,
      "accuracy": 0.0
    },
    {
      "benchmark": "bbeh",
      "task": "bbeh_web_of_lies",
      "correct": 2,
      "total": 50,
      "accuracy": 0.04
    },
    {
      "benchmark": "bbeh",
      "task": "bbeh_word_sorting",
      "correct": 0,
      "total": 50,
      "accuracy": 0.0
    },
    {
      "benchmark": "bbeh",
      "task": "bbeh_zebra_puzzles",
      "correct": 12,
      "total": 50,
      "accuracy": 0.24
    },
    {
      "benchmark": "bbh",
      "task": "boolean_expressions",
      "correct": 32,
      "total": 50,
      "accuracy": 0.64
    },
    {
      "benchmark": "bbh",
      "task": "causal_judgement",
      "correct": 27,
      "total": 50,
      "accuracy": 0.54
    },
    {
      "benchmark": "bbh",
      "task": "date_understanding",
      "correct": 12,
      "total": 50,
      "accuracy": 0.24
    },
    {
      "benchmark": "bbh",
      "task": "disambiguation_qa",
      "correct": 29,
      "total": 50,
      "accuracy": 0.58
    },
    {
      "benchmark": "bbh",
      "task": "dyck_languages",
      "correct": 0,
      "total": 50,
      "accuracy": 0.0
    },
    {
      "benchmark": "bbh",
      "task": "formal_fallacies",
      "correct": 30,
      "total": 50,
      "accuracy": 0.6
    },
    {
      "benchmark": "bbh",
      "task": "geometric_shapes",
      "correct": 11,
      "total": 50,
      "accuracy": 0.22
    },
    {
      "benchmark": "bbh",
      "task": "hyperbaton",
      "correct": 43,
      "total": 50,
      "accuracy": 0.86
    },
    {
      "benchmark": "bbh",
      "task": "logical_deduction_five_objects",
      "correct": 22,
      "total": 50,
      "accuracy": 0.44
    },
    {
      "benchmark": "bbh",
      "task": "logical_deduction_seven_objects",
      "correct": 23,
      "total": 50,
      "accuracy": 0.46
    },
    {
      "benchmark": "bbh",
      "task": "logical_deduction_three_objects",
      "correct": 31,
      "total": 50,
      "accuracy": 0.62
    },
    {
      "benchmark": "bbh",
      "task": "movie_recommendation",
      "correct": 6,
      "total": 50,
      "accuracy": 0.12
    },
    {
      "benchmark": "bbh",
      "task": "multistep_arithmetic_two",
      "correct": 0,
      "total": 50,
      "accuracy": 0.0
    },
    {
      "benchmark": "bbh",
      "task": "navigate",
      "correct": 27,
      "total": 50,
      "accuracy": 0.54
    },
    {
      "benchmark": "bbh",
      "task": "object_counting",
      "correct": 30,
      "total": 50,
      "accuracy": 0.6
    },
    {
      "benchmark": "bbh",
      "task": "penguins_in_a_table",
      "correct": 15,
      "total": 50,
      "accuracy": 0.3
    },
    {
      "benchmark": "bbh",
      "task": "reasoning_about_colored_objects",
      "correct": 26,
      "total": 50,
      "accuracy": 0.52
    },
    {
      "benchmark": "bbh",
      "task": "ruin_names",
      "correct": 17,
      "total": 50,
      "accuracy": 0.34
    },
    {
      "benchmark": "bbh",
      "task": "salient_translation_error_detection",
      "correct": 27,
      "total": 50,
      "accuracy": 0.54
    },
    {
      "benchmark": "bbh",
      "task": "snarks",
      "correct": 33,
      "total": 50,
      "accuracy": 0.66
    },
    {
      "benchmark": "bbh",
      "task": "sports_understanding",
      "correct": 2,
      "total": 50,
      "accuracy": 0.04
    },
    {
      "benchmark": "bbh",
      "task": "temporal_sequences",
      "correct": 31,
      "total": 50,
      "accuracy": 0.62
    },
    {
      "benchmark": "bbh",
      "task": "tracking_shuffled_objects_five_objects",
      "correct": 1,
      "total": 50,
      "accuracy": 0.02
    },
    {
      "benchmark": "bbh",
      "task": "tracking_shuffled_objects_seven_objects",
      "correct": 8,
      "total": 50,
      "accuracy": 0.16
    },
    {
      "benchmark": "bbh",
      "task": "tracking_shuffled_objects_three_objects",
      "correct": 12,
      "total": 50,
      "accuracy": 0.24
    },
    {
      "benchmark": "bbh",
      "task": "web_of_lies",
      "correct": 11,
      "total": 50,
      "accuracy": 0.22
    },
    {
      "benchmark": "bbh",
      "task": "word_sorting",
      "correct": 12,
      "total": 50,
      "accuracy": 0.24
    },
    {
      "benchmark": "usr",
      "task": "shifted_unpuzzles/original",
      "correct": 14,
      "total": 50,
      "accuracy": 0.28
    },
    {
      "benchmark": "usr",
      "task": "shifted_unpuzzles/shifted",
      "correct": 13,
      "total": 50,
      "accuracy": 0.26
    },
    {
      "benchmark": "usr",
      "task": "shifted_unpuzzles/unpuzzle",
      "correct": 15,
      "total": 50,
      "accuracy": 0.3
    },
    {
      "benchmark": "usr",
      "task": "simple_reasoning/char_ct",
      "correct": 0,
      "total": 40,
      "accuracy": 0.0
    },
    {
      "benchmark": "usr",
      "task": "simple_reasoning/logic_ev",
      "correct": 0,
      "total": 50,
      "accuracy": 0.0
    },
    {
      "benchmark": "usr",
      "task": "simple_reasoning/logic_neg",
      "correct": 0,
      "total": 50,
      "accuracy": 0.0
    },
    {
      "benchmark": "usr",
      "task": "simple_reasoning/mathgap",
      "correct": 0,
      "total": 50,
      "accuracy": 0.0
    },
    {
      "benchmark": "usr",
      "task": "simple_reasoning/word_ct",
      "correct": 16,
      "total": 50,
      "accuracy": 0.32
    },
    {
      "benchmark": "usr",
      "task": "unpuzzles/original",
      "correct": 11,
      "total": 50,
      "accuracy": 0.22
    },
    {
      "benchmark": "usr",
      "task": "unpuzzles/unpuzzle",
      "correct": 12,
      "total": 50,
      "accuracy": 0.24
    }
  ]
}
