25/2990 correct=5 acc=0.200
50/2990 correct=5 acc=0.100
75/2990 correct=7 acc=0.093
100/2990 correct=10 acc=0.100
125/2990 correct=10 acc=0.080
150/2990 correct=10 acc=0.067
175/2990 correct=10 acc=0.057
200/2990 correct=10 acc=0.050
225/2990 correct=10 acc=0.044
250/2990 correct=10 acc=0.040
275/2990 correct=10 acc=0.036
300/2990 correct=10 acc=0.033
325/2990 correct=10 acc=0.031
350/2990 correct=10 acc=0.029
375/2990 correct=10 acc=0.027
400/2990 correct=10 acc=0.025
425/2990 correct=10 acc=0.024
450/2990 correct=10 acc=0.022
475/2990 correct=10 acc=0.021
500/2990 correct=10 acc=0.020
525/2990 correct=10 acc=0.019
550/2990 correct=10 acc=0.018
575/2990 correct=10 acc=0.017
600/2990 correct=10 acc=0.017
625/2990 correct=10 acc=0.016
650/2990 correct=10 acc=0.015
675/2990 correct=14 acc=0.021
700/2990 correct=21 acc=0.030
725/2990 correct=21 acc=0.029
750/2990 correct=21 acc=0.028
775/2990 correct=21 acc=0.027
800/2990 correct=21 acc=0.026
825/2990 correct=21 acc=0.025
850/2990 correct=21 acc=0.025
875/2990 correct=21 acc=0.024
900/2990 correct=21 acc=0.023
925/2990 correct=21 acc=0.023
950/2990 correct=21 acc=0.022
975/2990 correct=21 acc=0.022
1000/2990 correct=21 acc=0.021
1025/2990 correct=21 acc=0.020
1050/2990 correct=21 acc=0.020
1075/2990 correct=21 acc=0.020
1100/2990 correct=21 acc=0.019
1125/2990 correct=21 acc=0.019
1150/2990 correct=21 acc=0.018
1175/2990 correct=21 acc=0.018
1200/2990 correct=21 acc=0.018
1225/2990 correct=21 acc=0.017
1250/2990 correct=21 acc=0.017
1275/2990 correct=21 acc=0.016
1300/2990 correct=21 acc=0.016
1325/2990 correct=21 acc=0.016
1350/2990 correct=21 acc=0.016
1375/2990 correct=21 acc=0.015
1400/2990 correct=21 acc=0.015
1425/2990 correct=21 acc=0.015
1450/2990 correct=21 acc=0.014
1475/2990 correct=21 acc=0.014
1500/2990 correct=22 acc=0.015
1525/2990 correct=30 acc=0.020
1550/2990 correct=33 acc=0.021
1575/2990 correct=33 acc=0.021
1600/2990 correct=33 acc=0.021
1625/2990 correct=33 acc=0.020
1650/2990 correct=33 acc=0.020
1675/2990 correct=33 acc=0.020
1700/2990 correct=33 acc=0.019
1725/2990 correct=33 acc=0.019
1750/2990 correct=33 acc=0.019
1775/2990 correct=33 acc=0.019
1800/2990 correct=33 acc=0.018
1825/2990 correct=33 acc=0.018
1850/2990 correct=33 acc=0.018
1875/2990 correct=33 acc=0.018
1900/2990 correct=33 acc=0.017
1925/2990 correct=33 acc=0.017
1950/2990 correct=33 acc=0.017
1975/2990 correct=33 acc=0.017
2000/2990 correct=33 acc=0.017
2025/2990 correct=33 acc=0.016
2050/2990 correct=33 acc=0.016
2075/2990 correct=34 acc=0.016
2100/2990 correct=41 acc=0.020
2125/2990 correct=41 acc=0.019
2150/2990 correct=41 acc=0.019
2175/2990 correct=41 acc=0.019
2200/2990 correct=41 acc=0.019
2225/2990 correct=42 acc=0.019
2250/2990 correct=45 acc=0.020
2275/2990 correct=45 acc=0.020
2300/2990 correct=45 acc=0.020
2325/2990 correct=45 acc=0.019
2350/2990 correct=45 acc=0.019
2375/2990 correct=45 acc=0.019
2400/2990 correct=45 acc=0.019
2425/2990 correct=45 acc=0.019
2450/2990 correct=45 acc=0.018
2475/2990 correct=45 acc=0.018
2500/2990 correct=45 acc=0.018
2525/2990 correct=45 acc=0.018
2550/2990 correct=46 acc=0.018
2575/2990 correct=51 acc=0.020
2600/2990 correct=51 acc=0.020
2625/2990 correct=51 acc=0.019
2650/2990 correct=51 acc=0.019
2675/2990 correct=51 acc=0.019
2700/2990 correct=51 acc=0.019
2725/2990 correct=51 acc=0.019
2750/2990 correct=51 acc=0.019
2775/2990 correct=51 acc=0.018
2800/2990 correct=51 acc=0.018
2825/2990 correct=51 acc=0.018
2850/2990 correct=51 acc=0.018
2875/2990 correct=51 acc=0.018
2900/2990 correct=51 acc=0.018
2925/2990 correct=51 acc=0.017
2950/2990 correct=51 acc=0.017
2975/2990 correct=52 acc=0.017
2990/2990 correct=52 acc=0.017
{
  "started_at": "2026-07-10T03:14:25.482430+00:00",
  "finished_at": "2026-07-10T03:35:14.409952+00:00",
  "base_url": "http://127.0.0.1:8889/v1",
  "model": "SubTokenLLM-E2B",
  "prompt_strategy": "raw",
  "prompt_strategy_description": "Dataset input exactly as stored.",
  "prompt_template": "{input}",
  "self_consistency_k": 1,
  "response_selection": "majority_vote",
  "selection_max_tokens": 64,
  "system_messages_sent": 0,
  "request_message_shape": [
    {
      "role": "user",
      "content": "<benchmark prompt>"
    }
  ],
  "limit_per_task": 50,
  "skip_per_task": 0,
  "parallel": 8,
  "max_tokens": 256,
  "temperature": 0.0,
  "seed": 20260709,
  "benchmarks": [
    {
      "benchmark": "bbeh",
      "correct": 24,
      "total": 1150,
      "micro_accuracy": 0.020869565217391306,
      "macro_accuracy": 0.020869565217391303,
      "harmonic_task_accuracy": 0.0,
      "tasks": 23
    },
    {
      "benchmark": "bbh",
      "correct": 21,
      "total": 1350,
      "micro_accuracy": 0.015555555555555555,
      "macro_accuracy": 0.015555555555555557,
      "harmonic_task_accuracy": 0.0,
      "tasks": 27
    },
    {
      "benchmark": "usr",
      "correct": 7,
      "total": 490,
      "micro_accuracy": 0.014285714285714285,
      "macro_accuracy": 0.014,
      "harmonic_task_accuracy": 0.0,
      "tasks": 10
    }
  ],
  "tasks": [
    {
      "benchmark": "bbeh",
      "task": "bbeh_boardgame_qa",
      "correct": 0,
      "total": 50,
      "accuracy": 0.0
    },
    {
      "benchmark": "bbeh",
      "task": "bbeh_boolean_expressions",
      "correct": 0,
      "total": 50,
      "accuracy": 0.0
    },
    {
      "benchmark": "bbeh",
      "task": "bbeh_buggy_tables",
      "correct": 0,
      "total": 50,
      "accuracy": 0.0
    },
    {
      "benchmark": "bbeh",
      "task": "bbeh_causal_understanding",
      "correct": 12,
      "total": 50,
      "accuracy": 0.24
    },
    {
      "benchmark": "bbeh",
      "task": "bbeh_disambiguation_qa",
      "correct": 0,
      "total": 50,
      "accuracy": 0.0
    },
    {
      "benchmark": "bbeh",
      "task": "bbeh_dyck_languages",
      "correct": 0,
      "total": 50,
      "accuracy": 0.0
    },
    {
      "benchmark": "bbeh",
      "task": "bbeh_geometric_shapes",
      "correct": 0,
      "total": 50,
      "accuracy": 0.0
    },
    {
      "benchmark": "bbeh",
      "task": "bbeh_hyperbaton",
      "correct": 0,
      "total": 50,
      "accuracy": 0.0
    },
    {
      "benchmark": "bbeh",
      "task": "bbeh_linguini",
      "correct": 0,
      "total": 50,
      "accuracy": 0.0
    },
    {
      "benchmark": "bbeh",
      "task": "bbeh_movie_recommendation",
      "correct": 0,
      "total": 50,
      "accuracy": 0.0
    },
    {
      "benchmark": "bbeh",
      "task": "bbeh_multistep_arithmetic",
      "correct": 0,
      "total": 50,
      "accuracy": 0.0
    },
    {
      "benchmark": "bbeh",
      "task": "bbeh_nycc",
      "correct": 0,
      "total": 50,
      "accuracy": 0.0
    },
    {
      "benchmark": "bbeh",
      "task": "bbeh_object_counting",
      "correct": 0,
      "total": 50,
      "accuracy": 0.0
    },
    {
      "benchmark": "bbeh",
      "task": "bbeh_object_properties",
      "correct": 0,
      "total": 50,
      "accuracy": 0.0
    },
    {
      "benchmark": "bbeh",
      "task": "bbeh_sarc_triples",
      "correct": 8,
      "total": 50,
      "accuracy": 0.16
    },
    {
      "benchmark": "bbeh",
      "task": "bbeh_shuffled_objects",
      "correct": 0,
      "total": 50,
      "accuracy": 0.0
    },
    {
      "benchmark": "bbeh",
      "task": "bbeh_spatial_reasoning",
      "correct": 0,
      "total": 50,
      "accuracy": 0.0
    },
    {
      "benchmark": "bbeh",
      "task": "bbeh_sportqa",
      "correct": 4,
      "total": 50,
      "accuracy": 0.08
    },
    {
      "benchmark": "bbeh",
      "task": "bbeh_temporal_sequence",
      "correct": 0,
      "total": 50,
      "accuracy": 0.0
    },
    {
      "benchmark": "bbeh",
      "task": "bbeh_time_arithmetic",
      "correct": 0,
      "total": 50,
      "accuracy": 0.0
    },
    {
      "benchmark": "bbeh",
      "task": "bbeh_web_of_lies",
      "correct": 0,
      "total": 50,
      "accuracy": 0.0
    },
    {
      "benchmark": "bbeh",
      "task": "bbeh_word_sorting",
      "correct": 0,
      "total": 50,
      "accuracy": 0.0
    },
    {
      "benchmark": "bbeh",
      "task": "bbeh_zebra_puzzles",
      "correct": 0,
      "total": 50,
      "accuracy": 0.0
    },
    {
      "benchmark": "bbh",
      "task": "boolean_expressions",
      "correct": 5,
      "total": 50,
      "accuracy": 0.1
    },
    {
      "benchmark": "bbh",
      "task": "causal_judgement",
      "correct": 5,
      "total": 50,
      "accuracy": 0.1
    },
    {
      "benchmark": "bbh",
      "task": "date_understanding",
      "correct": 0,
      "total": 50,
      "accuracy": 0.0
    },
    {
      "benchmark": "bbh",
      "task": "disambiguation_qa",
      "correct": 0,
      "total": 50,
      "accuracy": 0.0
    },
    {
      "benchmark": "bbh",
      "task": "dyck_languages",
      "correct": 0,
      "total": 50,
      "accuracy": 0.0
    },
    {
      "benchmark": "bbh",
      "task": "formal_fallacies",
      "correct": 0,
      "total": 50,
      "accuracy": 0.0
    },
    {
      "benchmark": "bbh",
      "task": "geometric_shapes",
      "correct": 0,
      "total": 50,
      "accuracy": 0.0
    },
    {
      "benchmark": "bbh",
      "task": "hyperbaton",
      "correct": 0,
      "total": 50,
      "accuracy": 0.0
    },
    {
      "benchmark": "bbh",
      "task": "logical_deduction_five_objects",
      "correct": 0,
      "total": 50,
      "accuracy": 0.0
    },
    {
      "benchmark": "bbh",
      "task": "logical_deduction_seven_objects",
      "correct": 0,
      "total": 50,
      "accuracy": 0.0
    },
    {
      "benchmark": "bbh",
      "task": "logical_deduction_three_objects",
      "correct": 0,
      "total": 50,
      "accuracy": 0.0
    },
    {
      "benchmark": "bbh",
      "task": "movie_recommendation",
      "correct": 0,
      "total": 50,
      "accuracy": 0.0
    },
    {
      "benchmark": "bbh",
      "task": "multistep_arithmetic_two",
      "correct": 0,
      "total": 50,
      "accuracy": 0.0
    },
    {
      "benchmark": "bbh",
      "task": "navigate",
      "correct": 11,
      "total": 50,
      "accuracy": 0.22
    },
    {
      "benchmark": "bbh",
      "task": "object_counting",
      "correct": 0,
      "total": 50,
      "accuracy": 0.0
    },
    {
      "benchmark": "bbh",
      "task": "penguins_in_a_table",
      "correct": 0,
      "total": 50,
      "accuracy": 0.0
    },
    {
      "benchmark": "bbh",
      "task": "reasoning_about_colored_objects",
      "correct": 0,
      "total": 50,
      "accuracy": 0.0
    },
    {
      "benchmark": "bbh",
      "task": "ruin_names",
      "correct": 0,
      "total": 50,
      "accuracy": 0.0
    },
    {
      "benchmark": "bbh",
      "task": "salient_translation_error_detection",
      "correct": 0,
      "total": 50,
      "accuracy": 0.0
    },
    {
      "benchmark": "bbh",
      "task": "snarks",
      "correct": 0,
      "total": 50,
      "accuracy": 0.0
    },
    {
      "benchmark": "bbh",
      "task": "sports_understanding",
      "correct": 0,
      "total": 50,
      "accuracy": 0.0
    },
    {
      "benchmark": "bbh",
      "task": "temporal_sequences",
      "correct": 0,
      "total": 50,
      "accuracy": 0.0
    },
    {
      "benchmark": "bbh",
      "task": "tracking_shuffled_objects_five_objects",
      "correct": 0,
      "total": 50,
      "accuracy": 0.0
    },
    {
      "benchmark": "bbh",
      "task": "tracking_shuffled_objects_seven_objects",
      "correct": 0,
      "total": 50,
      "accuracy": 0.0
    },
    {
      "benchmark": "bbh",
      "task": "tracking_shuffled_objects_three_objects",
      "correct": 0,
      "total": 50,
      "accuracy": 0.0
    },
    {
      "benchmark": "bbh",
      "task": "web_of_lies",
      "correct": 0,
      "total": 50,
      "accuracy": 0.0
    },
    {
      "benchmark": "bbh",
      "task": "word_sorting",
      "correct": 0,
      "total": 50,
      "accuracy": 0.0
    },
    {
      "benchmark": "usr",
      "task": "shifted_unpuzzles/original",
      "correct": 0,
      "total": 50,
      "accuracy": 0.0
    },
    {
      "benchmark": "usr",
      "task": "shifted_unpuzzles/shifted",
      "correct": 0,
      "total": 50,
      "accuracy": 0.0
    },
    {
      "benchmark": "usr",
      "task": "shifted_unpuzzles/unpuzzle",
      "correct": 1,
      "total": 50,
      "accuracy": 0.02
    },
    {
      "benchmark": "usr",
      "task": "simple_reasoning/char_ct",
      "correct": 0,
      "total": 40,
      "accuracy": 0.0
    },
    {
      "benchmark": "usr",
      "task": "simple_reasoning/logic_ev",
      "correct": 0,
      "total": 50,
      "accuracy": 0.0
    },
    {
      "benchmark": "usr",
      "task": "simple_reasoning/logic_neg",
      "correct": 0,
      "total": 50,
      "accuracy": 0.0
    },
    {
      "benchmark": "usr",
      "task": "simple_reasoning/mathgap",
      "correct": 0,
      "total": 50,
      "accuracy": 0.0
    },
    {
      "benchmark": "usr",
      "task": "simple_reasoning/word_ct",
      "correct": 6,
      "total": 50,
      "accuracy": 0.12
    },
    {
      "benchmark": "usr",
      "task": "unpuzzles/original",
      "correct": 0,
      "total": 50,
      "accuracy": 0.0
    },
    {
      "benchmark": "usr",
      "task": "unpuzzles/unpuzzle",
      "correct": 0,
      "total": 50,
      "accuracy": 0.0
    }
  ]
}
