25/2990 correct=22 acc=0.880
50/2990 correct=42 acc=0.840
75/2990 correct=52 acc=0.693
100/2990 correct=66 acc=0.660
125/2990 correct=80 acc=0.640
150/2990 correct=94 acc=0.627
175/2990 correct=105 acc=0.600
200/2990 correct=114 acc=0.570
225/2990 correct=115 acc=0.511
250/2990 correct=117 acc=0.468
275/2990 correct=122 acc=0.444
300/2990 correct=125 acc=0.417
325/2990 correct=129 acc=0.397
350/2990 correct=134 acc=0.383
375/2990 correct=155 acc=0.413
400/2990 correct=180 acc=0.450
425/2990 correct=182 acc=0.428
450/2990 correct=185 acc=0.411
475/2990 correct=185 acc=0.389
500/2990 correct=187 acc=0.374
525/2990 correct=207 acc=0.394
550/2990 correct=227 acc=0.413
575/2990 correct=229 acc=0.398
600/2990 correct=234 acc=0.390
625/2990 correct=254 acc=0.406
650/2990 correct=277 acc=0.426
675/2990 correct=294 acc=0.436
700/2990 correct=311 acc=0.444
725/2990 correct=333 acc=0.459
750/2990 correct=358 acc=0.477
775/2990 correct=380 acc=0.490
800/2990 correct=401 acc=0.501
825/2990 correct=425 acc=0.515
850/2990 correct=448 acc=0.527
875/2990 correct=466 acc=0.533
900/2990 correct=486 acc=0.540
925/2990 correct=497 acc=0.537
950/2990 correct=510 acc=0.537
975/2990 correct=530 acc=0.544
1000/2990 correct=545 acc=0.545
1025/2990 correct=552 acc=0.539
1050/2990 correct=563 acc=0.536
1075/2990 correct=585 acc=0.544
1100/2990 correct=600 acc=0.545
1125/2990 correct=616 acc=0.548
1150/2990 correct=632 acc=0.550
1175/2990 correct=632 acc=0.538
1200/2990 correct=634 acc=0.528
1225/2990 correct=657 acc=0.536
1250/2990 correct=680 acc=0.544
1275/2990 correct=703 acc=0.551
1300/2990 correct=719 acc=0.553
1325/2990 correct=731 acc=0.552
1350/2990 correct=738 acc=0.547
1375/2990 correct=738 acc=0.537
1400/2990 correct=738 acc=0.527
1425/2990 correct=739 acc=0.519
1450/2990 correct=739 acc=0.510
1475/2990 correct=739 acc=0.501
1500/2990 correct=740 acc=0.493
1525/2990 correct=747 acc=0.490
1550/2990 correct=753 acc=0.486
1575/2990 correct=754 acc=0.479
1600/2990 correct=755 acc=0.472
1625/2990 correct=755 acc=0.465
1650/2990 correct=756 acc=0.458
1675/2990 correct=756 acc=0.451
1700/2990 correct=756 acc=0.445
1725/2990 correct=756 acc=0.438
1750/2990 correct=756 acc=0.432
1775/2990 correct=756 acc=0.426
1800/2990 correct=756 acc=0.420
1825/2990 correct=756 acc=0.414
1850/2990 correct=756 acc=0.409
1875/2990 correct=756 acc=0.403
1900/2990 correct=756 acc=0.398
1925/2990 correct=756 acc=0.393
1950/2990 correct=757 acc=0.388
1975/2990 correct=757 acc=0.383
2000/2990 correct=757 acc=0.379
2025/2990 correct=757 acc=0.374
2050/2990 correct=757 acc=0.369
2075/2990 correct=759 acc=0.366
2100/2990 correct=766 acc=0.365
2125/2990 correct=766 acc=0.360
2150/2990 correct=766 acc=0.356
2175/2990 correct=766 acc=0.352
2200/2990 correct=766 acc=0.348
2225/2990 correct=767 acc=0.345
2250/2990 correct=769 acc=0.342
2275/2990 correct=769 acc=0.338
2300/2990 correct=769 acc=0.334
2325/2990 correct=769 acc=0.331
2350/2990 correct=769 acc=0.327
2375/2990 correct=769 acc=0.324
2400/2990 correct=769 acc=0.320
2425/2990 correct=770 acc=0.318
2450/2990 correct=771 acc=0.315
2475/2990 correct=772 acc=0.312
2500/2990 correct=772 acc=0.309
2525/2990 correct=772 acc=0.306
2550/2990 correct=780 acc=0.306
2575/2990 correct=801 acc=0.311
2600/2990 correct=805 acc=0.310
2625/2990 correct=806 acc=0.307
2650/2990 correct=806 acc=0.304
2675/2990 correct=806 acc=0.301
2700/2990 correct=811 acc=0.300
2725/2990 correct=823 acc=0.302
2750/2990 correct=829 acc=0.301
2775/2990 correct=835 acc=0.301
2800/2990 correct=840 acc=0.300
2825/2990 correct=846 acc=0.299
2850/2990 correct=851 acc=0.299
2875/2990 correct=856 acc=0.298
2900/2990 correct=865 acc=0.298
2925/2990 correct=872 acc=0.298
2950/2990 correct=877 acc=0.297
2975/2990 correct=879 acc=0.295
2990/2990 correct=879 acc=0.294
{
  "started_at": "2026-07-10T05:48:13.291443+00:00",
  "finished_at": "2026-07-10T06:08:25.074453+00:00",
  "base_url": "http://127.0.0.1:8888/v1",
  "model": "SubTokenLLM",
  "prompt_strategy": "chain_of_draft",
  "prompt_strategy_description": "Chain-of-Draft: very short scratch reasoning before final answer.",
  "prompt_template": "{input}\n\nUse Chain-of-Draft: write only terse intermediate notes, no full sentences, then give the answer.\nEnd with exactly one line in this format: The final answer is: <answer>",
  "self_consistency_k": 1,
  "response_selection": "majority_vote",
  "selection_max_tokens": 64,
  "system_messages_sent": 0,
  "request_message_shape": [
    {
      "role": "user",
      "content": "<benchmark prompt>"
    }
  ],
  "limit_per_task": 50,
  "skip_per_task": 0,
  "parallel": 8,
  "max_tokens": 192,
  "temperature": 0.0,
  "seed": 20260709,
  "benchmarks": [
    {
      "benchmark": "bbeh",
      "correct": 34,
      "total": 1150,
      "micro_accuracy": 0.029565217391304348,
      "macro_accuracy": 0.029565217391304348,
      "harmonic_task_accuracy": 0.0,
      "tasks": 23
    },
    {
      "benchmark": "bbh",
      "correct": 738,
      "total": 1350,
      "micro_accuracy": 0.5466666666666666,
      "macro_accuracy": 0.5466666666666666,
      "harmonic_task_accuracy": 0.0,
      "tasks": 27
    },
    {
      "benchmark": "usr",
      "correct": 107,
      "total": 490,
      "micro_accuracy": 0.21836734693877552,
      "macro_accuracy": 0.214,
      "harmonic_task_accuracy": 0.0,
      "tasks": 10
    }
  ],
  "tasks": [
    {
      "benchmark": "bbeh",
      "task": "bbeh_boardgame_qa",
      "correct": 0,
      "total": 50,
      "accuracy": 0.0
    },
    {
      "benchmark": "bbeh",
      "task": "bbeh_boolean_expressions",
      "correct": 1,
      "total": 50,
      "accuracy": 0.02
    },
    {
      "benchmark": "bbeh",
      "task": "bbeh_buggy_tables",
      "correct": 0,
      "total": 50,
      "accuracy": 0.0
    },
    {
      "benchmark": "bbeh",
      "task": "bbeh_causal_understanding",
      "correct": 14,
      "total": 50,
      "accuracy": 0.28
    },
    {
      "benchmark": "bbeh",
      "task": "bbeh_disambiguation_qa",
      "correct": 2,
      "total": 50,
      "accuracy": 0.04
    },
    {
      "benchmark": "bbeh",
      "task": "bbeh_dyck_languages",
      "correct": 1,
      "total": 50,
      "accuracy": 0.02
    },
    {
      "benchmark": "bbeh",
      "task": "bbeh_geometric_shapes",
      "correct": 0,
      "total": 50,
      "accuracy": 0.0
    },
    {
      "benchmark": "bbeh",
      "task": "bbeh_hyperbaton",
      "correct": 0,
      "total": 50,
      "accuracy": 0.0
    },
    {
      "benchmark": "bbeh",
      "task": "bbeh_linguini",
      "correct": 0,
      "total": 50,
      "accuracy": 0.0
    },
    {
      "benchmark": "bbeh",
      "task": "bbeh_movie_recommendation",
      "correct": 0,
      "total": 50,
      "accuracy": 0.0
    },
    {
      "benchmark": "bbeh",
      "task": "bbeh_multistep_arithmetic",
      "correct": 0,
      "total": 50,
      "accuracy": 0.0
    },
    {
      "benchmark": "bbeh",
      "task": "bbeh_nycc",
      "correct": 1,
      "total": 50,
      "accuracy": 0.02
    },
    {
      "benchmark": "bbeh",
      "task": "bbeh_object_counting",
      "correct": 0,
      "total": 50,
      "accuracy": 0.0
    },
    {
      "benchmark": "bbeh",
      "task": "bbeh_object_properties",
      "correct": 0,
      "total": 50,
      "accuracy": 0.0
    },
    {
      "benchmark": "bbeh",
      "task": "bbeh_sarc_triples",
      "correct": 9,
      "total": 50,
      "accuracy": 0.18
    },
    {
      "benchmark": "bbeh",
      "task": "bbeh_shuffled_objects",
      "correct": 0,
      "total": 50,
      "accuracy": 0.0
    },
    {
      "benchmark": "bbeh",
      "task": "bbeh_spatial_reasoning",
      "correct": 0,
      "total": 50,
      "accuracy": 0.0
    },
    {
      "benchmark": "bbeh",
      "task": "bbeh_sportqa",
      "correct": 3,
      "total": 50,
      "accuracy": 0.06
    },
    {
      "benchmark": "bbeh",
      "task": "bbeh_temporal_sequence",
      "correct": 0,
      "total": 50,
      "accuracy": 0.0
    },
    {
      "benchmark": "bbeh",
      "task": "bbeh_time_arithmetic",
      "correct": 0,
      "total": 50,
      "accuracy": 0.0
    },
    {
      "benchmark": "bbeh",
      "task": "bbeh_web_of_lies",
      "correct": 0,
      "total": 50,
      "accuracy": 0.0
    },
    {
      "benchmark": "bbeh",
      "task": "bbeh_word_sorting",
      "correct": 2,
      "total": 50,
      "accuracy": 0.04
    },
    {
      "benchmark": "bbeh",
      "task": "bbeh_zebra_puzzles",
      "correct": 1,
      "total": 50,
      "accuracy": 0.02
    },
    {
      "benchmark": "bbh",
      "task": "boolean_expressions",
      "correct": 42,
      "total": 50,
      "accuracy": 0.84
    },
    {
      "benchmark": "bbh",
      "task": "causal_judgement",
      "correct": 23,
      "total": 50,
      "accuracy": 0.46
    },
    {
      "benchmark": "bbh",
      "task": "date_understanding",
      "correct": 27,
      "total": 50,
      "accuracy": 0.54
    },
    {
      "benchmark": "bbh",
      "task": "disambiguation_qa",
      "correct": 23,
      "total": 50,
      "accuracy": 0.46
    },
    {
      "benchmark": "bbh",
      "task": "dyck_languages",
      "correct": 0,
      "total": 50,
      "accuracy": 0.0
    },
    {
      "benchmark": "bbh",
      "task": "formal_fallacies",
      "correct": 10,
      "total": 50,
      "accuracy": 0.2
    },
    {
      "benchmark": "bbh",
      "task": "geometric_shapes",
      "correct": 7,
      "total": 50,
      "accuracy": 0.14
    },
    {
      "benchmark": "bbh",
      "task": "hyperbaton",
      "correct": 48,
      "total": 50,
      "accuracy": 0.96
    },
    {
      "benchmark": "bbh",
      "task": "logical_deduction_five_objects",
      "correct": 5,
      "total": 50,
      "accuracy": 0.1
    },
    {
      "benchmark": "bbh",
      "task": "logical_deduction_seven_objects",
      "correct": 0,
      "total": 50,
      "accuracy": 0.0
    },
    {
      "benchmark": "bbh",
      "task": "logical_deduction_three_objects",
      "correct": 42,
      "total": 50,
      "accuracy": 0.84
    },
    {
      "benchmark": "bbh",
      "task": "movie_recommendation",
      "correct": 5,
      "total": 50,
      "accuracy": 0.1
    },
    {
      "benchmark": "bbh",
      "task": "multistep_arithmetic_two",
      "correct": 45,
      "total": 50,
      "accuracy": 0.9
    },
    {
      "benchmark": "bbh",
      "task": "navigate",
      "correct": 33,
      "total": 50,
      "accuracy": 0.66
    },
    {
      "benchmark": "bbh",
      "task": "object_counting",
      "correct": 48,
      "total": 50,
      "accuracy": 0.96
    },
    {
      "benchmark": "bbh",
      "task": "penguins_in_a_table",
      "correct": 43,
      "total": 50,
      "accuracy": 0.86
    },
    {
      "benchmark": "bbh",
      "task": "reasoning_about_colored_objects",
      "correct": 48,
      "total": 50,
      "accuracy": 0.96
    },
    {
      "benchmark": "bbh",
      "task": "ruin_names",
      "correct": 37,
      "total": 50,
      "accuracy": 0.74
    },
    {
      "benchmark": "bbh",
      "task": "salient_translation_error_detection",
      "correct": 22,
      "total": 50,
      "accuracy": 0.44
    },
    {
      "benchmark": "bbh",
      "task": "snarks",
      "correct": 36,
      "total": 50,
      "accuracy": 0.72
    },
    {
      "benchmark": "bbh",
      "task": "sports_understanding",
      "correct": 19,
      "total": 50,
      "accuracy": 0.38
    },
    {
      "benchmark": "bbh",
      "task": "temporal_sequences",
      "correct": 37,
      "total": 50,
      "accuracy": 0.74
    },
    {
      "benchmark": "bbh",
      "task": "tracking_shuffled_objects_five_objects",
      "correct": 32,
      "total": 50,
      "accuracy": 0.64
    },
    {
      "benchmark": "bbh",
      "task": "tracking_shuffled_objects_seven_objects",
      "correct": 0,
      "total": 50,
      "accuracy": 0.0
    },
    {
      "benchmark": "bbh",
      "task": "tracking_shuffled_objects_three_objects",
      "correct": 48,
      "total": 50,
      "accuracy": 0.96
    },
    {
      "benchmark": "bbh",
      "task": "web_of_lies",
      "correct": 39,
      "total": 50,
      "accuracy": 0.78
    },
    {
      "benchmark": "bbh",
      "task": "word_sorting",
      "correct": 19,
      "total": 50,
      "accuracy": 0.38
    },
    {
      "benchmark": "usr",
      "task": "shifted_unpuzzles/original",
      "correct": 8,
      "total": 50,
      "accuracy": 0.16
    },
    {
      "benchmark": "usr",
      "task": "shifted_unpuzzles/shifted",
      "correct": 14,
      "total": 50,
      "accuracy": 0.28
    },
    {
      "benchmark": "usr",
      "task": "shifted_unpuzzles/unpuzzle",
      "correct": 8,
      "total": 50,
      "accuracy": 0.16
    },
    {
      "benchmark": "usr",
      "task": "simple_reasoning/char_ct",
      "correct": 0,
      "total": 40,
      "accuracy": 0.0
    },
    {
      "benchmark": "usr",
      "task": "simple_reasoning/logic_ev",
      "correct": 2,
      "total": 50,
      "accuracy": 0.04
    },
    {
      "benchmark": "usr",
      "task": "simple_reasoning/logic_neg",
      "correct": 0,
      "total": 50,
      "accuracy": 0.0
    },
    {
      "benchmark": "usr",
      "task": "simple_reasoning/mathgap",
      "correct": 21,
      "total": 50,
      "accuracy": 0.42
    },
    {
      "benchmark": "usr",
      "task": "simple_reasoning/word_ct",
      "correct": 32,
      "total": 50,
      "accuracy": 0.64
    },
    {
      "benchmark": "usr",
      "task": "unpuzzles/original",
      "correct": 12,
      "total": 50,
      "accuracy": 0.24
    },
    {
      "benchmark": "usr",
      "task": "unpuzzles/unpuzzle",
      "correct": 10,
      "total": 50,
      "accuracy": 0.2
    }
  ]
}
