25/1509 correct=0 acc=0.000
50/1509 correct=8 acc=0.160
75/1509 correct=23 acc=0.307
100/1509 correct=24 acc=0.240
125/1509 correct=24 acc=0.192
150/1509 correct=24 acc=0.160
175/1509 correct=25 acc=0.143
200/1509 correct=26 acc=0.130
225/1509 correct=26 acc=0.116
250/1509 correct=27 acc=0.108
275/1509 correct=27 acc=0.098
300/1509 correct=28 acc=0.093
325/1509 correct=29 acc=0.089
350/1509 correct=29 acc=0.083
375/1509 correct=30 acc=0.080
400/1509 correct=31 acc=0.077
425/1509 correct=33 acc=0.078
450/1509 correct=33 acc=0.073
475/1509 correct=34 acc=0.072
500/1509 correct=35 acc=0.070
525/1509 correct=35 acc=0.067
550/1509 correct=35 acc=0.064
575/1509 correct=35 acc=0.061
600/1509 correct=35 acc=0.058
625/1509 correct=35 acc=0.056
650/1509 correct=35 acc=0.054
675/1509 correct=35 acc=0.052
700/1509 correct=35 acc=0.050
725/1509 correct=35 acc=0.048
750/1509 correct=35 acc=0.047
775/1509 correct=35 acc=0.045
800/1509 correct=35 acc=0.044
825/1509 correct=35 acc=0.042
850/1509 correct=35 acc=0.041
875/1509 correct=35 acc=0.040
900/1509 correct=38 acc=0.042
925/1509 correct=39 acc=0.042
950/1509 correct=40 acc=0.042
975/1509 correct=43 acc=0.044
1000/1509 correct=43 acc=0.043
1025/1509 correct=43 acc=0.042
1050/1509 correct=43 acc=0.041
1075/1509 correct=43 acc=0.040
1100/1509 correct=43 acc=0.039
1125/1509 correct=43 acc=0.038
1150/1509 correct=43 acc=0.037
1175/1509 correct=46 acc=0.039
1200/1509 correct=52 acc=0.043
1225/1509 correct=54 acc=0.044
1250/1509 correct=57 acc=0.046
1275/1509 correct=58 acc=0.045
1300/1509 correct=60 acc=0.046
1325/1509 correct=62 acc=0.047
1350/1509 correct=64 acc=0.047
1375/1509 correct=70 acc=0.051
1400/1509 correct=73 acc=0.052
1425/1509 correct=77 acc=0.054
1450/1509 correct=80 acc=0.055
1475/1509 correct=80 acc=0.054
1500/1509 correct=86 acc=0.057
1509/1509 correct=86 acc=0.057
{
  "started_at": "2026-07-08T20:42:26.251405+00:00",
  "finished_at": "2026-07-08T23:34:00.306074+00:00",
  "base_url": "http://127.0.0.1:8888/v1",
  "model": "SubTokenLLM",
  "prompt_strategy": "concise_cot",
  "prompt_strategy_description": "Concise chain-of-thought with final answer delimiter.",
  "prompt_template": "{input}\n\nThink briefly and solve the problem. Keep the reasoning concise.\nEnd with exactly one line in this format: The final answer is: <answer>",
  "self_consistency_k": 3,
  "system_messages_sent": 0,
  "request_message_shape": [
    {
      "role": "user",
      "content": "<benchmark prompt>"
    }
  ],
  "limit_per_task": null,
  "parallel": 2,
  "max_tokens": 256,
  "temperature": 0.7,
  "benchmarks": [
    {
      "benchmark": "usr",
      "correct": 86,
      "total": 1509,
      "micro_accuracy": 0.05699138502319417,
      "macro_accuracy": 0.08785941972417383,
      "harmonic_task_accuracy": 0.0,
      "tasks": 10
    }
  ],
  "tasks": [
    {
      "benchmark": "usr",
      "task": "shifted_unpuzzles/original",
      "correct": 5,
      "total": 61,
      "accuracy": 0.08196721311475409
    },
    {
      "benchmark": "usr",
      "task": "shifted_unpuzzles/shifted",
      "correct": 12,
      "total": 64,
      "accuracy": 0.1875
    },
    {
      "benchmark": "usr",
      "task": "shifted_unpuzzles/unpuzzle",
      "correct": 8,
      "total": 64,
      "accuracy": 0.125
    },
    {
      "benchmark": "usr",
      "task": "simple_reasoning/char_ct",
      "correct": 0,
      "total": 40,
      "accuracy": 0.0
    },
    {
      "benchmark": "usr",
      "task": "simple_reasoning/logic_ev",
      "correct": 11,
      "total": 360,
      "accuracy": 0.030555555555555555
    },
    {
      "benchmark": "usr",
      "task": "simple_reasoning/logic_neg",
      "correct": 0,
      "total": 360,
      "accuracy": 0.0
    },
    {
      "benchmark": "usr",
      "task": "simple_reasoning/mathgap",
      "correct": 8,
      "total": 280,
      "accuracy": 0.02857142857142857
    },
    {
      "benchmark": "usr",
      "task": "simple_reasoning/word_ct",
      "correct": 24,
      "total": 120,
      "accuracy": 0.2
    },
    {
      "benchmark": "usr",
      "task": "unpuzzles/original",
      "correct": 8,
      "total": 80,
      "accuracy": 0.1
    },
    {
      "benchmark": "usr",
      "task": "unpuzzles/unpuzzle",
      "correct": 10,
      "total": 80,
      "accuracy": 0.125
    }
  ]
}
