25/1509 correct=0 acc=0.000
50/1509 correct=2 acc=0.040
75/1509 correct=3 acc=0.040
100/1509 correct=3 acc=0.030
125/1509 correct=3 acc=0.024
150/1509 correct=3 acc=0.020
175/1509 correct=3 acc=0.017
200/1509 correct=3 acc=0.015
225/1509 correct=3 acc=0.013
250/1509 correct=3 acc=0.012
275/1509 correct=3 acc=0.011
300/1509 correct=3 acc=0.010
325/1509 correct=3 acc=0.009
350/1509 correct=3 acc=0.009
375/1509 correct=3 acc=0.008
400/1509 correct=3 acc=0.007
425/1509 correct=3 acc=0.007
450/1509 correct=3 acc=0.007
475/1509 correct=3 acc=0.006
500/1509 correct=3 acc=0.006
525/1509 correct=3 acc=0.006
550/1509 correct=3 acc=0.005
575/1509 correct=3 acc=0.005
600/1509 correct=3 acc=0.005
625/1509 correct=3 acc=0.005
650/1509 correct=3 acc=0.005
675/1509 correct=3 acc=0.004
700/1509 correct=3 acc=0.004
725/1509 correct=3 acc=0.004
750/1509 correct=3 acc=0.004
775/1509 correct=3 acc=0.004
800/1509 correct=3 acc=0.004
825/1509 correct=3 acc=0.004
850/1509 correct=3 acc=0.004
875/1509 correct=3 acc=0.003
900/1509 correct=3 acc=0.003
925/1509 correct=3 acc=0.003
950/1509 correct=3 acc=0.003
975/1509 correct=4 acc=0.004
1000/1509 correct=4 acc=0.004
1025/1509 correct=4 acc=0.004
1050/1509 correct=4 acc=0.004
1075/1509 correct=4 acc=0.004
1100/1509 correct=4 acc=0.004
1125/1509 correct=4 acc=0.004
1150/1509 correct=4 acc=0.003
1175/1509 correct=4 acc=0.003
1200/1509 correct=6 acc=0.005
1225/1509 correct=6 acc=0.005
1250/1509 correct=7 acc=0.006
1275/1509 correct=7 acc=0.005
1300/1509 correct=8 acc=0.006
1325/1509 correct=8 acc=0.006
1350/1509 correct=8 acc=0.006
1375/1509 correct=11 acc=0.008
1400/1509 correct=13 acc=0.009
1425/1509 correct=15 acc=0.011
1450/1509 correct=15 acc=0.010
1475/1509 correct=15 acc=0.010
1500/1509 correct=17 acc=0.011
1509/1509 correct=17 acc=0.011
{
  "started_at": "2026-07-08T17:38:47.848540+00:00",
  "finished_at": "2026-07-08T18:40:11.304114+00:00",
  "base_url": "http://127.0.0.1:8888/v1",
  "model": "SubTokenLLM",
  "prompt_strategy": "step_back",
  "prompt_strategy_description": "Step-back prompting: identify the general rule/principle, then answer.",
  "prompt_template": "{input}\n\nStep back and identify the general rule, pattern, or principle needed. Then apply it to this specific problem.\nEnd with exactly one line in this format: The final answer is: <answer>",
  "self_consistency_k": 1,
  "system_messages_sent": 0,
  "request_message_shape": [
    {
      "role": "user",
      "content": "<benchmark prompt>"
    }
  ],
  "limit_per_task": null,
  "parallel": 2,
  "max_tokens": 256,
  "temperature": 0.0,
  "benchmarks": [
    {
      "benchmark": "usr",
      "correct": 17,
      "total": 1509,
      "micro_accuracy": 0.01126573889993373,
      "macro_accuracy": 0.02199648711943794,
      "harmonic_task_accuracy": 0.0,
      "tasks": 10
    }
  ],
  "tasks": [
    {
      "benchmark": "usr",
      "task": "shifted_unpuzzles/original",
      "correct": 1,
      "total": 61,
      "accuracy": 0.01639344262295082
    },
    {
      "benchmark": "usr",
      "task": "shifted_unpuzzles/shifted",
      "correct": 5,
      "total": 64,
      "accuracy": 0.078125
    },
    {
      "benchmark": "usr",
      "task": "shifted_unpuzzles/unpuzzle",
      "correct": 3,
      "total": 64,
      "accuracy": 0.046875
    },
    {
      "benchmark": "usr",
      "task": "simple_reasoning/char_ct",
      "correct": 0,
      "total": 40,
      "accuracy": 0.0
    },
    {
      "benchmark": "usr",
      "task": "simple_reasoning/logic_ev",
      "correct": 0,
      "total": 360,
      "accuracy": 0.0
    },
    {
      "benchmark": "usr",
      "task": "simple_reasoning/logic_neg",
      "correct": 0,
      "total": 360,
      "accuracy": 0.0
    },
    {
      "benchmark": "usr",
      "task": "simple_reasoning/mathgap",
      "correct": 1,
      "total": 280,
      "accuracy": 0.0035714285714285713
    },
    {
      "benchmark": "usr",
      "task": "simple_reasoning/word_ct",
      "correct": 3,
      "total": 120,
      "accuracy": 0.025
    },
    {
      "benchmark": "usr",
      "task": "unpuzzles/original",
      "correct": 1,
      "total": 80,
      "accuracy": 0.0125
    },
    {
      "benchmark": "usr",
      "task": "unpuzzles/unpuzzle",
      "correct": 3,
      "total": 80,
      "accuracy": 0.0375
    }
  ]
}
