25/2990 correct=16 acc=0.640
50/2990 correct=36 acc=0.720
75/2990 correct=54 acc=0.720
100/2990 correct=70 acc=0.700
125/2990 correct=87 acc=0.696
150/2990 correct=104 acc=0.693
175/2990 correct=114 acc=0.651
200/2990 correct=124 acc=0.620
225/2990 correct=124 acc=0.551
250/2990 correct=128 acc=0.512
275/2990 correct=141 acc=0.513
300/2990 correct=154 acc=0.513
325/2990 correct=160 acc=0.492
350/2990 correct=169 acc=0.483
375/2990 correct=190 acc=0.507
400/2990 correct=214 acc=0.535
425/2990 correct=229 acc=0.539
450/2990 correct=247 acc=0.549
475/2990 correct=260 acc=0.547
500/2990 correct=278 acc=0.556
525/2990 correct=296 acc=0.564
550/2990 correct=315 acc=0.573
575/2990 correct=332 acc=0.577
600/2990 correct=346 acc=0.577
625/2990 correct=347 acc=0.555
650/2990 correct=350 acc=0.538
675/2990 correct=366 acc=0.542
700/2990 correct=380 acc=0.543
725/2990 correct=394 acc=0.543
750/2990 correct=407 acc=0.543
775/2990 correct=419 acc=0.541
800/2990 correct=438 acc=0.547
825/2990 correct=457 acc=0.554
850/2990 correct=475 acc=0.559
875/2990 correct=489 acc=0.559
900/2990 correct=506 acc=0.562
925/2990 correct=522 acc=0.564
950/2990 correct=537 acc=0.565
975/2990 correct=557 acc=0.571
1000/2990 correct=572 acc=0.572
1025/2990 correct=586 acc=0.572
1050/2990 correct=602 acc=0.573
1075/2990 correct=627 acc=0.583
1100/2990 correct=650 acc=0.591
1125/2990 correct=659 acc=0.586
1150/2990 correct=662 acc=0.576
1175/2990 correct=664 acc=0.565
1200/2990 correct=667 acc=0.556
1225/2990 correct=674 acc=0.550
1250/2990 correct=686 acc=0.549
1275/2990 correct=696 acc=0.546
1300/2990 correct=714 acc=0.549
1325/2990 correct=721 acc=0.544
1350/2990 correct=726 acc=0.538
1375/2990 correct=727 acc=0.529
1400/2990 correct=731 acc=0.522
1425/2990 correct=738 acc=0.518
1450/2990 correct=743 acc=0.512
1475/2990 correct=744 acc=0.504
1500/2990 correct=746 acc=0.497
1525/2990 correct=754 acc=0.494
1550/2990 correct=767 acc=0.495
1575/2990 correct=774 acc=0.491
1600/2990 correct=778 acc=0.486
1625/2990 correct=778 acc=0.479
1650/2990 correct=778 acc=0.472
1675/2990 correct=785 acc=0.469
1700/2990 correct=794 acc=0.467
1725/2990 correct=794 acc=0.460
1750/2990 correct=794 acc=0.454
1775/2990 correct=795 acc=0.448
1800/2990 correct=798 acc=0.443
1825/2990 correct=810 acc=0.444
1850/2990 correct=820 acc=0.443
1875/2990 correct=820 acc=0.437
1900/2990 correct=821 acc=0.432
1925/2990 correct=823 acc=0.428
1950/2990 correct=824 acc=0.423
1975/2990 correct=824 acc=0.417
2000/2990 correct=824 acc=0.412
2025/2990 correct=824 acc=0.407
2050/2990 correct=824 acc=0.402
2075/2990 correct=828 acc=0.399
2100/2990 correct=836 acc=0.398
2125/2990 correct=837 acc=0.394
2150/2990 correct=841 acc=0.391
2175/2990 correct=843 acc=0.388
2200/2990 correct=843 acc=0.383
2225/2990 correct=845 acc=0.380
2250/2990 correct=852 acc=0.379
2275/2990 correct=853 acc=0.375
2300/2990 correct=853 acc=0.371
2325/2990 correct=853 acc=0.367
2350/2990 correct=854 acc=0.363
2375/2990 correct=855 acc=0.360
2400/2990 correct=858 acc=0.357
2425/2990 correct=860 acc=0.355
2450/2990 correct=863 acc=0.352
2475/2990 correct=865 acc=0.349
2500/2990 correct=867 acc=0.347
2525/2990 correct=867 acc=0.343
2550/2990 correct=875 acc=0.343
2575/2990 correct=887 acc=0.344
2600/2990 correct=890 acc=0.342
2625/2990 correct=890 acc=0.339
2650/2990 correct=890 acc=0.336
2675/2990 correct=890 acc=0.333
2700/2990 correct=891 acc=0.330
2725/2990 correct=891 acc=0.327
2750/2990 correct=894 acc=0.325
2775/2990 correct=904 acc=0.326
2800/2990 correct=911 acc=0.325
2825/2990 correct=919 acc=0.325
2850/2990 correct=926 acc=0.325
2875/2990 correct=934 acc=0.325
2900/2990 correct=942 acc=0.325
2925/2990 correct=948 acc=0.324
2950/2990 correct=958 acc=0.325
2975/2990 correct=967 acc=0.325
2990/2990 correct=971 acc=0.325
{
  "started_at": "2026-07-10T04:08:41.541591+00:00",
  "finished_at": "2026-07-10T04:14:15.099120+00:00",
  "base_url": "http://127.0.0.1:8888/v1",
  "model": "SubTokenLLM",
  "prompt_strategy": "canonical_short",
  "prompt_strategy_description": "Canonical shortest answer with explicit normalization rules.",
  "prompt_template": "{input}\n\nOutput only the canonical final answer.\n- For multiple choice, output exactly one option label such as (A) or A.\n- For yes/no questions, output exactly Yes or No.\n- For numeric answers, output digits only unless units are required.\n- For lists, output the list only.\nNo explanation.",
  "self_consistency_k": 1,
  "response_selection": "majority_vote",
  "selection_max_tokens": 64,
  "system_messages_sent": 0,
  "request_message_shape": [
    {
      "role": "user",
      "content": "<benchmark prompt>"
    }
  ],
  "limit_per_task": 50,
  "skip_per_task": 0,
  "parallel": 8,
  "max_tokens": 96,
  "temperature": 0.0,
  "seed": 20260709,
  "benchmarks": [
    {
      "benchmark": "bbeh",
      "correct": 141,
      "total": 1150,
      "micro_accuracy": 0.12260869565217392,
      "macro_accuracy": 0.12260869565217392,
      "harmonic_task_accuracy": 0.0,
      "tasks": 23
    },
    {
      "benchmark": "bbh",
      "correct": 726,
      "total": 1350,
      "micro_accuracy": 0.5377777777777778,
      "macro_accuracy": 0.5377777777777778,
      "harmonic_task_accuracy": 0.0,
      "tasks": 27
    },
    {
      "benchmark": "usr",
      "correct": 104,
      "total": 490,
      "micro_accuracy": 0.21224489795918366,
      "macro_accuracy": 0.20800000000000002,
      "harmonic_task_accuracy": 0.0,
      "tasks": 10
    }
  ],
  "tasks": [
    {
      "benchmark": "bbeh",
      "task": "bbeh_boardgame_qa",
      "correct": 5,
      "total": 50,
      "accuracy": 0.1
    },
    {
      "benchmark": "bbeh",
      "task": "bbeh_boolean_expressions",
      "correct": 12,
      "total": 50,
      "accuracy": 0.24
    },
    {
      "benchmark": "bbeh",
      "task": "bbeh_buggy_tables",
      "correct": 1,
      "total": 50,
      "accuracy": 0.02
    },
    {
      "benchmark": "bbeh",
      "task": "bbeh_causal_understanding",
      "correct": 23,
      "total": 50,
      "accuracy": 0.46
    },
    {
      "benchmark": "bbeh",
      "task": "bbeh_disambiguation_qa",
      "correct": 11,
      "total": 50,
      "accuracy": 0.22
    },
    {
      "benchmark": "bbeh",
      "task": "bbeh_dyck_languages",
      "correct": 0,
      "total": 50,
      "accuracy": 0.0
    },
    {
      "benchmark": "bbeh",
      "task": "bbeh_geometric_shapes",
      "correct": 16,
      "total": 50,
      "accuracy": 0.32
    },
    {
      "benchmark": "bbeh",
      "task": "bbeh_hyperbaton",
      "correct": 0,
      "total": 50,
      "accuracy": 0.0
    },
    {
      "benchmark": "bbeh",
      "task": "bbeh_linguini",
      "correct": 2,
      "total": 50,
      "accuracy": 0.04
    },
    {
      "benchmark": "bbeh",
      "task": "bbeh_movie_recommendation",
      "correct": 24,
      "total": 50,
      "accuracy": 0.48
    },
    {
      "benchmark": "bbeh",
      "task": "bbeh_multistep_arithmetic",
      "correct": 0,
      "total": 50,
      "accuracy": 0.0
    },
    {
      "benchmark": "bbeh",
      "task": "bbeh_nycc",
      "correct": 4,
      "total": 50,
      "accuracy": 0.08
    },
    {
      "benchmark": "bbeh",
      "task": "bbeh_object_counting",
      "correct": 0,
      "total": 50,
      "accuracy": 0.0
    },
    {
      "benchmark": "bbeh",
      "task": "bbeh_object_properties",
      "correct": 0,
      "total": 50,
      "accuracy": 0.0
    },
    {
      "benchmark": "bbeh",
      "task": "bbeh_sarc_triples",
      "correct": 12,
      "total": 50,
      "accuracy": 0.24
    },
    {
      "benchmark": "bbeh",
      "task": "bbeh_shuffled_objects",
      "correct": 7,
      "total": 50,
      "accuracy": 0.14
    },
    {
      "benchmark": "bbeh",
      "task": "bbeh_spatial_reasoning",
      "correct": 0,
      "total": 50,
      "accuracy": 0.0
    },
    {
      "benchmark": "bbeh",
      "task": "bbeh_sportqa",
      "correct": 10,
      "total": 50,
      "accuracy": 0.2
    },
    {
      "benchmark": "bbeh",
      "task": "bbeh_temporal_sequence",
      "correct": 0,
      "total": 50,
      "accuracy": 0.0
    },
    {
      "benchmark": "bbeh",
      "task": "bbeh_time_arithmetic",
      "correct": 0,
      "total": 50,
      "accuracy": 0.0
    },
    {
      "benchmark": "bbeh",
      "task": "bbeh_web_of_lies",
      "correct": 5,
      "total": 50,
      "accuracy": 0.1
    },
    {
      "benchmark": "bbeh",
      "task": "bbeh_word_sorting",
      "correct": 4,
      "total": 50,
      "accuracy": 0.08
    },
    {
      "benchmark": "bbeh",
      "task": "bbeh_zebra_puzzles",
      "correct": 5,
      "total": 50,
      "accuracy": 0.1
    },
    {
      "benchmark": "bbh",
      "task": "boolean_expressions",
      "correct": 36,
      "total": 50,
      "accuracy": 0.72
    },
    {
      "benchmark": "bbh",
      "task": "causal_judgement",
      "correct": 34,
      "total": 50,
      "accuracy": 0.68
    },
    {
      "benchmark": "bbh",
      "task": "date_understanding",
      "correct": 32,
      "total": 50,
      "accuracy": 0.64
    },
    {
      "benchmark": "bbh",
      "task": "disambiguation_qa",
      "correct": 22,
      "total": 50,
      "accuracy": 0.44
    },
    {
      "benchmark": "bbh",
      "task": "dyck_languages",
      "correct": 0,
      "total": 50,
      "accuracy": 0.0
    },
    {
      "benchmark": "bbh",
      "task": "formal_fallacies",
      "correct": 28,
      "total": 50,
      "accuracy": 0.56
    },
    {
      "benchmark": "bbh",
      "task": "geometric_shapes",
      "correct": 16,
      "total": 50,
      "accuracy": 0.32
    },
    {
      "benchmark": "bbh",
      "task": "hyperbaton",
      "correct": 46,
      "total": 50,
      "accuracy": 0.92
    },
    {
      "benchmark": "bbh",
      "task": "logical_deduction_five_objects",
      "correct": 33,
      "total": 50,
      "accuracy": 0.66
    },
    {
      "benchmark": "bbh",
      "task": "logical_deduction_seven_objects",
      "correct": 30,
      "total": 50,
      "accuracy": 0.6
    },
    {
      "benchmark": "bbh",
      "task": "logical_deduction_three_objects",
      "correct": 38,
      "total": 50,
      "accuracy": 0.76
    },
    {
      "benchmark": "bbh",
      "task": "movie_recommendation",
      "correct": 31,
      "total": 50,
      "accuracy": 0.62
    },
    {
      "benchmark": "bbh",
      "task": "multistep_arithmetic_two",
      "correct": 1,
      "total": 50,
      "accuracy": 0.02
    },
    {
      "benchmark": "bbh",
      "task": "navigate",
      "correct": 31,
      "total": 50,
      "accuracy": 0.62
    },
    {
      "benchmark": "bbh",
      "task": "object_counting",
      "correct": 29,
      "total": 50,
      "accuracy": 0.58
    },
    {
      "benchmark": "bbh",
      "task": "penguins_in_a_table",
      "correct": 32,
      "total": 50,
      "accuracy": 0.64
    },
    {
      "benchmark": "bbh",
      "task": "reasoning_about_colored_objects",
      "correct": 35,
      "total": 50,
      "accuracy": 0.7
    },
    {
      "benchmark": "bbh",
      "task": "ruin_names",
      "correct": 34,
      "total": 50,
      "accuracy": 0.68
    },
    {
      "benchmark": "bbh",
      "task": "salient_translation_error_detection",
      "correct": 28,
      "total": 50,
      "accuracy": 0.56
    },
    {
      "benchmark": "bbh",
      "task": "snarks",
      "correct": 37,
      "total": 50,
      "accuracy": 0.74
    },
    {
      "benchmark": "bbh",
      "task": "sports_understanding",
      "correct": 29,
      "total": 50,
      "accuracy": 0.58
    },
    {
      "benchmark": "bbh",
      "task": "temporal_sequences",
      "correct": 50,
      "total": 50,
      "accuracy": 1.0
    },
    {
      "benchmark": "bbh",
      "task": "tracking_shuffled_objects_five_objects",
      "correct": 10,
      "total": 50,
      "accuracy": 0.2
    },
    {
      "benchmark": "bbh",
      "task": "tracking_shuffled_objects_seven_objects",
      "correct": 5,
      "total": 50,
      "accuracy": 0.1
    },
    {
      "benchmark": "bbh",
      "task": "tracking_shuffled_objects_three_objects",
      "correct": 19,
      "total": 50,
      "accuracy": 0.38
    },
    {
      "benchmark": "bbh",
      "task": "web_of_lies",
      "correct": 28,
      "total": 50,
      "accuracy": 0.56
    },
    {
      "benchmark": "bbh",
      "task": "word_sorting",
      "correct": 12,
      "total": 50,
      "accuracy": 0.24
    },
    {
      "benchmark": "usr",
      "task": "shifted_unpuzzles/original",
      "correct": 20,
      "total": 50,
      "accuracy": 0.4
    },
    {
      "benchmark": "usr",
      "task": "shifted_unpuzzles/shifted",
      "correct": 16,
      "total": 50,
      "accuracy": 0.32
    },
    {
      "benchmark": "usr",
      "task": "shifted_unpuzzles/unpuzzle",
      "correct": 12,
      "total": 50,
      "accuracy": 0.24
    },
    {
      "benchmark": "usr",
      "task": "simple_reasoning/char_ct",
      "correct": 0,
      "total": 40,
      "accuracy": 0.0
    },
    {
      "benchmark": "usr",
      "task": "simple_reasoning/logic_ev",
      "correct": 0,
      "total": 50,
      "accuracy": 0.0
    },
    {
      "benchmark": "usr",
      "task": "simple_reasoning/logic_neg",
      "correct": 0,
      "total": 50,
      "accuracy": 0.0
    },
    {
      "benchmark": "usr",
      "task": "simple_reasoning/mathgap",
      "correct": 1,
      "total": 50,
      "accuracy": 0.02
    },
    {
      "benchmark": "usr",
      "task": "simple_reasoning/word_ct",
      "correct": 23,
      "total": 50,
      "accuracy": 0.46
    },
    {
      "benchmark": "usr",
      "task": "unpuzzles/original",
      "correct": 19,
      "total": 50,
      "accuracy": 0.38
    },
    {
      "benchmark": "usr",
      "task": "unpuzzles/unpuzzle",
      "correct": 13,
      "total": 50,
      "accuracy": 0.26
    }
  ]
}
