25/2990 correct=23 acc=0.920
50/2990 correct=44 acc=0.880
75/2990 correct=56 acc=0.747
100/2990 correct=66 acc=0.660
125/2990 correct=73 acc=0.584
150/2990 correct=85 acc=0.567
175/2990 correct=95 acc=0.543
200/2990 correct=104 acc=0.520
225/2990 correct=105 acc=0.467
250/2990 correct=105 acc=0.420
275/2990 correct=105 acc=0.382
300/2990 correct=107 acc=0.357
325/2990 correct=107 acc=0.329
350/2990 correct=108 acc=0.309
375/2990 correct=126 acc=0.336
400/2990 correct=146 acc=0.365
425/2990 correct=146 acc=0.344
450/2990 correct=146 acc=0.324
475/2990 correct=146 acc=0.307
500/2990 correct=147 acc=0.294
525/2990 correct=161 acc=0.307
550/2990 correct=176 acc=0.320
575/2990 correct=178 acc=0.310
600/2990 correct=186 acc=0.310
625/2990 correct=206 acc=0.330
650/2990 correct=224 acc=0.345
675/2990 correct=240 acc=0.356
700/2990 correct=257 acc=0.367
725/2990 correct=281 acc=0.388
750/2990 correct=303 acc=0.404
775/2990 correct=321 acc=0.414
800/2990 correct=341 acc=0.426
825/2990 correct=357 acc=0.433
850/2990 correct=379 acc=0.446
875/2990 correct=385 acc=0.440
900/2990 correct=400 acc=0.444
925/2990 correct=412 acc=0.445
950/2990 correct=422 acc=0.444
975/2990 correct=441 acc=0.452
1000/2990 correct=457 acc=0.457
1025/2990 correct=461 acc=0.450
1050/2990 correct=468 acc=0.446
1075/2990 correct=468 acc=0.435
1100/2990 correct=471 acc=0.428
1125/2990 correct=471 acc=0.419
1150/2990 correct=472 acc=0.410
1175/2990 correct=472 acc=0.402
1200/2990 correct=473 acc=0.394
1225/2990 correct=491 acc=0.401
1250/2990 correct=506 acc=0.405
1275/2990 correct=507 acc=0.398
1300/2990 correct=508 acc=0.391
1325/2990 correct=508 acc=0.383
1350/2990 correct=508 acc=0.376
1375/2990 correct=508 acc=0.369
1400/2990 correct=508 acc=0.363
1425/2990 correct=508 acc=0.356
1450/2990 correct=508 acc=0.350
1475/2990 correct=508 acc=0.344
1500/2990 correct=509 acc=0.339
1525/2990 correct=513 acc=0.336
1550/2990 correct=519 acc=0.335
1575/2990 correct=519 acc=0.330
1600/2990 correct=519 acc=0.324
1625/2990 correct=519 acc=0.319
1650/2990 correct=519 acc=0.315
1675/2990 correct=519 acc=0.310
1700/2990 correct=519 acc=0.305
1725/2990 correct=519 acc=0.301
1750/2990 correct=519 acc=0.297
1775/2990 correct=519 acc=0.292
1800/2990 correct=519 acc=0.288
1825/2990 correct=519 acc=0.284
1850/2990 correct=519 acc=0.281
1875/2990 correct=519 acc=0.277
1900/2990 correct=519 acc=0.273
1925/2990 correct=520 acc=0.270
1950/2990 correct=521 acc=0.267
1975/2990 correct=521 acc=0.264
2000/2990 correct=521 acc=0.261
2025/2990 correct=521 acc=0.257
2050/2990 correct=521 acc=0.254
2075/2990 correct=522 acc=0.252
2100/2990 correct=526 acc=0.250
2125/2990 correct=526 acc=0.248
2150/2990 correct=526 acc=0.245
2175/2990 correct=526 acc=0.242
2200/2990 correct=526 acc=0.239
2225/2990 correct=526 acc=0.236
2250/2990 correct=527 acc=0.234
2275/2990 correct=527 acc=0.232
2300/2990 correct=527 acc=0.229
2325/2990 correct=527 acc=0.227
2350/2990 correct=527 acc=0.224
2375/2990 correct=527 acc=0.222
2400/2990 correct=527 acc=0.220
2425/2990 correct=527 acc=0.217
2450/2990 correct=527 acc=0.215
2475/2990 correct=528 acc=0.213
2500/2990 correct=529 acc=0.212
2525/2990 correct=529 acc=0.210
2550/2990 correct=533 acc=0.209
2575/2990 correct=539 acc=0.209
2600/2990 correct=541 acc=0.208
2625/2990 correct=541 acc=0.206
2650/2990 correct=542 acc=0.205
2675/2990 correct=542 acc=0.203
2700/2990 correct=543 acc=0.201
2725/2990 correct=544 acc=0.200
2750/2990 correct=545 acc=0.198
2775/2990 correct=547 acc=0.197
2800/2990 correct=549 acc=0.196
2825/2990 correct=551 acc=0.195
2850/2990 correct=554 acc=0.194
2875/2990 correct=554 acc=0.193
2900/2990 correct=557 acc=0.192
2925/2990 correct=562 acc=0.192
2950/2990 correct=563 acc=0.191
2975/2990 correct=564 acc=0.190
2990/2990 correct=564 acc=0.189
{
  "started_at": "2026-07-10T07:44:31.963449+00:00",
  "finished_at": "2026-07-10T08:48:36.107118+00:00",
  "base_url": "http://127.0.0.1:8889/v1",
  "model": "SubTokenLLM-E2B",
  "prompt_strategy": "concise_cot",
  "prompt_strategy_description": "Concise chain-of-thought with final answer delimiter.",
  "prompt_template": "{input}\n\nThink briefly and solve the problem. Keep the reasoning concise.\nEnd with exactly one line in this format: The final answer is: <answer>",
  "self_consistency_k": 3,
  "response_selection": "majority_vote",
  "selection_max_tokens": 64,
  "system_messages_sent": 0,
  "request_message_shape": [
    {
      "role": "user",
      "content": "<benchmark prompt>"
    }
  ],
  "limit_per_task": 50,
  "skip_per_task": 0,
  "parallel": 8,
  "max_tokens": 256,
  "temperature": 0.7,
  "seed": 20260709,
  "benchmarks": [
    {
      "benchmark": "bbeh",
      "correct": 21,
      "total": 1150,
      "micro_accuracy": 0.018260869565217393,
      "macro_accuracy": 0.018260869565217393,
      "harmonic_task_accuracy": 0.0,
      "tasks": 23
    },
    {
      "benchmark": "bbh",
      "correct": 508,
      "total": 1350,
      "micro_accuracy": 0.3762962962962963,
      "macro_accuracy": 0.3762962962962963,
      "harmonic_task_accuracy": 0.0,
      "tasks": 27
    },
    {
      "benchmark": "usr",
      "correct": 35,
      "total": 490,
      "micro_accuracy": 0.07142857142857142,
      "macro_accuracy": 0.07,
      "harmonic_task_accuracy": 0.0,
      "tasks": 10
    }
  ],
  "tasks": [
    {
      "benchmark": "bbeh",
      "task": "bbeh_boardgame_qa",
      "correct": 0,
      "total": 50,
      "accuracy": 0.0
    },
    {
      "benchmark": "bbeh",
      "task": "bbeh_boolean_expressions",
      "correct": 0,
      "total": 50,
      "accuracy": 0.0
    },
    {
      "benchmark": "bbeh",
      "task": "bbeh_buggy_tables",
      "correct": 0,
      "total": 50,
      "accuracy": 0.0
    },
    {
      "benchmark": "bbeh",
      "task": "bbeh_causal_understanding",
      "correct": 11,
      "total": 50,
      "accuracy": 0.22
    },
    {
      "benchmark": "bbeh",
      "task": "bbeh_disambiguation_qa",
      "correct": 0,
      "total": 50,
      "accuracy": 0.0
    },
    {
      "benchmark": "bbeh",
      "task": "bbeh_dyck_languages",
      "correct": 0,
      "total": 50,
      "accuracy": 0.0
    },
    {
      "benchmark": "bbeh",
      "task": "bbeh_geometric_shapes",
      "correct": 0,
      "total": 50,
      "accuracy": 0.0
    },
    {
      "benchmark": "bbeh",
      "task": "bbeh_hyperbaton",
      "correct": 0,
      "total": 50,
      "accuracy": 0.0
    },
    {
      "benchmark": "bbeh",
      "task": "bbeh_linguini",
      "correct": 0,
      "total": 50,
      "accuracy": 0.0
    },
    {
      "benchmark": "bbeh",
      "task": "bbeh_movie_recommendation",
      "correct": 0,
      "total": 50,
      "accuracy": 0.0
    },
    {
      "benchmark": "bbeh",
      "task": "bbeh_multistep_arithmetic",
      "correct": 0,
      "total": 50,
      "accuracy": 0.0
    },
    {
      "benchmark": "bbeh",
      "task": "bbeh_nycc",
      "correct": 2,
      "total": 50,
      "accuracy": 0.04
    },
    {
      "benchmark": "bbeh",
      "task": "bbeh_object_counting",
      "correct": 0,
      "total": 50,
      "accuracy": 0.0
    },
    {
      "benchmark": "bbeh",
      "task": "bbeh_object_properties",
      "correct": 0,
      "total": 50,
      "accuracy": 0.0
    },
    {
      "benchmark": "bbeh",
      "task": "bbeh_sarc_triples",
      "correct": 5,
      "total": 50,
      "accuracy": 0.1
    },
    {
      "benchmark": "bbeh",
      "task": "bbeh_shuffled_objects",
      "correct": 0,
      "total": 50,
      "accuracy": 0.0
    },
    {
      "benchmark": "bbeh",
      "task": "bbeh_spatial_reasoning",
      "correct": 0,
      "total": 50,
      "accuracy": 0.0
    },
    {
      "benchmark": "bbeh",
      "task": "bbeh_sportqa",
      "correct": 1,
      "total": 50,
      "accuracy": 0.02
    },
    {
      "benchmark": "bbeh",
      "task": "bbeh_temporal_sequence",
      "correct": 0,
      "total": 50,
      "accuracy": 0.0
    },
    {
      "benchmark": "bbeh",
      "task": "bbeh_time_arithmetic",
      "correct": 0,
      "total": 50,
      "accuracy": 0.0
    },
    {
      "benchmark": "bbeh",
      "task": "bbeh_web_of_lies",
      "correct": 0,
      "total": 50,
      "accuracy": 0.0
    },
    {
      "benchmark": "bbeh",
      "task": "bbeh_word_sorting",
      "correct": 0,
      "total": 50,
      "accuracy": 0.0
    },
    {
      "benchmark": "bbeh",
      "task": "bbeh_zebra_puzzles",
      "correct": 2,
      "total": 50,
      "accuracy": 0.04
    },
    {
      "benchmark": "bbh",
      "task": "boolean_expressions",
      "correct": 44,
      "total": 50,
      "accuracy": 0.88
    },
    {
      "benchmark": "bbh",
      "task": "causal_judgement",
      "correct": 22,
      "total": 50,
      "accuracy": 0.44
    },
    {
      "benchmark": "bbh",
      "task": "date_understanding",
      "correct": 16,
      "total": 50,
      "accuracy": 0.32
    },
    {
      "benchmark": "bbh",
      "task": "disambiguation_qa",
      "correct": 23,
      "total": 50,
      "accuracy": 0.46
    },
    {
      "benchmark": "bbh",
      "task": "dyck_languages",
      "correct": 0,
      "total": 50,
      "accuracy": 0.0
    },
    {
      "benchmark": "bbh",
      "task": "formal_fallacies",
      "correct": 2,
      "total": 50,
      "accuracy": 0.04
    },
    {
      "benchmark": "bbh",
      "task": "geometric_shapes",
      "correct": 0,
      "total": 50,
      "accuracy": 0.0
    },
    {
      "benchmark": "bbh",
      "task": "hyperbaton",
      "correct": 39,
      "total": 50,
      "accuracy": 0.78
    },
    {
      "benchmark": "bbh",
      "task": "logical_deduction_five_objects",
      "correct": 0,
      "total": 50,
      "accuracy": 0.0
    },
    {
      "benchmark": "bbh",
      "task": "logical_deduction_seven_objects",
      "correct": 0,
      "total": 50,
      "accuracy": 0.0
    },
    {
      "benchmark": "bbh",
      "task": "logical_deduction_three_objects",
      "correct": 30,
      "total": 50,
      "accuracy": 0.6
    },
    {
      "benchmark": "bbh",
      "task": "movie_recommendation",
      "correct": 9,
      "total": 50,
      "accuracy": 0.18
    },
    {
      "benchmark": "bbh",
      "task": "multistep_arithmetic_two",
      "correct": 39,
      "total": 50,
      "accuracy": 0.78
    },
    {
      "benchmark": "bbh",
      "task": "navigate",
      "correct": 33,
      "total": 50,
      "accuracy": 0.66
    },
    {
      "benchmark": "bbh",
      "task": "object_counting",
      "correct": 46,
      "total": 50,
      "accuracy": 0.92
    },
    {
      "benchmark": "bbh",
      "task": "penguins_in_a_table",
      "correct": 37,
      "total": 50,
      "accuracy": 0.74
    },
    {
      "benchmark": "bbh",
      "task": "reasoning_about_colored_objects",
      "correct": 39,
      "total": 50,
      "accuracy": 0.78
    },
    {
      "benchmark": "bbh",
      "task": "ruin_names",
      "correct": 21,
      "total": 50,
      "accuracy": 0.42
    },
    {
      "benchmark": "bbh",
      "task": "salient_translation_error_detection",
      "correct": 20,
      "total": 50,
      "accuracy": 0.4
    },
    {
      "benchmark": "bbh",
      "task": "snarks",
      "correct": 38,
      "total": 50,
      "accuracy": 0.76
    },
    {
      "benchmark": "bbh",
      "task": "sports_understanding",
      "correct": 10,
      "total": 50,
      "accuracy": 0.2
    },
    {
      "benchmark": "bbh",
      "task": "temporal_sequences",
      "correct": 3,
      "total": 50,
      "accuracy": 0.06
    },
    {
      "benchmark": "bbh",
      "task": "tracking_shuffled_objects_five_objects",
      "correct": 1,
      "total": 50,
      "accuracy": 0.02
    },
    {
      "benchmark": "bbh",
      "task": "tracking_shuffled_objects_seven_objects",
      "correct": 0,
      "total": 50,
      "accuracy": 0.0
    },
    {
      "benchmark": "bbh",
      "task": "tracking_shuffled_objects_three_objects",
      "correct": 34,
      "total": 50,
      "accuracy": 0.68
    },
    {
      "benchmark": "bbh",
      "task": "web_of_lies",
      "correct": 2,
      "total": 50,
      "accuracy": 0.04
    },
    {
      "benchmark": "bbh",
      "task": "word_sorting",
      "correct": 0,
      "total": 50,
      "accuracy": 0.0
    },
    {
      "benchmark": "usr",
      "task": "shifted_unpuzzles/original",
      "correct": 1,
      "total": 50,
      "accuracy": 0.02
    },
    {
      "benchmark": "usr",
      "task": "shifted_unpuzzles/shifted",
      "correct": 6,
      "total": 50,
      "accuracy": 0.12
    },
    {
      "benchmark": "usr",
      "task": "shifted_unpuzzles/unpuzzle",
      "correct": 5,
      "total": 50,
      "accuracy": 0.1
    },
    {
      "benchmark": "usr",
      "task": "simple_reasoning/char_ct",
      "correct": 0,
      "total": 40,
      "accuracy": 0.0
    },
    {
      "benchmark": "usr",
      "task": "simple_reasoning/logic_ev",
      "correct": 2,
      "total": 50,
      "accuracy": 0.04
    },
    {
      "benchmark": "usr",
      "task": "simple_reasoning/logic_neg",
      "correct": 0,
      "total": 50,
      "accuracy": 0.0
    },
    {
      "benchmark": "usr",
      "task": "simple_reasoning/mathgap",
      "correct": 2,
      "total": 50,
      "accuracy": 0.04
    },
    {
      "benchmark": "usr",
      "task": "simple_reasoning/word_ct",
      "correct": 11,
      "total": 50,
      "accuracy": 0.22
    },
    {
      "benchmark": "usr",
      "task": "unpuzzles/original",
      "correct": 3,
      "total": 50,
      "accuracy": 0.06
    },
    {
      "benchmark": "usr",
      "task": "unpuzzles/unpuzzle",
      "correct": 5,
      "total": 50,
      "accuracy": 0.1
    }
  ]
}
