25/2990 correct=4 acc=0.160
50/2990 correct=6 acc=0.120
75/2990 correct=6 acc=0.080
100/2990 correct=6 acc=0.060
125/2990 correct=6 acc=0.048
150/2990 correct=6 acc=0.040
175/2990 correct=6 acc=0.034
200/2990 correct=6 acc=0.030
225/2990 correct=6 acc=0.027
250/2990 correct=6 acc=0.024
275/2990 correct=6 acc=0.022
300/2990 correct=6 acc=0.020
325/2990 correct=6 acc=0.018
350/2990 correct=6 acc=0.017
375/2990 correct=6 acc=0.016
400/2990 correct=6 acc=0.015
425/2990 correct=6 acc=0.014
450/2990 correct=6 acc=0.013
475/2990 correct=6 acc=0.013
500/2990 correct=6 acc=0.012
525/2990 correct=6 acc=0.011
550/2990 correct=6 acc=0.011
575/2990 correct=6 acc=0.010
600/2990 correct=6 acc=0.010
625/2990 correct=6 acc=0.010
650/2990 correct=6 acc=0.009
675/2990 correct=7 acc=0.010
700/2990 correct=10 acc=0.014
725/2990 correct=20 acc=0.028
750/2990 correct=28 acc=0.037
775/2990 correct=28 acc=0.036
800/2990 correct=28 acc=0.035
825/2990 correct=29 acc=0.035
850/2990 correct=33 acc=0.039
875/2990 correct=33 acc=0.038
900/2990 correct=33 acc=0.037
925/2990 correct=33 acc=0.036
950/2990 correct=33 acc=0.035
975/2990 correct=34 acc=0.035
1000/2990 correct=35 acc=0.035
1025/2990 correct=36 acc=0.035
1050/2990 correct=38 acc=0.036
1075/2990 correct=38 acc=0.035
1100/2990 correct=38 acc=0.035
1125/2990 correct=38 acc=0.034
1150/2990 correct=38 acc=0.033
1175/2990 correct=38 acc=0.032
1200/2990 correct=38 acc=0.032
1225/2990 correct=38 acc=0.031
1250/2990 correct=38 acc=0.030
1275/2990 correct=38 acc=0.030
1300/2990 correct=38 acc=0.029
1325/2990 correct=38 acc=0.029
1350/2990 correct=38 acc=0.028
1375/2990 correct=38 acc=0.028
1400/2990 correct=38 acc=0.027
1425/2990 correct=38 acc=0.027
1450/2990 correct=38 acc=0.026
1475/2990 correct=38 acc=0.026
1500/2990 correct=38 acc=0.025
1525/2990 correct=38 acc=0.025
1550/2990 correct=38 acc=0.025
1575/2990 correct=38 acc=0.024
1600/2990 correct=38 acc=0.024
1625/2990 correct=38 acc=0.023
1650/2990 correct=38 acc=0.023
1675/2990 correct=38 acc=0.023
1700/2990 correct=38 acc=0.022
1725/2990 correct=38 acc=0.022
1750/2990 correct=38 acc=0.022
1775/2990 correct=38 acc=0.021
1800/2990 correct=38 acc=0.021
1825/2990 correct=38 acc=0.021
1850/2990 correct=38 acc=0.021
1875/2990 correct=38 acc=0.020
1900/2990 correct=38 acc=0.020
1925/2990 correct=38 acc=0.020
1950/2990 correct=38 acc=0.019
1975/2990 correct=38 acc=0.019
2000/2990 correct=38 acc=0.019
2025/2990 correct=38 acc=0.019
2050/2990 correct=38 acc=0.019
2075/2990 correct=38 acc=0.018
2100/2990 correct=38 acc=0.018
2125/2990 correct=38 acc=0.018
2150/2990 correct=38 acc=0.018
2175/2990 correct=38 acc=0.017
2200/2990 correct=38 acc=0.017
2225/2990 correct=38 acc=0.017
2250/2990 correct=38 acc=0.017
2275/2990 correct=38 acc=0.017
2300/2990 correct=38 acc=0.017
2325/2990 correct=38 acc=0.016
2350/2990 correct=38 acc=0.016
2375/2990 correct=38 acc=0.016
2400/2990 correct=38 acc=0.016
2425/2990 correct=38 acc=0.016
2450/2990 correct=38 acc=0.016
2475/2990 correct=38 acc=0.015
2500/2990 correct=38 acc=0.015
2525/2990 correct=38 acc=0.015
2550/2990 correct=39 acc=0.015
2575/2990 correct=41 acc=0.016
2600/2990 correct=41 acc=0.016
2625/2990 correct=41 acc=0.016
2650/2990 correct=41 acc=0.015
2675/2990 correct=41 acc=0.015
2700/2990 correct=41 acc=0.015
2725/2990 correct=41 acc=0.015
2750/2990 correct=41 acc=0.015
2775/2990 correct=42 acc=0.015
2800/2990 correct=42 acc=0.015
2825/2990 correct=42 acc=0.015
2850/2990 correct=42 acc=0.015
2875/2990 correct=42 acc=0.015
2900/2990 correct=43 acc=0.015
2925/2990 correct=43 acc=0.015
2950/2990 correct=43 acc=0.015
2975/2990 correct=43 acc=0.014
2990/2990 correct=43 acc=0.014
{
  "started_at": "2026-07-10T06:48:34.843115+00:00",
  "finished_at": "2026-07-10T07:11:57.882616+00:00",
  "base_url": "http://127.0.0.1:8889/v1",
  "model": "SubTokenLLM-E2B",
  "prompt_strategy": "plan_and_solve_plus",
  "prompt_strategy_description": "Detailed Plan-and-Solve with explicit variable extraction and verification.",
  "prompt_template": "{input}\n\nFirst identify the relevant facts, variables, and the exact quantity or label requested. Make a compact plan, carry it out without skipping calculations or constraints, and verify the result against the question.\nEnd with exactly one line in this format: The final answer is: <answer>",
  "self_consistency_k": 1,
  "response_selection": "majority_vote",
  "selection_max_tokens": 64,
  "system_messages_sent": 0,
  "request_message_shape": [
    {
      "role": "user",
      "content": "<benchmark prompt>"
    }
  ],
  "limit_per_task": 50,
  "skip_per_task": 0,
  "parallel": 8,
  "max_tokens": 256,
  "temperature": 0.0,
  "seed": 20260709,
  "benchmarks": [
    {
      "benchmark": "bbeh",
      "correct": 0,
      "total": 1150,
      "micro_accuracy": 0.0,
      "macro_accuracy": 0.0,
      "harmonic_task_accuracy": 0.0,
      "tasks": 23
    },
    {
      "benchmark": "bbh",
      "correct": 38,
      "total": 1350,
      "micro_accuracy": 0.028148148148148148,
      "macro_accuracy": 0.028148148148148148,
      "harmonic_task_accuracy": 0.0,
      "tasks": 27
    },
    {
      "benchmark": "usr",
      "correct": 5,
      "total": 490,
      "micro_accuracy": 0.01020408163265306,
      "macro_accuracy": 0.01,
      "harmonic_task_accuracy": 0.0,
      "tasks": 10
    }
  ],
  "tasks": [
    {
      "benchmark": "bbeh",
      "task": "bbeh_boardgame_qa",
      "correct": 0,
      "total": 50,
      "accuracy": 0.0
    },
    {
      "benchmark": "bbeh",
      "task": "bbeh_boolean_expressions",
      "correct": 0,
      "total": 50,
      "accuracy": 0.0
    },
    {
      "benchmark": "bbeh",
      "task": "bbeh_buggy_tables",
      "correct": 0,
      "total": 50,
      "accuracy": 0.0
    },
    {
      "benchmark": "bbeh",
      "task": "bbeh_causal_understanding",
      "correct": 0,
      "total": 50,
      "accuracy": 0.0
    },
    {
      "benchmark": "bbeh",
      "task": "bbeh_disambiguation_qa",
      "correct": 0,
      "total": 50,
      "accuracy": 0.0
    },
    {
      "benchmark": "bbeh",
      "task": "bbeh_dyck_languages",
      "correct": 0,
      "total": 50,
      "accuracy": 0.0
    },
    {
      "benchmark": "bbeh",
      "task": "bbeh_geometric_shapes",
      "correct": 0,
      "total": 50,
      "accuracy": 0.0
    },
    {
      "benchmark": "bbeh",
      "task": "bbeh_hyperbaton",
      "correct": 0,
      "total": 50,
      "accuracy": 0.0
    },
    {
      "benchmark": "bbeh",
      "task": "bbeh_linguini",
      "correct": 0,
      "total": 50,
      "accuracy": 0.0
    },
    {
      "benchmark": "bbeh",
      "task": "bbeh_movie_recommendation",
      "correct": 0,
      "total": 50,
      "accuracy": 0.0
    },
    {
      "benchmark": "bbeh",
      "task": "bbeh_multistep_arithmetic",
      "correct": 0,
      "total": 50,
      "accuracy": 0.0
    },
    {
      "benchmark": "bbeh",
      "task": "bbeh_nycc",
      "correct": 0,
      "total": 50,
      "accuracy": 0.0
    },
    {
      "benchmark": "bbeh",
      "task": "bbeh_object_counting",
      "correct": 0,
      "total": 50,
      "accuracy": 0.0
    },
    {
      "benchmark": "bbeh",
      "task": "bbeh_object_properties",
      "correct": 0,
      "total": 50,
      "accuracy": 0.0
    },
    {
      "benchmark": "bbeh",
      "task": "bbeh_sarc_triples",
      "correct": 0,
      "total": 50,
      "accuracy": 0.0
    },
    {
      "benchmark": "bbeh",
      "task": "bbeh_shuffled_objects",
      "correct": 0,
      "total": 50,
      "accuracy": 0.0
    },
    {
      "benchmark": "bbeh",
      "task": "bbeh_spatial_reasoning",
      "correct": 0,
      "total": 50,
      "accuracy": 0.0
    },
    {
      "benchmark": "bbeh",
      "task": "bbeh_sportqa",
      "correct": 0,
      "total": 50,
      "accuracy": 0.0
    },
    {
      "benchmark": "bbeh",
      "task": "bbeh_temporal_sequence",
      "correct": 0,
      "total": 50,
      "accuracy": 0.0
    },
    {
      "benchmark": "bbeh",
      "task": "bbeh_time_arithmetic",
      "correct": 0,
      "total": 50,
      "accuracy": 0.0
    },
    {
      "benchmark": "bbeh",
      "task": "bbeh_web_of_lies",
      "correct": 0,
      "total": 50,
      "accuracy": 0.0
    },
    {
      "benchmark": "bbeh",
      "task": "bbeh_word_sorting",
      "correct": 0,
      "total": 50,
      "accuracy": 0.0
    },
    {
      "benchmark": "bbeh",
      "task": "bbeh_zebra_puzzles",
      "correct": 0,
      "total": 50,
      "accuracy": 0.0
    },
    {
      "benchmark": "bbh",
      "task": "boolean_expressions",
      "correct": 6,
      "total": 50,
      "accuracy": 0.12
    },
    {
      "benchmark": "bbh",
      "task": "causal_judgement",
      "correct": 0,
      "total": 50,
      "accuracy": 0.0
    },
    {
      "benchmark": "bbh",
      "task": "date_understanding",
      "correct": 0,
      "total": 50,
      "accuracy": 0.0
    },
    {
      "benchmark": "bbh",
      "task": "disambiguation_qa",
      "correct": 0,
      "total": 50,
      "accuracy": 0.0
    },
    {
      "benchmark": "bbh",
      "task": "dyck_languages",
      "correct": 0,
      "total": 50,
      "accuracy": 0.0
    },
    {
      "benchmark": "bbh",
      "task": "formal_fallacies",
      "correct": 0,
      "total": 50,
      "accuracy": 0.0
    },
    {
      "benchmark": "bbh",
      "task": "geometric_shapes",
      "correct": 0,
      "total": 50,
      "accuracy": 0.0
    },
    {
      "benchmark": "bbh",
      "task": "hyperbaton",
      "correct": 0,
      "total": 50,
      "accuracy": 0.0
    },
    {
      "benchmark": "bbh",
      "task": "logical_deduction_five_objects",
      "correct": 0,
      "total": 50,
      "accuracy": 0.0
    },
    {
      "benchmark": "bbh",
      "task": "logical_deduction_seven_objects",
      "correct": 0,
      "total": 50,
      "accuracy": 0.0
    },
    {
      "benchmark": "bbh",
      "task": "logical_deduction_three_objects",
      "correct": 0,
      "total": 50,
      "accuracy": 0.0
    },
    {
      "benchmark": "bbh",
      "task": "movie_recommendation",
      "correct": 0,
      "total": 50,
      "accuracy": 0.0
    },
    {
      "benchmark": "bbh",
      "task": "multistep_arithmetic_two",
      "correct": 0,
      "total": 50,
      "accuracy": 0.0
    },
    {
      "benchmark": "bbh",
      "task": "navigate",
      "correct": 2,
      "total": 50,
      "accuracy": 0.04
    },
    {
      "benchmark": "bbh",
      "task": "object_counting",
      "correct": 20,
      "total": 50,
      "accuracy": 0.4
    },
    {
      "benchmark": "bbh",
      "task": "penguins_in_a_table",
      "correct": 0,
      "total": 50,
      "accuracy": 0.0
    },
    {
      "benchmark": "bbh",
      "task": "reasoning_about_colored_objects",
      "correct": 5,
      "total": 50,
      "accuracy": 0.1
    },
    {
      "benchmark": "bbh",
      "task": "ruin_names",
      "correct": 0,
      "total": 50,
      "accuracy": 0.0
    },
    {
      "benchmark": "bbh",
      "task": "salient_translation_error_detection",
      "correct": 0,
      "total": 50,
      "accuracy": 0.0
    },
    {
      "benchmark": "bbh",
      "task": "snarks",
      "correct": 2,
      "total": 50,
      "accuracy": 0.04
    },
    {
      "benchmark": "bbh",
      "task": "sports_understanding",
      "correct": 3,
      "total": 50,
      "accuracy": 0.06
    },
    {
      "benchmark": "bbh",
      "task": "temporal_sequences",
      "correct": 0,
      "total": 50,
      "accuracy": 0.0
    },
    {
      "benchmark": "bbh",
      "task": "tracking_shuffled_objects_five_objects",
      "correct": 0,
      "total": 50,
      "accuracy": 0.0
    },
    {
      "benchmark": "bbh",
      "task": "tracking_shuffled_objects_seven_objects",
      "correct": 0,
      "total": 50,
      "accuracy": 0.0
    },
    {
      "benchmark": "bbh",
      "task": "tracking_shuffled_objects_three_objects",
      "correct": 0,
      "total": 50,
      "accuracy": 0.0
    },
    {
      "benchmark": "bbh",
      "task": "web_of_lies",
      "correct": 0,
      "total": 50,
      "accuracy": 0.0
    },
    {
      "benchmark": "bbh",
      "task": "word_sorting",
      "correct": 0,
      "total": 50,
      "accuracy": 0.0
    },
    {
      "benchmark": "usr",
      "task": "shifted_unpuzzles/original",
      "correct": 0,
      "total": 50,
      "accuracy": 0.0
    },
    {
      "benchmark": "usr",
      "task": "shifted_unpuzzles/shifted",
      "correct": 0,
      "total": 50,
      "accuracy": 0.0
    },
    {
      "benchmark": "usr",
      "task": "shifted_unpuzzles/unpuzzle",
      "correct": 1,
      "total": 50,
      "accuracy": 0.02
    },
    {
      "benchmark": "usr",
      "task": "simple_reasoning/char_ct",
      "correct": 0,
      "total": 40,
      "accuracy": 0.0
    },
    {
      "benchmark": "usr",
      "task": "simple_reasoning/logic_ev",
      "correct": 0,
      "total": 50,
      "accuracy": 0.0
    },
    {
      "benchmark": "usr",
      "task": "simple_reasoning/logic_neg",
      "correct": 0,
      "total": 50,
      "accuracy": 0.0
    },
    {
      "benchmark": "usr",
      "task": "simple_reasoning/mathgap",
      "correct": 0,
      "total": 50,
      "accuracy": 0.0
    },
    {
      "benchmark": "usr",
      "task": "simple_reasoning/word_ct",
      "correct": 3,
      "total": 50,
      "accuracy": 0.06
    },
    {
      "benchmark": "usr",
      "task": "unpuzzles/original",
      "correct": 0,
      "total": 50,
      "accuracy": 0.0
    },
    {
      "benchmark": "usr",
      "task": "unpuzzles/unpuzzle",
      "correct": 1,
      "total": 50,
      "accuracy": 0.02
    }
  ]
}
