25/2990 correct=18 acc=0.720
50/2990 correct=37 acc=0.740
75/2990 correct=53 acc=0.707
100/2990 correct=69 acc=0.690
125/2990 correct=87 acc=0.696
150/2990 correct=99 acc=0.660
175/2990 correct=112 acc=0.640
200/2990 correct=119 acc=0.595
225/2990 correct=119 acc=0.529
250/2990 correct=124 acc=0.496
275/2990 correct=137 acc=0.498
300/2990 correct=150 acc=0.500
325/2990 correct=156 acc=0.480
350/2990 correct=166 acc=0.474
375/2990 correct=188 acc=0.501
400/2990 correct=211 acc=0.527
425/2990 correct=225 acc=0.529
450/2990 correct=243 acc=0.540
475/2990 correct=259 acc=0.545
500/2990 correct=274 acc=0.548
525/2990 correct=293 acc=0.558
550/2990 correct=312 acc=0.567
575/2990 correct=330 acc=0.574
600/2990 correct=343 acc=0.572
625/2990 correct=343 acc=0.549
650/2990 correct=346 acc=0.532
675/2990 correct=359 acc=0.532
700/2990 correct=374 acc=0.534
725/2990 correct=385 acc=0.531
750/2990 correct=394 acc=0.525
775/2990 correct=410 acc=0.529
800/2990 correct=425 acc=0.531
825/2990 correct=443 acc=0.537
850/2990 correct=462 acc=0.544
875/2990 correct=476 acc=0.544
900/2990 correct=493 acc=0.548
925/2990 correct=511 acc=0.552
950/2990 correct=527 acc=0.555
975/2990 correct=546 acc=0.560
1000/2990 correct=559 acc=0.559
1025/2990 correct=564 acc=0.550
1050/2990 correct=566 acc=0.539
1075/2990 correct=591 acc=0.550
1100/2990 correct=614 acc=0.558
1125/2990 correct=624 acc=0.555
1150/2990 correct=627 acc=0.545
1175/2990 correct=629 acc=0.535
1200/2990 correct=633 acc=0.527
1225/2990 correct=641 acc=0.523
1250/2990 correct=651 acc=0.521
1275/2990 correct=655 acc=0.514
1300/2990 correct=663 acc=0.510
1325/2990 correct=678 acc=0.512
1350/2990 correct=684 acc=0.507
1375/2990 correct=686 acc=0.499
1400/2990 correct=690 acc=0.493
1425/2990 correct=698 acc=0.490
1450/2990 correct=703 acc=0.485
1475/2990 correct=704 acc=0.477
1500/2990 correct=705 acc=0.470
1525/2990 correct=715 acc=0.469
1550/2990 correct=729 acc=0.470
1575/2990 correct=735 acc=0.467
1600/2990 correct=742 acc=0.464
1625/2990 correct=742 acc=0.457
1650/2990 correct=742 acc=0.450
1675/2990 correct=746 acc=0.445
1700/2990 correct=749 acc=0.441
1725/2990 correct=749 acc=0.434
1750/2990 correct=749 acc=0.428
1775/2990 correct=749 acc=0.422
1800/2990 correct=751 acc=0.417
1825/2990 correct=763 acc=0.418
1850/2990 correct=773 acc=0.418
1875/2990 correct=773 acc=0.412
1900/2990 correct=774 acc=0.407
1925/2990 correct=777 acc=0.404
1950/2990 correct=777 acc=0.398
1975/2990 correct=777 acc=0.393
2000/2990 correct=777 acc=0.389
2025/2990 correct=777 acc=0.384
2050/2990 correct=777 acc=0.379
2075/2990 correct=779 acc=0.375
2100/2990 correct=784 acc=0.373
2125/2990 correct=785 acc=0.369
2150/2990 correct=789 acc=0.367
2175/2990 correct=790 acc=0.363
2200/2990 correct=790 acc=0.359
2225/2990 correct=793 acc=0.356
2250/2990 correct=800 acc=0.356
2275/2990 correct=800 acc=0.352
2300/2990 correct=801 acc=0.348
2325/2990 correct=802 acc=0.345
2350/2990 correct=803 acc=0.342
2375/2990 correct=805 acc=0.339
2400/2990 correct=808 acc=0.337
2425/2990 correct=809 acc=0.334
2450/2990 correct=811 acc=0.331
2475/2990 correct=815 acc=0.329
2500/2990 correct=817 acc=0.327
2525/2990 correct=818 acc=0.324
2550/2990 correct=825 acc=0.324
2575/2990 correct=837 acc=0.325
2600/2990 correct=838 acc=0.322
2625/2990 correct=838 acc=0.319
2650/2990 correct=838 acc=0.316
2675/2990 correct=838 acc=0.313
2700/2990 correct=838 acc=0.310
2725/2990 correct=838 acc=0.308
2750/2990 correct=841 acc=0.306
2775/2990 correct=848 acc=0.306
2800/2990 correct=856 acc=0.306
2825/2990 correct=862 acc=0.305
2850/2990 correct=865 acc=0.304
2875/2990 correct=871 acc=0.303
2900/2990 correct=876 acc=0.302
2925/2990 correct=881 acc=0.301
2950/2990 correct=890 acc=0.302
2975/2990 correct=899 acc=0.302
2990/2990 correct=903 acc=0.302
{
  "started_at": "2026-07-10T09:10:17.149372+00:00",
  "finished_at": "2026-07-10T09:15:55.163328+00:00",
  "base_url": "http://127.0.0.1:8888/v1",
  "model": "SubTokenLLM",
  "prompt_strategy": "condition_reconstruction",
  "prompt_strategy_description": "Novel single-pass adaptation of key-condition verification.",
  "prompt_template": "{input}\n\nPrivately derive a candidate answer. Identify the one condition most capable of making that candidate wrong, temporarily hide that condition, and reconstruct what it must be from the candidate. Compare the reconstruction with the actual condition and correct the candidate if they conflict. Output only the final answer, with no explanation.",
  "self_consistency_k": 1,
  "response_selection": "majority_vote",
  "selection_max_tokens": 64,
  "system_messages_sent": 0,
  "request_message_shape": [
    {
      "role": "user",
      "content": "<benchmark prompt>"
    }
  ],
  "limit_per_task": 50,
  "skip_per_task": 0,
  "parallel": 8,
  "max_tokens": 128,
  "temperature": 0.0,
  "seed": 20260709,
  "benchmarks": [
    {
      "benchmark": "bbeh",
      "correct": 131,
      "total": 1150,
      "micro_accuracy": 0.11391304347826087,
      "macro_accuracy": 0.11391304347826087,
      "harmonic_task_accuracy": 0.0,
      "tasks": 23
    },
    {
      "benchmark": "bbh",
      "correct": 686,
      "total": 1350,
      "micro_accuracy": 0.5081481481481481,
      "macro_accuracy": 0.5081481481481481,
      "harmonic_task_accuracy": 0.0,
      "tasks": 27
    },
    {
      "benchmark": "usr",
      "correct": 86,
      "total": 490,
      "micro_accuracy": 0.17551020408163265,
      "macro_accuracy": 0.17250000000000001,
      "harmonic_task_accuracy": 0.0,
      "tasks": 10
    }
  ],
  "tasks": [
    {
      "benchmark": "bbeh",
      "task": "bbeh_boardgame_qa",
      "correct": 4,
      "total": 50,
      "accuracy": 0.08
    },
    {
      "benchmark": "bbeh",
      "task": "bbeh_boolean_expressions",
      "correct": 13,
      "total": 50,
      "accuracy": 0.26
    },
    {
      "benchmark": "bbeh",
      "task": "bbeh_buggy_tables",
      "correct": 1,
      "total": 50,
      "accuracy": 0.02
    },
    {
      "benchmark": "bbeh",
      "task": "bbeh_causal_understanding",
      "correct": 24,
      "total": 50,
      "accuracy": 0.48
    },
    {
      "benchmark": "bbeh",
      "task": "bbeh_disambiguation_qa",
      "correct": 14,
      "total": 50,
      "accuracy": 0.28
    },
    {
      "benchmark": "bbeh",
      "task": "bbeh_dyck_languages",
      "correct": 0,
      "total": 50,
      "accuracy": 0.0
    },
    {
      "benchmark": "bbeh",
      "task": "bbeh_geometric_shapes",
      "correct": 7,
      "total": 50,
      "accuracy": 0.14
    },
    {
      "benchmark": "bbeh",
      "task": "bbeh_hyperbaton",
      "correct": 0,
      "total": 50,
      "accuracy": 0.0
    },
    {
      "benchmark": "bbeh",
      "task": "bbeh_linguini",
      "correct": 1,
      "total": 50,
      "accuracy": 0.02
    },
    {
      "benchmark": "bbeh",
      "task": "bbeh_movie_recommendation",
      "correct": 23,
      "total": 50,
      "accuracy": 0.46
    },
    {
      "benchmark": "bbeh",
      "task": "bbeh_multistep_arithmetic",
      "correct": 0,
      "total": 50,
      "accuracy": 0.0
    },
    {
      "benchmark": "bbeh",
      "task": "bbeh_nycc",
      "correct": 4,
      "total": 50,
      "accuracy": 0.08
    },
    {
      "benchmark": "bbeh",
      "task": "bbeh_object_counting",
      "correct": 0,
      "total": 50,
      "accuracy": 0.0
    },
    {
      "benchmark": "bbeh",
      "task": "bbeh_object_properties",
      "correct": 0,
      "total": 50,
      "accuracy": 0.0
    },
    {
      "benchmark": "bbeh",
      "task": "bbeh_sarc_triples",
      "correct": 7,
      "total": 50,
      "accuracy": 0.14
    },
    {
      "benchmark": "bbeh",
      "task": "bbeh_shuffled_objects",
      "correct": 6,
      "total": 50,
      "accuracy": 0.12
    },
    {
      "benchmark": "bbeh",
      "task": "bbeh_spatial_reasoning",
      "correct": 0,
      "total": 50,
      "accuracy": 0.0
    },
    {
      "benchmark": "bbeh",
      "task": "bbeh_sportqa",
      "correct": 10,
      "total": 50,
      "accuracy": 0.2
    },
    {
      "benchmark": "bbeh",
      "task": "bbeh_temporal_sequence",
      "correct": 0,
      "total": 50,
      "accuracy": 0.0
    },
    {
      "benchmark": "bbeh",
      "task": "bbeh_time_arithmetic",
      "correct": 3,
      "total": 50,
      "accuracy": 0.06
    },
    {
      "benchmark": "bbeh",
      "task": "bbeh_web_of_lies",
      "correct": 5,
      "total": 50,
      "accuracy": 0.1
    },
    {
      "benchmark": "bbeh",
      "task": "bbeh_word_sorting",
      "correct": 3,
      "total": 50,
      "accuracy": 0.06
    },
    {
      "benchmark": "bbeh",
      "task": "bbeh_zebra_puzzles",
      "correct": 6,
      "total": 50,
      "accuracy": 0.12
    },
    {
      "benchmark": "bbh",
      "task": "boolean_expressions",
      "correct": 38,
      "total": 50,
      "accuracy": 0.76
    },
    {
      "benchmark": "bbh",
      "task": "causal_judgement",
      "correct": 31,
      "total": 50,
      "accuracy": 0.62
    },
    {
      "benchmark": "bbh",
      "task": "date_understanding",
      "correct": 29,
      "total": 50,
      "accuracy": 0.58
    },
    {
      "benchmark": "bbh",
      "task": "disambiguation_qa",
      "correct": 21,
      "total": 50,
      "accuracy": 0.42
    },
    {
      "benchmark": "bbh",
      "task": "dyck_languages",
      "correct": 0,
      "total": 50,
      "accuracy": 0.0
    },
    {
      "benchmark": "bbh",
      "task": "formal_fallacies",
      "correct": 30,
      "total": 50,
      "accuracy": 0.6
    },
    {
      "benchmark": "bbh",
      "task": "geometric_shapes",
      "correct": 16,
      "total": 50,
      "accuracy": 0.32
    },
    {
      "benchmark": "bbh",
      "task": "hyperbaton",
      "correct": 46,
      "total": 50,
      "accuracy": 0.92
    },
    {
      "benchmark": "bbh",
      "task": "logical_deduction_five_objects",
      "correct": 32,
      "total": 50,
      "accuracy": 0.64
    },
    {
      "benchmark": "bbh",
      "task": "logical_deduction_seven_objects",
      "correct": 31,
      "total": 50,
      "accuracy": 0.62
    },
    {
      "benchmark": "bbh",
      "task": "logical_deduction_three_objects",
      "correct": 39,
      "total": 50,
      "accuracy": 0.78
    },
    {
      "benchmark": "bbh",
      "task": "movie_recommendation",
      "correct": 30,
      "total": 50,
      "accuracy": 0.6
    },
    {
      "benchmark": "bbh",
      "task": "multistep_arithmetic_two",
      "correct": 1,
      "total": 50,
      "accuracy": 0.02
    },
    {
      "benchmark": "bbh",
      "task": "navigate",
      "correct": 29,
      "total": 50,
      "accuracy": 0.58
    },
    {
      "benchmark": "bbh",
      "task": "object_counting",
      "correct": 21,
      "total": 50,
      "accuracy": 0.42
    },
    {
      "benchmark": "bbh",
      "task": "penguins_in_a_table",
      "correct": 31,
      "total": 50,
      "accuracy": 0.62
    },
    {
      "benchmark": "bbh",
      "task": "reasoning_about_colored_objects",
      "correct": 37,
      "total": 50,
      "accuracy": 0.74
    },
    {
      "benchmark": "bbh",
      "task": "ruin_names",
      "correct": 32,
      "total": 50,
      "accuracy": 0.64
    },
    {
      "benchmark": "bbh",
      "task": "salient_translation_error_detection",
      "correct": 33,
      "total": 50,
      "accuracy": 0.66
    },
    {
      "benchmark": "bbh",
      "task": "snarks",
      "correct": 33,
      "total": 50,
      "accuracy": 0.66
    },
    {
      "benchmark": "bbh",
      "task": "sports_understanding",
      "correct": 6,
      "total": 50,
      "accuracy": 0.12
    },
    {
      "benchmark": "bbh",
      "task": "temporal_sequences",
      "correct": 50,
      "total": 50,
      "accuracy": 1.0
    },
    {
      "benchmark": "bbh",
      "task": "tracking_shuffled_objects_five_objects",
      "correct": 11,
      "total": 50,
      "accuracy": 0.22
    },
    {
      "benchmark": "bbh",
      "task": "tracking_shuffled_objects_seven_objects",
      "correct": 5,
      "total": 50,
      "accuracy": 0.1
    },
    {
      "benchmark": "bbh",
      "task": "tracking_shuffled_objects_three_objects",
      "correct": 21,
      "total": 50,
      "accuracy": 0.42
    },
    {
      "benchmark": "bbh",
      "task": "web_of_lies",
      "correct": 10,
      "total": 50,
      "accuracy": 0.2
    },
    {
      "benchmark": "bbh",
      "task": "word_sorting",
      "correct": 23,
      "total": 50,
      "accuracy": 0.46
    },
    {
      "benchmark": "usr",
      "task": "shifted_unpuzzles/original",
      "correct": 19,
      "total": 50,
      "accuracy": 0.38
    },
    {
      "benchmark": "usr",
      "task": "shifted_unpuzzles/shifted",
      "correct": 12,
      "total": 50,
      "accuracy": 0.24
    },
    {
      "benchmark": "usr",
      "task": "shifted_unpuzzles/unpuzzle",
      "correct": 8,
      "total": 50,
      "accuracy": 0.16
    },
    {
      "benchmark": "usr",
      "task": "simple_reasoning/char_ct",
      "correct": 1,
      "total": 40,
      "accuracy": 0.025
    },
    {
      "benchmark": "usr",
      "task": "simple_reasoning/logic_ev",
      "correct": 0,
      "total": 50,
      "accuracy": 0.0
    },
    {
      "benchmark": "usr",
      "task": "simple_reasoning/logic_neg",
      "correct": 0,
      "total": 50,
      "accuracy": 0.0
    },
    {
      "benchmark": "usr",
      "task": "simple_reasoning/mathgap",
      "correct": 1,
      "total": 50,
      "accuracy": 0.02
    },
    {
      "benchmark": "usr",
      "task": "simple_reasoning/word_ct",
      "correct": 20,
      "total": 50,
      "accuracy": 0.4
    },
    {
      "benchmark": "usr",
      "task": "unpuzzles/original",
      "correct": 17,
      "total": 50,
      "accuracy": 0.34
    },
    {
      "benchmark": "usr",
      "task": "unpuzzles/unpuzzle",
      "correct": 8,
      "total": 50,
      "accuracy": 0.16
    }
  ]
}
