25/1500 correct=18 acc=0.720
50/1500 correct=34 acc=0.680
75/1500 correct=46 acc=0.613
100/1500 correct=61 acc=0.610
125/1500 correct=62 acc=0.496
150/1500 correct=76 acc=0.507
175/1500 correct=83 acc=0.474
200/1500 correct=105 acc=0.525
225/1500 correct=121 acc=0.538
250/1500 correct=137 acc=0.548
275/1500 correct=157 acc=0.571
300/1500 correct=176 acc=0.587
325/1500 correct=177 acc=0.545
350/1500 correct=192 acc=0.549
375/1500 correct=206 acc=0.549
400/1500 correct=217 acc=0.542
425/1500 correct=235 acc=0.553
450/1500 correct=249 acc=0.553
475/1500 correct=260 acc=0.547
500/1500 correct=277 acc=0.554
525/1500 correct=278 acc=0.530
550/1500 correct=303 acc=0.551
575/1500 correct=309 acc=0.537
600/1500 correct=310 acc=0.517
625/1500 correct=316 acc=0.506
650/1500 correct=322 acc=0.495
675/1500 correct=336 acc=0.498
700/1500 correct=337 acc=0.481
725/1500 correct=343 acc=0.473
750/1500 correct=344 acc=0.459
775/1500 correct=355 acc=0.458
800/1500 correct=364 acc=0.455
825/1500 correct=364 acc=0.441
850/1500 correct=371 acc=0.436
875/1500 correct=371 acc=0.424
900/1500 correct=372 acc=0.413
925/1500 correct=384 acc=0.415
950/1500 correct=384 acc=0.404
975/1500 correct=388 acc=0.398
1000/1500 correct=388 acc=0.388
1025/1500 correct=388 acc=0.379
1050/1500 correct=392 acc=0.373
1075/1500 correct=393 acc=0.366
1100/1500 correct=393 acc=0.357
1125/1500 correct=394 acc=0.350
1150/1500 correct=397 acc=0.345
1175/1500 correct=398 acc=0.339
1200/1500 correct=400 acc=0.333
1225/1500 correct=400 acc=0.327
1250/1500 correct=404 acc=0.323
1275/1500 correct=406 acc=0.318
1300/1500 correct=423 acc=0.325
1325/1500 correct=423 acc=0.319
1350/1500 correct=423 acc=0.313
1375/1500 correct=423 acc=0.308
1400/1500 correct=429 acc=0.306
1425/1500 correct=436 acc=0.306
1450/1500 correct=441 acc=0.304
1475/1500 correct=449 acc=0.304
1500/1500 correct=454 acc=0.303
{
  "started_at": "2026-07-09T23:12:21.923907+00:00",
  "finished_at": "2026-07-09T23:16:24.989432+00:00",
  "base_url": "http://127.0.0.1:8888/v1",
  "model": "SubTokenLLM",
  "prompt_strategy": "selective_verify",
  "prompt_strategy_description": "Verify only concrete failure modes and otherwise preserve the first answer.",
  "prompt_template": "{input}\n\nSolve directly. Before answering, look for one concrete contradiction caused by a missed negation, ignored constraint, arithmetic or sign error, or option-label mismatch. Keep the first answer unless that check finds a specific error. Output only the final answer, with no reasoning or extra text.",
  "self_consistency_k": 1,
  "system_messages_sent": 0,
  "request_message_shape": [
    {
      "role": "user",
      "content": "<benchmark prompt>"
    }
  ],
  "limit_per_task": 25,
  "skip_per_task": 0,
  "parallel": 2,
  "max_tokens": 96,
  "temperature": 0.0,
  "benchmarks": [
    {
      "benchmark": "bbeh",
      "correct": 68,
      "total": 575,
      "micro_accuracy": 0.11826086956521739,
      "macro_accuracy": 0.11826086956521739,
      "harmonic_task_accuracy": 0.0,
      "tasks": 23
    },
    {
      "benchmark": "bbh",
      "correct": 336,
      "total": 675,
      "micro_accuracy": 0.49777777777777776,
      "macro_accuracy": 0.49777777777777776,
      "harmonic_task_accuracy": 0.0,
      "tasks": 27
    },
    {
      "benchmark": "usr",
      "correct": 50,
      "total": 250,
      "micro_accuracy": 0.2,
      "macro_accuracy": 0.2,
      "harmonic_task_accuracy": 0.0,
      "tasks": 10
    }
  ],
  "tasks": [
    {
      "benchmark": "bbeh",
      "task": "bbeh_boardgame_qa",
      "correct": 1,
      "total": 25,
      "accuracy": 0.04
    },
    {
      "benchmark": "bbeh",
      "task": "bbeh_boolean_expressions",
      "correct": 6,
      "total": 25,
      "accuracy": 0.24
    },
    {
      "benchmark": "bbeh",
      "task": "bbeh_buggy_tables",
      "correct": 0,
      "total": 25,
      "accuracy": 0.0
    },
    {
      "benchmark": "bbeh",
      "task": "bbeh_causal_understanding",
      "correct": 12,
      "total": 25,
      "accuracy": 0.48
    },
    {
      "benchmark": "bbeh",
      "task": "bbeh_disambiguation_qa",
      "correct": 9,
      "total": 25,
      "accuracy": 0.36
    },
    {
      "benchmark": "bbeh",
      "task": "bbeh_dyck_languages",
      "correct": 0,
      "total": 25,
      "accuracy": 0.0
    },
    {
      "benchmark": "bbeh",
      "task": "bbeh_geometric_shapes",
      "correct": 7,
      "total": 25,
      "accuracy": 0.28
    },
    {
      "benchmark": "bbeh",
      "task": "bbeh_hyperbaton",
      "correct": 0,
      "total": 25,
      "accuracy": 0.0
    },
    {
      "benchmark": "bbeh",
      "task": "bbeh_linguini",
      "correct": 1,
      "total": 25,
      "accuracy": 0.04
    },
    {
      "benchmark": "bbeh",
      "task": "bbeh_movie_recommendation",
      "correct": 12,
      "total": 25,
      "accuracy": 0.48
    },
    {
      "benchmark": "bbeh",
      "task": "bbeh_multistep_arithmetic",
      "correct": 0,
      "total": 25,
      "accuracy": 0.0
    },
    {
      "benchmark": "bbeh",
      "task": "bbeh_nycc",
      "correct": 4,
      "total": 25,
      "accuracy": 0.16
    },
    {
      "benchmark": "bbeh",
      "task": "bbeh_object_counting",
      "correct": 0,
      "total": 25,
      "accuracy": 0.0
    },
    {
      "benchmark": "bbeh",
      "task": "bbeh_object_properties",
      "correct": 0,
      "total": 25,
      "accuracy": 0.0
    },
    {
      "benchmark": "bbeh",
      "task": "bbeh_sarc_triples",
      "correct": 4,
      "total": 25,
      "accuracy": 0.16
    },
    {
      "benchmark": "bbeh",
      "task": "bbeh_shuffled_objects",
      "correct": 1,
      "total": 25,
      "accuracy": 0.04
    },
    {
      "benchmark": "bbeh",
      "task": "bbeh_spatial_reasoning",
      "correct": 0,
      "total": 25,
      "accuracy": 0.0
    },
    {
      "benchmark": "bbeh",
      "task": "bbeh_sportqa",
      "correct": 1,
      "total": 25,
      "accuracy": 0.04
    },
    {
      "benchmark": "bbeh",
      "task": "bbeh_temporal_sequence",
      "correct": 3,
      "total": 25,
      "accuracy": 0.12
    },
    {
      "benchmark": "bbeh",
      "task": "bbeh_time_arithmetic",
      "correct": 1,
      "total": 25,
      "accuracy": 0.04
    },
    {
      "benchmark": "bbeh",
      "task": "bbeh_web_of_lies",
      "correct": 2,
      "total": 25,
      "accuracy": 0.08
    },
    {
      "benchmark": "bbeh",
      "task": "bbeh_word_sorting",
      "correct": 0,
      "total": 25,
      "accuracy": 0.0
    },
    {
      "benchmark": "bbeh",
      "task": "bbeh_zebra_puzzles",
      "correct": 4,
      "total": 25,
      "accuracy": 0.16
    },
    {
      "benchmark": "bbh",
      "task": "boolean_expressions",
      "correct": 18,
      "total": 25,
      "accuracy": 0.72
    },
    {
      "benchmark": "bbh",
      "task": "causal_judgement",
      "correct": 16,
      "total": 25,
      "accuracy": 0.64
    },
    {
      "benchmark": "bbh",
      "task": "date_understanding",
      "correct": 12,
      "total": 25,
      "accuracy": 0.48
    },
    {
      "benchmark": "bbh",
      "task": "disambiguation_qa",
      "correct": 15,
      "total": 25,
      "accuracy": 0.6
    },
    {
      "benchmark": "bbh",
      "task": "dyck_languages",
      "correct": 0,
      "total": 25,
      "accuracy": 0.0
    },
    {
      "benchmark": "bbh",
      "task": "formal_fallacies",
      "correct": 15,
      "total": 25,
      "accuracy": 0.6
    },
    {
      "benchmark": "bbh",
      "task": "geometric_shapes",
      "correct": 7,
      "total": 25,
      "accuracy": 0.28
    },
    {
      "benchmark": "bbh",
      "task": "hyperbaton",
      "correct": 22,
      "total": 25,
      "accuracy": 0.88
    },
    {
      "benchmark": "bbh",
      "task": "logical_deduction_five_objects",
      "correct": 16,
      "total": 25,
      "accuracy": 0.64
    },
    {
      "benchmark": "bbh",
      "task": "logical_deduction_seven_objects",
      "correct": 16,
      "total": 25,
      "accuracy": 0.64
    },
    {
      "benchmark": "bbh",
      "task": "logical_deduction_three_objects",
      "correct": 21,
      "total": 25,
      "accuracy": 0.84
    },
    {
      "benchmark": "bbh",
      "task": "movie_recommendation",
      "correct": 18,
      "total": 25,
      "accuracy": 0.72
    },
    {
      "benchmark": "bbh",
      "task": "multistep_arithmetic_two",
      "correct": 0,
      "total": 25,
      "accuracy": 0.0
    },
    {
      "benchmark": "bbh",
      "task": "navigate",
      "correct": 16,
      "total": 25,
      "accuracy": 0.64
    },
    {
      "benchmark": "bbh",
      "task": "object_counting",
      "correct": 14,
      "total": 25,
      "accuracy": 0.56
    },
    {
      "benchmark": "bbh",
      "task": "penguins_in_a_table",
      "correct": 11,
      "total": 25,
      "accuracy": 0.44
    },
    {
      "benchmark": "bbh",
      "task": "reasoning_about_colored_objects",
      "correct": 18,
      "total": 25,
      "accuracy": 0.72
    },
    {
      "benchmark": "bbh",
      "task": "ruin_names",
      "correct": 14,
      "total": 25,
      "accuracy": 0.56
    },
    {
      "benchmark": "bbh",
      "task": "salient_translation_error_detection",
      "correct": 10,
      "total": 25,
      "accuracy": 0.4
    },
    {
      "benchmark": "bbh",
      "task": "snarks",
      "correct": 18,
      "total": 25,
      "accuracy": 0.72
    },
    {
      "benchmark": "bbh",
      "task": "sports_understanding",
      "correct": 1,
      "total": 25,
      "accuracy": 0.04
    },
    {
      "benchmark": "bbh",
      "task": "temporal_sequences",
      "correct": 25,
      "total": 25,
      "accuracy": 1.0
    },
    {
      "benchmark": "bbh",
      "task": "tracking_shuffled_objects_five_objects",
      "correct": 6,
      "total": 25,
      "accuracy": 0.24
    },
    {
      "benchmark": "bbh",
      "task": "tracking_shuffled_objects_seven_objects",
      "correct": 1,
      "total": 25,
      "accuracy": 0.04
    },
    {
      "benchmark": "bbh",
      "task": "tracking_shuffled_objects_three_objects",
      "correct": 6,
      "total": 25,
      "accuracy": 0.24
    },
    {
      "benchmark": "bbh",
      "task": "web_of_lies",
      "correct": 6,
      "total": 25,
      "accuracy": 0.24
    },
    {
      "benchmark": "bbh",
      "task": "word_sorting",
      "correct": 14,
      "total": 25,
      "accuracy": 0.56
    },
    {
      "benchmark": "usr",
      "task": "shifted_unpuzzles/original",
      "correct": 9,
      "total": 25,
      "accuracy": 0.36
    },
    {
      "benchmark": "usr",
      "task": "shifted_unpuzzles/shifted",
      "correct": 6,
      "total": 25,
      "accuracy": 0.24
    },
    {
      "benchmark": "usr",
      "task": "shifted_unpuzzles/unpuzzle",
      "correct": 3,
      "total": 25,
      "accuracy": 0.12
    },
    {
      "benchmark": "usr",
      "task": "simple_reasoning/char_ct",
      "correct": 2,
      "total": 25,
      "accuracy": 0.08
    },
    {
      "benchmark": "usr",
      "task": "simple_reasoning/logic_ev",
      "correct": 0,
      "total": 25,
      "accuracy": 0.0
    },
    {
      "benchmark": "usr",
      "task": "simple_reasoning/logic_neg",
      "correct": 0,
      "total": 25,
      "accuracy": 0.0
    },
    {
      "benchmark": "usr",
      "task": "simple_reasoning/mathgap",
      "correct": 0,
      "total": 25,
      "accuracy": 0.0
    },
    {
      "benchmark": "usr",
      "task": "simple_reasoning/word_ct",
      "correct": 17,
      "total": 25,
      "accuracy": 0.68
    },
    {
      "benchmark": "usr",
      "task": "unpuzzles/original",
      "correct": 10,
      "total": 25,
      "accuracy": 0.4
    },
    {
      "benchmark": "usr",
      "task": "unpuzzles/unpuzzle",
      "correct": 3,
      "total": 25,
      "accuracy": 0.12
    }
  ]
}
