25/2990 correct=19 acc=0.760
50/2990 correct=40 acc=0.800
75/2990 correct=56 acc=0.747
100/2990 correct=72 acc=0.720
125/2990 correct=88 acc=0.704
150/2990 correct=100 acc=0.667
175/2990 correct=113 acc=0.646
200/2990 correct=125 acc=0.625
225/2990 correct=126 acc=0.560
250/2990 correct=130 acc=0.520
275/2990 correct=142 acc=0.516
300/2990 correct=156 acc=0.520
325/2990 correct=161 acc=0.495
350/2990 correct=170 acc=0.486
375/2990 correct=191 acc=0.509
400/2990 correct=214 acc=0.535
425/2990 correct=232 acc=0.546
450/2990 correct=247 acc=0.549
475/2990 correct=264 acc=0.556
500/2990 correct=279 acc=0.558
525/2990 correct=301 acc=0.573
550/2990 correct=320 acc=0.582
575/2990 correct=338 acc=0.588
600/2990 correct=351 acc=0.585
625/2990 correct=353 acc=0.565
650/2990 correct=357 acc=0.549
675/2990 correct=370 acc=0.548
700/2990 correct=384 acc=0.549
725/2990 correct=399 acc=0.550
750/2990 correct=413 acc=0.551
775/2990 correct=425 acc=0.548
800/2990 correct=444 acc=0.555
825/2990 correct=460 acc=0.558
850/2990 correct=483 acc=0.568
875/2990 correct=496 acc=0.567
900/2990 correct=514 acc=0.571
925/2990 correct=530 acc=0.573
950/2990 correct=545 acc=0.574
975/2990 correct=564 acc=0.578
1000/2990 correct=581 acc=0.581
1025/2990 correct=589 acc=0.575
1050/2990 correct=601 acc=0.572
1075/2990 correct=626 acc=0.582
1100/2990 correct=650 acc=0.591
1125/2990 correct=655 acc=0.582
1150/2990 correct=658 acc=0.572
1175/2990 correct=660 acc=0.562
1200/2990 correct=662 acc=0.552
1225/2990 correct=668 acc=0.545
1250/2990 correct=681 acc=0.545
1275/2990 correct=690 acc=0.541
1300/2990 correct=706 acc=0.543
1325/2990 correct=720 acc=0.543
1350/2990 correct=728 acc=0.539
1375/2990 correct=731 acc=0.532
1400/2990 correct=736 acc=0.526
1425/2990 correct=742 acc=0.521
1450/2990 correct=749 acc=0.517
1475/2990 correct=749 acc=0.508
1500/2990 correct=749 acc=0.499
1525/2990 correct=759 acc=0.498
1550/2990 correct=773 acc=0.499
1575/2990 correct=781 acc=0.496
1600/2990 correct=787 acc=0.492
1625/2990 correct=787 acc=0.484
1650/2990 correct=787 acc=0.477
1675/2990 correct=794 acc=0.474
1700/2990 correct=804 acc=0.473
1725/2990 correct=805 acc=0.467
1750/2990 correct=805 acc=0.460
1775/2990 correct=806 acc=0.454
1800/2990 correct=808 acc=0.449
1825/2990 correct=820 acc=0.449
1850/2990 correct=830 acc=0.449
1875/2990 correct=830 acc=0.443
1900/2990 correct=830 acc=0.437
1925/2990 correct=833 acc=0.433
1950/2990 correct=834 acc=0.428
1975/2990 correct=834 acc=0.422
2000/2990 correct=834 acc=0.417
2025/2990 correct=834 acc=0.412
2050/2990 correct=834 acc=0.407
2075/2990 correct=839 acc=0.404
2100/2990 correct=845 acc=0.402
2125/2990 correct=846 acc=0.398
2150/2990 correct=851 acc=0.396
2175/2990 correct=851 acc=0.391
2200/2990 correct=851 acc=0.387
2225/2990 correct=853 acc=0.383
2250/2990 correct=861 acc=0.383
2275/2990 correct=861 acc=0.378
2300/2990 correct=861 acc=0.374
2325/2990 correct=861 acc=0.370
2350/2990 correct=863 acc=0.367
2375/2990 correct=863 acc=0.363
2400/2990 correct=865 acc=0.360
2425/2990 correct=867 acc=0.358
2450/2990 correct=869 acc=0.355
2475/2990 correct=872 acc=0.352
2500/2990 correct=876 acc=0.350
2525/2990 correct=876 acc=0.347
2550/2990 correct=885 acc=0.347
2575/2990 correct=895 acc=0.348
2600/2990 correct=902 acc=0.347
2625/2990 correct=911 acc=0.347
2650/2990 correct=915 acc=0.345
2675/2990 correct=915 acc=0.342
2700/2990 correct=916 acc=0.339
2725/2990 correct=917 acc=0.337
2750/2990 correct=921 acc=0.335
2775/2990 correct=930 acc=0.335
2800/2990 correct=938 acc=0.335
2825/2990 correct=944 acc=0.334
2850/2990 correct=950 acc=0.333
2875/2990 correct=956 acc=0.333
2900/2990 correct=965 acc=0.333
2925/2990 correct=971 acc=0.332
2950/2990 correct=979 acc=0.332
2975/2990 correct=987 acc=0.332
2990/2990 correct=993 acc=0.332
{
  "started_at": "2026-07-10T04:14:15.223085+00:00",
  "finished_at": "2026-07-10T04:18:58.150381+00:00",
  "base_url": "http://127.0.0.1:8888/v1",
  "model": "SubTokenLLM",
  "prompt_strategy": "private_verify",
  "prompt_strategy_description": "Solve and verify privately, then emit only the final answer.",
  "prompt_template": "{input}\n\nSolve the problem privately, check the answer once for mistakes, and then output only the final answer. Do not show reasoning, notes, or verification.",
  "self_consistency_k": 1,
  "response_selection": "majority_vote",
  "selection_max_tokens": 64,
  "system_messages_sent": 0,
  "request_message_shape": [
    {
      "role": "user",
      "content": "<benchmark prompt>"
    }
  ],
  "limit_per_task": 50,
  "skip_per_task": 0,
  "parallel": 8,
  "max_tokens": 128,
  "temperature": 0.0,
  "seed": 20260709,
  "benchmarks": [
    {
      "benchmark": "bbeh",
      "correct": 145,
      "total": 1150,
      "micro_accuracy": 0.12608695652173912,
      "macro_accuracy": 0.12608695652173912,
      "harmonic_task_accuracy": 0.0,
      "tasks": 23
    },
    {
      "benchmark": "bbh",
      "correct": 731,
      "total": 1350,
      "micro_accuracy": 0.5414814814814815,
      "macro_accuracy": 0.5414814814814815,
      "harmonic_task_accuracy": 0.16964963101949196,
      "tasks": 27
    },
    {
      "benchmark": "usr",
      "correct": 117,
      "total": 490,
      "micro_accuracy": 0.23877551020408164,
      "macro_accuracy": 0.23450000000000001,
      "harmonic_task_accuracy": 0.0,
      "tasks": 10
    }
  ],
  "tasks": [
    {
      "benchmark": "bbeh",
      "task": "bbeh_boardgame_qa",
      "correct": 5,
      "total": 50,
      "accuracy": 0.1
    },
    {
      "benchmark": "bbeh",
      "task": "bbeh_boolean_expressions",
      "correct": 13,
      "total": 50,
      "accuracy": 0.26
    },
    {
      "benchmark": "bbeh",
      "task": "bbeh_buggy_tables",
      "correct": 0,
      "total": 50,
      "accuracy": 0.0
    },
    {
      "benchmark": "bbeh",
      "task": "bbeh_causal_understanding",
      "correct": 24,
      "total": 50,
      "accuracy": 0.48
    },
    {
      "benchmark": "bbeh",
      "task": "bbeh_disambiguation_qa",
      "correct": 14,
      "total": 50,
      "accuracy": 0.28
    },
    {
      "benchmark": "bbeh",
      "task": "bbeh_dyck_languages",
      "correct": 0,
      "total": 50,
      "accuracy": 0.0
    },
    {
      "benchmark": "bbeh",
      "task": "bbeh_geometric_shapes",
      "correct": 17,
      "total": 50,
      "accuracy": 0.34
    },
    {
      "benchmark": "bbeh",
      "task": "bbeh_hyperbaton",
      "correct": 1,
      "total": 50,
      "accuracy": 0.02
    },
    {
      "benchmark": "bbeh",
      "task": "bbeh_linguini",
      "correct": 2,
      "total": 50,
      "accuracy": 0.04
    },
    {
      "benchmark": "bbeh",
      "task": "bbeh_movie_recommendation",
      "correct": 23,
      "total": 50,
      "accuracy": 0.46
    },
    {
      "benchmark": "bbeh",
      "task": "bbeh_multistep_arithmetic",
      "correct": 0,
      "total": 50,
      "accuracy": 0.0
    },
    {
      "benchmark": "bbeh",
      "task": "bbeh_nycc",
      "correct": 4,
      "total": 50,
      "accuracy": 0.08
    },
    {
      "benchmark": "bbeh",
      "task": "bbeh_object_counting",
      "correct": 0,
      "total": 50,
      "accuracy": 0.0
    },
    {
      "benchmark": "bbeh",
      "task": "bbeh_object_properties",
      "correct": 0,
      "total": 50,
      "accuracy": 0.0
    },
    {
      "benchmark": "bbeh",
      "task": "bbeh_sarc_triples",
      "correct": 11,
      "total": 50,
      "accuracy": 0.22
    },
    {
      "benchmark": "bbeh",
      "task": "bbeh_shuffled_objects",
      "correct": 6,
      "total": 50,
      "accuracy": 0.12
    },
    {
      "benchmark": "bbeh",
      "task": "bbeh_spatial_reasoning",
      "correct": 0,
      "total": 50,
      "accuracy": 0.0
    },
    {
      "benchmark": "bbeh",
      "task": "bbeh_sportqa",
      "correct": 10,
      "total": 50,
      "accuracy": 0.2
    },
    {
      "benchmark": "bbeh",
      "task": "bbeh_temporal_sequence",
      "correct": 0,
      "total": 50,
      "accuracy": 0.0
    },
    {
      "benchmark": "bbeh",
      "task": "bbeh_time_arithmetic",
      "correct": 1,
      "total": 50,
      "accuracy": 0.02
    },
    {
      "benchmark": "bbeh",
      "task": "bbeh_web_of_lies",
      "correct": 3,
      "total": 50,
      "accuracy": 0.06
    },
    {
      "benchmark": "bbeh",
      "task": "bbeh_word_sorting",
      "correct": 4,
      "total": 50,
      "accuracy": 0.08
    },
    {
      "benchmark": "bbeh",
      "task": "bbeh_zebra_puzzles",
      "correct": 7,
      "total": 50,
      "accuracy": 0.14
    },
    {
      "benchmark": "bbh",
      "task": "boolean_expressions",
      "correct": 41,
      "total": 50,
      "accuracy": 0.82
    },
    {
      "benchmark": "bbh",
      "task": "causal_judgement",
      "correct": 31,
      "total": 50,
      "accuracy": 0.62
    },
    {
      "benchmark": "bbh",
      "task": "date_understanding",
      "correct": 27,
      "total": 50,
      "accuracy": 0.54
    },
    {
      "benchmark": "bbh",
      "task": "disambiguation_qa",
      "correct": 26,
      "total": 50,
      "accuracy": 0.52
    },
    {
      "benchmark": "bbh",
      "task": "dyck_languages",
      "correct": 1,
      "total": 50,
      "accuracy": 0.02
    },
    {
      "benchmark": "bbh",
      "task": "formal_fallacies",
      "correct": 27,
      "total": 50,
      "accuracy": 0.54
    },
    {
      "benchmark": "bbh",
      "task": "geometric_shapes",
      "correct": 16,
      "total": 50,
      "accuracy": 0.32
    },
    {
      "benchmark": "bbh",
      "task": "hyperbaton",
      "correct": 46,
      "total": 50,
      "accuracy": 0.92
    },
    {
      "benchmark": "bbh",
      "task": "logical_deduction_five_objects",
      "correct": 33,
      "total": 50,
      "accuracy": 0.66
    },
    {
      "benchmark": "bbh",
      "task": "logical_deduction_seven_objects",
      "correct": 31,
      "total": 50,
      "accuracy": 0.62
    },
    {
      "benchmark": "bbh",
      "task": "logical_deduction_three_objects",
      "correct": 42,
      "total": 50,
      "accuracy": 0.84
    },
    {
      "benchmark": "bbh",
      "task": "movie_recommendation",
      "correct": 32,
      "total": 50,
      "accuracy": 0.64
    },
    {
      "benchmark": "bbh",
      "task": "multistep_arithmetic_two",
      "correct": 1,
      "total": 50,
      "accuracy": 0.02
    },
    {
      "benchmark": "bbh",
      "task": "navigate",
      "correct": 30,
      "total": 50,
      "accuracy": 0.6
    },
    {
      "benchmark": "bbh",
      "task": "object_counting",
      "correct": 29,
      "total": 50,
      "accuracy": 0.58
    },
    {
      "benchmark": "bbh",
      "task": "penguins_in_a_table",
      "correct": 30,
      "total": 50,
      "accuracy": 0.6
    },
    {
      "benchmark": "bbh",
      "task": "reasoning_about_colored_objects",
      "correct": 38,
      "total": 50,
      "accuracy": 0.76
    },
    {
      "benchmark": "bbh",
      "task": "ruin_names",
      "correct": 33,
      "total": 50,
      "accuracy": 0.66
    },
    {
      "benchmark": "bbh",
      "task": "salient_translation_error_detection",
      "correct": 30,
      "total": 50,
      "accuracy": 0.6
    },
    {
      "benchmark": "bbh",
      "task": "snarks",
      "correct": 36,
      "total": 50,
      "accuracy": 0.72
    },
    {
      "benchmark": "bbh",
      "task": "sports_understanding",
      "correct": 21,
      "total": 50,
      "accuracy": 0.42
    },
    {
      "benchmark": "bbh",
      "task": "temporal_sequences",
      "correct": 50,
      "total": 50,
      "accuracy": 1.0
    },
    {
      "benchmark": "bbh",
      "task": "tracking_shuffled_objects_five_objects",
      "correct": 7,
      "total": 50,
      "accuracy": 0.14
    },
    {
      "benchmark": "bbh",
      "task": "tracking_shuffled_objects_seven_objects",
      "correct": 4,
      "total": 50,
      "accuracy": 0.08
    },
    {
      "benchmark": "bbh",
      "task": "tracking_shuffled_objects_three_objects",
      "correct": 19,
      "total": 50,
      "accuracy": 0.38
    },
    {
      "benchmark": "bbh",
      "task": "web_of_lies",
      "correct": 25,
      "total": 50,
      "accuracy": 0.5
    },
    {
      "benchmark": "bbh",
      "task": "word_sorting",
      "correct": 25,
      "total": 50,
      "accuracy": 0.5
    },
    {
      "benchmark": "usr",
      "task": "shifted_unpuzzles/original",
      "correct": 20,
      "total": 50,
      "accuracy": 0.4
    },
    {
      "benchmark": "usr",
      "task": "shifted_unpuzzles/shifted",
      "correct": 16,
      "total": 50,
      "accuracy": 0.32
    },
    {
      "benchmark": "usr",
      "task": "shifted_unpuzzles/unpuzzle",
      "correct": 10,
      "total": 50,
      "accuracy": 0.2
    },
    {
      "benchmark": "usr",
      "task": "simple_reasoning/char_ct",
      "correct": 1,
      "total": 40,
      "accuracy": 0.025
    },
    {
      "benchmark": "usr",
      "task": "simple_reasoning/logic_ev",
      "correct": 17,
      "total": 50,
      "accuracy": 0.34
    },
    {
      "benchmark": "usr",
      "task": "simple_reasoning/logic_neg",
      "correct": 0,
      "total": 50,
      "accuracy": 0.0
    },
    {
      "benchmark": "usr",
      "task": "simple_reasoning/mathgap",
      "correct": 3,
      "total": 50,
      "accuracy": 0.06
    },
    {
      "benchmark": "usr",
      "task": "simple_reasoning/word_ct",
      "correct": 21,
      "total": 50,
      "accuracy": 0.42
    },
    {
      "benchmark": "usr",
      "task": "unpuzzles/original",
      "correct": 18,
      "total": 50,
      "accuracy": 0.36
    },
    {
      "benchmark": "usr",
      "task": "unpuzzles/unpuzzle",
      "correct": 11,
      "total": 50,
      "accuracy": 0.22
    }
  ]
}
