25/9550 correct=15 acc=0.600
50/9550 correct=32 acc=0.640
75/9550 correct=48 acc=0.640
100/9550 correct=64 acc=0.640
125/9550 correct=83 acc=0.664
150/9550 correct=98 acc=0.653
175/9550 correct=120 acc=0.686
200/9550 correct=139 acc=0.695
225/9550 correct=152 acc=0.676
250/9550 correct=167 acc=0.668
275/9550 correct=180 acc=0.655
300/9550 correct=191 acc=0.637
325/9550 correct=206 acc=0.634
350/9550 correct=215 acc=0.614
375/9550 correct=224 acc=0.597
400/9550 correct=230 acc=0.575
425/9550 correct=236 acc=0.555
450/9550 correct=239 acc=0.531
475/9550 correct=245 acc=0.516
500/9550 correct=255 acc=0.510
525/9550 correct=264 acc=0.503
550/9550 correct=275 acc=0.500
575/9550 correct=290 acc=0.504
600/9550 correct=305 acc=0.508
625/9550 correct=321 acc=0.514
650/9550 correct=341 acc=0.525
675/9550 correct=356 acc=0.527
700/9550 correct=369 acc=0.527
725/9550 correct=383 acc=0.528
750/9550 correct=391 acc=0.521
775/9550 correct=391 acc=0.505
800/9550 correct=391 acc=0.489
825/9550 correct=391 acc=0.474
850/9550 correct=391 acc=0.460
875/9550 correct=391 acc=0.447
900/9550 correct=391 acc=0.434
925/9550 correct=391 acc=0.423
950/9550 correct=396 acc=0.417
975/9550 correct=413 acc=0.424
1000/9550 correct=426 acc=0.426
1025/9550 correct=445 acc=0.434
1050/9550 correct=460 acc=0.438
1075/9550 correct=473 acc=0.440
1100/9550 correct=489 acc=0.445
1125/9550 correct=496 acc=0.441
1150/9550 correct=504 acc=0.438
1175/9550 correct=515 acc=0.438
1200/9550 correct=519 acc=0.432
1225/9550 correct=525 acc=0.429
1250/9550 correct=530 acc=0.424
1275/9550 correct=534 acc=0.419
1300/9550 correct=538 acc=0.414
1325/9550 correct=547 acc=0.413
1350/9550 correct=562 acc=0.416
1375/9550 correct=585 acc=0.425
1400/9550 correct=608 acc=0.434
1425/9550 correct=633 acc=0.444
1450/9550 correct=653 acc=0.450
1475/9550 correct=677 acc=0.459
1500/9550 correct=702 acc=0.468
1525/9550 correct=727 acc=0.477
1550/9550 correct=743 acc=0.479
1575/9550 correct=752 acc=0.477
1600/9550 correct=766 acc=0.479
1625/9550 correct=781 acc=0.481
1650/9550 correct=792 acc=0.480
1675/9550 correct=803 acc=0.479
1700/9550 correct=813 acc=0.478
1725/9550 correct=830 acc=0.481
1750/9550 correct=840 acc=0.480
1775/9550 correct=853 acc=0.481
1800/9550 correct=866 acc=0.481
1825/9550 correct=883 acc=0.484
1850/9550 correct=895 acc=0.484
1875/9550 correct=908 acc=0.484
1900/9550 correct=921 acc=0.485
1925/9550 correct=935 acc=0.486
1950/9550 correct=955 acc=0.490
1975/9550 correct=975 acc=0.494
2000/9550 correct=995 acc=0.497
2025/9550 correct=1012 acc=0.500
2050/9550 correct=1032 acc=0.503
2075/9550 correct=1049 acc=0.506
2100/9550 correct=1069 acc=0.509
2125/9550 correct=1091 acc=0.513
2150/9550 correct=1101 acc=0.512
2175/9550 correct=1106 acc=0.509
2200/9550 correct=1110 acc=0.505
2225/9550 correct=1116 acc=0.502
2250/9550 correct=1119 acc=0.497
2275/9550 correct=1121 acc=0.493
2300/9550 correct=1124 acc=0.489
2325/9550 correct=1131 acc=0.486
2350/9550 correct=1133 acc=0.482
2375/9550 correct=1134 acc=0.477
2400/9550 correct=1134 acc=0.472
2425/9550 correct=1135 acc=0.468
2450/9550 correct=1135 acc=0.463
2475/9550 correct=1135 acc=0.459
2500/9550 correct=1136 acc=0.454
2525/9550 correct=1136 acc=0.450
2550/9550 correct=1144 acc=0.449
2575/9550 correct=1157 acc=0.449
2600/9550 correct=1173 acc=0.451
2625/9550 correct=1187 acc=0.452
2650/9550 correct=1204 acc=0.454
2675/9550 correct=1220 acc=0.456
2700/9550 correct=1233 acc=0.457
2725/9550 correct=1246 acc=0.457
2750/9550 correct=1261 acc=0.459
2775/9550 correct=1273 acc=0.459
2800/9550 correct=1286 acc=0.459
2825/9550 correct=1299 acc=0.460
2850/9550 correct=1310 acc=0.460
2875/9550 correct=1326 acc=0.461
2900/9550 correct=1345 acc=0.464
2925/9550 correct=1356 acc=0.464
2950/9550 correct=1367 acc=0.463
2975/9550 correct=1369 acc=0.460
3000/9550 correct=1374 acc=0.458
3025/9550 correct=1379 acc=0.456
3050/9550 correct=1389 acc=0.455
3075/9550 correct=1400 acc=0.455
3100/9550 correct=1413 acc=0.456
3125/9550 correct=1425 acc=0.456
3150/9550 correct=1435 acc=0.456
3175/9550 correct=1451 acc=0.457
3200/9550 correct=1464 acc=0.458
3225/9550 correct=1474 acc=0.457
3250/9550 correct=1481 acc=0.456
3275/9550 correct=1487 acc=0.454
3300/9550 correct=1496 acc=0.453
3325/9550 correct=1507 acc=0.453
3350/9550 correct=1517 acc=0.453
3375/9550 correct=1526 acc=0.452
3400/9550 correct=1535 acc=0.451
3425/9550 correct=1541 acc=0.450
3450/9550 correct=1550 acc=0.449
3475/9550 correct=1561 acc=0.449
3500/9550 correct=1575 acc=0.450
3525/9550 correct=1588 acc=0.450
3550/9550 correct=1603 acc=0.452
3575/9550 correct=1619 acc=0.453
3600/9550 correct=1630 acc=0.453
3625/9550 correct=1643 acc=0.453
3650/9550 correct=1664 acc=0.456
3675/9550 correct=1682 acc=0.458
3700/9550 correct=1699 acc=0.459
3725/9550 correct=1715 acc=0.460
3750/9550 correct=1736 acc=0.463
3775/9550 correct=1751 acc=0.464
3800/9550 correct=1760 acc=0.463
3825/9550 correct=1766 acc=0.462
3850/9550 correct=1774 acc=0.461
3875/9550 correct=1781 acc=0.460
3900/9550 correct=1791 acc=0.459
3925/9550 correct=1798 acc=0.458
3950/9550 correct=1802 acc=0.456
3975/9550 correct=1813 acc=0.456
4000/9550 correct=1829 acc=0.457
4025/9550 correct=1841 acc=0.457
4050/9550 correct=1854 acc=0.458
4075/9550 correct=1870 acc=0.459
4100/9550 correct=1883 acc=0.459
4125/9550 correct=1899 acc=0.460
4150/9550 correct=1913 acc=0.461
4175/9550 correct=1924 acc=0.461
4200/9550 correct=1931 acc=0.460
4225/9550 correct=1933 acc=0.458
4250/9550 correct=1942 acc=0.457
4275/9550 correct=1949 acc=0.456
4300/9550 correct=1954 acc=0.454
4325/9550 correct=1960 acc=0.453
4350/9550 correct=1967 acc=0.452
4375/9550 correct=1968 acc=0.450
4400/9550 correct=1970 acc=0.448
4425/9550 correct=1977 acc=0.447
4450/9550 correct=1985 acc=0.446
4475/9550 correct=1988 acc=0.444
4500/9550 correct=1991 acc=0.442
4525/9550 correct=1996 acc=0.441
4550/9550 correct=2000 acc=0.440
4575/9550 correct=2007 acc=0.439
4600/9550 correct=2016 acc=0.438
4625/9550 correct=2023 acc=0.437
4650/9550 correct=2029 acc=0.436
4675/9550 correct=2035 acc=0.435
4700/9550 correct=2046 acc=0.435
4725/9550 correct=2054 acc=0.435
4750/9550 correct=2059 acc=0.433
4775/9550 correct=2064 acc=0.432
4800/9550 correct=2064 acc=0.430
4825/9550 correct=2064 acc=0.428
4850/9550 correct=2064 acc=0.426
4875/9550 correct=2064 acc=0.423
4900/9550 correct=2064 acc=0.421
4925/9550 correct=2064 acc=0.419
4950/9550 correct=2064 acc=0.417
4975/9550 correct=2066 acc=0.415
5000/9550 correct=2071 acc=0.414
5025/9550 correct=2075 acc=0.413
5050/9550 correct=2080 acc=0.412
5075/9550 correct=2090 acc=0.412
5100/9550 correct=2095 acc=0.411
5125/9550 correct=2100 acc=0.410
5150/9550 correct=2104 acc=0.409
5175/9550 correct=2114 acc=0.409
5200/9550 correct=2119 acc=0.407
5225/9550 correct=2128 acc=0.407
5250/9550 correct=2142 acc=0.408
5275/9550 correct=2144 acc=0.406
5300/9550 correct=2159 acc=0.407
5325/9550 correct=2165 acc=0.407
5350/9550 correct=2177 acc=0.407
5375/9550 correct=2179 acc=0.405
5400/9550 correct=2184 acc=0.404
5425/9550 correct=2189 acc=0.404
5450/9550 correct=2193 acc=0.402
5475/9550 correct=2194 acc=0.401
5500/9550 correct=2195 acc=0.399
5525/9550 correct=2195 acc=0.397
5550/9550 correct=2195 acc=0.395
5575/9550 correct=2195 acc=0.394
5600/9550 correct=2195 acc=0.392
5625/9550 correct=2203 acc=0.392
5650/9550 correct=2209 acc=0.391
5675/9550 correct=2216 acc=0.390
5700/9550 correct=2226 acc=0.391
5725/9550 correct=2241 acc=0.391
5750/9550 correct=2256 acc=0.392
5775/9550 correct=2265 acc=0.392
5800/9550 correct=2274 acc=0.392
5825/9550 correct=2284 acc=0.392
5850/9550 correct=2286 acc=0.391
5875/9550 correct=2287 acc=0.389
5900/9550 correct=2287 acc=0.388
5925/9550 correct=2287 acc=0.386
5950/9550 correct=2288 acc=0.385
5975/9550 correct=2288 acc=0.383
6000/9550 correct=2289 acc=0.382
6025/9550 correct=2291 acc=0.380
6050/9550 correct=2294 acc=0.379
6075/9550 correct=2294 acc=0.378
6100/9550 correct=2302 acc=0.377
6125/9550 correct=2307 acc=0.377
6150/9550 correct=2308 acc=0.375
6175/9550 correct=2308 acc=0.374
6200/9550 correct=2308 acc=0.372
6225/9550 correct=2308 acc=0.371
6250/9550 correct=2308 acc=0.369
6275/9550 correct=2308 acc=0.368
6300/9550 correct=2308 acc=0.366
6325/9550 correct=2309 acc=0.365
6350/9550 correct=2309 acc=0.364
6375/9550 correct=2309 acc=0.362
6400/9550 correct=2310 acc=0.361
6425/9550 correct=2310 acc=0.360
6450/9550 correct=2318 acc=0.359
6475/9550 correct=2327 acc=0.359
6500/9550 correct=2339 acc=0.360
6525/9550 correct=2345 acc=0.359
6550/9550 correct=2352 acc=0.359
6575/9550 correct=2359 acc=0.359
6600/9550 correct=2360 acc=0.358
6625/9550 correct=2360 acc=0.356
6650/9550 correct=2360 acc=0.355
6675/9550 correct=2360 acc=0.354
6700/9550 correct=2360 acc=0.352
6725/9550 correct=2360 acc=0.351
6750/9550 correct=2362 acc=0.350
6775/9550 correct=2363 acc=0.349
6800/9550 correct=2368 acc=0.348
6825/9550 correct=2371 acc=0.347
6850/9550 correct=2371 acc=0.346
6875/9550 correct=2374 acc=0.345
6900/9550 correct=2374 acc=0.344
6925/9550 correct=2374 acc=0.343
6950/9550 correct=2374 acc=0.342
6975/9550 correct=2374 acc=0.340
7000/9550 correct=2374 acc=0.339
7025/9550 correct=2374 acc=0.338
7050/9550 correct=2374 acc=0.337
7075/9550 correct=2374 acc=0.336
7100/9550 correct=2374 acc=0.334
7125/9550 correct=2374 acc=0.333
7150/9550 correct=2374 acc=0.332
7175/9550 correct=2374 acc=0.331
7200/9550 correct=2377 acc=0.330
7225/9550 correct=2384 acc=0.330
7250/9550 correct=2384 acc=0.329
7275/9550 correct=2391 acc=0.329
7300/9550 correct=2399 acc=0.329
7325/9550 correct=2402 acc=0.328
7350/9550 correct=2403 acc=0.327
7375/9550 correct=2404 acc=0.326
7400/9550 correct=2408 acc=0.325
7425/9550 correct=2409 acc=0.324
7450/9550 correct=2411 acc=0.324
7475/9550 correct=2414 acc=0.323
7500/9550 correct=2417 acc=0.322
7525/9550 correct=2421 acc=0.322
7550/9550 correct=2421 acc=0.321
7575/9550 correct=2424 acc=0.320
7600/9550 correct=2426 acc=0.319
7625/9550 correct=2426 acc=0.318
7650/9550 correct=2428 acc=0.317
7675/9550 correct=2429 acc=0.316
7700/9550 correct=2432 acc=0.316
7725/9550 correct=2432 acc=0.315
7750/9550 correct=2434 acc=0.314
7775/9550 correct=2436 acc=0.313
7800/9550 correct=2436 acc=0.312
7825/9550 correct=2436 acc=0.311
7850/9550 correct=2437 acc=0.310
7875/9550 correct=2437 acc=0.309
7900/9550 correct=2437 acc=0.308
7925/9550 correct=2437 acc=0.308
7950/9550 correct=2437 acc=0.307
7975/9550 correct=2437 acc=0.306
8000/9550 correct=2437 acc=0.305
8025/9550 correct=2437 acc=0.304
8050/9550 correct=2438 acc=0.303
8075/9550 correct=2438 acc=0.302
8100/9550 correct=2441 acc=0.301
8125/9550 correct=2441 acc=0.300
8150/9550 correct=2441 acc=0.300
8175/9550 correct=2441 acc=0.299
8200/9550 correct=2442 acc=0.298
8225/9550 correct=2444 acc=0.297
8250/9550 correct=2446 acc=0.296
8275/9550 correct=2446 acc=0.296
8300/9550 correct=2447 acc=0.295
8325/9550 correct=2447 acc=0.294
8350/9550 correct=2449 acc=0.293
8375/9550 correct=2451 acc=0.293
8400/9550 correct=2455 acc=0.292
8425/9550 correct=2461 acc=0.292
8450/9550 correct=2463 acc=0.291
8475/9550 correct=2468 acc=0.291
8500/9550 correct=2470 acc=0.291
8525/9550 correct=2474 acc=0.290
8550/9550 correct=2475 acc=0.289
8575/9550 correct=2475 acc=0.289
8600/9550 correct=2475 acc=0.288
8625/9550 correct=2475 acc=0.287
8650/9550 correct=2475 acc=0.286
8675/9550 correct=2475 acc=0.285
8700/9550 correct=2475 acc=0.284
8725/9550 correct=2475 acc=0.284
8750/9550 correct=2475 acc=0.283
8775/9550 correct=2475 acc=0.282
8800/9550 correct=2475 acc=0.281
8825/9550 correct=2475 acc=0.280
8850/9550 correct=2475 acc=0.280
8875/9550 correct=2475 acc=0.279
8900/9550 correct=2475 acc=0.278
8925/9550 correct=2475 acc=0.277
8950/9550 correct=2475 acc=0.277
8975/9550 correct=2475 acc=0.276
9000/9550 correct=2475 acc=0.275
9025/9550 correct=2475 acc=0.274
9050/9550 correct=2475 acc=0.273
9075/9550 correct=2477 acc=0.273
9100/9550 correct=2478 acc=0.272
9125/9550 correct=2485 acc=0.272
9150/9550 correct=2492 acc=0.272
9175/9550 correct=2500 acc=0.272
9200/9550 correct=2504 acc=0.272
9225/9550 correct=2505 acc=0.272
9250/9550 correct=2505 acc=0.271
9275/9550 correct=2505 acc=0.270
9300/9550 correct=2505 acc=0.269
9325/9550 correct=2505 acc=0.269
9350/9550 correct=2505 acc=0.268
9375/9550 correct=2505 acc=0.267
9400/9550 correct=2505 acc=0.266
9425/9550 correct=2505 acc=0.266
9450/9550 correct=2505 acc=0.265
9475/9550 correct=2512 acc=0.265
9500/9550 correct=2518 acc=0.265
9525/9550 correct=2526 acc=0.265
9550/9550 correct=2529 acc=0.265
{
  "started_at": "2026-07-10T15:41:03.906850+00:00",
  "finished_at": "2026-07-10T15:52:30.944712+00:00",
  "base_url": "http://127.0.0.1:8889/v1",
  "model": "SubTokenLLM-E2B",
  "prompt_strategy": "direct_answer",
  "prompt_strategy_description": "Direct answer baseline; final answer only.",
  "prompt_template": "{input}\n\nReturn only the final answer. Do not include reasoning, explanation, or extra text.",
  "self_consistency_k": 1,
  "response_selection": "majority_vote",
  "selection_max_tokens": 64,
  "system_messages_sent": 0,
  "request_message_shape": [
    {
      "role": "user",
      "content": "<benchmark prompt>"
    }
  ],
  "limit_per_task": null,
  "skip_per_task": 50,
  "parallel": 8,
  "max_tokens": 64,
  "temperature": 0.0,
  "seed": 20260711,
  "benchmarks": [
    {
      "benchmark": "bbeh",
      "correct": 369,
      "total": 3370,
      "micro_accuracy": 0.10949554896142433,
      "macro_accuracy": 0.11556935817805383,
      "harmonic_task_accuracy": 0.0,
      "tasks": 23
    },
    {
      "benchmark": "bbh",
      "correct": 2106,
      "total": 5161,
      "micro_accuracy": 0.4080604534005038,
      "macro_accuracy": 0.41056397562404257,
      "harmonic_task_accuracy": 0.0,
      "tasks": 27
    },
    {
      "benchmark": "usr",
      "correct": 54,
      "total": 1019,
      "micro_accuracy": 0.05299313052011776,
      "macro_accuracy": 0.14620242362177846,
      "harmonic_task_accuracy": 0.0,
      "tasks": 9
    }
  ],
  "tasks": [
    {
      "benchmark": "bbeh",
      "task": "bbeh_boardgame_qa",
      "correct": 56,
      "total": 150,
      "accuracy": 0.37333333333333335
    },
    {
      "benchmark": "bbeh",
      "task": "bbeh_boolean_expressions",
      "correct": 33,
      "total": 150,
      "accuracy": 0.22
    },
    {
      "benchmark": "bbeh",
      "task": "bbeh_buggy_tables",
      "correct": 0,
      "total": 150,
      "accuracy": 0.0
    },
    {
      "benchmark": "bbeh",
      "task": "bbeh_causal_understanding",
      "correct": 65,
      "total": 150,
      "accuracy": 0.43333333333333335
    },
    {
      "benchmark": "bbeh",
      "task": "bbeh_disambiguation_qa",
      "correct": 26,
      "total": 70,
      "accuracy": 0.37142857142857144
    },
    {
      "benchmark": "bbeh",
      "task": "bbeh_dyck_languages",
      "correct": 2,
      "total": 150,
      "accuracy": 0.013333333333333334
    },
    {
      "benchmark": "bbeh",
      "task": "bbeh_geometric_shapes",
      "correct": 20,
      "total": 150,
      "accuracy": 0.13333333333333333
    },
    {
      "benchmark": "bbeh",
      "task": "bbeh_hyperbaton",
      "correct": 0,
      "total": 150,
      "accuracy": 0.0
    },
    {
      "benchmark": "bbeh",
      "task": "bbeh_linguini",
      "correct": 2,
      "total": 150,
      "accuracy": 0.013333333333333334
    },
    {
      "benchmark": "bbeh",
      "task": "bbeh_movie_recommendation",
      "correct": 50,
      "total": 150,
      "accuracy": 0.3333333333333333
    },
    {
      "benchmark": "bbeh",
      "task": "bbeh_multistep_arithmetic",
      "correct": 0,
      "total": 150,
      "accuracy": 0.0
    },
    {
      "benchmark": "bbeh",
      "task": "bbeh_nycc",
      "correct": 14,
      "total": 150,
      "accuracy": 0.09333333333333334
    },
    {
      "benchmark": "bbeh",
      "task": "bbeh_object_counting",
      "correct": 0,
      "total": 150,
      "accuracy": 0.0
    },
    {
      "benchmark": "bbeh",
      "task": "bbeh_object_properties",
      "correct": 0,
      "total": 150,
      "accuracy": 0.0
    },
    {
      "benchmark": "bbeh",
      "task": "bbeh_sarc_triples",
      "correct": 28,
      "total": 150,
      "accuracy": 0.18666666666666668
    },
    {
      "benchmark": "bbeh",
      "task": "bbeh_shuffled_objects",
      "correct": 14,
      "total": 150,
      "accuracy": 0.09333333333333334
    },
    {
      "benchmark": "bbeh",
      "task": "bbeh_spatial_reasoning",
      "correct": 10,
      "total": 150,
      "accuracy": 0.06666666666666667
    },
    {
      "benchmark": "bbeh",
      "task": "bbeh_sportqa",
      "correct": 10,
      "total": 150,
      "accuracy": 0.06666666666666667
    },
    {
      "benchmark": "bbeh",
      "task": "bbeh_temporal_sequence",
      "correct": 1,
      "total": 150,
      "accuracy": 0.006666666666666667
    },
    {
      "benchmark": "bbeh",
      "task": "bbeh_time_arithmetic",
      "correct": 2,
      "total": 150,
      "accuracy": 0.013333333333333334
    },
    {
      "benchmark": "bbeh",
      "task": "bbeh_web_of_lies",
      "correct": 5,
      "total": 150,
      "accuracy": 0.03333333333333333
    },
    {
      "benchmark": "bbeh",
      "task": "bbeh_word_sorting",
      "correct": 6,
      "total": 150,
      "accuracy": 0.04
    },
    {
      "benchmark": "bbeh",
      "task": "bbeh_zebra_puzzles",
      "correct": 25,
      "total": 150,
      "accuracy": 0.16666666666666666
    },
    {
      "benchmark": "bbh",
      "task": "boolean_expressions",
      "correct": 139,
      "total": 200,
      "accuracy": 0.695
    },
    {
      "benchmark": "bbh",
      "task": "causal_judgement",
      "correct": 71,
      "total": 137,
      "accuracy": 0.5182481751824818
    },
    {
      "benchmark": "bbh",
      "task": "date_understanding",
      "correct": 56,
      "total": 200,
      "accuracy": 0.28
    },
    {
      "benchmark": "bbh",
      "task": "disambiguation_qa",
      "correct": 124,
      "total": 200,
      "accuracy": 0.62
    },
    {
      "benchmark": "bbh",
      "task": "dyck_languages",
      "correct": 1,
      "total": 200,
      "accuracy": 0.005
    },
    {
      "benchmark": "bbh",
      "task": "formal_fallacies",
      "correct": 111,
      "total": 200,
      "accuracy": 0.555
    },
    {
      "benchmark": "bbh",
      "task": "geometric_shapes",
      "correct": 48,
      "total": 200,
      "accuracy": 0.24
    },
    {
      "benchmark": "bbh",
      "task": "hyperbaton",
      "correct": 187,
      "total": 200,
      "accuracy": 0.935
    },
    {
      "benchmark": "bbh",
      "task": "logical_deduction_five_objects",
      "correct": 99,
      "total": 200,
      "accuracy": 0.495
    },
    {
      "benchmark": "bbh",
      "task": "logical_deduction_seven_objects",
      "correct": 108,
      "total": 200,
      "accuracy": 0.54
    },
    {
      "benchmark": "bbh",
      "task": "logical_deduction_three_objects",
      "correct": 156,
      "total": 200,
      "accuracy": 0.78
    },
    {
      "benchmark": "bbh",
      "task": "movie_recommendation",
      "correct": 33,
      "total": 200,
      "accuracy": 0.165
    },
    {
      "benchmark": "bbh",
      "task": "multistep_arithmetic_two",
      "correct": 3,
      "total": 200,
      "accuracy": 0.015
    },
    {
      "benchmark": "bbh",
      "task": "navigate",
      "correct": 118,
      "total": 200,
      "accuracy": 0.59
    },
    {
      "benchmark": "bbh",
      "task": "object_counting",
      "correct": 107,
      "total": 200,
      "accuracy": 0.535
    },
    {
      "benchmark": "bbh",
      "task": "penguins_in_a_table",
      "correct": 22,
      "total": 96,
      "accuracy": 0.22916666666666666
    },
    {
      "benchmark": "bbh",
      "task": "reasoning_about_colored_objects",
      "correct": 94,
      "total": 200,
      "accuracy": 0.47
    },
    {
      "benchmark": "bbh",
      "task": "ruin_names",
      "correct": 65,
      "total": 200,
      "accuracy": 0.325
    },
    {
      "benchmark": "bbh",
      "task": "salient_translation_error_detection",
      "correct": 106,
      "total": 200,
      "accuracy": 0.53
    },
    {
      "benchmark": "bbh",
      "task": "snarks",
      "correct": 97,
      "total": 128,
      "accuracy": 0.7578125
    },
    {
      "benchmark": "bbh",
      "task": "sports_understanding",
      "correct": 62,
      "total": 200,
      "accuracy": 0.31
    },
    {
      "benchmark": "bbh",
      "task": "temporal_sequences",
      "correct": 112,
      "total": 200,
      "accuracy": 0.56
    },
    {
      "benchmark": "bbh",
      "task": "tracking_shuffled_objects_five_objects",
      "correct": 49,
      "total": 200,
      "accuracy": 0.245
    },
    {
      "benchmark": "bbh",
      "task": "tracking_shuffled_objects_seven_objects",
      "correct": 33,
      "total": 200,
      "accuracy": 0.165
    },
    {
      "benchmark": "bbh",
      "task": "tracking_shuffled_objects_three_objects",
      "correct": 63,
      "total": 200,
      "accuracy": 0.315
    },
    {
      "benchmark": "bbh",
      "task": "web_of_lies",
      "correct": 0,
      "total": 200,
      "accuracy": 0.0
    },
    {
      "benchmark": "bbh",
      "task": "word_sorting",
      "correct": 42,
      "total": 200,
      "accuracy": 0.21
    },
    {
      "benchmark": "usr",
      "task": "shifted_unpuzzles/original",
      "correct": 0,
      "total": 11,
      "accuracy": 0.0
    },
    {
      "benchmark": "usr",
      "task": "shifted_unpuzzles/shifted",
      "correct": 5,
      "total": 14,
      "accuracy": 0.35714285714285715
    },
    {
      "benchmark": "usr",
      "task": "shifted_unpuzzles/unpuzzle",
      "correct": 6,
      "total": 14,
      "accuracy": 0.42857142857142855
    },
    {
      "benchmark": "usr",
      "task": "simple_reasoning/logic_ev",
      "correct": 0,
      "total": 310,
      "accuracy": 0.0
    },
    {
      "benchmark": "usr",
      "task": "simple_reasoning/logic_neg",
      "correct": 30,
      "total": 310,
      "accuracy": 0.0967741935483871
    },
    {
      "benchmark": "usr",
      "task": "simple_reasoning/mathgap",
      "correct": 0,
      "total": 230,
      "accuracy": 0.0
    },
    {
      "benchmark": "usr",
      "task": "simple_reasoning/word_ct",
      "correct": 0,
      "total": 70,
      "accuracy": 0.0
    },
    {
      "benchmark": "usr",
      "task": "unpuzzles/original",
      "correct": 4,
      "total": 30,
      "accuracy": 0.13333333333333333
    },
    {
      "benchmark": "usr",
      "task": "unpuzzles/unpuzzle",
      "correct": 9,
      "total": 30,
      "accuracy": 0.3
    }
  ]
}
