25/1500 correct=18 acc=0.720
50/1500 correct=31 acc=0.620
75/1500 correct=51 acc=0.680
100/1500 correct=65 acc=0.650
125/1500 correct=68 acc=0.544
150/1500 correct=81 acc=0.540
175/1500 correct=89 acc=0.509
200/1500 correct=110 acc=0.550
225/1500 correct=126 acc=0.560
250/1500 correct=143 acc=0.572
275/1500 correct=165 acc=0.600
300/1500 correct=182 acc=0.607
325/1500 correct=184 acc=0.566
350/1500 correct=199 acc=0.569
375/1500 correct=213 acc=0.568
400/1500 correct=228 acc=0.570
425/1500 correct=247 acc=0.581
450/1500 correct=261 acc=0.580
475/1500 correct=277 acc=0.583
500/1500 correct=294 acc=0.588
525/1500 correct=299 acc=0.570
550/1500 correct=324 acc=0.589
575/1500 correct=329 acc=0.572
600/1500 correct=333 acc=0.555
625/1500 correct=341 acc=0.546
650/1500 correct=342 acc=0.526
675/1500 correct=349 acc=0.517
700/1500 correct=349 acc=0.499
725/1500 correct=356 acc=0.491
750/1500 correct=357 acc=0.476
775/1500 correct=366 acc=0.472
800/1500 correct=376 acc=0.470
825/1500 correct=376 acc=0.456
850/1500 correct=386 acc=0.454
875/1500 correct=386 acc=0.441
900/1500 correct=386 acc=0.429
925/1500 correct=398 acc=0.430
950/1500 correct=398 acc=0.419
975/1500 correct=402 acc=0.412
1000/1500 correct=402 acc=0.402
1025/1500 correct=402 acc=0.392
1050/1500 correct=405 acc=0.386
1075/1500 correct=406 acc=0.378
1100/1500 correct=406 acc=0.369
1125/1500 correct=407 acc=0.362
1150/1500 correct=407 acc=0.354
1175/1500 correct=408 acc=0.347
1200/1500 correct=410 acc=0.342
1225/1500 correct=411 acc=0.336
1250/1500 correct=415 acc=0.332
1275/1500 correct=417 acc=0.327
1300/1500 correct=432 acc=0.332
1325/1500 correct=432 acc=0.326
1350/1500 correct=432 acc=0.320
1375/1500 correct=433 acc=0.315
1400/1500 correct=439 acc=0.314
1425/1500 correct=447 acc=0.314
1450/1500 correct=452 acc=0.312
1475/1500 correct=459 acc=0.311
1500/1500 correct=464 acc=0.309
{
  "started_at": "2026-07-09T23:16:25.166172+00:00",
  "finished_at": "2026-07-09T23:20:26.614124+00:00",
  "base_url": "http://127.0.0.1:8888/v1",
  "model": "SubTokenLLM",
  "prompt_strategy": "compare_then_commit",
  "prompt_strategy_description": "Contrast the two strongest candidates privately before committing.",
  "prompt_template": "{input}\n\nPrivately identify the two most plausible answers. Compare both against the exact question and its constraints, reject the weaker candidate, and commit to one answer. Output only the final answer, with no reasoning or extra text.",
  "self_consistency_k": 1,
  "system_messages_sent": 0,
  "request_message_shape": [
    {
      "role": "user",
      "content": "<benchmark prompt>"
    }
  ],
  "limit_per_task": 25,
  "skip_per_task": 0,
  "parallel": 2,
  "max_tokens": 96,
  "temperature": 0.0,
  "benchmarks": [
    {
      "benchmark": "bbeh",
      "correct": 66,
      "total": 575,
      "micro_accuracy": 0.11478260869565217,
      "macro_accuracy": 0.11478260869565218,
      "harmonic_task_accuracy": 0.0,
      "tasks": 23
    },
    {
      "benchmark": "bbh",
      "correct": 349,
      "total": 675,
      "micro_accuracy": 0.5170370370370371,
      "macro_accuracy": 0.5170370370370371,
      "harmonic_task_accuracy": 0.23050029910813855,
      "tasks": 27
    },
    {
      "benchmark": "usr",
      "correct": 49,
      "total": 250,
      "micro_accuracy": 0.196,
      "macro_accuracy": 0.196,
      "harmonic_task_accuracy": 0.0,
      "tasks": 10
    }
  ],
  "tasks": [
    {
      "benchmark": "bbeh",
      "task": "bbeh_boardgame_qa",
      "correct": 0,
      "total": 25,
      "accuracy": 0.0
    },
    {
      "benchmark": "bbeh",
      "task": "bbeh_boolean_expressions",
      "correct": 7,
      "total": 25,
      "accuracy": 0.28
    },
    {
      "benchmark": "bbeh",
      "task": "bbeh_buggy_tables",
      "correct": 0,
      "total": 25,
      "accuracy": 0.0
    },
    {
      "benchmark": "bbeh",
      "task": "bbeh_causal_understanding",
      "correct": 10,
      "total": 25,
      "accuracy": 0.4
    },
    {
      "benchmark": "bbeh",
      "task": "bbeh_disambiguation_qa",
      "correct": 10,
      "total": 25,
      "accuracy": 0.4
    },
    {
      "benchmark": "bbeh",
      "task": "bbeh_dyck_languages",
      "correct": 0,
      "total": 25,
      "accuracy": 0.0
    },
    {
      "benchmark": "bbeh",
      "task": "bbeh_geometric_shapes",
      "correct": 10,
      "total": 25,
      "accuracy": 0.4
    },
    {
      "benchmark": "bbeh",
      "task": "bbeh_hyperbaton",
      "correct": 0,
      "total": 25,
      "accuracy": 0.0
    },
    {
      "benchmark": "bbeh",
      "task": "bbeh_linguini",
      "correct": 0,
      "total": 25,
      "accuracy": 0.0
    },
    {
      "benchmark": "bbeh",
      "task": "bbeh_movie_recommendation",
      "correct": 12,
      "total": 25,
      "accuracy": 0.48
    },
    {
      "benchmark": "bbeh",
      "task": "bbeh_multistep_arithmetic",
      "correct": 0,
      "total": 25,
      "accuracy": 0.0
    },
    {
      "benchmark": "bbeh",
      "task": "bbeh_nycc",
      "correct": 4,
      "total": 25,
      "accuracy": 0.16
    },
    {
      "benchmark": "bbeh",
      "task": "bbeh_object_counting",
      "correct": 0,
      "total": 25,
      "accuracy": 0.0
    },
    {
      "benchmark": "bbeh",
      "task": "bbeh_object_properties",
      "correct": 0,
      "total": 25,
      "accuracy": 0.0
    },
    {
      "benchmark": "bbeh",
      "task": "bbeh_sarc_triples",
      "correct": 3,
      "total": 25,
      "accuracy": 0.12
    },
    {
      "benchmark": "bbeh",
      "task": "bbeh_shuffled_objects",
      "correct": 1,
      "total": 25,
      "accuracy": 0.04
    },
    {
      "benchmark": "bbeh",
      "task": "bbeh_spatial_reasoning",
      "correct": 0,
      "total": 25,
      "accuracy": 0.0
    },
    {
      "benchmark": "bbeh",
      "task": "bbeh_sportqa",
      "correct": 1,
      "total": 25,
      "accuracy": 0.04
    },
    {
      "benchmark": "bbeh",
      "task": "bbeh_temporal_sequence",
      "correct": 0,
      "total": 25,
      "accuracy": 0.0
    },
    {
      "benchmark": "bbeh",
      "task": "bbeh_time_arithmetic",
      "correct": 1,
      "total": 25,
      "accuracy": 0.04
    },
    {
      "benchmark": "bbeh",
      "task": "bbeh_web_of_lies",
      "correct": 2,
      "total": 25,
      "accuracy": 0.08
    },
    {
      "benchmark": "bbeh",
      "task": "bbeh_word_sorting",
      "correct": 1,
      "total": 25,
      "accuracy": 0.04
    },
    {
      "benchmark": "bbeh",
      "task": "bbeh_zebra_puzzles",
      "correct": 4,
      "total": 25,
      "accuracy": 0.16
    },
    {
      "benchmark": "bbh",
      "task": "boolean_expressions",
      "correct": 17,
      "total": 25,
      "accuracy": 0.68
    },
    {
      "benchmark": "bbh",
      "task": "causal_judgement",
      "correct": 14,
      "total": 25,
      "accuracy": 0.56
    },
    {
      "benchmark": "bbh",
      "task": "date_understanding",
      "correct": 19,
      "total": 25,
      "accuracy": 0.76
    },
    {
      "benchmark": "bbh",
      "task": "disambiguation_qa",
      "correct": 15,
      "total": 25,
      "accuracy": 0.6
    },
    {
      "benchmark": "bbh",
      "task": "dyck_languages",
      "correct": 2,
      "total": 25,
      "accuracy": 0.08
    },
    {
      "benchmark": "bbh",
      "task": "formal_fallacies",
      "correct": 14,
      "total": 25,
      "accuracy": 0.56
    },
    {
      "benchmark": "bbh",
      "task": "geometric_shapes",
      "correct": 7,
      "total": 25,
      "accuracy": 0.28
    },
    {
      "benchmark": "bbh",
      "task": "hyperbaton",
      "correct": 22,
      "total": 25,
      "accuracy": 0.88
    },
    {
      "benchmark": "bbh",
      "task": "logical_deduction_five_objects",
      "correct": 16,
      "total": 25,
      "accuracy": 0.64
    },
    {
      "benchmark": "bbh",
      "task": "logical_deduction_seven_objects",
      "correct": 17,
      "total": 25,
      "accuracy": 0.68
    },
    {
      "benchmark": "bbh",
      "task": "logical_deduction_three_objects",
      "correct": 22,
      "total": 25,
      "accuracy": 0.88
    },
    {
      "benchmark": "bbh",
      "task": "movie_recommendation",
      "correct": 17,
      "total": 25,
      "accuracy": 0.68
    },
    {
      "benchmark": "bbh",
      "task": "multistep_arithmetic_two",
      "correct": 1,
      "total": 25,
      "accuracy": 0.04
    },
    {
      "benchmark": "bbh",
      "task": "navigate",
      "correct": 16,
      "total": 25,
      "accuracy": 0.64
    },
    {
      "benchmark": "bbh",
      "task": "object_counting",
      "correct": 14,
      "total": 25,
      "accuracy": 0.56
    },
    {
      "benchmark": "bbh",
      "task": "penguins_in_a_table",
      "correct": 15,
      "total": 25,
      "accuracy": 0.6
    },
    {
      "benchmark": "bbh",
      "task": "reasoning_about_colored_objects",
      "correct": 19,
      "total": 25,
      "accuracy": 0.76
    },
    {
      "benchmark": "bbh",
      "task": "ruin_names",
      "correct": 14,
      "total": 25,
      "accuracy": 0.56
    },
    {
      "benchmark": "bbh",
      "task": "salient_translation_error_detection",
      "correct": 16,
      "total": 25,
      "accuracy": 0.64
    },
    {
      "benchmark": "bbh",
      "task": "snarks",
      "correct": 18,
      "total": 25,
      "accuracy": 0.72
    },
    {
      "benchmark": "bbh",
      "task": "sports_understanding",
      "correct": 4,
      "total": 25,
      "accuracy": 0.16
    },
    {
      "benchmark": "bbh",
      "task": "temporal_sequences",
      "correct": 25,
      "total": 25,
      "accuracy": 1.0
    },
    {
      "benchmark": "bbh",
      "task": "tracking_shuffled_objects_five_objects",
      "correct": 5,
      "total": 25,
      "accuracy": 0.2
    },
    {
      "benchmark": "bbh",
      "task": "tracking_shuffled_objects_seven_objects",
      "correct": 4,
      "total": 25,
      "accuracy": 0.16
    },
    {
      "benchmark": "bbh",
      "task": "tracking_shuffled_objects_three_objects",
      "correct": 8,
      "total": 25,
      "accuracy": 0.32
    },
    {
      "benchmark": "bbh",
      "task": "web_of_lies",
      "correct": 1,
      "total": 25,
      "accuracy": 0.04
    },
    {
      "benchmark": "bbh",
      "task": "word_sorting",
      "correct": 7,
      "total": 25,
      "accuracy": 0.28
    },
    {
      "benchmark": "usr",
      "task": "shifted_unpuzzles/original",
      "correct": 10,
      "total": 25,
      "accuracy": 0.4
    },
    {
      "benchmark": "usr",
      "task": "shifted_unpuzzles/shifted",
      "correct": 5,
      "total": 25,
      "accuracy": 0.2
    },
    {
      "benchmark": "usr",
      "task": "shifted_unpuzzles/unpuzzle",
      "correct": 2,
      "total": 25,
      "accuracy": 0.08
    },
    {
      "benchmark": "usr",
      "task": "simple_reasoning/char_ct",
      "correct": 1,
      "total": 25,
      "accuracy": 0.04
    },
    {
      "benchmark": "usr",
      "task": "simple_reasoning/logic_ev",
      "correct": 0,
      "total": 25,
      "accuracy": 0.0
    },
    {
      "benchmark": "usr",
      "task": "simple_reasoning/logic_neg",
      "correct": 0,
      "total": 25,
      "accuracy": 0.0
    },
    {
      "benchmark": "usr",
      "task": "simple_reasoning/mathgap",
      "correct": 1,
      "total": 25,
      "accuracy": 0.04
    },
    {
      "benchmark": "usr",
      "task": "simple_reasoning/word_ct",
      "correct": 16,
      "total": 25,
      "accuracy": 0.64
    },
    {
      "benchmark": "usr",
      "task": "unpuzzles/original",
      "correct": 10,
      "total": 25,
      "accuracy": 0.4
    },
    {
      "benchmark": "usr",
      "task": "unpuzzles/unpuzzle",
      "correct": 4,
      "total": 25,
      "accuracy": 0.16
    }
  ]
}
