25/1509 correct=0 acc=0.000
50/1509 correct=10 acc=0.200
75/1509 correct=24 acc=0.320
100/1509 correct=25 acc=0.250
125/1509 correct=25 acc=0.200
150/1509 correct=25 acc=0.167
175/1509 correct=26 acc=0.149
200/1509 correct=27 acc=0.135
225/1509 correct=27 acc=0.120
250/1509 correct=28 acc=0.112
275/1509 correct=29 acc=0.105
300/1509 correct=30 acc=0.100
325/1509 correct=31 acc=0.095
350/1509 correct=31 acc=0.089
375/1509 correct=32 acc=0.085
400/1509 correct=33 acc=0.083
425/1509 correct=35 acc=0.082
450/1509 correct=35 acc=0.078
475/1509 correct=35 acc=0.074
500/1509 correct=36 acc=0.072
525/1509 correct=37 acc=0.070
550/1509 correct=37 acc=0.067
575/1509 correct=37 acc=0.064
600/1509 correct=37 acc=0.062
625/1509 correct=37 acc=0.059
650/1509 correct=37 acc=0.057
675/1509 correct=37 acc=0.055
700/1509 correct=37 acc=0.053
725/1509 correct=37 acc=0.051
750/1509 correct=37 acc=0.049
775/1509 correct=37 acc=0.048
800/1509 correct=37 acc=0.046
825/1509 correct=37 acc=0.045
850/1509 correct=37 acc=0.044
875/1509 correct=38 acc=0.043
900/1509 correct=40 acc=0.044
925/1509 correct=41 acc=0.044
950/1509 correct=42 acc=0.044
975/1509 correct=43 acc=0.044
1000/1509 correct=43 acc=0.043
1025/1509 correct=43 acc=0.042
1050/1509 correct=43 acc=0.041
1075/1509 correct=43 acc=0.040
1100/1509 correct=43 acc=0.039
1125/1509 correct=43 acc=0.038
1150/1509 correct=43 acc=0.037
1175/1509 correct=46 acc=0.039
1200/1509 correct=52 acc=0.043
1225/1509 correct=54 acc=0.044
1250/1509 correct=58 acc=0.046
1275/1509 correct=59 acc=0.046
1300/1509 correct=59 acc=0.045
1325/1509 correct=61 acc=0.046
1350/1509 correct=65 acc=0.048
1375/1509 correct=71 acc=0.052
1400/1509 correct=73 acc=0.052
1425/1509 correct=77 acc=0.054
1450/1509 correct=81 acc=0.056
1475/1509 correct=81 acc=0.055
1500/1509 correct=86 acc=0.057
1509/1509 correct=86 acc=0.057
{
  "started_at": "2026-07-08T14:52:18.718398+00:00",
  "finished_at": "2026-07-08T15:51:56.197920+00:00",
  "base_url": "http://127.0.0.1:8888/v1",
  "model": "SubTokenLLM",
  "prompt_strategy": "concise_cot",
  "prompt_strategy_description": "Concise chain-of-thought with final answer delimiter.",
  "prompt_template": "{input}\n\nThink briefly and solve the problem. Keep the reasoning concise.\nEnd with exactly one line in this format: The final answer is: <answer>",
  "self_consistency_k": 1,
  "system_messages_sent": 0,
  "request_message_shape": [
    {
      "role": "user",
      "content": "<benchmark prompt>"
    }
  ],
  "limit_per_task": null,
  "parallel": 2,
  "max_tokens": 256,
  "temperature": 0.0,
  "benchmarks": [
    {
      "benchmark": "usr",
      "correct": 86,
      "total": 1509,
      "micro_accuracy": 0.05699138502319417,
      "macro_accuracy": 0.08856622430392923,
      "harmonic_task_accuracy": 0.0,
      "tasks": 10
    }
  ],
  "tasks": [
    {
      "benchmark": "usr",
      "task": "shifted_unpuzzles/original",
      "correct": 6,
      "total": 61,
      "accuracy": 0.09836065573770492
    },
    {
      "benchmark": "usr",
      "task": "shifted_unpuzzles/shifted",
      "correct": 13,
      "total": 64,
      "accuracy": 0.203125
    },
    {
      "benchmark": "usr",
      "task": "shifted_unpuzzles/unpuzzle",
      "correct": 7,
      "total": 64,
      "accuracy": 0.109375
    },
    {
      "benchmark": "usr",
      "task": "simple_reasoning/char_ct",
      "correct": 0,
      "total": 40,
      "accuracy": 0.0
    },
    {
      "benchmark": "usr",
      "task": "simple_reasoning/logic_ev",
      "correct": 12,
      "total": 360,
      "accuracy": 0.03333333333333333
    },
    {
      "benchmark": "usr",
      "task": "simple_reasoning/logic_neg",
      "correct": 1,
      "total": 360,
      "accuracy": 0.002777777777777778
    },
    {
      "benchmark": "usr",
      "task": "simple_reasoning/mathgap",
      "correct": 5,
      "total": 280,
      "accuracy": 0.017857142857142856
    },
    {
      "benchmark": "usr",
      "task": "simple_reasoning/word_ct",
      "correct": 25,
      "total": 120,
      "accuracy": 0.20833333333333334
    },
    {
      "benchmark": "usr",
      "task": "unpuzzles/original",
      "correct": 9,
      "total": 80,
      "accuracy": 0.1125
    },
    {
      "benchmark": "usr",
      "task": "unpuzzles/unpuzzle",
      "correct": 8,
      "total": 80,
      "accuracy": 0.1
    }
  ]
}
