[2026-07-09T23:20:47-04:00] START raw
[2026-07-09T23:47:11-04:00] DONE raw
[2026-07-09T23:47:11-04:00] START direct_answer
[2026-07-09T23:50:49-04:00] DONE direct_answer
[2026-07-09T23:50:49-04:00] START strict_json
[2026-07-10T00:02:06-04:00] DONE strict_json
[2026-07-10T00:02:06-04:00] START native_format
[2026-07-10T00:08:41-04:00] DONE native_format
[2026-07-10T00:08:41-04:00] START canonical_short
[2026-07-10T00:14:15-04:00] DONE canonical_short
[2026-07-10T00:14:15-04:00] START private_verify
[2026-07-10T00:18:58-04:00] DONE private_verify
[2026-07-10T00:18:58-04:00] START selective_verify
[2026-07-10T00:24:24-04:00] DONE selective_verify
[2026-07-10T00:24:24-04:00] START compare_then_commit
[2026-07-10T00:29:48-04:00] DONE compare_then_commit
[2026-07-10T00:29:48-04:00] START fast_slow_gate
[2026-07-10T00:40:43-04:00] DONE fast_slow_gate
[2026-07-10T00:40:43-04:00] START constraint_guard
[2026-07-10T00:45:58-04:00] DONE constraint_guard
[2026-07-10T00:45:58-04:00] START negation_label_guard
[2026-07-10T00:57:30-04:00] DONE negation_label_guard
[2026-07-10T00:57:30-04:00] START draft_verify
[2026-07-10T01:03:57-04:00] DONE draft_verify
[2026-07-10T01:03:57-04:00] START option_elimination
[2026-07-10T01:10:29-04:00] DONE option_elimination
[2026-07-10T01:10:29-04:00] START answer_type_router
[2026-07-10T01:15:26-04:00] DONE answer_type_router
[2026-07-10T01:15:26-04:00] START careful_direct
[2026-07-10T01:20:54-04:00] DONE careful_direct
[2026-07-10T01:20:54-04:00] START concise_cot
[2026-07-10T01:48:13-04:00] DONE concise_cot
[2026-07-10T01:48:13-04:00] START chain_of_draft
[2026-07-10T02:08:25-04:00] DONE chain_of_draft
[2026-07-10T02:08:25-04:00] START plan_and_solve
[2026-07-10T02:39:00-04:00] DONE plan_and_solve
[2026-07-10T02:39:00-04:00] START step_back
[2026-07-10T03:09:24-04:00] DONE step_back
[2026-07-10T03:09:24-04:00] START premise_conclusion
[2026-07-10T03:37:19-04:00] DONE premise_conclusion
[2026-07-10T03:37:19-04:00] START symbolic_proof
[2026-07-10T04:08:24-04:00] DONE symbolic_proof
[2026-07-10T04:08:24-04:00] START plan_and_solve_plus
[2026-07-10T04:39:26-04:00] DONE plan_and_solve_plus
[2026-07-10T04:39:26-04:00] START least_to_most
[2026-07-10T05:10:17-04:00] DONE least_to_most
[2026-07-10T05:10:17-04:00] START condition_reconstruction
[2026-07-10T05:15:55-04:00] DONE condition_reconstruction
[2026-07-10T05:15:55-04:00] START counterexample_guard
[2026-07-10T05:21:06-04:00] DONE counterexample_guard
[2026-07-10T05:21:06-04:00] START rank_two_paths
[2026-07-10T05:26:16-04:00] DONE rank_two_paths
[2026-07-10T05:26:16-04:00] START concise_cot_sc_k3
[2026-07-10T06:45:35-04:00] DONE concise_cot_sc_k3
[2026-07-10T06:45:35-04:00] START concise_cot_self_rank_k3
[2026-07-10T08:14:30-04:00] DONE concise_cot_self_rank_k3
[2026-07-10T08:14:30-04:00] START direct_key_condition_refine
[2026-07-10T08:27:24-04:00] DONE direct_key_condition_refine
