25/2990 correct=2 acc=0.080
50/2990 correct=2 acc=0.040
75/2990 correct=2 acc=0.027
100/2990 correct=2 acc=0.020
125/2990 correct=2 acc=0.016
150/2990 correct=2 acc=0.013
175/2990 correct=2 acc=0.011
200/2990 correct=2 acc=0.010
225/2990 correct=2 acc=0.009
250/2990 correct=3 acc=0.012
275/2990 correct=3 acc=0.011
300/2990 correct=3 acc=0.010
325/2990 correct=3 acc=0.009
350/2990 correct=3 acc=0.009
375/2990 correct=3 acc=0.008
400/2990 correct=3 acc=0.007
425/2990 correct=3 acc=0.007
450/2990 correct=3 acc=0.007
475/2990 correct=3 acc=0.006
500/2990 correct=3 acc=0.006
525/2990 correct=3 acc=0.006
550/2990 correct=3 acc=0.005
575/2990 correct=3 acc=0.005
600/2990 correct=3 acc=0.005
625/2990 correct=3 acc=0.005
650/2990 correct=3 acc=0.005
675/2990 correct=3 acc=0.004
700/2990 correct=4 acc=0.006
725/2990 correct=17 acc=0.023
750/2990 correct=30 acc=0.040
775/2990 correct=32 acc=0.041
800/2990 correct=33 acc=0.041
825/2990 correct=38 acc=0.046
850/2990 correct=46 acc=0.054
875/2990 correct=46 acc=0.053
900/2990 correct=46 acc=0.051
925/2990 correct=46 acc=0.050
950/2990 correct=47 acc=0.049
975/2990 correct=47 acc=0.048
1000/2990 correct=47 acc=0.047
1025/2990 correct=48 acc=0.047
1050/2990 correct=49 acc=0.047
1075/2990 correct=49 acc=0.046
1100/2990 correct=49 acc=0.045
1125/2990 correct=49 acc=0.044
1150/2990 correct=49 acc=0.043
1175/2990 correct=49 acc=0.042
1200/2990 correct=49 acc=0.041
1225/2990 correct=49 acc=0.040
1250/2990 correct=49 acc=0.039
1275/2990 correct=49 acc=0.038
1300/2990 correct=49 acc=0.038
1325/2990 correct=50 acc=0.038
1350/2990 correct=52 acc=0.039
1375/2990 correct=52 acc=0.038
1400/2990 correct=52 acc=0.037
1425/2990 correct=52 acc=0.036
1450/2990 correct=52 acc=0.036
1475/2990 correct=52 acc=0.035
1500/2990 correct=52 acc=0.035
1525/2990 correct=52 acc=0.034
1550/2990 correct=52 acc=0.034
1575/2990 correct=52 acc=0.033
1600/2990 correct=52 acc=0.033
1625/2990 correct=52 acc=0.032
1650/2990 correct=52 acc=0.032
1675/2990 correct=52 acc=0.031
1700/2990 correct=52 acc=0.031
1725/2990 correct=52 acc=0.030
1750/2990 correct=52 acc=0.030
1775/2990 correct=52 acc=0.029
1800/2990 correct=52 acc=0.029
1825/2990 correct=52 acc=0.028
1850/2990 correct=52 acc=0.028
1875/2990 correct=52 acc=0.028
1900/2990 correct=52 acc=0.027
1925/2990 correct=52 acc=0.027
1950/2990 correct=52 acc=0.027
1975/2990 correct=52 acc=0.026
2000/2990 correct=52 acc=0.026
2025/2990 correct=52 acc=0.026
2050/2990 correct=52 acc=0.025
2075/2990 correct=52 acc=0.025
2100/2990 correct=52 acc=0.025
2125/2990 correct=52 acc=0.024
2150/2990 correct=52 acc=0.024
2175/2990 correct=52 acc=0.024
2200/2990 correct=52 acc=0.024
2225/2990 correct=52 acc=0.023
2250/2990 correct=52 acc=0.023
2275/2990 correct=52 acc=0.023
2300/2990 correct=52 acc=0.023
2325/2990 correct=52 acc=0.022
2350/2990 correct=52 acc=0.022
2375/2990 correct=52 acc=0.022
2400/2990 correct=52 acc=0.022
2425/2990 correct=52 acc=0.021
2450/2990 correct=52 acc=0.021
2475/2990 correct=54 acc=0.022
2500/2990 correct=54 acc=0.022
2525/2990 correct=54 acc=0.021
2550/2990 correct=56 acc=0.022
2575/2990 correct=59 acc=0.023
2600/2990 correct=59 acc=0.023
2625/2990 correct=59 acc=0.022
2650/2990 correct=59 acc=0.022
2675/2990 correct=59 acc=0.022
2700/2990 correct=59 acc=0.022
2725/2990 correct=59 acc=0.022
2750/2990 correct=59 acc=0.021
2775/2990 correct=60 acc=0.022
2800/2990 correct=60 acc=0.021
2825/2990 correct=61 acc=0.022
2850/2990 correct=61 acc=0.021
2875/2990 correct=61 acc=0.021
2900/2990 correct=63 acc=0.022
2925/2990 correct=64 acc=0.022
2950/2990 correct=64 acc=0.022
2975/2990 correct=64 acc=0.022
2990/2990 correct=64 acc=0.021
{
  "started_at": "2026-07-10T08:08:24.441013+00:00",
  "finished_at": "2026-07-10T08:39:26.961972+00:00",
  "base_url": "http://127.0.0.1:8888/v1",
  "model": "SubTokenLLM",
  "prompt_strategy": "plan_and_solve_plus",
  "prompt_strategy_description": "Detailed Plan-and-Solve with explicit variable extraction and verification.",
  "prompt_template": "{input}\n\nFirst identify the relevant facts, variables, and the exact quantity or label requested. Make a compact plan, carry it out without skipping calculations or constraints, and verify the result against the question.\nEnd with exactly one line in this format: The final answer is: <answer>",
  "self_consistency_k": 1,
  "response_selection": "majority_vote",
  "selection_max_tokens": 64,
  "system_messages_sent": 0,
  "request_message_shape": [
    {
      "role": "user",
      "content": "<benchmark prompt>"
    }
  ],
  "limit_per_task": 50,
  "skip_per_task": 0,
  "parallel": 8,
  "max_tokens": 256,
  "temperature": 0.0,
  "seed": 20260709,
  "benchmarks": [
    {
      "benchmark": "bbeh",
      "correct": 2,
      "total": 1150,
      "micro_accuracy": 0.0017391304347826088,
      "macro_accuracy": 0.0017391304347826088,
      "harmonic_task_accuracy": 0.0,
      "tasks": 23
    },
    {
      "benchmark": "bbh",
      "correct": 52,
      "total": 1350,
      "micro_accuracy": 0.03851851851851852,
      "macro_accuracy": 0.03851851851851852,
      "harmonic_task_accuracy": 0.0,
      "tasks": 27
    },
    {
      "benchmark": "usr",
      "correct": 10,
      "total": 490,
      "micro_accuracy": 0.02040816326530612,
      "macro_accuracy": 0.02,
      "harmonic_task_accuracy": 0.0,
      "tasks": 10
    }
  ],
  "tasks": [
    {
      "benchmark": "bbeh",
      "task": "bbeh_boardgame_qa",
      "correct": 0,
      "total": 50,
      "accuracy": 0.0
    },
    {
      "benchmark": "bbeh",
      "task": "bbeh_boolean_expressions",
      "correct": 0,
      "total": 50,
      "accuracy": 0.0
    },
    {
      "benchmark": "bbeh",
      "task": "bbeh_buggy_tables",
      "correct": 0,
      "total": 50,
      "accuracy": 0.0
    },
    {
      "benchmark": "bbeh",
      "task": "bbeh_causal_understanding",
      "correct": 0,
      "total": 50,
      "accuracy": 0.0
    },
    {
      "benchmark": "bbeh",
      "task": "bbeh_disambiguation_qa",
      "correct": 0,
      "total": 50,
      "accuracy": 0.0
    },
    {
      "benchmark": "bbeh",
      "task": "bbeh_dyck_languages",
      "correct": 0,
      "total": 50,
      "accuracy": 0.0
    },
    {
      "benchmark": "bbeh",
      "task": "bbeh_geometric_shapes",
      "correct": 0,
      "total": 50,
      "accuracy": 0.0
    },
    {
      "benchmark": "bbeh",
      "task": "bbeh_hyperbaton",
      "correct": 0,
      "total": 50,
      "accuracy": 0.0
    },
    {
      "benchmark": "bbeh",
      "task": "bbeh_linguini",
      "correct": 0,
      "total": 50,
      "accuracy": 0.0
    },
    {
      "benchmark": "bbeh",
      "task": "bbeh_movie_recommendation",
      "correct": 0,
      "total": 50,
      "accuracy": 0.0
    },
    {
      "benchmark": "bbeh",
      "task": "bbeh_multistep_arithmetic",
      "correct": 0,
      "total": 50,
      "accuracy": 0.0
    },
    {
      "benchmark": "bbeh",
      "task": "bbeh_nycc",
      "correct": 0,
      "total": 50,
      "accuracy": 0.0
    },
    {
      "benchmark": "bbeh",
      "task": "bbeh_object_counting",
      "correct": 0,
      "total": 50,
      "accuracy": 0.0
    },
    {
      "benchmark": "bbeh",
      "task": "bbeh_object_properties",
      "correct": 0,
      "total": 50,
      "accuracy": 0.0
    },
    {
      "benchmark": "bbeh",
      "task": "bbeh_sarc_triples",
      "correct": 0,
      "total": 50,
      "accuracy": 0.0
    },
    {
      "benchmark": "bbeh",
      "task": "bbeh_shuffled_objects",
      "correct": 0,
      "total": 50,
      "accuracy": 0.0
    },
    {
      "benchmark": "bbeh",
      "task": "bbeh_spatial_reasoning",
      "correct": 0,
      "total": 50,
      "accuracy": 0.0
    },
    {
      "benchmark": "bbeh",
      "task": "bbeh_sportqa",
      "correct": 0,
      "total": 50,
      "accuracy": 0.0
    },
    {
      "benchmark": "bbeh",
      "task": "bbeh_temporal_sequence",
      "correct": 0,
      "total": 50,
      "accuracy": 0.0
    },
    {
      "benchmark": "bbeh",
      "task": "bbeh_time_arithmetic",
      "correct": 0,
      "total": 50,
      "accuracy": 0.0
    },
    {
      "benchmark": "bbeh",
      "task": "bbeh_web_of_lies",
      "correct": 0,
      "total": 50,
      "accuracy": 0.0
    },
    {
      "benchmark": "bbeh",
      "task": "bbeh_word_sorting",
      "correct": 0,
      "total": 50,
      "accuracy": 0.0
    },
    {
      "benchmark": "bbeh",
      "task": "bbeh_zebra_puzzles",
      "correct": 2,
      "total": 50,
      "accuracy": 0.04
    },
    {
      "benchmark": "bbh",
      "task": "boolean_expressions",
      "correct": 2,
      "total": 50,
      "accuracy": 0.04
    },
    {
      "benchmark": "bbh",
      "task": "causal_judgement",
      "correct": 0,
      "total": 50,
      "accuracy": 0.0
    },
    {
      "benchmark": "bbh",
      "task": "date_understanding",
      "correct": 0,
      "total": 50,
      "accuracy": 0.0
    },
    {
      "benchmark": "bbh",
      "task": "disambiguation_qa",
      "correct": 0,
      "total": 50,
      "accuracy": 0.0
    },
    {
      "benchmark": "bbh",
      "task": "dyck_languages",
      "correct": 1,
      "total": 50,
      "accuracy": 0.02
    },
    {
      "benchmark": "bbh",
      "task": "formal_fallacies",
      "correct": 0,
      "total": 50,
      "accuracy": 0.0
    },
    {
      "benchmark": "bbh",
      "task": "geometric_shapes",
      "correct": 0,
      "total": 50,
      "accuracy": 0.0
    },
    {
      "benchmark": "bbh",
      "task": "hyperbaton",
      "correct": 0,
      "total": 50,
      "accuracy": 0.0
    },
    {
      "benchmark": "bbh",
      "task": "logical_deduction_five_objects",
      "correct": 0,
      "total": 50,
      "accuracy": 0.0
    },
    {
      "benchmark": "bbh",
      "task": "logical_deduction_seven_objects",
      "correct": 0,
      "total": 50,
      "accuracy": 0.0
    },
    {
      "benchmark": "bbh",
      "task": "logical_deduction_three_objects",
      "correct": 0,
      "total": 50,
      "accuracy": 0.0
    },
    {
      "benchmark": "bbh",
      "task": "movie_recommendation",
      "correct": 0,
      "total": 50,
      "accuracy": 0.0
    },
    {
      "benchmark": "bbh",
      "task": "multistep_arithmetic_two",
      "correct": 0,
      "total": 50,
      "accuracy": 0.0
    },
    {
      "benchmark": "bbh",
      "task": "navigate",
      "correct": 0,
      "total": 50,
      "accuracy": 0.0
    },
    {
      "benchmark": "bbh",
      "task": "object_counting",
      "correct": 27,
      "total": 50,
      "accuracy": 0.54
    },
    {
      "benchmark": "bbh",
      "task": "penguins_in_a_table",
      "correct": 3,
      "total": 50,
      "accuracy": 0.06
    },
    {
      "benchmark": "bbh",
      "task": "reasoning_about_colored_objects",
      "correct": 13,
      "total": 50,
      "accuracy": 0.26
    },
    {
      "benchmark": "bbh",
      "task": "ruin_names",
      "correct": 0,
      "total": 50,
      "accuracy": 0.0
    },
    {
      "benchmark": "bbh",
      "task": "salient_translation_error_detection",
      "correct": 1,
      "total": 50,
      "accuracy": 0.02
    },
    {
      "benchmark": "bbh",
      "task": "snarks",
      "correct": 0,
      "total": 50,
      "accuracy": 0.0
    },
    {
      "benchmark": "bbh",
      "task": "sports_understanding",
      "correct": 2,
      "total": 50,
      "accuracy": 0.04
    },
    {
      "benchmark": "bbh",
      "task": "temporal_sequences",
      "correct": 0,
      "total": 50,
      "accuracy": 0.0
    },
    {
      "benchmark": "bbh",
      "task": "tracking_shuffled_objects_five_objects",
      "correct": 0,
      "total": 50,
      "accuracy": 0.0
    },
    {
      "benchmark": "bbh",
      "task": "tracking_shuffled_objects_seven_objects",
      "correct": 0,
      "total": 50,
      "accuracy": 0.0
    },
    {
      "benchmark": "bbh",
      "task": "tracking_shuffled_objects_three_objects",
      "correct": 0,
      "total": 50,
      "accuracy": 0.0
    },
    {
      "benchmark": "bbh",
      "task": "web_of_lies",
      "correct": 0,
      "total": 50,
      "accuracy": 0.0
    },
    {
      "benchmark": "bbh",
      "task": "word_sorting",
      "correct": 3,
      "total": 50,
      "accuracy": 0.06
    },
    {
      "benchmark": "usr",
      "task": "shifted_unpuzzles/original",
      "correct": 0,
      "total": 50,
      "accuracy": 0.0
    },
    {
      "benchmark": "usr",
      "task": "shifted_unpuzzles/shifted",
      "correct": 1,
      "total": 50,
      "accuracy": 0.02
    },
    {
      "benchmark": "usr",
      "task": "shifted_unpuzzles/unpuzzle",
      "correct": 2,
      "total": 50,
      "accuracy": 0.04
    },
    {
      "benchmark": "usr",
      "task": "simple_reasoning/char_ct",
      "correct": 0,
      "total": 40,
      "accuracy": 0.0
    },
    {
      "benchmark": "usr",
      "task": "simple_reasoning/logic_ev",
      "correct": 0,
      "total": 50,
      "accuracy": 0.0
    },
    {
      "benchmark": "usr",
      "task": "simple_reasoning/logic_neg",
      "correct": 0,
      "total": 50,
      "accuracy": 0.0
    },
    {
      "benchmark": "usr",
      "task": "simple_reasoning/mathgap",
      "correct": 0,
      "total": 50,
      "accuracy": 0.0
    },
    {
      "benchmark": "usr",
      "task": "simple_reasoning/word_ct",
      "correct": 5,
      "total": 50,
      "accuracy": 0.1
    },
    {
      "benchmark": "usr",
      "task": "unpuzzles/original",
      "correct": 0,
      "total": 50,
      "accuracy": 0.0
    },
    {
      "benchmark": "usr",
      "task": "unpuzzles/unpuzzle",
      "correct": 2,
      "total": 50,
      "accuracy": 0.04
    }
  ]
}
