25/2990 correct=17 acc=0.680
50/2990 correct=35 acc=0.700
75/2990 correct=51 acc=0.680
100/2990 correct=68 acc=0.680
125/2990 correct=71 acc=0.568
150/2990 correct=75 acc=0.500
175/2990 correct=88 acc=0.503
200/2990 correct=98 acc=0.490
225/2990 correct=100 acc=0.444
250/2990 correct=101 acc=0.404
275/2990 correct=103 acc=0.375
300/2990 correct=106 acc=0.353
325/2990 correct=106 acc=0.326
350/2990 correct=113 acc=0.323
375/2990 correct=133 acc=0.355
400/2990 correct=155 acc=0.388
425/2990 correct=156 acc=0.367
450/2990 correct=156 acc=0.347
475/2990 correct=156 acc=0.328
500/2990 correct=160 acc=0.320
525/2990 correct=179 acc=0.341
550/2990 correct=189 acc=0.344
575/2990 correct=200 acc=0.348
600/2990 correct=204 acc=0.340
625/2990 correct=204 acc=0.326
650/2990 correct=208 acc=0.320
675/2990 correct=222 acc=0.329
700/2990 correct=233 acc=0.333
725/2990 correct=243 acc=0.335
750/2990 correct=253 acc=0.337
775/2990 correct=261 acc=0.337
800/2990 correct=268 acc=0.335
825/2990 correct=276 acc=0.335
850/2990 correct=285 acc=0.335
875/2990 correct=300 acc=0.343
900/2990 correct=316 acc=0.351
925/2990 correct=332 acc=0.359
950/2990 correct=347 acc=0.365
975/2990 correct=367 acc=0.376
1000/2990 correct=384 acc=0.384
1025/2990 correct=390 acc=0.380
1050/2990 correct=400 acc=0.381
1075/2990 correct=425 acc=0.395
1100/2990 correct=447 acc=0.406
1125/2990 correct=447 acc=0.397
1150/2990 correct=447 acc=0.389
1175/2990 correct=447 acc=0.380
1200/2990 correct=447 acc=0.372
1225/2990 correct=447 acc=0.365
1250/2990 correct=447 acc=0.358
1275/2990 correct=447 acc=0.351
1300/2990 correct=447 acc=0.344
1325/2990 correct=447 acc=0.337
1350/2990 correct=448 acc=0.332
1375/2990 correct=448 acc=0.326
1400/2990 correct=448 acc=0.320
1425/2990 correct=448 acc=0.314
1450/2990 correct=448 acc=0.309
1475/2990 correct=448 acc=0.304
1500/2990 correct=451 acc=0.301
1525/2990 correct=460 acc=0.302
1550/2990 correct=473 acc=0.305
1575/2990 correct=480 acc=0.305
1600/2990 correct=485 acc=0.303
1625/2990 correct=485 acc=0.298
1650/2990 correct=486 acc=0.295
1675/2990 correct=486 acc=0.290
1700/2990 correct=486 acc=0.286
1725/2990 correct=486 acc=0.282
1750/2990 correct=486 acc=0.278
1775/2990 correct=486 acc=0.274
1800/2990 correct=487 acc=0.271
1825/2990 correct=497 acc=0.272
1850/2990 correct=503 acc=0.272
1875/2990 correct=503 acc=0.268
1900/2990 correct=504 acc=0.265
1925/2990 correct=507 acc=0.263
1950/2990 correct=508 acc=0.261
1975/2990 correct=508 acc=0.257
2000/2990 correct=508 acc=0.254
2025/2990 correct=508 acc=0.251
2050/2990 correct=508 acc=0.248
2075/2990 correct=514 acc=0.248
2100/2990 correct=521 acc=0.248
2125/2990 correct=521 acc=0.245
2150/2990 correct=521 acc=0.242
2175/2990 correct=521 acc=0.240
2200/2990 correct=522 acc=0.237
2225/2990 correct=523 acc=0.235
2250/2990 correct=530 acc=0.236
2275/2990 correct=530 acc=0.233
2300/2990 correct=530 acc=0.230
2325/2990 correct=530 acc=0.228
2350/2990 correct=530 acc=0.226
2375/2990 correct=530 acc=0.223
2400/2990 correct=530 acc=0.221
2425/2990 correct=532 acc=0.219
2450/2990 correct=533 acc=0.218
2475/2990 correct=540 acc=0.218
2500/2990 correct=541 acc=0.216
2525/2990 correct=541 acc=0.214
2550/2990 correct=542 acc=0.213
2575/2990 correct=542 acc=0.210
2600/2990 correct=542 acc=0.208
2625/2990 correct=542 acc=0.206
2650/2990 correct=542 acc=0.205
2675/2990 correct=542 acc=0.203
2700/2990 correct=542 acc=0.201
2725/2990 correct=542 acc=0.199
2750/2990 correct=545 acc=0.198
2775/2990 correct=549 acc=0.198
2800/2990 correct=557 acc=0.199
2825/2990 correct=563 acc=0.199
2850/2990 correct=566 acc=0.199
2875/2990 correct=568 acc=0.198
2900/2990 correct=571 acc=0.197
2925/2990 correct=577 acc=0.197
2950/2990 correct=579 acc=0.196
2975/2990 correct=583 acc=0.196
2990/2990 correct=583 acc=0.195
{
  "started_at": "2026-07-10T04:45:58.919447+00:00",
  "finished_at": "2026-07-10T04:57:30.150903+00:00",
  "base_url": "http://127.0.0.1:8888/v1",
  "model": "SubTokenLLM",
  "prompt_strategy": "negation_label_guard",
  "prompt_strategy_description": "Protect negations, quantifiers, and answer-choice label mapping.",
  "prompt_template": "{input}\n\nPay special attention to NOT, EXCEPT, all, none, and other negations or quantifiers. For multiple choice, decide the answer content first and then map it to the exact option label. Output only that label; otherwise output only the shortest final answer.",
  "self_consistency_k": 1,
  "response_selection": "majority_vote",
  "selection_max_tokens": 64,
  "system_messages_sent": 0,
  "request_message_shape": [
    {
      "role": "user",
      "content": "<benchmark prompt>"
    }
  ],
  "limit_per_task": 50,
  "skip_per_task": 0,
  "parallel": 8,
  "max_tokens": 128,
  "temperature": 0.0,
  "seed": 20260709,
  "benchmarks": [
    {
      "benchmark": "bbeh",
      "correct": 93,
      "total": 1150,
      "micro_accuracy": 0.0808695652173913,
      "macro_accuracy": 0.0808695652173913,
      "harmonic_task_accuracy": 0.0,
      "tasks": 23
    },
    {
      "benchmark": "bbh",
      "correct": 448,
      "total": 1350,
      "micro_accuracy": 0.33185185185185184,
      "macro_accuracy": 0.33185185185185184,
      "harmonic_task_accuracy": 0.0,
      "tasks": 27
    },
    {
      "benchmark": "usr",
      "correct": 42,
      "total": 490,
      "micro_accuracy": 0.08571428571428572,
      "macro_accuracy": 0.084,
      "harmonic_task_accuracy": 0.0,
      "tasks": 10
    }
  ],
  "tasks": [
    {
      "benchmark": "bbeh",
      "task": "bbeh_boardgame_qa",
      "correct": 0,
      "total": 50,
      "accuracy": 0.0
    },
    {
      "benchmark": "bbeh",
      "task": "bbeh_boolean_expressions",
      "correct": 0,
      "total": 50,
      "accuracy": 0.0
    },
    {
      "benchmark": "bbeh",
      "task": "bbeh_buggy_tables",
      "correct": 0,
      "total": 50,
      "accuracy": 0.0
    },
    {
      "benchmark": "bbeh",
      "task": "bbeh_causal_understanding",
      "correct": 24,
      "total": 50,
      "accuracy": 0.48
    },
    {
      "benchmark": "bbeh",
      "task": "bbeh_disambiguation_qa",
      "correct": 13,
      "total": 50,
      "accuracy": 0.26
    },
    {
      "benchmark": "bbeh",
      "task": "bbeh_dyck_languages",
      "correct": 1,
      "total": 50,
      "accuracy": 0.02
    },
    {
      "benchmark": "bbeh",
      "task": "bbeh_geometric_shapes",
      "correct": 0,
      "total": 50,
      "accuracy": 0.0
    },
    {
      "benchmark": "bbeh",
      "task": "bbeh_hyperbaton",
      "correct": 0,
      "total": 50,
      "accuracy": 0.0
    },
    {
      "benchmark": "bbeh",
      "task": "bbeh_linguini",
      "correct": 0,
      "total": 50,
      "accuracy": 0.0
    },
    {
      "benchmark": "bbeh",
      "task": "bbeh_movie_recommendation",
      "correct": 17,
      "total": 50,
      "accuracy": 0.34
    },
    {
      "benchmark": "bbeh",
      "task": "bbeh_multistep_arithmetic",
      "correct": 0,
      "total": 50,
      "accuracy": 0.0
    },
    {
      "benchmark": "bbeh",
      "task": "bbeh_nycc",
      "correct": 5,
      "total": 50,
      "accuracy": 0.1
    },
    {
      "benchmark": "bbeh",
      "task": "bbeh_object_counting",
      "correct": 0,
      "total": 50,
      "accuracy": 0.0
    },
    {
      "benchmark": "bbeh",
      "task": "bbeh_object_properties",
      "correct": 0,
      "total": 50,
      "accuracy": 0.0
    },
    {
      "benchmark": "bbeh",
      "task": "bbeh_sarc_triples",
      "correct": 13,
      "total": 50,
      "accuracy": 0.26
    },
    {
      "benchmark": "bbeh",
      "task": "bbeh_shuffled_objects",
      "correct": 0,
      "total": 50,
      "accuracy": 0.0
    },
    {
      "benchmark": "bbeh",
      "task": "bbeh_spatial_reasoning",
      "correct": 0,
      "total": 50,
      "accuracy": 0.0
    },
    {
      "benchmark": "bbeh",
      "task": "bbeh_sportqa",
      "correct": 9,
      "total": 50,
      "accuracy": 0.18
    },
    {
      "benchmark": "bbeh",
      "task": "bbeh_temporal_sequence",
      "correct": 0,
      "total": 50,
      "accuracy": 0.0
    },
    {
      "benchmark": "bbeh",
      "task": "bbeh_time_arithmetic",
      "correct": 0,
      "total": 50,
      "accuracy": 0.0
    },
    {
      "benchmark": "bbeh",
      "task": "bbeh_web_of_lies",
      "correct": 0,
      "total": 50,
      "accuracy": 0.0
    },
    {
      "benchmark": "bbeh",
      "task": "bbeh_word_sorting",
      "correct": 3,
      "total": 50,
      "accuracy": 0.06
    },
    {
      "benchmark": "bbeh",
      "task": "bbeh_zebra_puzzles",
      "correct": 8,
      "total": 50,
      "accuracy": 0.16
    },
    {
      "benchmark": "bbh",
      "task": "boolean_expressions",
      "correct": 36,
      "total": 50,
      "accuracy": 0.72
    },
    {
      "benchmark": "bbh",
      "task": "causal_judgement",
      "correct": 32,
      "total": 50,
      "accuracy": 0.64
    },
    {
      "benchmark": "bbh",
      "task": "date_understanding",
      "correct": 4,
      "total": 50,
      "accuracy": 0.08
    },
    {
      "benchmark": "bbh",
      "task": "disambiguation_qa",
      "correct": 23,
      "total": 50,
      "accuracy": 0.46
    },
    {
      "benchmark": "bbh",
      "task": "dyck_languages",
      "correct": 6,
      "total": 50,
      "accuracy": 0.12
    },
    {
      "benchmark": "bbh",
      "task": "formal_fallacies",
      "correct": 4,
      "total": 50,
      "accuracy": 0.08
    },
    {
      "benchmark": "bbh",
      "task": "geometric_shapes",
      "correct": 3,
      "total": 50,
      "accuracy": 0.06
    },
    {
      "benchmark": "bbh",
      "task": "hyperbaton",
      "correct": 46,
      "total": 50,
      "accuracy": 0.92
    },
    {
      "benchmark": "bbh",
      "task": "logical_deduction_five_objects",
      "correct": 2,
      "total": 50,
      "accuracy": 0.04
    },
    {
      "benchmark": "bbh",
      "task": "logical_deduction_seven_objects",
      "correct": 3,
      "total": 50,
      "accuracy": 0.06
    },
    {
      "benchmark": "bbh",
      "task": "logical_deduction_three_objects",
      "correct": 29,
      "total": 50,
      "accuracy": 0.58
    },
    {
      "benchmark": "bbh",
      "task": "movie_recommendation",
      "correct": 16,
      "total": 50,
      "accuracy": 0.32
    },
    {
      "benchmark": "bbh",
      "task": "multistep_arithmetic_two",
      "correct": 0,
      "total": 50,
      "accuracy": 0.0
    },
    {
      "benchmark": "bbh",
      "task": "navigate",
      "correct": 28,
      "total": 50,
      "accuracy": 0.56
    },
    {
      "benchmark": "bbh",
      "task": "object_counting",
      "correct": 21,
      "total": 50,
      "accuracy": 0.42
    },
    {
      "benchmark": "bbh",
      "task": "penguins_in_a_table",
      "correct": 14,
      "total": 50,
      "accuracy": 0.28
    },
    {
      "benchmark": "bbh",
      "task": "reasoning_about_colored_objects",
      "correct": 16,
      "total": 50,
      "accuracy": 0.32
    },
    {
      "benchmark": "bbh",
      "task": "ruin_names",
      "correct": 31,
      "total": 50,
      "accuracy": 0.62
    },
    {
      "benchmark": "bbh",
      "task": "salient_translation_error_detection",
      "correct": 32,
      "total": 50,
      "accuracy": 0.64
    },
    {
      "benchmark": "bbh",
      "task": "snarks",
      "correct": 38,
      "total": 50,
      "accuracy": 0.76
    },
    {
      "benchmark": "bbh",
      "task": "sports_understanding",
      "correct": 15,
      "total": 50,
      "accuracy": 0.3
    },
    {
      "benchmark": "bbh",
      "task": "temporal_sequences",
      "correct": 48,
      "total": 50,
      "accuracy": 0.96
    },
    {
      "benchmark": "bbh",
      "task": "tracking_shuffled_objects_five_objects",
      "correct": 0,
      "total": 50,
      "accuracy": 0.0
    },
    {
      "benchmark": "bbh",
      "task": "tracking_shuffled_objects_seven_objects",
      "correct": 0,
      "total": 50,
      "accuracy": 0.0
    },
    {
      "benchmark": "bbh",
      "task": "tracking_shuffled_objects_three_objects",
      "correct": 0,
      "total": 50,
      "accuracy": 0.0
    },
    {
      "benchmark": "bbh",
      "task": "web_of_lies",
      "correct": 0,
      "total": 50,
      "accuracy": 0.0
    },
    {
      "benchmark": "bbh",
      "task": "word_sorting",
      "correct": 1,
      "total": 50,
      "accuracy": 0.02
    },
    {
      "benchmark": "usr",
      "task": "shifted_unpuzzles/original",
      "correct": 8,
      "total": 50,
      "accuracy": 0.16
    },
    {
      "benchmark": "usr",
      "task": "shifted_unpuzzles/shifted",
      "correct": 5,
      "total": 50,
      "accuracy": 0.1
    },
    {
      "benchmark": "usr",
      "task": "shifted_unpuzzles/unpuzzle",
      "correct": 6,
      "total": 50,
      "accuracy": 0.12
    },
    {
      "benchmark": "usr",
      "task": "simple_reasoning/char_ct",
      "correct": 0,
      "total": 40,
      "accuracy": 0.0
    },
    {
      "benchmark": "usr",
      "task": "simple_reasoning/logic_ev",
      "correct": 0,
      "total": 50,
      "accuracy": 0.0
    },
    {
      "benchmark": "usr",
      "task": "simple_reasoning/logic_neg",
      "correct": 0,
      "total": 50,
      "accuracy": 0.0
    },
    {
      "benchmark": "usr",
      "task": "simple_reasoning/mathgap",
      "correct": 0,
      "total": 50,
      "accuracy": 0.0
    },
    {
      "benchmark": "usr",
      "task": "simple_reasoning/word_ct",
      "correct": 1,
      "total": 50,
      "accuracy": 0.02
    },
    {
      "benchmark": "usr",
      "task": "unpuzzles/original",
      "correct": 11,
      "total": 50,
      "accuracy": 0.22
    },
    {
      "benchmark": "usr",
      "task": "unpuzzles/unpuzzle",
      "correct": 11,
      "total": 50,
      "accuracy": 0.22
    }
  ]
}
