25/2990 correct=23 acc=0.920
50/2990 correct=44 acc=0.880
75/2990 correct=57 acc=0.760
100/2990 correct=69 acc=0.690
125/2990 correct=81 acc=0.648
150/2990 correct=98 acc=0.653
175/2990 correct=113 acc=0.646
200/2990 correct=121 acc=0.605
225/2990 correct=123 acc=0.547
250/2990 correct=124 acc=0.496
275/2990 correct=127 acc=0.462
300/2990 correct=130 acc=0.433
325/2990 correct=132 acc=0.406
350/2990 correct=135 acc=0.386
375/2990 correct=158 acc=0.421
400/2990 correct=181 acc=0.453
425/2990 correct=186 acc=0.438
450/2990 correct=188 acc=0.418
475/2990 correct=189 acc=0.398
500/2990 correct=193 acc=0.386
525/2990 correct=216 acc=0.411
550/2990 correct=236 acc=0.429
575/2990 correct=238 acc=0.414
600/2990 correct=240 acc=0.400
625/2990 correct=261 acc=0.418
650/2990 correct=283 acc=0.435
675/2990 correct=299 acc=0.443
700/2990 correct=315 acc=0.450
725/2990 correct=338 acc=0.466
750/2990 correct=363 acc=0.484
775/2990 correct=385 acc=0.497
800/2990 correct=409 acc=0.511
825/2990 correct=432 acc=0.524
850/2990 correct=457 acc=0.538
875/2990 correct=474 acc=0.542
900/2990 correct=490 acc=0.544
925/2990 correct=504 acc=0.545
950/2990 correct=518 acc=0.545
975/2990 correct=538 acc=0.552
1000/2990 correct=555 acc=0.555
1025/2990 correct=561 acc=0.547
1050/2990 correct=563 acc=0.536
1075/2990 correct=579 acc=0.539
1100/2990 correct=595 acc=0.541
1125/2990 correct=595 acc=0.529
1150/2990 correct=596 acc=0.518
1175/2990 correct=596 acc=0.507
1200/2990 correct=597 acc=0.497
1225/2990 correct=618 acc=0.504
1250/2990 correct=638 acc=0.510
1275/2990 correct=645 acc=0.506
1300/2990 correct=649 acc=0.499
1325/2990 correct=652 acc=0.492
1350/2990 correct=656 acc=0.486
1375/2990 correct=656 acc=0.477
1400/2990 correct=656 acc=0.469
1425/2990 correct=656 acc=0.460
1450/2990 correct=656 acc=0.452
1475/2990 correct=656 acc=0.445
1500/2990 correct=656 acc=0.437
1525/2990 correct=662 acc=0.434
1550/2990 correct=668 acc=0.431
1575/2990 correct=670 acc=0.425
1600/2990 correct=670 acc=0.419
1625/2990 correct=670 acc=0.412
1650/2990 correct=670 acc=0.406
1675/2990 correct=670 acc=0.400
1700/2990 correct=670 acc=0.394
1725/2990 correct=670 acc=0.388
1750/2990 correct=670 acc=0.383
1775/2990 correct=670 acc=0.377
1800/2990 correct=671 acc=0.373
1825/2990 correct=671 acc=0.368
1850/2990 correct=671 acc=0.363
1875/2990 correct=671 acc=0.358
1900/2990 correct=671 acc=0.353
1925/2990 correct=671 acc=0.349
1950/2990 correct=672 acc=0.345
1975/2990 correct=672 acc=0.340
2000/2990 correct=672 acc=0.336
2025/2990 correct=672 acc=0.332
2050/2990 correct=672 acc=0.328
2075/2990 correct=672 acc=0.324
2100/2990 correct=672 acc=0.320
2125/2990 correct=672 acc=0.316
2150/2990 correct=672 acc=0.313
2175/2990 correct=672 acc=0.309
2200/2990 correct=672 acc=0.305
2225/2990 correct=673 acc=0.302
2250/2990 correct=675 acc=0.300
2275/2990 correct=675 acc=0.297
2300/2990 correct=675 acc=0.293
2325/2990 correct=675 acc=0.290
2350/2990 correct=675 acc=0.287
2375/2990 correct=675 acc=0.284
2400/2990 correct=675 acc=0.281
2425/2990 correct=675 acc=0.278
2450/2990 correct=675 acc=0.276
2475/2990 correct=676 acc=0.273
2500/2990 correct=677 acc=0.271
2525/2990 correct=677 acc=0.268
2550/2990 correct=680 acc=0.267
2575/2990 correct=682 acc=0.265
2600/2990 correct=683 acc=0.263
2625/2990 correct=684 acc=0.261
2650/2990 correct=684 acc=0.258
2675/2990 correct=684 acc=0.256
2700/2990 correct=687 acc=0.254
2725/2990 correct=688 acc=0.252
2750/2990 correct=692 acc=0.252
2775/2990 correct=698 acc=0.252
2800/2990 correct=701 acc=0.250
2825/2990 correct=705 acc=0.250
2850/2990 correct=708 acc=0.248
2875/2990 correct=711 acc=0.247
2900/2990 correct=718 acc=0.248
2925/2990 correct=725 acc=0.248
2950/2990 correct=728 acc=0.247
2975/2990 correct=732 acc=0.246
2990/2990 correct=733 acc=0.245
{
  "started_at": "2026-07-10T07:09:24.647707+00:00",
  "finished_at": "2026-07-10T07:37:19.827417+00:00",
  "base_url": "http://127.0.0.1:8888/v1",
  "model": "SubTokenLLM",
  "prompt_strategy": "premise_conclusion",
  "prompt_strategy_description": "Explicit premise-to-conclusion reasoning template.",
  "prompt_template": "{input}\n\nList the key premises briefly, derive the conclusion, and avoid irrelevant text.\nEnd with exactly one line in this format: The final answer is: <answer>",
  "self_consistency_k": 1,
  "response_selection": "majority_vote",
  "selection_max_tokens": 64,
  "system_messages_sent": 0,
  "request_message_shape": [
    {
      "role": "user",
      "content": "<benchmark prompt>"
    }
  ],
  "limit_per_task": 50,
  "skip_per_task": 0,
  "parallel": 8,
  "max_tokens": 256,
  "temperature": 0.0,
  "seed": 20260709,
  "benchmarks": [
    {
      "benchmark": "bbeh",
      "correct": 21,
      "total": 1150,
      "micro_accuracy": 0.018260869565217393,
      "macro_accuracy": 0.01826086956521739,
      "harmonic_task_accuracy": 0.0,
      "tasks": 23
    },
    {
      "benchmark": "bbh",
      "correct": 656,
      "total": 1350,
      "micro_accuracy": 0.48592592592592593,
      "macro_accuracy": 0.48592592592592593,
      "harmonic_task_accuracy": 0.0,
      "tasks": 27
    },
    {
      "benchmark": "usr",
      "correct": 56,
      "total": 490,
      "micro_accuracy": 0.11428571428571428,
      "macro_accuracy": 0.112,
      "harmonic_task_accuracy": 0.0,
      "tasks": 10
    }
  ],
  "tasks": [
    {
      "benchmark": "bbeh",
      "task": "bbeh_boardgame_qa",
      "correct": 0,
      "total": 50,
      "accuracy": 0.0
    },
    {
      "benchmark": "bbeh",
      "task": "bbeh_boolean_expressions",
      "correct": 0,
      "total": 50,
      "accuracy": 0.0
    },
    {
      "benchmark": "bbeh",
      "task": "bbeh_buggy_tables",
      "correct": 0,
      "total": 50,
      "accuracy": 0.0
    },
    {
      "benchmark": "bbeh",
      "task": "bbeh_causal_understanding",
      "correct": 12,
      "total": 50,
      "accuracy": 0.24
    },
    {
      "benchmark": "bbeh",
      "task": "bbeh_disambiguation_qa",
      "correct": 2,
      "total": 50,
      "accuracy": 0.04
    },
    {
      "benchmark": "bbeh",
      "task": "bbeh_dyck_languages",
      "correct": 0,
      "total": 50,
      "accuracy": 0.0
    },
    {
      "benchmark": "bbeh",
      "task": "bbeh_geometric_shapes",
      "correct": 0,
      "total": 50,
      "accuracy": 0.0
    },
    {
      "benchmark": "bbeh",
      "task": "bbeh_hyperbaton",
      "correct": 0,
      "total": 50,
      "accuracy": 0.0
    },
    {
      "benchmark": "bbeh",
      "task": "bbeh_linguini",
      "correct": 1,
      "total": 50,
      "accuracy": 0.02
    },
    {
      "benchmark": "bbeh",
      "task": "bbeh_movie_recommendation",
      "correct": 0,
      "total": 50,
      "accuracy": 0.0
    },
    {
      "benchmark": "bbeh",
      "task": "bbeh_multistep_arithmetic",
      "correct": 0,
      "total": 50,
      "accuracy": 0.0
    },
    {
      "benchmark": "bbeh",
      "task": "bbeh_nycc",
      "correct": 1,
      "total": 50,
      "accuracy": 0.02
    },
    {
      "benchmark": "bbeh",
      "task": "bbeh_object_counting",
      "correct": 0,
      "total": 50,
      "accuracy": 0.0
    },
    {
      "benchmark": "bbeh",
      "task": "bbeh_object_properties",
      "correct": 0,
      "total": 50,
      "accuracy": 0.0
    },
    {
      "benchmark": "bbeh",
      "task": "bbeh_sarc_triples",
      "correct": 0,
      "total": 50,
      "accuracy": 0.0
    },
    {
      "benchmark": "bbeh",
      "task": "bbeh_shuffled_objects",
      "correct": 0,
      "total": 50,
      "accuracy": 0.0
    },
    {
      "benchmark": "bbeh",
      "task": "bbeh_spatial_reasoning",
      "correct": 0,
      "total": 50,
      "accuracy": 0.0
    },
    {
      "benchmark": "bbeh",
      "task": "bbeh_sportqa",
      "correct": 3,
      "total": 50,
      "accuracy": 0.06
    },
    {
      "benchmark": "bbeh",
      "task": "bbeh_temporal_sequence",
      "correct": 0,
      "total": 50,
      "accuracy": 0.0
    },
    {
      "benchmark": "bbeh",
      "task": "bbeh_time_arithmetic",
      "correct": 0,
      "total": 50,
      "accuracy": 0.0
    },
    {
      "benchmark": "bbeh",
      "task": "bbeh_web_of_lies",
      "correct": 0,
      "total": 50,
      "accuracy": 0.0
    },
    {
      "benchmark": "bbeh",
      "task": "bbeh_word_sorting",
      "correct": 0,
      "total": 50,
      "accuracy": 0.0
    },
    {
      "benchmark": "bbeh",
      "task": "bbeh_zebra_puzzles",
      "correct": 2,
      "total": 50,
      "accuracy": 0.04
    },
    {
      "benchmark": "bbh",
      "task": "boolean_expressions",
      "correct": 44,
      "total": 50,
      "accuracy": 0.88
    },
    {
      "benchmark": "bbh",
      "task": "causal_judgement",
      "correct": 24,
      "total": 50,
      "accuracy": 0.48
    },
    {
      "benchmark": "bbh",
      "task": "date_understanding",
      "correct": 29,
      "total": 50,
      "accuracy": 0.58
    },
    {
      "benchmark": "bbh",
      "task": "disambiguation_qa",
      "correct": 24,
      "total": 50,
      "accuracy": 0.48
    },
    {
      "benchmark": "bbh",
      "task": "dyck_languages",
      "correct": 2,
      "total": 50,
      "accuracy": 0.04
    },
    {
      "benchmark": "bbh",
      "task": "formal_fallacies",
      "correct": 7,
      "total": 50,
      "accuracy": 0.14
    },
    {
      "benchmark": "bbh",
      "task": "geometric_shapes",
      "correct": 4,
      "total": 50,
      "accuracy": 0.08
    },
    {
      "benchmark": "bbh",
      "task": "hyperbaton",
      "correct": 47,
      "total": 50,
      "accuracy": 0.94
    },
    {
      "benchmark": "bbh",
      "task": "logical_deduction_five_objects",
      "correct": 7,
      "total": 50,
      "accuracy": 0.14
    },
    {
      "benchmark": "bbh",
      "task": "logical_deduction_seven_objects",
      "correct": 4,
      "total": 50,
      "accuracy": 0.08
    },
    {
      "benchmark": "bbh",
      "task": "logical_deduction_three_objects",
      "correct": 44,
      "total": 50,
      "accuracy": 0.88
    },
    {
      "benchmark": "bbh",
      "task": "movie_recommendation",
      "correct": 3,
      "total": 50,
      "accuracy": 0.06
    },
    {
      "benchmark": "bbh",
      "task": "multistep_arithmetic_two",
      "correct": 44,
      "total": 50,
      "accuracy": 0.88
    },
    {
      "benchmark": "bbh",
      "task": "navigate",
      "correct": 30,
      "total": 50,
      "accuracy": 0.6
    },
    {
      "benchmark": "bbh",
      "task": "object_counting",
      "correct": 50,
      "total": 50,
      "accuracy": 1.0
    },
    {
      "benchmark": "bbh",
      "task": "penguins_in_a_table",
      "correct": 46,
      "total": 50,
      "accuracy": 0.92
    },
    {
      "benchmark": "bbh",
      "task": "reasoning_about_colored_objects",
      "correct": 48,
      "total": 50,
      "accuracy": 0.96
    },
    {
      "benchmark": "bbh",
      "task": "ruin_names",
      "correct": 33,
      "total": 50,
      "accuracy": 0.66
    },
    {
      "benchmark": "bbh",
      "task": "salient_translation_error_detection",
      "correct": 28,
      "total": 50,
      "accuracy": 0.56
    },
    {
      "benchmark": "bbh",
      "task": "snarks",
      "correct": 37,
      "total": 50,
      "accuracy": 0.74
    },
    {
      "benchmark": "bbh",
      "task": "sports_understanding",
      "correct": 8,
      "total": 50,
      "accuracy": 0.16
    },
    {
      "benchmark": "bbh",
      "task": "temporal_sequences",
      "correct": 32,
      "total": 50,
      "accuracy": 0.64
    },
    {
      "benchmark": "bbh",
      "task": "tracking_shuffled_objects_five_objects",
      "correct": 1,
      "total": 50,
      "accuracy": 0.02
    },
    {
      "benchmark": "bbh",
      "task": "tracking_shuffled_objects_seven_objects",
      "correct": 0,
      "total": 50,
      "accuracy": 0.0
    },
    {
      "benchmark": "bbh",
      "task": "tracking_shuffled_objects_three_objects",
      "correct": 42,
      "total": 50,
      "accuracy": 0.84
    },
    {
      "benchmark": "bbh",
      "task": "web_of_lies",
      "correct": 11,
      "total": 50,
      "accuracy": 0.22
    },
    {
      "benchmark": "bbh",
      "task": "word_sorting",
      "correct": 7,
      "total": 50,
      "accuracy": 0.14
    },
    {
      "benchmark": "usr",
      "task": "shifted_unpuzzles/original",
      "correct": 4,
      "total": 50,
      "accuracy": 0.08
    },
    {
      "benchmark": "usr",
      "task": "shifted_unpuzzles/shifted",
      "correct": 11,
      "total": 50,
      "accuracy": 0.22
    },
    {
      "benchmark": "usr",
      "task": "shifted_unpuzzles/unpuzzle",
      "correct": 12,
      "total": 50,
      "accuracy": 0.24
    },
    {
      "benchmark": "usr",
      "task": "simple_reasoning/char_ct",
      "correct": 0,
      "total": 40,
      "accuracy": 0.0
    },
    {
      "benchmark": "usr",
      "task": "simple_reasoning/logic_ev",
      "correct": 2,
      "total": 50,
      "accuracy": 0.04
    },
    {
      "benchmark": "usr",
      "task": "simple_reasoning/logic_neg",
      "correct": 0,
      "total": 50,
      "accuracy": 0.0
    },
    {
      "benchmark": "usr",
      "task": "simple_reasoning/mathgap",
      "correct": 6,
      "total": 50,
      "accuracy": 0.12
    },
    {
      "benchmark": "usr",
      "task": "simple_reasoning/word_ct",
      "correct": 5,
      "total": 50,
      "accuracy": 0.1
    },
    {
      "benchmark": "usr",
      "task": "unpuzzles/original",
      "correct": 6,
      "total": 50,
      "accuracy": 0.12
    },
    {
      "benchmark": "usr",
      "task": "unpuzzles/unpuzzle",
      "correct": 10,
      "total": 50,
      "accuracy": 0.2
    }
  ]
}
