25/2990 correct=16 acc=0.640
50/2990 correct=28 acc=0.560
75/2990 correct=42 acc=0.560
100/2990 correct=56 acc=0.560
125/2990 correct=65 acc=0.520
150/2990 correct=77 acc=0.513
175/2990 correct=91 acc=0.520
200/2990 correct=102 acc=0.510
225/2990 correct=102 acc=0.453
250/2990 correct=107 acc=0.428
275/2990 correct=120 acc=0.436
300/2990 correct=133 acc=0.443
325/2990 correct=139 acc=0.428
350/2990 correct=148 acc=0.423
375/2990 correct=170 acc=0.453
400/2990 correct=194 acc=0.485
425/2990 correct=205 acc=0.482
450/2990 correct=219 acc=0.487
475/2990 correct=235 acc=0.495
500/2990 correct=247 acc=0.494
525/2990 correct=265 acc=0.505
550/2990 correct=279 acc=0.507
575/2990 correct=298 acc=0.518
600/2990 correct=314 acc=0.523
625/2990 correct=315 acc=0.504
650/2990 correct=317 acc=0.488
675/2990 correct=331 acc=0.490
700/2990 correct=343 acc=0.490
725/2990 correct=356 acc=0.491
750/2990 correct=370 acc=0.493
775/2990 correct=377 acc=0.486
800/2990 correct=389 acc=0.486
825/2990 correct=403 acc=0.488
850/2990 correct=419 acc=0.493
875/2990 correct=430 acc=0.491
900/2990 correct=439 acc=0.488
925/2990 correct=450 acc=0.486
950/2990 correct=466 acc=0.491
975/2990 correct=485 acc=0.497
1000/2990 correct=499 acc=0.499
1025/2990 correct=512 acc=0.500
1050/2990 correct=525 acc=0.500
1075/2990 correct=542 acc=0.504
1100/2990 correct=556 acc=0.505
1125/2990 correct=560 acc=0.498
1150/2990 correct=565 acc=0.491
1175/2990 correct=574 acc=0.489
1200/2990 correct=583 acc=0.486
1225/2990 correct=589 acc=0.481
1250/2990 correct=596 acc=0.477
1275/2990 correct=606 acc=0.475
1300/2990 correct=617 acc=0.475
1325/2990 correct=618 acc=0.466
1350/2990 correct=618 acc=0.458
1375/2990 correct=623 acc=0.453
1400/2990 correct=633 acc=0.452
1425/2990 correct=637 acc=0.447
1450/2990 correct=643 acc=0.443
1475/2990 correct=644 acc=0.437
1500/2990 correct=645 acc=0.430
1525/2990 correct=656 acc=0.430
1550/2990 correct=668 acc=0.431
1575/2990 correct=671 acc=0.426
1600/2990 correct=676 acc=0.422
1625/2990 correct=676 acc=0.416
1650/2990 correct=676 acc=0.410
1675/2990 correct=676 acc=0.404
1700/2990 correct=677 acc=0.398
1725/2990 correct=677 acc=0.392
1750/2990 correct=677 acc=0.387
1775/2990 correct=678 acc=0.382
1800/2990 correct=679 acc=0.377
1825/2990 correct=685 acc=0.375
1850/2990 correct=693 acc=0.375
1875/2990 correct=693 acc=0.370
1900/2990 correct=693 acc=0.365
1925/2990 correct=695 acc=0.361
1950/2990 correct=696 acc=0.357
1975/2990 correct=696 acc=0.352
2000/2990 correct=696 acc=0.348
2025/2990 correct=696 acc=0.344
2050/2990 correct=696 acc=0.340
2075/2990 correct=701 acc=0.338
2100/2990 correct=707 acc=0.337
2125/2990 correct=710 acc=0.334
2150/2990 correct=713 acc=0.332
2175/2990 correct=715 acc=0.329
2200/2990 correct=718 acc=0.326
2225/2990 correct=720 acc=0.324
2250/2990 correct=724 acc=0.322
2275/2990 correct=724 acc=0.318
2300/2990 correct=724 acc=0.315
2325/2990 correct=724 acc=0.311
2350/2990 correct=724 acc=0.308
2375/2990 correct=725 acc=0.305
2400/2990 correct=725 acc=0.302
2425/2990 correct=725 acc=0.299
2450/2990 correct=726 acc=0.296
2475/2990 correct=731 acc=0.295
2500/2990 correct=734 acc=0.294
2525/2990 correct=734 acc=0.291
2550/2990 correct=740 acc=0.290
2575/2990 correct=748 acc=0.290
2600/2990 correct=750 acc=0.288
2625/2990 correct=750 acc=0.286
2650/2990 correct=750 acc=0.283
2675/2990 correct=750 acc=0.280
2700/2990 correct=750 acc=0.278
2725/2990 correct=750 acc=0.275
2750/2990 correct=753 acc=0.274
2775/2990 correct=756 acc=0.272
2800/2990 correct=763 acc=0.273
2825/2990 correct=767 acc=0.272
2850/2990 correct=773 acc=0.271
2875/2990 correct=775 acc=0.270
2900/2990 correct=782 acc=0.270
2925/2990 correct=791 acc=0.270
2950/2990 correct=796 acc=0.270
2975/2990 correct=805 acc=0.271
2990/2990 correct=805 acc=0.269
{
  "started_at": "2026-07-10T03:48:40.757946+00:00",
  "finished_at": "2026-07-10T03:51:47.788703+00:00",
  "base_url": "http://127.0.0.1:8889/v1",
  "model": "SubTokenLLM-E2B",
  "prompt_strategy": "canonical_short",
  "prompt_strategy_description": "Canonical shortest answer with explicit normalization rules.",
  "prompt_template": "{input}\n\nOutput only the canonical final answer.\n- For multiple choice, output exactly one option label such as (A) or A.\n- For yes/no questions, output exactly Yes or No.\n- For numeric answers, output digits only unless units are required.\n- For lists, output the list only.\nNo explanation.",
  "self_consistency_k": 1,
  "response_selection": "majority_vote",
  "selection_max_tokens": 64,
  "system_messages_sent": 0,
  "request_message_shape": [
    {
      "role": "user",
      "content": "<benchmark prompt>"
    }
  ],
  "limit_per_task": 50,
  "skip_per_task": 0,
  "parallel": 8,
  "max_tokens": 96,
  "temperature": 0.0,
  "seed": 20260709,
  "benchmarks": [
    {
      "benchmark": "bbeh",
      "correct": 116,
      "total": 1150,
      "micro_accuracy": 0.10086956521739131,
      "macro_accuracy": 0.10086956521739131,
      "harmonic_task_accuracy": 0.0,
      "tasks": 23
    },
    {
      "benchmark": "bbh",
      "correct": 618,
      "total": 1350,
      "micro_accuracy": 0.4577777777777778,
      "macro_accuracy": 0.4577777777777778,
      "harmonic_task_accuracy": 0.0,
      "tasks": 27
    },
    {
      "benchmark": "usr",
      "correct": 71,
      "total": 490,
      "micro_accuracy": 0.14489795918367346,
      "macro_accuracy": 0.14200000000000002,
      "harmonic_task_accuracy": 0.0,
      "tasks": 10
    }
  ],
  "tasks": [
    {
      "benchmark": "bbeh",
      "task": "bbeh_boardgame_qa",
      "correct": 15,
      "total": 50,
      "accuracy": 0.3
    },
    {
      "benchmark": "bbeh",
      "task": "bbeh_boolean_expressions",
      "correct": 11,
      "total": 50,
      "accuracy": 0.22
    },
    {
      "benchmark": "bbeh",
      "task": "bbeh_buggy_tables",
      "correct": 0,
      "total": 50,
      "accuracy": 0.0
    },
    {
      "benchmark": "bbeh",
      "task": "bbeh_causal_understanding",
      "correct": 23,
      "total": 50,
      "accuracy": 0.46
    },
    {
      "benchmark": "bbeh",
      "task": "bbeh_disambiguation_qa",
      "correct": 9,
      "total": 50,
      "accuracy": 0.18
    },
    {
      "benchmark": "bbeh",
      "task": "bbeh_dyck_languages",
      "correct": 0,
      "total": 50,
      "accuracy": 0.0
    },
    {
      "benchmark": "bbeh",
      "task": "bbeh_geometric_shapes",
      "correct": 1,
      "total": 50,
      "accuracy": 0.02
    },
    {
      "benchmark": "bbeh",
      "task": "bbeh_hyperbaton",
      "correct": 0,
      "total": 50,
      "accuracy": 0.0
    },
    {
      "benchmark": "bbeh",
      "task": "bbeh_linguini",
      "correct": 1,
      "total": 50,
      "accuracy": 0.02
    },
    {
      "benchmark": "bbeh",
      "task": "bbeh_movie_recommendation",
      "correct": 15,
      "total": 50,
      "accuracy": 0.3
    },
    {
      "benchmark": "bbeh",
      "task": "bbeh_multistep_arithmetic",
      "correct": 0,
      "total": 50,
      "accuracy": 0.0
    },
    {
      "benchmark": "bbeh",
      "task": "bbeh_nycc",
      "correct": 3,
      "total": 50,
      "accuracy": 0.06
    },
    {
      "benchmark": "bbeh",
      "task": "bbeh_object_counting",
      "correct": 0,
      "total": 50,
      "accuracy": 0.0
    },
    {
      "benchmark": "bbeh",
      "task": "bbeh_object_properties",
      "correct": 0,
      "total": 50,
      "accuracy": 0.0
    },
    {
      "benchmark": "bbeh",
      "task": "bbeh_sarc_triples",
      "correct": 11,
      "total": 50,
      "accuracy": 0.22
    },
    {
      "benchmark": "bbeh",
      "task": "bbeh_shuffled_objects",
      "correct": 7,
      "total": 50,
      "accuracy": 0.14
    },
    {
      "benchmark": "bbeh",
      "task": "bbeh_spatial_reasoning",
      "correct": 4,
      "total": 50,
      "accuracy": 0.08
    },
    {
      "benchmark": "bbeh",
      "task": "bbeh_sportqa",
      "correct": 6,
      "total": 50,
      "accuracy": 0.12
    },
    {
      "benchmark": "bbeh",
      "task": "bbeh_temporal_sequence",
      "correct": 0,
      "total": 50,
      "accuracy": 0.0
    },
    {
      "benchmark": "bbeh",
      "task": "bbeh_time_arithmetic",
      "correct": 0,
      "total": 50,
      "accuracy": 0.0
    },
    {
      "benchmark": "bbeh",
      "task": "bbeh_web_of_lies",
      "correct": 1,
      "total": 50,
      "accuracy": 0.02
    },
    {
      "benchmark": "bbeh",
      "task": "bbeh_word_sorting",
      "correct": 0,
      "total": 50,
      "accuracy": 0.0
    },
    {
      "benchmark": "bbeh",
      "task": "bbeh_zebra_puzzles",
      "correct": 9,
      "total": 50,
      "accuracy": 0.18
    },
    {
      "benchmark": "bbh",
      "task": "boolean_expressions",
      "correct": 29,
      "total": 50,
      "accuracy": 0.58
    },
    {
      "benchmark": "bbh",
      "task": "causal_judgement",
      "correct": 27,
      "total": 50,
      "accuracy": 0.54
    },
    {
      "benchmark": "bbh",
      "task": "date_understanding",
      "correct": 20,
      "total": 50,
      "accuracy": 0.4
    },
    {
      "benchmark": "bbh",
      "task": "disambiguation_qa",
      "correct": 26,
      "total": 50,
      "accuracy": 0.52
    },
    {
      "benchmark": "bbh",
      "task": "dyck_languages",
      "correct": 1,
      "total": 50,
      "accuracy": 0.02
    },
    {
      "benchmark": "bbh",
      "task": "formal_fallacies",
      "correct": 30,
      "total": 50,
      "accuracy": 0.6
    },
    {
      "benchmark": "bbh",
      "task": "geometric_shapes",
      "correct": 15,
      "total": 50,
      "accuracy": 0.3
    },
    {
      "benchmark": "bbh",
      "task": "hyperbaton",
      "correct": 46,
      "total": 50,
      "accuracy": 0.92
    },
    {
      "benchmark": "bbh",
      "task": "logical_deduction_five_objects",
      "correct": 26,
      "total": 50,
      "accuracy": 0.52
    },
    {
      "benchmark": "bbh",
      "task": "logical_deduction_seven_objects",
      "correct": 27,
      "total": 50,
      "accuracy": 0.54
    },
    {
      "benchmark": "bbh",
      "task": "logical_deduction_three_objects",
      "correct": 31,
      "total": 50,
      "accuracy": 0.62
    },
    {
      "benchmark": "bbh",
      "task": "movie_recommendation",
      "correct": 37,
      "total": 50,
      "accuracy": 0.74
    },
    {
      "benchmark": "bbh",
      "task": "multistep_arithmetic_two",
      "correct": 0,
      "total": 50,
      "accuracy": 0.0
    },
    {
      "benchmark": "bbh",
      "task": "navigate",
      "correct": 27,
      "total": 50,
      "accuracy": 0.54
    },
    {
      "benchmark": "bbh",
      "task": "object_counting",
      "correct": 27,
      "total": 50,
      "accuracy": 0.54
    },
    {
      "benchmark": "bbh",
      "task": "penguins_in_a_table",
      "correct": 19,
      "total": 50,
      "accuracy": 0.38
    },
    {
      "benchmark": "bbh",
      "task": "reasoning_about_colored_objects",
      "correct": 31,
      "total": 50,
      "accuracy": 0.62
    },
    {
      "benchmark": "bbh",
      "task": "ruin_names",
      "correct": 19,
      "total": 50,
      "accuracy": 0.38
    },
    {
      "benchmark": "bbh",
      "task": "salient_translation_error_detection",
      "correct": 27,
      "total": 50,
      "accuracy": 0.54
    },
    {
      "benchmark": "bbh",
      "task": "snarks",
      "correct": 35,
      "total": 50,
      "accuracy": 0.7
    },
    {
      "benchmark": "bbh",
      "task": "sports_understanding",
      "correct": 25,
      "total": 50,
      "accuracy": 0.5
    },
    {
      "benchmark": "bbh",
      "task": "temporal_sequences",
      "correct": 32,
      "total": 50,
      "accuracy": 0.64
    },
    {
      "benchmark": "bbh",
      "task": "tracking_shuffled_objects_five_objects",
      "correct": 8,
      "total": 50,
      "accuracy": 0.16
    },
    {
      "benchmark": "bbh",
      "task": "tracking_shuffled_objects_seven_objects",
      "correct": 18,
      "total": 50,
      "accuracy": 0.36
    },
    {
      "benchmark": "bbh",
      "task": "tracking_shuffled_objects_three_objects",
      "correct": 12,
      "total": 50,
      "accuracy": 0.24
    },
    {
      "benchmark": "bbh",
      "task": "web_of_lies",
      "correct": 22,
      "total": 50,
      "accuracy": 0.44
    },
    {
      "benchmark": "bbh",
      "task": "word_sorting",
      "correct": 1,
      "total": 50,
      "accuracy": 0.02
    },
    {
      "benchmark": "usr",
      "task": "shifted_unpuzzles/original",
      "correct": 14,
      "total": 50,
      "accuracy": 0.28
    },
    {
      "benchmark": "usr",
      "task": "shifted_unpuzzles/shifted",
      "correct": 9,
      "total": 50,
      "accuracy": 0.18
    },
    {
      "benchmark": "usr",
      "task": "shifted_unpuzzles/unpuzzle",
      "correct": 11,
      "total": 50,
      "accuracy": 0.22
    },
    {
      "benchmark": "usr",
      "task": "simple_reasoning/char_ct",
      "correct": 0,
      "total": 40,
      "accuracy": 0.0
    },
    {
      "benchmark": "usr",
      "task": "simple_reasoning/logic_ev",
      "correct": 0,
      "total": 50,
      "accuracy": 0.0
    },
    {
      "benchmark": "usr",
      "task": "simple_reasoning/logic_neg",
      "correct": 0,
      "total": 50,
      "accuracy": 0.0
    },
    {
      "benchmark": "usr",
      "task": "simple_reasoning/mathgap",
      "correct": 0,
      "total": 50,
      "accuracy": 0.0
    },
    {
      "benchmark": "usr",
      "task": "simple_reasoning/word_ct",
      "correct": 16,
      "total": 50,
      "accuracy": 0.32
    },
    {
      "benchmark": "usr",
      "task": "unpuzzles/original",
      "correct": 10,
      "total": 50,
      "accuracy": 0.2
    },
    {
      "benchmark": "usr",
      "task": "unpuzzles/unpuzzle",
      "correct": 11,
      "total": 50,
      "accuracy": 0.22
    }
  ]
}
