25/2990 correct=14 acc=0.560
50/2990 correct=27 acc=0.540
75/2990 correct=43 acc=0.573
100/2990 correct=56 acc=0.560
125/2990 correct=68 acc=0.544
150/2990 correct=83 acc=0.553
175/2990 correct=96 acc=0.549
200/2990 correct=107 acc=0.535
225/2990 correct=110 acc=0.489
250/2990 correct=114 acc=0.456
275/2990 correct=124 acc=0.451
300/2990 correct=139 acc=0.463
325/2990 correct=143 acc=0.440
350/2990 correct=152 acc=0.434
375/2990 correct=174 acc=0.464
400/2990 correct=197 acc=0.492
425/2990 correct=208 acc=0.489
450/2990 correct=221 acc=0.491
475/2990 correct=235 acc=0.495
500/2990 correct=245 acc=0.490
525/2990 correct=263 acc=0.501
550/2990 correct=276 acc=0.502
575/2990 correct=292 acc=0.508
600/2990 correct=307 acc=0.512
625/2990 correct=310 acc=0.496
650/2990 correct=311 acc=0.478
675/2990 correct=325 acc=0.481
700/2990 correct=338 acc=0.483
725/2990 correct=350 acc=0.483
750/2990 correct=361 acc=0.481
775/2990 correct=369 acc=0.476
800/2990 correct=382 acc=0.477
825/2990 correct=394 acc=0.478
850/2990 correct=412 acc=0.485
875/2990 correct=422 acc=0.482
900/2990 correct=430 acc=0.478
925/2990 correct=444 acc=0.480
950/2990 correct=457 acc=0.481
975/2990 correct=474 acc=0.486
1000/2990 correct=489 acc=0.489
1025/2990 correct=492 acc=0.480
1050/2990 correct=493 acc=0.470
1075/2990 correct=508 acc=0.473
1100/2990 correct=521 acc=0.474
1125/2990 correct=527 acc=0.468
1150/2990 correct=531 acc=0.462
1175/2990 correct=536 acc=0.456
1200/2990 correct=547 acc=0.456
1225/2990 correct=553 acc=0.451
1250/2990 correct=558 acc=0.446
1275/2990 correct=558 acc=0.438
1300/2990 correct=558 acc=0.429
1325/2990 correct=558 acc=0.421
1350/2990 correct=562 acc=0.416
1375/2990 correct=568 acc=0.413
1400/2990 correct=579 acc=0.414
1425/2990 correct=580 acc=0.407
1450/2990 correct=582 acc=0.401
1475/2990 correct=583 acc=0.395
1500/2990 correct=584 acc=0.389
1525/2990 correct=593 acc=0.389
1550/2990 correct=605 acc=0.390
1575/2990 correct=611 acc=0.388
1600/2990 correct=614 acc=0.384
1625/2990 correct=615 acc=0.378
1650/2990 correct=615 acc=0.373
1675/2990 correct=615 acc=0.367
1700/2990 correct=615 acc=0.362
1725/2990 correct=615 acc=0.357
1750/2990 correct=615 acc=0.351
1775/2990 correct=615 acc=0.346
1800/2990 correct=616 acc=0.342
1825/2990 correct=620 acc=0.340
1850/2990 correct=628 acc=0.339
1875/2990 correct=628 acc=0.335
1900/2990 correct=628 acc=0.331
1925/2990 correct=630 acc=0.327
1950/2990 correct=631 acc=0.324
1975/2990 correct=631 acc=0.319
2000/2990 correct=631 acc=0.316
2025/2990 correct=631 acc=0.312
2050/2990 correct=631 acc=0.308
2075/2990 correct=637 acc=0.307
2100/2990 correct=640 acc=0.305
2125/2990 correct=643 acc=0.303
2150/2990 correct=646 acc=0.300
2175/2990 correct=648 acc=0.298
2200/2990 correct=650 acc=0.295
2225/2990 correct=652 acc=0.293
2250/2990 correct=653 acc=0.290
2275/2990 correct=653 acc=0.287
2300/2990 correct=653 acc=0.284
2325/2990 correct=653 acc=0.281
2350/2990 correct=654 acc=0.278
2375/2990 correct=655 acc=0.276
2400/2990 correct=655 acc=0.273
2425/2990 correct=655 acc=0.270
2450/2990 correct=657 acc=0.268
2475/2990 correct=662 acc=0.267
2500/2990 correct=664 acc=0.266
2525/2990 correct=665 acc=0.263
2550/2990 correct=671 acc=0.263
2575/2990 correct=682 acc=0.265
2600/2990 correct=683 acc=0.263
2625/2990 correct=683 acc=0.260
2650/2990 correct=683 acc=0.258
2675/2990 correct=683 acc=0.255
2700/2990 correct=683 acc=0.253
2725/2990 correct=683 acc=0.251
2750/2990 correct=685 acc=0.249
2775/2990 correct=686 acc=0.247
2800/2990 correct=690 acc=0.246
2825/2990 correct=693 acc=0.245
2850/2990 correct=697 acc=0.245
2875/2990 correct=698 acc=0.243
2900/2990 correct=705 acc=0.243
2925/2990 correct=710 acc=0.243
2950/2990 correct=712 acc=0.241
2975/2990 correct=718 acc=0.241
2990/2990 correct=721 acc=0.241
{
  "started_at": "2026-07-10T04:29:55.109431+00:00",
  "finished_at": "2026-07-10T04:33:21.229855+00:00",
  "base_url": "http://127.0.0.1:8889/v1",
  "model": "SubTokenLLM-E2B",
  "prompt_strategy": "option_elimination",
  "prompt_strategy_description": "Multiple-choice elimination done privately with answer-only output.",
  "prompt_template": "{input}\n\nIf answer choices are provided, compare the choices privately and eliminate wrong ones before deciding. Output only the final option label. If there are no choices, output only the shortest final answer. No explanation.",
  "self_consistency_k": 1,
  "response_selection": "majority_vote",
  "selection_max_tokens": 64,
  "system_messages_sent": 0,
  "request_message_shape": [
    {
      "role": "user",
      "content": "<benchmark prompt>"
    }
  ],
  "limit_per_task": 50,
  "skip_per_task": 0,
  "parallel": 8,
  "max_tokens": 128,
  "temperature": 0.0,
  "seed": 20260709,
  "benchmarks": [
    {
      "benchmark": "bbeh",
      "correct": 102,
      "total": 1150,
      "micro_accuracy": 0.08869565217391304,
      "macro_accuracy": 0.08869565217391305,
      "harmonic_task_accuracy": 0.0,
      "tasks": 23
    },
    {
      "benchmark": "bbh",
      "correct": 562,
      "total": 1350,
      "micro_accuracy": 0.4162962962962963,
      "macro_accuracy": 0.41629629629629633,
      "harmonic_task_accuracy": 0.0,
      "tasks": 27
    },
    {
      "benchmark": "usr",
      "correct": 57,
      "total": 490,
      "micro_accuracy": 0.11632653061224489,
      "macro_accuracy": 0.115,
      "harmonic_task_accuracy": 0.0,
      "tasks": 10
    }
  ],
  "tasks": [
    {
      "benchmark": "bbeh",
      "task": "bbeh_boardgame_qa",
      "correct": 16,
      "total": 50,
      "accuracy": 0.32
    },
    {
      "benchmark": "bbeh",
      "task": "bbeh_boolean_expressions",
      "correct": 4,
      "total": 50,
      "accuracy": 0.08
    },
    {
      "benchmark": "bbeh",
      "task": "bbeh_buggy_tables",
      "correct": 1,
      "total": 50,
      "accuracy": 0.02
    },
    {
      "benchmark": "bbeh",
      "task": "bbeh_causal_understanding",
      "correct": 22,
      "total": 50,
      "accuracy": 0.44
    },
    {
      "benchmark": "bbeh",
      "task": "bbeh_disambiguation_qa",
      "correct": 10,
      "total": 50,
      "accuracy": 0.2
    },
    {
      "benchmark": "bbeh",
      "task": "bbeh_dyck_languages",
      "correct": 0,
      "total": 50,
      "accuracy": 0.0
    },
    {
      "benchmark": "bbeh",
      "task": "bbeh_geometric_shapes",
      "correct": 0,
      "total": 50,
      "accuracy": 0.0
    },
    {
      "benchmark": "bbeh",
      "task": "bbeh_hyperbaton",
      "correct": 0,
      "total": 50,
      "accuracy": 0.0
    },
    {
      "benchmark": "bbeh",
      "task": "bbeh_linguini",
      "correct": 0,
      "total": 50,
      "accuracy": 0.0
    },
    {
      "benchmark": "bbeh",
      "task": "bbeh_movie_recommendation",
      "correct": 13,
      "total": 50,
      "accuracy": 0.26
    },
    {
      "benchmark": "bbeh",
      "task": "bbeh_multistep_arithmetic",
      "correct": 0,
      "total": 50,
      "accuracy": 0.0
    },
    {
      "benchmark": "bbeh",
      "task": "bbeh_nycc",
      "correct": 3,
      "total": 50,
      "accuracy": 0.06
    },
    {
      "benchmark": "bbeh",
      "task": "bbeh_object_counting",
      "correct": 0,
      "total": 50,
      "accuracy": 0.0
    },
    {
      "benchmark": "bbeh",
      "task": "bbeh_object_properties",
      "correct": 0,
      "total": 50,
      "accuracy": 0.0
    },
    {
      "benchmark": "bbeh",
      "task": "bbeh_sarc_triples",
      "correct": 10,
      "total": 50,
      "accuracy": 0.2
    },
    {
      "benchmark": "bbeh",
      "task": "bbeh_shuffled_objects",
      "correct": 7,
      "total": 50,
      "accuracy": 0.14
    },
    {
      "benchmark": "bbeh",
      "task": "bbeh_spatial_reasoning",
      "correct": 2,
      "total": 50,
      "accuracy": 0.04
    },
    {
      "benchmark": "bbeh",
      "task": "bbeh_sportqa",
      "correct": 3,
      "total": 50,
      "accuracy": 0.06
    },
    {
      "benchmark": "bbeh",
      "task": "bbeh_temporal_sequence",
      "correct": 0,
      "total": 50,
      "accuracy": 0.0
    },
    {
      "benchmark": "bbeh",
      "task": "bbeh_time_arithmetic",
      "correct": 0,
      "total": 50,
      "accuracy": 0.0
    },
    {
      "benchmark": "bbeh",
      "task": "bbeh_web_of_lies",
      "correct": 2,
      "total": 50,
      "accuracy": 0.04
    },
    {
      "benchmark": "bbeh",
      "task": "bbeh_word_sorting",
      "correct": 0,
      "total": 50,
      "accuracy": 0.0
    },
    {
      "benchmark": "bbeh",
      "task": "bbeh_zebra_puzzles",
      "correct": 9,
      "total": 50,
      "accuracy": 0.18
    },
    {
      "benchmark": "bbh",
      "task": "boolean_expressions",
      "correct": 28,
      "total": 50,
      "accuracy": 0.56
    },
    {
      "benchmark": "bbh",
      "task": "causal_judgement",
      "correct": 28,
      "total": 50,
      "accuracy": 0.56
    },
    {
      "benchmark": "bbh",
      "task": "date_understanding",
      "correct": 25,
      "total": 50,
      "accuracy": 0.5
    },
    {
      "benchmark": "bbh",
      "task": "disambiguation_qa",
      "correct": 26,
      "total": 50,
      "accuracy": 0.52
    },
    {
      "benchmark": "bbh",
      "task": "dyck_languages",
      "correct": 4,
      "total": 50,
      "accuracy": 0.08
    },
    {
      "benchmark": "bbh",
      "task": "formal_fallacies",
      "correct": 27,
      "total": 50,
      "accuracy": 0.54
    },
    {
      "benchmark": "bbh",
      "task": "geometric_shapes",
      "correct": 12,
      "total": 50,
      "accuracy": 0.24
    },
    {
      "benchmark": "bbh",
      "task": "hyperbaton",
      "correct": 47,
      "total": 50,
      "accuracy": 0.94
    },
    {
      "benchmark": "bbh",
      "task": "logical_deduction_five_objects",
      "correct": 24,
      "total": 50,
      "accuracy": 0.48
    },
    {
      "benchmark": "bbh",
      "task": "logical_deduction_seven_objects",
      "correct": 24,
      "total": 50,
      "accuracy": 0.48
    },
    {
      "benchmark": "bbh",
      "task": "logical_deduction_three_objects",
      "correct": 31,
      "total": 50,
      "accuracy": 0.62
    },
    {
      "benchmark": "bbh",
      "task": "movie_recommendation",
      "correct": 34,
      "total": 50,
      "accuracy": 0.68
    },
    {
      "benchmark": "bbh",
      "task": "multistep_arithmetic_two",
      "correct": 0,
      "total": 50,
      "accuracy": 0.0
    },
    {
      "benchmark": "bbh",
      "task": "navigate",
      "correct": 27,
      "total": 50,
      "accuracy": 0.54
    },
    {
      "benchmark": "bbh",
      "task": "object_counting",
      "correct": 24,
      "total": 50,
      "accuracy": 0.48
    },
    {
      "benchmark": "bbh",
      "task": "penguins_in_a_table",
      "correct": 20,
      "total": 50,
      "accuracy": 0.4
    },
    {
      "benchmark": "bbh",
      "task": "reasoning_about_colored_objects",
      "correct": 31,
      "total": 50,
      "accuracy": 0.62
    },
    {
      "benchmark": "bbh",
      "task": "ruin_names",
      "correct": 18,
      "total": 50,
      "accuracy": 0.36
    },
    {
      "benchmark": "bbh",
      "task": "salient_translation_error_detection",
      "correct": 27,
      "total": 50,
      "accuracy": 0.54
    },
    {
      "benchmark": "bbh",
      "task": "snarks",
      "correct": 33,
      "total": 50,
      "accuracy": 0.66
    },
    {
      "benchmark": "bbh",
      "task": "sports_understanding",
      "correct": 3,
      "total": 50,
      "accuracy": 0.06
    },
    {
      "benchmark": "bbh",
      "task": "temporal_sequences",
      "correct": 28,
      "total": 50,
      "accuracy": 0.56
    },
    {
      "benchmark": "bbh",
      "task": "tracking_shuffled_objects_five_objects",
      "correct": 10,
      "total": 50,
      "accuracy": 0.2
    },
    {
      "benchmark": "bbh",
      "task": "tracking_shuffled_objects_seven_objects",
      "correct": 16,
      "total": 50,
      "accuracy": 0.32
    },
    {
      "benchmark": "bbh",
      "task": "tracking_shuffled_objects_three_objects",
      "correct": 11,
      "total": 50,
      "accuracy": 0.22
    },
    {
      "benchmark": "bbh",
      "task": "web_of_lies",
      "correct": 0,
      "total": 50,
      "accuracy": 0.0
    },
    {
      "benchmark": "bbh",
      "task": "word_sorting",
      "correct": 4,
      "total": 50,
      "accuracy": 0.08
    },
    {
      "benchmark": "usr",
      "task": "shifted_unpuzzles/original",
      "correct": 15,
      "total": 50,
      "accuracy": 0.3
    },
    {
      "benchmark": "usr",
      "task": "shifted_unpuzzles/shifted",
      "correct": 4,
      "total": 50,
      "accuracy": 0.08
    },
    {
      "benchmark": "usr",
      "task": "shifted_unpuzzles/unpuzzle",
      "correct": 7,
      "total": 50,
      "accuracy": 0.14
    },
    {
      "benchmark": "usr",
      "task": "simple_reasoning/char_ct",
      "correct": 2,
      "total": 40,
      "accuracy": 0.05
    },
    {
      "benchmark": "usr",
      "task": "simple_reasoning/logic_ev",
      "correct": 0,
      "total": 50,
      "accuracy": 0.0
    },
    {
      "benchmark": "usr",
      "task": "simple_reasoning/logic_neg",
      "correct": 0,
      "total": 50,
      "accuracy": 0.0
    },
    {
      "benchmark": "usr",
      "task": "simple_reasoning/mathgap",
      "correct": 0,
      "total": 50,
      "accuracy": 0.0
    },
    {
      "benchmark": "usr",
      "task": "simple_reasoning/word_ct",
      "correct": 17,
      "total": 50,
      "accuracy": 0.34
    },
    {
      "benchmark": "usr",
      "task": "unpuzzles/original",
      "correct": 6,
      "total": 50,
      "accuracy": 0.12
    },
    {
      "benchmark": "usr",
      "task": "unpuzzles/unpuzzle",
      "correct": 6,
      "total": 50,
      "accuracy": 0.12
    }
  ]
}
