25/2990 correct=17 acc=0.680
50/2990 correct=37 acc=0.740
75/2990 correct=47 acc=0.627
100/2990 correct=56 acc=0.560
125/2990 correct=65 acc=0.520
150/2990 correct=76 acc=0.507
175/2990 correct=88 acc=0.503
200/2990 correct=96 acc=0.480
225/2990 correct=96 acc=0.427
250/2990 correct=97 acc=0.388
275/2990 correct=99 acc=0.360
300/2990 correct=100 acc=0.333
325/2990 correct=101 acc=0.311
350/2990 correct=104 acc=0.297
375/2990 correct=122 acc=0.325
400/2990 correct=136 acc=0.340
425/2990 correct=140 acc=0.329
450/2990 correct=142 acc=0.316
475/2990 correct=144 acc=0.303
500/2990 correct=149 acc=0.298
525/2990 correct=168 acc=0.320
550/2990 correct=187 acc=0.340
575/2990 correct=187 acc=0.325
600/2990 correct=188 acc=0.313
625/2990 correct=199 acc=0.318
650/2990 correct=205 acc=0.315
675/2990 correct=219 acc=0.324
700/2990 correct=232 acc=0.331
725/2990 correct=253 acc=0.349
750/2990 correct=278 acc=0.371
775/2990 correct=298 acc=0.385
800/2990 correct=314 acc=0.393
825/2990 correct=333 acc=0.404
850/2990 correct=355 acc=0.418
875/2990 correct=363 acc=0.415
900/2990 correct=374 acc=0.416
925/2990 correct=384 acc=0.415
950/2990 correct=394 acc=0.415
975/2990 correct=412 acc=0.423
1000/2990 correct=426 acc=0.426
1025/2990 correct=426 acc=0.416
1050/2990 correct=426 acc=0.406
1075/2990 correct=427 acc=0.397
1100/2990 correct=429 acc=0.390
1125/2990 correct=429 acc=0.381
1150/2990 correct=429 acc=0.373
1175/2990 correct=429 acc=0.365
1200/2990 correct=429 acc=0.357
1225/2990 correct=439 acc=0.358
1250/2990 correct=454 acc=0.363
1275/2990 correct=457 acc=0.358
1300/2990 correct=457 acc=0.352
1325/2990 correct=457 acc=0.345
1350/2990 correct=457 acc=0.339
1375/2990 correct=457 acc=0.332
1400/2990 correct=457 acc=0.326
1425/2990 correct=457 acc=0.321
1450/2990 correct=457 acc=0.315
1475/2990 correct=457 acc=0.310
1500/2990 correct=458 acc=0.305
1525/2990 correct=461 acc=0.302
1550/2990 correct=465 acc=0.300
1575/2990 correct=468 acc=0.297
1600/2990 correct=470 acc=0.294
1625/2990 correct=470 acc=0.289
1650/2990 correct=470 acc=0.285
1675/2990 correct=470 acc=0.281
1700/2990 correct=470 acc=0.276
1725/2990 correct=470 acc=0.272
1750/2990 correct=470 acc=0.269
1775/2990 correct=470 acc=0.265
1800/2990 correct=470 acc=0.261
1825/2990 correct=470 acc=0.258
1850/2990 correct=470 acc=0.254
1875/2990 correct=470 acc=0.251
1900/2990 correct=470 acc=0.247
1925/2990 correct=470 acc=0.244
1950/2990 correct=470 acc=0.241
1975/2990 correct=470 acc=0.238
2000/2990 correct=470 acc=0.235
2025/2990 correct=470 acc=0.232
2050/2990 correct=470 acc=0.229
2075/2990 correct=471 acc=0.227
2100/2990 correct=474 acc=0.226
2125/2990 correct=474 acc=0.223
2150/2990 correct=474 acc=0.220
2175/2990 correct=474 acc=0.218
2200/2990 correct=474 acc=0.215
2225/2990 correct=474 acc=0.213
2250/2990 correct=475 acc=0.211
2275/2990 correct=475 acc=0.209
2300/2990 correct=475 acc=0.207
2325/2990 correct=475 acc=0.204
2350/2990 correct=475 acc=0.202
2375/2990 correct=475 acc=0.200
2400/2990 correct=475 acc=0.198
2425/2990 correct=475 acc=0.196
2450/2990 correct=476 acc=0.194
2475/2990 correct=477 acc=0.193
2500/2990 correct=478 acc=0.191
2525/2990 correct=478 acc=0.189
2550/2990 correct=480 acc=0.188
2575/2990 correct=483 acc=0.188
2600/2990 correct=484 acc=0.186
2625/2990 correct=485 acc=0.185
2650/2990 correct=485 acc=0.183
2675/2990 correct=485 acc=0.181
2700/2990 correct=486 acc=0.180
2725/2990 correct=486 acc=0.178
2750/2990 correct=490 acc=0.178
2775/2990 correct=493 acc=0.178
2800/2990 correct=494 acc=0.176
2825/2990 correct=497 acc=0.176
2850/2990 correct=500 acc=0.175
2875/2990 correct=501 acc=0.174
2900/2990 correct=504 acc=0.174
2925/2990 correct=510 acc=0.174
2950/2990 correct=511 acc=0.173
2975/2990 correct=513 acc=0.172
2990/2990 correct=513 acc=0.172
{
  "started_at": "2026-07-10T06:03:56.008896+00:00",
  "finished_at": "2026-07-10T06:25:15.652018+00:00",
  "base_url": "http://127.0.0.1:8889/v1",
  "model": "SubTokenLLM-E2B",
  "prompt_strategy": "premise_conclusion",
  "prompt_strategy_description": "Explicit premise-to-conclusion reasoning template.",
  "prompt_template": "{input}\n\nList the key premises briefly, derive the conclusion, and avoid irrelevant text.\nEnd with exactly one line in this format: The final answer is: <answer>",
  "self_consistency_k": 1,
  "response_selection": "majority_vote",
  "selection_max_tokens": 64,
  "system_messages_sent": 0,
  "request_message_shape": [
    {
      "role": "user",
      "content": "<benchmark prompt>"
    }
  ],
  "limit_per_task": 50,
  "skip_per_task": 0,
  "parallel": 8,
  "max_tokens": 256,
  "temperature": 0.0,
  "seed": 20260709,
  "benchmarks": [
    {
      "benchmark": "bbeh",
      "correct": 21,
      "total": 1150,
      "micro_accuracy": 0.018260869565217393,
      "macro_accuracy": 0.018260869565217393,
      "harmonic_task_accuracy": 0.0,
      "tasks": 23
    },
    {
      "benchmark": "bbh",
      "correct": 457,
      "total": 1350,
      "micro_accuracy": 0.3385185185185185,
      "macro_accuracy": 0.3385185185185185,
      "harmonic_task_accuracy": 0.0,
      "tasks": 27
    },
    {
      "benchmark": "usr",
      "correct": 35,
      "total": 490,
      "micro_accuracy": 0.07142857142857142,
      "macro_accuracy": 0.07,
      "harmonic_task_accuracy": 0.0,
      "tasks": 10
    }
  ],
  "tasks": [
    {
      "benchmark": "bbeh",
      "task": "bbeh_boardgame_qa",
      "correct": 0,
      "total": 50,
      "accuracy": 0.0
    },
    {
      "benchmark": "bbeh",
      "task": "bbeh_boolean_expressions",
      "correct": 0,
      "total": 50,
      "accuracy": 0.0
    },
    {
      "benchmark": "bbeh",
      "task": "bbeh_buggy_tables",
      "correct": 0,
      "total": 50,
      "accuracy": 0.0
    },
    {
      "benchmark": "bbeh",
      "task": "bbeh_causal_understanding",
      "correct": 8,
      "total": 50,
      "accuracy": 0.16
    },
    {
      "benchmark": "bbeh",
      "task": "bbeh_disambiguation_qa",
      "correct": 5,
      "total": 50,
      "accuracy": 0.1
    },
    {
      "benchmark": "bbeh",
      "task": "bbeh_dyck_languages",
      "correct": 0,
      "total": 50,
      "accuracy": 0.0
    },
    {
      "benchmark": "bbeh",
      "task": "bbeh_geometric_shapes",
      "correct": 0,
      "total": 50,
      "accuracy": 0.0
    },
    {
      "benchmark": "bbeh",
      "task": "bbeh_hyperbaton",
      "correct": 0,
      "total": 50,
      "accuracy": 0.0
    },
    {
      "benchmark": "bbeh",
      "task": "bbeh_linguini",
      "correct": 0,
      "total": 50,
      "accuracy": 0.0
    },
    {
      "benchmark": "bbeh",
      "task": "bbeh_movie_recommendation",
      "correct": 0,
      "total": 50,
      "accuracy": 0.0
    },
    {
      "benchmark": "bbeh",
      "task": "bbeh_multistep_arithmetic",
      "correct": 0,
      "total": 50,
      "accuracy": 0.0
    },
    {
      "benchmark": "bbeh",
      "task": "bbeh_nycc",
      "correct": 0,
      "total": 50,
      "accuracy": 0.0
    },
    {
      "benchmark": "bbeh",
      "task": "bbeh_object_counting",
      "correct": 0,
      "total": 50,
      "accuracy": 0.0
    },
    {
      "benchmark": "bbeh",
      "task": "bbeh_object_properties",
      "correct": 0,
      "total": 50,
      "accuracy": 0.0
    },
    {
      "benchmark": "bbeh",
      "task": "bbeh_sarc_triples",
      "correct": 4,
      "total": 50,
      "accuracy": 0.08
    },
    {
      "benchmark": "bbeh",
      "task": "bbeh_shuffled_objects",
      "correct": 0,
      "total": 50,
      "accuracy": 0.0
    },
    {
      "benchmark": "bbeh",
      "task": "bbeh_spatial_reasoning",
      "correct": 0,
      "total": 50,
      "accuracy": 0.0
    },
    {
      "benchmark": "bbeh",
      "task": "bbeh_sportqa",
      "correct": 1,
      "total": 50,
      "accuracy": 0.02
    },
    {
      "benchmark": "bbeh",
      "task": "bbeh_temporal_sequence",
      "correct": 0,
      "total": 50,
      "accuracy": 0.0
    },
    {
      "benchmark": "bbeh",
      "task": "bbeh_time_arithmetic",
      "correct": 0,
      "total": 50,
      "accuracy": 0.0
    },
    {
      "benchmark": "bbeh",
      "task": "bbeh_web_of_lies",
      "correct": 0,
      "total": 50,
      "accuracy": 0.0
    },
    {
      "benchmark": "bbeh",
      "task": "bbeh_word_sorting",
      "correct": 1,
      "total": 50,
      "accuracy": 0.02
    },
    {
      "benchmark": "bbeh",
      "task": "bbeh_zebra_puzzles",
      "correct": 2,
      "total": 50,
      "accuracy": 0.04
    },
    {
      "benchmark": "bbh",
      "task": "boolean_expressions",
      "correct": 37,
      "total": 50,
      "accuracy": 0.74
    },
    {
      "benchmark": "bbh",
      "task": "causal_judgement",
      "correct": 18,
      "total": 50,
      "accuracy": 0.36
    },
    {
      "benchmark": "bbh",
      "task": "date_understanding",
      "correct": 20,
      "total": 50,
      "accuracy": 0.4
    },
    {
      "benchmark": "bbh",
      "task": "disambiguation_qa",
      "correct": 21,
      "total": 50,
      "accuracy": 0.42
    },
    {
      "benchmark": "bbh",
      "task": "dyck_languages",
      "correct": 0,
      "total": 50,
      "accuracy": 0.0
    },
    {
      "benchmark": "bbh",
      "task": "formal_fallacies",
      "correct": 4,
      "total": 50,
      "accuracy": 0.08
    },
    {
      "benchmark": "bbh",
      "task": "geometric_shapes",
      "correct": 3,
      "total": 50,
      "accuracy": 0.06
    },
    {
      "benchmark": "bbh",
      "task": "hyperbaton",
      "correct": 33,
      "total": 50,
      "accuracy": 0.66
    },
    {
      "benchmark": "bbh",
      "task": "logical_deduction_five_objects",
      "correct": 6,
      "total": 50,
      "accuracy": 0.12
    },
    {
      "benchmark": "bbh",
      "task": "logical_deduction_seven_objects",
      "correct": 6,
      "total": 50,
      "accuracy": 0.12
    },
    {
      "benchmark": "bbh",
      "task": "logical_deduction_three_objects",
      "correct": 39,
      "total": 50,
      "accuracy": 0.78
    },
    {
      "benchmark": "bbh",
      "task": "movie_recommendation",
      "correct": 0,
      "total": 50,
      "accuracy": 0.0
    },
    {
      "benchmark": "bbh",
      "task": "multistep_arithmetic_two",
      "correct": 18,
      "total": 50,
      "accuracy": 0.36
    },
    {
      "benchmark": "bbh",
      "task": "navigate",
      "correct": 25,
      "total": 50,
      "accuracy": 0.5
    },
    {
      "benchmark": "bbh",
      "task": "object_counting",
      "correct": 48,
      "total": 50,
      "accuracy": 0.96
    },
    {
      "benchmark": "bbh",
      "task": "penguins_in_a_table",
      "correct": 36,
      "total": 50,
      "accuracy": 0.72
    },
    {
      "benchmark": "bbh",
      "task": "reasoning_about_colored_objects",
      "correct": 40,
      "total": 50,
      "accuracy": 0.8
    },
    {
      "benchmark": "bbh",
      "task": "ruin_names",
      "correct": 20,
      "total": 50,
      "accuracy": 0.4
    },
    {
      "benchmark": "bbh",
      "task": "salient_translation_error_detection",
      "correct": 19,
      "total": 50,
      "accuracy": 0.38
    },
    {
      "benchmark": "bbh",
      "task": "snarks",
      "correct": 33,
      "total": 50,
      "accuracy": 0.66
    },
    {
      "benchmark": "bbh",
      "task": "sports_understanding",
      "correct": 0,
      "total": 50,
      "accuracy": 0.0
    },
    {
      "benchmark": "bbh",
      "task": "temporal_sequences",
      "correct": 3,
      "total": 50,
      "accuracy": 0.06
    },
    {
      "benchmark": "bbh",
      "task": "tracking_shuffled_objects_five_objects",
      "correct": 0,
      "total": 50,
      "accuracy": 0.0
    },
    {
      "benchmark": "bbh",
      "task": "tracking_shuffled_objects_seven_objects",
      "correct": 0,
      "total": 50,
      "accuracy": 0.0
    },
    {
      "benchmark": "bbh",
      "task": "tracking_shuffled_objects_three_objects",
      "correct": 25,
      "total": 50,
      "accuracy": 0.5
    },
    {
      "benchmark": "bbh",
      "task": "web_of_lies",
      "correct": 3,
      "total": 50,
      "accuracy": 0.06
    },
    {
      "benchmark": "bbh",
      "task": "word_sorting",
      "correct": 0,
      "total": 50,
      "accuracy": 0.0
    },
    {
      "benchmark": "usr",
      "task": "shifted_unpuzzles/original",
      "correct": 2,
      "total": 50,
      "accuracy": 0.04
    },
    {
      "benchmark": "usr",
      "task": "shifted_unpuzzles/shifted",
      "correct": 5,
      "total": 50,
      "accuracy": 0.1
    },
    {
      "benchmark": "usr",
      "task": "shifted_unpuzzles/unpuzzle",
      "correct": 7,
      "total": 50,
      "accuracy": 0.14
    },
    {
      "benchmark": "usr",
      "task": "simple_reasoning/char_ct",
      "correct": 0,
      "total": 40,
      "accuracy": 0.0
    },
    {
      "benchmark": "usr",
      "task": "simple_reasoning/logic_ev",
      "correct": 2,
      "total": 50,
      "accuracy": 0.04
    },
    {
      "benchmark": "usr",
      "task": "simple_reasoning/logic_neg",
      "correct": 0,
      "total": 50,
      "accuracy": 0.0
    },
    {
      "benchmark": "usr",
      "task": "simple_reasoning/mathgap",
      "correct": 3,
      "total": 50,
      "accuracy": 0.06
    },
    {
      "benchmark": "usr",
      "task": "simple_reasoning/word_ct",
      "correct": 5,
      "total": 50,
      "accuracy": 0.1
    },
    {
      "benchmark": "usr",
      "task": "unpuzzles/original",
      "correct": 4,
      "total": 50,
      "accuracy": 0.08
    },
    {
      "benchmark": "usr",
      "task": "unpuzzles/unpuzzle",
      "correct": 7,
      "total": 50,
      "accuracy": 0.14
    }
  ]
}
