25/2990 correct=16 acc=0.640
50/2990 correct=30 acc=0.600
75/2990 correct=44 acc=0.587
100/2990 correct=57 acc=0.570
125/2990 correct=67 acc=0.536
150/2990 correct=80 acc=0.533
175/2990 correct=94 acc=0.537
200/2990 correct=102 acc=0.510
225/2990 correct=103 acc=0.458
250/2990 correct=106 acc=0.424
275/2990 correct=119 acc=0.433
300/2990 correct=133 acc=0.443
325/2990 correct=134 acc=0.412
350/2990 correct=139 acc=0.397
375/2990 correct=160 acc=0.427
400/2990 correct=182 acc=0.455
425/2990 correct=193 acc=0.454
450/2990 correct=207 acc=0.460
475/2990 correct=220 acc=0.463
500/2990 correct=234 acc=0.468
525/2990 correct=251 acc=0.478
550/2990 correct=265 acc=0.482
575/2990 correct=273 acc=0.475
600/2990 correct=283 acc=0.472
625/2990 correct=284 acc=0.454
650/2990 correct=287 acc=0.442
675/2990 correct=300 acc=0.444
700/2990 correct=313 acc=0.447
725/2990 correct=313 acc=0.432
750/2990 correct=313 acc=0.417
775/2990 correct=323 acc=0.417
800/2990 correct=335 acc=0.419
825/2990 correct=348 acc=0.422
850/2990 correct=365 acc=0.429
875/2990 correct=374 acc=0.427
900/2990 correct=379 acc=0.421
925/2990 correct=393 acc=0.425
950/2990 correct=407 acc=0.428
975/2990 correct=424 acc=0.435
1000/2990 correct=436 acc=0.436
1025/2990 correct=436 acc=0.425
1050/2990 correct=436 acc=0.415
1075/2990 correct=451 acc=0.420
1100/2990 correct=464 acc=0.422
1125/2990 correct=468 acc=0.416
1150/2990 correct=470 acc=0.409
1175/2990 correct=471 acc=0.401
1200/2990 correct=476 acc=0.397
1225/2990 correct=478 acc=0.390
1250/2990 correct=486 acc=0.389
1275/2990 correct=486 acc=0.381
1300/2990 correct=486 acc=0.374
1325/2990 correct=486 acc=0.367
1350/2990 correct=486 acc=0.360
1375/2990 correct=489 acc=0.356
1400/2990 correct=498 acc=0.356
1425/2990 correct=503 acc=0.353
1450/2990 correct=509 acc=0.351
1475/2990 correct=509 acc=0.345
1500/2990 correct=509 acc=0.339
1525/2990 correct=520 acc=0.341
1550/2990 correct=531 acc=0.343
1575/2990 correct=534 acc=0.339
1600/2990 correct=537 acc=0.336
1625/2990 correct=537 acc=0.330
1650/2990 correct=537 acc=0.325
1675/2990 correct=539 acc=0.322
1700/2990 correct=543 acc=0.319
1725/2990 correct=543 acc=0.315
1750/2990 correct=543 acc=0.310
1775/2990 correct=543 acc=0.306
1800/2990 correct=544 acc=0.302
1825/2990 correct=548 acc=0.300
1850/2990 correct=553 acc=0.299
1875/2990 correct=553 acc=0.295
1900/2990 correct=553 acc=0.291
1925/2990 correct=555 acc=0.288
1950/2990 correct=557 acc=0.286
1975/2990 correct=557 acc=0.282
2000/2990 correct=557 acc=0.279
2025/2990 correct=557 acc=0.275
2050/2990 correct=557 acc=0.272
2075/2990 correct=565 acc=0.272
2100/2990 correct=569 acc=0.271
2125/2990 correct=569 acc=0.268
2150/2990 correct=570 acc=0.265
2175/2990 correct=570 acc=0.262
2200/2990 correct=572 acc=0.260
2225/2990 correct=572 acc=0.257
2250/2990 correct=575 acc=0.256
2275/2990 correct=576 acc=0.253
2300/2990 correct=576 acc=0.250
2325/2990 correct=576 acc=0.248
2350/2990 correct=577 acc=0.246
2375/2990 correct=580 acc=0.244
2400/2990 correct=580 acc=0.242
2425/2990 correct=581 acc=0.240
2450/2990 correct=582 acc=0.238
2475/2990 correct=586 acc=0.237
2500/2990 correct=589 acc=0.236
2525/2990 correct=589 acc=0.233
2550/2990 correct=596 acc=0.234
2575/2990 correct=605 acc=0.235
2600/2990 correct=606 acc=0.233
2625/2990 correct=606 acc=0.231
2650/2990 correct=606 acc=0.229
2675/2990 correct=606 acc=0.227
2700/2990 correct=607 acc=0.225
2725/2990 correct=608 acc=0.223
2750/2990 correct=610 acc=0.222
2775/2990 correct=612 acc=0.221
2800/2990 correct=614 acc=0.219
2825/2990 correct=617 acc=0.218
2850/2990 correct=621 acc=0.218
2875/2990 correct=622 acc=0.216
2900/2990 correct=624 acc=0.215
2925/2990 correct=630 acc=0.215
2950/2990 correct=634 acc=0.215
2975/2990 correct=639 acc=0.215
2990/2990 correct=642 acc=0.215
{
  "started_at": "2026-07-10T04:33:21.348485+00:00",
  "finished_at": "2026-07-10T04:36:17.239704+00:00",
  "base_url": "http://127.0.0.1:8889/v1",
  "model": "SubTokenLLM-E2B",
  "prompt_strategy": "answer_type_router",
  "prompt_strategy_description": "Route to answer type, then output the shortest parseable answer.",
  "prompt_template": "{input}\n\nFirst identify the required answer type privately: option label, boolean, number, word/phrase, tuple/list, or requested tag format. Then output only that answer in the most parseable form. Do not include reasoning.",
  "self_consistency_k": 1,
  "response_selection": "majority_vote",
  "selection_max_tokens": 64,
  "system_messages_sent": 0,
  "request_message_shape": [
    {
      "role": "user",
      "content": "<benchmark prompt>"
    }
  ],
  "limit_per_task": 50,
  "skip_per_task": 0,
  "parallel": 8,
  "max_tokens": 128,
  "temperature": 0.0,
  "seed": 20260709,
  "benchmarks": [
    {
      "benchmark": "bbeh",
      "correct": 103,
      "total": 1150,
      "micro_accuracy": 0.08956521739130435,
      "macro_accuracy": 0.08956521739130435,
      "harmonic_task_accuracy": 0.0,
      "tasks": 23
    },
    {
      "benchmark": "bbh",
      "correct": 486,
      "total": 1350,
      "micro_accuracy": 0.36,
      "macro_accuracy": 0.36,
      "harmonic_task_accuracy": 0.0,
      "tasks": 27
    },
    {
      "benchmark": "usr",
      "correct": 53,
      "total": 490,
      "micro_accuracy": 0.10816326530612246,
      "macro_accuracy": 0.1065,
      "harmonic_task_accuracy": 0.0,
      "tasks": 10
    }
  ],
  "tasks": [
    {
      "benchmark": "bbeh",
      "task": "bbeh_boardgame_qa",
      "correct": 11,
      "total": 50,
      "accuracy": 0.22
    },
    {
      "benchmark": "bbeh",
      "task": "bbeh_boolean_expressions",
      "correct": 12,
      "total": 50,
      "accuracy": 0.24
    },
    {
      "benchmark": "bbeh",
      "task": "bbeh_buggy_tables",
      "correct": 0,
      "total": 50,
      "accuracy": 0.0
    },
    {
      "benchmark": "bbeh",
      "task": "bbeh_causal_understanding",
      "correct": 22,
      "total": 50,
      "accuracy": 0.44
    },
    {
      "benchmark": "bbeh",
      "task": "bbeh_disambiguation_qa",
      "correct": 6,
      "total": 50,
      "accuracy": 0.12
    },
    {
      "benchmark": "bbeh",
      "task": "bbeh_dyck_languages",
      "correct": 0,
      "total": 50,
      "accuracy": 0.0
    },
    {
      "benchmark": "bbeh",
      "task": "bbeh_geometric_shapes",
      "correct": 6,
      "total": 50,
      "accuracy": 0.12
    },
    {
      "benchmark": "bbeh",
      "task": "bbeh_hyperbaton",
      "correct": 0,
      "total": 50,
      "accuracy": 0.0
    },
    {
      "benchmark": "bbeh",
      "task": "bbeh_linguini",
      "correct": 0,
      "total": 50,
      "accuracy": 0.0
    },
    {
      "benchmark": "bbeh",
      "task": "bbeh_movie_recommendation",
      "correct": 10,
      "total": 50,
      "accuracy": 0.2
    },
    {
      "benchmark": "bbeh",
      "task": "bbeh_multistep_arithmetic",
      "correct": 0,
      "total": 50,
      "accuracy": 0.0
    },
    {
      "benchmark": "bbeh",
      "task": "bbeh_nycc",
      "correct": 4,
      "total": 50,
      "accuracy": 0.08
    },
    {
      "benchmark": "bbeh",
      "task": "bbeh_object_counting",
      "correct": 0,
      "total": 50,
      "accuracy": 0.0
    },
    {
      "benchmark": "bbeh",
      "task": "bbeh_object_properties",
      "correct": 0,
      "total": 50,
      "accuracy": 0.0
    },
    {
      "benchmark": "bbeh",
      "task": "bbeh_sarc_triples",
      "correct": 12,
      "total": 50,
      "accuracy": 0.24
    },
    {
      "benchmark": "bbeh",
      "task": "bbeh_shuffled_objects",
      "correct": 1,
      "total": 50,
      "accuracy": 0.02
    },
    {
      "benchmark": "bbeh",
      "task": "bbeh_spatial_reasoning",
      "correct": 2,
      "total": 50,
      "accuracy": 0.04
    },
    {
      "benchmark": "bbeh",
      "task": "bbeh_sportqa",
      "correct": 3,
      "total": 50,
      "accuracy": 0.06
    },
    {
      "benchmark": "bbeh",
      "task": "bbeh_temporal_sequence",
      "correct": 1,
      "total": 50,
      "accuracy": 0.02
    },
    {
      "benchmark": "bbeh",
      "task": "bbeh_time_arithmetic",
      "correct": 0,
      "total": 50,
      "accuracy": 0.0
    },
    {
      "benchmark": "bbeh",
      "task": "bbeh_web_of_lies",
      "correct": 4,
      "total": 50,
      "accuracy": 0.08
    },
    {
      "benchmark": "bbeh",
      "task": "bbeh_word_sorting",
      "correct": 1,
      "total": 50,
      "accuracy": 0.02
    },
    {
      "benchmark": "bbeh",
      "task": "bbeh_zebra_puzzles",
      "correct": 8,
      "total": 50,
      "accuracy": 0.16
    },
    {
      "benchmark": "bbh",
      "task": "boolean_expressions",
      "correct": 31,
      "total": 50,
      "accuracy": 0.62
    },
    {
      "benchmark": "bbh",
      "task": "causal_judgement",
      "correct": 26,
      "total": 50,
      "accuracy": 0.52
    },
    {
      "benchmark": "bbh",
      "task": "date_understanding",
      "correct": 22,
      "total": 50,
      "accuracy": 0.44
    },
    {
      "benchmark": "bbh",
      "task": "disambiguation_qa",
      "correct": 23,
      "total": 50,
      "accuracy": 0.46
    },
    {
      "benchmark": "bbh",
      "task": "dyck_languages",
      "correct": 2,
      "total": 50,
      "accuracy": 0.04
    },
    {
      "benchmark": "bbh",
      "task": "formal_fallacies",
      "correct": 29,
      "total": 50,
      "accuracy": 0.58
    },
    {
      "benchmark": "bbh",
      "task": "geometric_shapes",
      "correct": 5,
      "total": 50,
      "accuracy": 0.1
    },
    {
      "benchmark": "bbh",
      "task": "hyperbaton",
      "correct": 45,
      "total": 50,
      "accuracy": 0.9
    },
    {
      "benchmark": "bbh",
      "task": "logical_deduction_five_objects",
      "correct": 24,
      "total": 50,
      "accuracy": 0.48
    },
    {
      "benchmark": "bbh",
      "task": "logical_deduction_seven_objects",
      "correct": 27,
      "total": 50,
      "accuracy": 0.54
    },
    {
      "benchmark": "bbh",
      "task": "logical_deduction_three_objects",
      "correct": 30,
      "total": 50,
      "accuracy": 0.6
    },
    {
      "benchmark": "bbh",
      "task": "movie_recommendation",
      "correct": 20,
      "total": 50,
      "accuracy": 0.4
    },
    {
      "benchmark": "bbh",
      "task": "multistep_arithmetic_two",
      "correct": 0,
      "total": 50,
      "accuracy": 0.0
    },
    {
      "benchmark": "bbh",
      "task": "navigate",
      "correct": 29,
      "total": 50,
      "accuracy": 0.58
    },
    {
      "benchmark": "bbh",
      "task": "object_counting",
      "correct": 0,
      "total": 50,
      "accuracy": 0.0
    },
    {
      "benchmark": "bbh",
      "task": "penguins_in_a_table",
      "correct": 21,
      "total": 50,
      "accuracy": 0.42
    },
    {
      "benchmark": "bbh",
      "task": "reasoning_about_colored_objects",
      "correct": 31,
      "total": 50,
      "accuracy": 0.62
    },
    {
      "benchmark": "bbh",
      "task": "ruin_names",
      "correct": 14,
      "total": 50,
      "accuracy": 0.28
    },
    {
      "benchmark": "bbh",
      "task": "salient_translation_error_detection",
      "correct": 27,
      "total": 50,
      "accuracy": 0.54
    },
    {
      "benchmark": "bbh",
      "task": "snarks",
      "correct": 30,
      "total": 50,
      "accuracy": 0.6
    },
    {
      "benchmark": "bbh",
      "task": "sports_understanding",
      "correct": 0,
      "total": 50,
      "accuracy": 0.0
    },
    {
      "benchmark": "bbh",
      "task": "temporal_sequences",
      "correct": 28,
      "total": 50,
      "accuracy": 0.56
    },
    {
      "benchmark": "bbh",
      "task": "tracking_shuffled_objects_five_objects",
      "correct": 5,
      "total": 50,
      "accuracy": 0.1
    },
    {
      "benchmark": "bbh",
      "task": "tracking_shuffled_objects_seven_objects",
      "correct": 7,
      "total": 50,
      "accuracy": 0.14
    },
    {
      "benchmark": "bbh",
      "task": "tracking_shuffled_objects_three_objects",
      "correct": 10,
      "total": 50,
      "accuracy": 0.2
    },
    {
      "benchmark": "bbh",
      "task": "web_of_lies",
      "correct": 0,
      "total": 50,
      "accuracy": 0.0
    },
    {
      "benchmark": "bbh",
      "task": "word_sorting",
      "correct": 0,
      "total": 50,
      "accuracy": 0.0
    },
    {
      "benchmark": "usr",
      "task": "shifted_unpuzzles/original",
      "correct": 7,
      "total": 50,
      "accuracy": 0.14
    },
    {
      "benchmark": "usr",
      "task": "shifted_unpuzzles/shifted",
      "correct": 7,
      "total": 50,
      "accuracy": 0.14
    },
    {
      "benchmark": "usr",
      "task": "shifted_unpuzzles/unpuzzle",
      "correct": 9,
      "total": 50,
      "accuracy": 0.18
    },
    {
      "benchmark": "usr",
      "task": "simple_reasoning/char_ct",
      "correct": 1,
      "total": 40,
      "accuracy": 0.025
    },
    {
      "benchmark": "usr",
      "task": "simple_reasoning/logic_ev",
      "correct": 0,
      "total": 50,
      "accuracy": 0.0
    },
    {
      "benchmark": "usr",
      "task": "simple_reasoning/logic_neg",
      "correct": 0,
      "total": 50,
      "accuracy": 0.0
    },
    {
      "benchmark": "usr",
      "task": "simple_reasoning/mathgap",
      "correct": 3,
      "total": 50,
      "accuracy": 0.06
    },
    {
      "benchmark": "usr",
      "task": "simple_reasoning/word_ct",
      "correct": 16,
      "total": 50,
      "accuracy": 0.32
    },
    {
      "benchmark": "usr",
      "task": "unpuzzles/original",
      "correct": 7,
      "total": 50,
      "accuracy": 0.14
    },
    {
      "benchmark": "usr",
      "task": "unpuzzles/unpuzzle",
      "correct": 3,
      "total": 50,
      "accuracy": 0.06
    }
  ]
}
