25/2990 correct=16 acc=0.640
50/2990 correct=34 acc=0.680
75/2990 correct=45 acc=0.600
100/2990 correct=57 acc=0.570
125/2990 correct=57 acc=0.456
150/2990 correct=58 acc=0.387
175/2990 correct=65 acc=0.371
200/2990 correct=72 acc=0.360
225/2990 correct=72 acc=0.320
250/2990 correct=73 acc=0.292
275/2990 correct=73 acc=0.265
300/2990 correct=73 acc=0.243
325/2990 correct=73 acc=0.225
350/2990 correct=73 acc=0.209
375/2990 correct=73 acc=0.195
400/2990 correct=73 acc=0.182
425/2990 correct=73 acc=0.172
450/2990 correct=73 acc=0.162
475/2990 correct=73 acc=0.154
500/2990 correct=73 acc=0.146
525/2990 correct=73 acc=0.139
550/2990 correct=73 acc=0.133
575/2990 correct=73 acc=0.127
600/2990 correct=73 acc=0.122
625/2990 correct=73 acc=0.117
650/2990 correct=76 acc=0.117
675/2990 correct=90 acc=0.133
700/2990 correct=101 acc=0.144
725/2990 correct=118 acc=0.163
750/2990 correct=130 acc=0.173
775/2990 correct=131 acc=0.169
800/2990 correct=132 acc=0.165
825/2990 correct=134 acc=0.162
850/2990 correct=137 acc=0.161
875/2990 correct=137 acc=0.157
900/2990 correct=137 acc=0.152
925/2990 correct=139 acc=0.150
950/2990 correct=140 acc=0.147
975/2990 correct=149 acc=0.153
1000/2990 correct=158 acc=0.158
1025/2990 correct=161 acc=0.157
1050/2990 correct=163 acc=0.155
1075/2990 correct=163 acc=0.152
1100/2990 correct=163 acc=0.148
1125/2990 correct=163 acc=0.145
1150/2990 correct=163 acc=0.142
1175/2990 correct=163 acc=0.139
1200/2990 correct=163 acc=0.136
1225/2990 correct=163 acc=0.133
1250/2990 correct=163 acc=0.130
1275/2990 correct=163 acc=0.128
1300/2990 correct=164 acc=0.126
1325/2990 correct=167 acc=0.126
1350/2990 correct=171 acc=0.127
1375/2990 correct=171 acc=0.124
1400/2990 correct=171 acc=0.122
1425/2990 correct=171 acc=0.120
1450/2990 correct=171 acc=0.118
1475/2990 correct=171 acc=0.116
1500/2990 correct=172 acc=0.115
1525/2990 correct=185 acc=0.121
1550/2990 correct=195 acc=0.126
1575/2990 correct=195 acc=0.124
1600/2990 correct=195 acc=0.122
1625/2990 correct=195 acc=0.120
1650/2990 correct=195 acc=0.118
1675/2990 correct=195 acc=0.116
1700/2990 correct=195 acc=0.115
1725/2990 correct=195 acc=0.113
1750/2990 correct=195 acc=0.111
1775/2990 correct=196 acc=0.110
1800/2990 correct=196 acc=0.109
1825/2990 correct=196 acc=0.107
1850/2990 correct=196 acc=0.106
1875/2990 correct=196 acc=0.105
1900/2990 correct=196 acc=0.103
1925/2990 correct=196 acc=0.102
1950/2990 correct=196 acc=0.101
1975/2990 correct=196 acc=0.099
2000/2990 correct=196 acc=0.098
2025/2990 correct=196 acc=0.097
2050/2990 correct=196 acc=0.096
2075/2990 correct=200 acc=0.096
2100/2990 correct=207 acc=0.099
2125/2990 correct=207 acc=0.097
2150/2990 correct=207 acc=0.096
2175/2990 correct=207 acc=0.095
2200/2990 correct=207 acc=0.094
2225/2990 correct=209 acc=0.094
2250/2990 correct=213 acc=0.095
2275/2990 correct=213 acc=0.094
2300/2990 correct=213 acc=0.093
2325/2990 correct=213 acc=0.092
2350/2990 correct=213 acc=0.091
2375/2990 correct=213 acc=0.090
2400/2990 correct=213 acc=0.089
2425/2990 correct=213 acc=0.088
2450/2990 correct=213 acc=0.087
2475/2990 correct=215 acc=0.087
2500/2990 correct=215 acc=0.086
2525/2990 correct=215 acc=0.085
2550/2990 correct=221 acc=0.087
2575/2990 correct=231 acc=0.090
2600/2990 correct=232 acc=0.089
2625/2990 correct=232 acc=0.088
2650/2990 correct=232 acc=0.088
2675/2990 correct=232 acc=0.087
2700/2990 correct=232 acc=0.086
2725/2990 correct=232 acc=0.085
2750/2990 correct=232 acc=0.084
2775/2990 correct=233 acc=0.084
2800/2990 correct=235 acc=0.084
2825/2990 correct=239 acc=0.085
2850/2990 correct=239 acc=0.084
2875/2990 correct=239 acc=0.083
2900/2990 correct=242 acc=0.083
2925/2990 correct=249 acc=0.085
2950/2990 correct=249 acc=0.084
2975/2990 correct=251 acc=0.084
2990/2990 correct=251 acc=0.084
{
  "started_at": "2026-07-10T04:01:48.668783+00:00",
  "finished_at": "2026-07-10T04:10:48.327986+00:00",
  "base_url": "http://127.0.0.1:8889/v1",
  "model": "SubTokenLLM-E2B",
  "prompt_strategy": "fast_slow_gate",
  "prompt_strategy_description": "Use a direct answer unless uncertainty warrants one verification pass.",
  "prompt_template": "{input}\n\nSolve once directly. If the answer is clear, keep it. Only if two answers remain plausible or a condition may have been missed, take one brief private verification pass and then commit. Output only the final answer.",
  "self_consistency_k": 1,
  "response_selection": "majority_vote",
  "selection_max_tokens": 64,
  "system_messages_sent": 0,
  "request_message_shape": [
    {
      "role": "user",
      "content": "<benchmark prompt>"
    }
  ],
  "limit_per_task": 50,
  "skip_per_task": 0,
  "parallel": 8,
  "max_tokens": 128,
  "temperature": 0.0,
  "seed": 20260709,
  "benchmarks": [
    {
      "benchmark": "bbeh",
      "correct": 44,
      "total": 1150,
      "micro_accuracy": 0.03826086956521739,
      "macro_accuracy": 0.03826086956521739,
      "harmonic_task_accuracy": 0.0,
      "tasks": 23
    },
    {
      "benchmark": "bbh",
      "correct": 171,
      "total": 1350,
      "micro_accuracy": 0.12666666666666668,
      "macro_accuracy": 0.12666666666666668,
      "harmonic_task_accuracy": 0.0,
      "tasks": 27
    },
    {
      "benchmark": "usr",
      "correct": 36,
      "total": 490,
      "micro_accuracy": 0.07346938775510205,
      "macro_accuracy": 0.07200000000000001,
      "harmonic_task_accuracy": 0.0,
      "tasks": 10
    }
  ],
  "tasks": [
    {
      "benchmark": "bbeh",
      "task": "bbeh_boardgame_qa",
      "correct": 0,
      "total": 50,
      "accuracy": 0.0
    },
    {
      "benchmark": "bbeh",
      "task": "bbeh_boolean_expressions",
      "correct": 0,
      "total": 50,
      "accuracy": 0.0
    },
    {
      "benchmark": "bbeh",
      "task": "bbeh_buggy_tables",
      "correct": 0,
      "total": 50,
      "accuracy": 0.0
    },
    {
      "benchmark": "bbeh",
      "task": "bbeh_causal_understanding",
      "correct": 24,
      "total": 50,
      "accuracy": 0.48
    },
    {
      "benchmark": "bbeh",
      "task": "bbeh_disambiguation_qa",
      "correct": 0,
      "total": 50,
      "accuracy": 0.0
    },
    {
      "benchmark": "bbeh",
      "task": "bbeh_dyck_languages",
      "correct": 0,
      "total": 50,
      "accuracy": 0.0
    },
    {
      "benchmark": "bbeh",
      "task": "bbeh_geometric_shapes",
      "correct": 0,
      "total": 50,
      "accuracy": 0.0
    },
    {
      "benchmark": "bbeh",
      "task": "bbeh_hyperbaton",
      "correct": 0,
      "total": 50,
      "accuracy": 0.0
    },
    {
      "benchmark": "bbeh",
      "task": "bbeh_linguini",
      "correct": 1,
      "total": 50,
      "accuracy": 0.02
    },
    {
      "benchmark": "bbeh",
      "task": "bbeh_movie_recommendation",
      "correct": 0,
      "total": 50,
      "accuracy": 0.0
    },
    {
      "benchmark": "bbeh",
      "task": "bbeh_multistep_arithmetic",
      "correct": 0,
      "total": 50,
      "accuracy": 0.0
    },
    {
      "benchmark": "bbeh",
      "task": "bbeh_nycc",
      "correct": 0,
      "total": 50,
      "accuracy": 0.0
    },
    {
      "benchmark": "bbeh",
      "task": "bbeh_object_counting",
      "correct": 0,
      "total": 50,
      "accuracy": 0.0
    },
    {
      "benchmark": "bbeh",
      "task": "bbeh_object_properties",
      "correct": 0,
      "total": 50,
      "accuracy": 0.0
    },
    {
      "benchmark": "bbeh",
      "task": "bbeh_sarc_triples",
      "correct": 11,
      "total": 50,
      "accuracy": 0.22
    },
    {
      "benchmark": "bbeh",
      "task": "bbeh_shuffled_objects",
      "correct": 0,
      "total": 50,
      "accuracy": 0.0
    },
    {
      "benchmark": "bbeh",
      "task": "bbeh_spatial_reasoning",
      "correct": 0,
      "total": 50,
      "accuracy": 0.0
    },
    {
      "benchmark": "bbeh",
      "task": "bbeh_sportqa",
      "correct": 6,
      "total": 50,
      "accuracy": 0.12
    },
    {
      "benchmark": "bbeh",
      "task": "bbeh_temporal_sequence",
      "correct": 0,
      "total": 50,
      "accuracy": 0.0
    },
    {
      "benchmark": "bbeh",
      "task": "bbeh_time_arithmetic",
      "correct": 0,
      "total": 50,
      "accuracy": 0.0
    },
    {
      "benchmark": "bbeh",
      "task": "bbeh_web_of_lies",
      "correct": 0,
      "total": 50,
      "accuracy": 0.0
    },
    {
      "benchmark": "bbeh",
      "task": "bbeh_word_sorting",
      "correct": 0,
      "total": 50,
      "accuracy": 0.0
    },
    {
      "benchmark": "bbeh",
      "task": "bbeh_zebra_puzzles",
      "correct": 2,
      "total": 50,
      "accuracy": 0.04
    },
    {
      "benchmark": "bbh",
      "task": "boolean_expressions",
      "correct": 30,
      "total": 50,
      "accuracy": 0.6
    },
    {
      "benchmark": "bbh",
      "task": "causal_judgement",
      "correct": 27,
      "total": 50,
      "accuracy": 0.54
    },
    {
      "benchmark": "bbh",
      "task": "date_understanding",
      "correct": 0,
      "total": 50,
      "accuracy": 0.0
    },
    {
      "benchmark": "bbh",
      "task": "disambiguation_qa",
      "correct": 15,
      "total": 50,
      "accuracy": 0.3
    },
    {
      "benchmark": "bbh",
      "task": "dyck_languages",
      "correct": 0,
      "total": 50,
      "accuracy": 0.0
    },
    {
      "benchmark": "bbh",
      "task": "formal_fallacies",
      "correct": 1,
      "total": 50,
      "accuracy": 0.02
    },
    {
      "benchmark": "bbh",
      "task": "geometric_shapes",
      "correct": 0,
      "total": 50,
      "accuracy": 0.0
    },
    {
      "benchmark": "bbh",
      "task": "hyperbaton",
      "correct": 0,
      "total": 50,
      "accuracy": 0.0
    },
    {
      "benchmark": "bbh",
      "task": "logical_deduction_five_objects",
      "correct": 0,
      "total": 50,
      "accuracy": 0.0
    },
    {
      "benchmark": "bbh",
      "task": "logical_deduction_seven_objects",
      "correct": 0,
      "total": 50,
      "accuracy": 0.0
    },
    {
      "benchmark": "bbh",
      "task": "logical_deduction_three_objects",
      "correct": 0,
      "total": 50,
      "accuracy": 0.0
    },
    {
      "benchmark": "bbh",
      "task": "movie_recommendation",
      "correct": 0,
      "total": 50,
      "accuracy": 0.0
    },
    {
      "benchmark": "bbh",
      "task": "multistep_arithmetic_two",
      "correct": 0,
      "total": 50,
      "accuracy": 0.0
    },
    {
      "benchmark": "bbh",
      "task": "navigate",
      "correct": 25,
      "total": 50,
      "accuracy": 0.5
    },
    {
      "benchmark": "bbh",
      "task": "object_counting",
      "correct": 32,
      "total": 50,
      "accuracy": 0.64
    },
    {
      "benchmark": "bbh",
      "task": "penguins_in_a_table",
      "correct": 1,
      "total": 50,
      "accuracy": 0.02
    },
    {
      "benchmark": "bbh",
      "task": "reasoning_about_colored_objects",
      "correct": 6,
      "total": 50,
      "accuracy": 0.12
    },
    {
      "benchmark": "bbh",
      "task": "ruin_names",
      "correct": 0,
      "total": 50,
      "accuracy": 0.0
    },
    {
      "benchmark": "bbh",
      "task": "salient_translation_error_detection",
      "correct": 3,
      "total": 50,
      "accuracy": 0.06
    },
    {
      "benchmark": "bbh",
      "task": "snarks",
      "correct": 17,
      "total": 50,
      "accuracy": 0.34
    },
    {
      "benchmark": "bbh",
      "task": "sports_understanding",
      "correct": 6,
      "total": 50,
      "accuracy": 0.12
    },
    {
      "benchmark": "bbh",
      "task": "temporal_sequences",
      "correct": 0,
      "total": 50,
      "accuracy": 0.0
    },
    {
      "benchmark": "bbh",
      "task": "tracking_shuffled_objects_five_objects",
      "correct": 0,
      "total": 50,
      "accuracy": 0.0
    },
    {
      "benchmark": "bbh",
      "task": "tracking_shuffled_objects_seven_objects",
      "correct": 0,
      "total": 50,
      "accuracy": 0.0
    },
    {
      "benchmark": "bbh",
      "task": "tracking_shuffled_objects_three_objects",
      "correct": 0,
      "total": 50,
      "accuracy": 0.0
    },
    {
      "benchmark": "bbh",
      "task": "web_of_lies",
      "correct": 0,
      "total": 50,
      "accuracy": 0.0
    },
    {
      "benchmark": "bbh",
      "task": "word_sorting",
      "correct": 8,
      "total": 50,
      "accuracy": 0.16
    },
    {
      "benchmark": "usr",
      "task": "shifted_unpuzzles/original",
      "correct": 2,
      "total": 50,
      "accuracy": 0.04
    },
    {
      "benchmark": "usr",
      "task": "shifted_unpuzzles/shifted",
      "correct": 3,
      "total": 50,
      "accuracy": 0.06
    },
    {
      "benchmark": "usr",
      "task": "shifted_unpuzzles/unpuzzle",
      "correct": 7,
      "total": 50,
      "accuracy": 0.14
    },
    {
      "benchmark": "usr",
      "task": "simple_reasoning/char_ct",
      "correct": 0,
      "total": 40,
      "accuracy": 0.0
    },
    {
      "benchmark": "usr",
      "task": "simple_reasoning/logic_ev",
      "correct": 0,
      "total": 50,
      "accuracy": 0.0
    },
    {
      "benchmark": "usr",
      "task": "simple_reasoning/logic_neg",
      "correct": 0,
      "total": 50,
      "accuracy": 0.0
    },
    {
      "benchmark": "usr",
      "task": "simple_reasoning/mathgap",
      "correct": 0,
      "total": 50,
      "accuracy": 0.0
    },
    {
      "benchmark": "usr",
      "task": "simple_reasoning/word_ct",
      "correct": 17,
      "total": 50,
      "accuracy": 0.34
    },
    {
      "benchmark": "usr",
      "task": "unpuzzles/original",
      "correct": 1,
      "total": 50,
      "accuracy": 0.02
    },
    {
      "benchmark": "usr",
      "task": "unpuzzles/unpuzzle",
      "correct": 6,
      "total": 50,
      "accuracy": 0.12
    }
  ]
}
